/Applications/Xcode.app/Contents/Developer/usr/bin/make platform=ios
curl -L https://downloads.sourceforge.net/project/libpng/libpng16/1.6.36/libpng-1.6.36.tar.gz | tar -xpf-
  % Total    % Received % Xferd  Average Speed   Time    Time     Time  Current
                                 Dload  Upload   Total   Spent    Left  Speed
  0     0    0     0    0     0      0      0 --:--:-- --:--:-- --:--:--     0100   369  100   369    0     0   1563      0 --:--:-- --:--:-- --:--:--  1563
 75 1460k   75 1103k    0     0  1099k      0  0:00:01  0:00:01 --:--:-- 1099k100 1460k  100 1460k    0     0  1303k      0  0:00:01  0:00:01 --:--:-- 3052k
export SDKROOT="/Applications/Xcode.app/Contents/Developer/Platforms/iPhoneOS.platform/Developer/SDKs/iPhoneOS13.4.sdk" ; \
	export CFLAGS="-arch arm64 -pipe -no-cpp-precomp -isysroot $SDKROOT -miphoneos-version-min="11.0" -O2 -fembed-bitcode" ; \
	export CPPFLAGS=$CFLAGS ; \
	export CXXFLAGS="$CFLAGS -Wno-deprecated-register"; \
	export LDFLAGS="-L$SDKROOT/usr/lib/" ; \
	mkdir -p /Users/zyoung/dev/SwiftyTesseract/SwiftyTesseract/SwiftyTesseract/libpng-1.6.36/arm-apple-darwin64 ; \
	cd /Users/zyoung/dev/SwiftyTesseract/SwiftyTesseract/SwiftyTesseract/libpng-1.6.36/arm-apple-darwin64 ; \
	../configure CXX="""`xcode-select -p`"/usr/bin/g++" --target=arm-apple-darwin64" CC="""`xcode-select -p`"/usr/bin/gcc" --target=arm-apple-darwin64" --host=arm-apple-darwin64 --enable-shared=no --prefix=`pwd`
checking for a BSD-compatible install... /usr/bin/install -c
checking whether build environment is sane... yes
checking for arm-apple-darwin64-strip... no
checking for strip... strip
checking for a thread-safe mkdir -p... ../install-sh -c -d
checking for gawk... no
checking for mawk... no
checking for nawk... no
checking for awk... awk
checking whether make sets $(MAKE)... yes
checking whether make supports nested variables... yes
checking whether to enable maintainer-specific portions of Makefiles... no
checking for arm-apple-darwin64-gcc... /Applications/Xcode.app/Contents/Developer/usr/bin/gcc --target=arm-apple-darwin64
checking whether the C compiler works... yes
checking for C compiler default output file name... a.out
checking for suffix of executables... 
checking whether we are cross compiling... yes
checking for suffix of object files... o
checking whether we are using the GNU C compiler... yes
checking whether /Applications/Xcode.app/Contents/Developer/usr/bin/gcc --target=arm-apple-darwin64 accepts -g... yes
checking for /Applications/Xcode.app/Contents/Developer/usr/bin/gcc --target=arm-apple-darwin64 option to accept ISO C89... none needed
checking whether /Applications/Xcode.app/Contents/Developer/usr/bin/gcc --target=arm-apple-darwin64 understands -c and -o together... yes
checking whether make supports the include directive... yes (GNU style)
checking dependency style of /Applications/Xcode.app/Contents/Developer/usr/bin/gcc --target=arm-apple-darwin64... gcc3
checking dependency style of /Applications/Xcode.app/Contents/Developer/usr/bin/gcc --target=arm-apple-darwin64... gcc3
checking build system type... x86_64-apple-darwin19.4.0
checking host system type... arm-apple-darwin64
checking for a sed that does not truncate output... /usr/bin/sed
checking for grep that handles long lines and -e... /usr/bin/grep
checking for egrep... /usr/bin/grep -E
checking for fgrep... /usr/bin/grep -F
checking how to print strings... printf
checking for ld used by /Applications/Xcode.app/Contents/Developer/usr/bin/gcc --target=arm-apple-darwin64... /Applications/Xcode.app/Contents/Developer/Toolchains/XcodeDefault.xctoolchain/usr/bin/ld
checking if the linker (/Applications/Xcode.app/Contents/Developer/Toolchains/XcodeDefault.xctoolchain/usr/bin/ld) is GNU ld... no
checking how to run the C preprocessor... /Applications/Xcode.app/Contents/Developer/usr/bin/gcc --target=arm-apple-darwin64 -E
checking for gawk... (cached) awk
checking whether ln -s works... yes
checking whether make sets $(MAKE)... (cached) yes
checking for BSD- or MS-compatible name lister (nm)... no
checking for arm-apple-darwin64-dumpbin... no
checking for arm-apple-darwin64-link... no
checking for dumpbin... no
checking for link... link -dump
configure: WARNING: using cross tools not prefixed with host triplet
checking the name lister (nm) interface... BSD nm
checking the maximum length of command line arguments... 196608
checking how to convert x86_64-apple-darwin19.4.0 file names to arm-apple-darwin64 format... func_convert_file_noop
checking how to convert x86_64-apple-darwin19.4.0 file names to toolchain format... func_convert_file_noop
checking for /Applications/Xcode.app/Contents/Developer/Toolchains/XcodeDefault.xctoolchain/usr/bin/ld option to reload object files... -r
checking for arm-apple-darwin64-objdump... no
checking for objdump... objdump
checking how to recognize dependent libraries... pass_all
checking for arm-apple-darwin64-dlltool... no
checking for dlltool... no
checking how to associate runtime and link libraries... printf %s\n
checking for arm-apple-darwin64-ar... no
checking for ar... ar
checking for archiver @FILE support... no
checking for arm-apple-darwin64-strip... strip
checking for arm-apple-darwin64-ranlib... no
checking for ranlib... ranlib
checking command to parse nm output from /Applications/Xcode.app/Contents/Developer/usr/bin/gcc --target=arm-apple-darwin64 object... ok
checking for sysroot... no
checking for a working dd... /bin/dd
checking how to truncate binary pipes... /bin/dd bs=4096 count=1
checking for arm-apple-darwin64-mt... no
checking for mt... no
checking if : is a manifest tool... no
checking for arm-apple-darwin64-dsymutil... no
checking for dsymutil... dsymutil
checking for arm-apple-darwin64-nmedit... no
checking for nmedit... nmedit
checking for arm-apple-darwin64-lipo... no
checking for lipo... lipo
checking for arm-apple-darwin64-otool... no
checking for otool... otool
checking for arm-apple-darwin64-otool64... no
checking for otool64... no
checking for -single_module linker flag... yes
checking for -exported_symbols_list linker flag... yes
checking for -force_load linker flag... yes
checking for ANSI C header files... yes
checking for sys/types.h... yes
checking for sys/stat.h... yes
checking for stdlib.h... yes
checking for string.h... yes
checking for memory.h... yes
checking for strings.h... yes
checking for inttypes.h... yes
checking for stdint.h... yes
checking for unistd.h... yes
checking for dlfcn.h... yes
checking for objdir... .libs
checking if /Applications/Xcode.app/Contents/Developer/usr/bin/gcc --target=arm-apple-darwin64 supports -fno-rtti -fno-exceptions... yes
checking for /Applications/Xcode.app/Contents/Developer/usr/bin/gcc --target=arm-apple-darwin64 option to produce PIC... -fno-common -DPIC
checking if /Applications/Xcode.app/Contents/Developer/usr/bin/gcc --target=arm-apple-darwin64 PIC flag -fno-common -DPIC works... yes
checking if /Applications/Xcode.app/Contents/Developer/usr/bin/gcc --target=arm-apple-darwin64 static flag -static works... no
checking if /Applications/Xcode.app/Contents/Developer/usr/bin/gcc --target=arm-apple-darwin64 supports -c -o file.o... yes
checking if /Applications/Xcode.app/Contents/Developer/usr/bin/gcc --target=arm-apple-darwin64 supports -c -o file.o... (cached) yes
checking whether the /Applications/Xcode.app/Contents/Developer/usr/bin/gcc --target=arm-apple-darwin64 linker (/Applications/Xcode.app/Contents/Developer/Toolchains/XcodeDefault.xctoolchain/usr/bin/ld) supports shared libraries... yes
checking dynamic linker characteristics... darwin64 dyld
checking how to hardcode library paths into programs... immediate
checking whether stripping libraries is possible... yes
checking if libtool supports shared libraries... yes
checking whether to build shared libraries... no
checking whether to build static libraries... yes
checking that AWK works... ok
checking if we need to force back C standard to C89... no
checking for ANSI C header files... (cached) yes
checking for an ANSI C-conforming const... yes
checking for size_t... yes
checking whether struct tm is in sys/time.h or time.h... time.h
checking for C/C++ restrict keyword... __restrict
checking for working strtod... no
checking for pow... yes
checking for pow... (cached) yes
checking for clock_gettime... yes
checking for zlibVersion in -lz... yes
checking for feenableexcept in -lm... no
checking for feenableexcept... no
checking if using Solaris linker... no
checking if libraries can be versioned... no
configure: WARNING: *** You have not enabled versioned symbols.
configure: pkgconfig directory is ${libdir}/pkgconfig
configure: Extra options for compiler: 
checking that generated files are newer than configure... done
configure: creating ./config.status
config.status: creating Makefile
config.status: creating libpng.pc
config.status: creating libpng-config
config.status: creating config.h
config.status: executing depfiles commands
config.status: executing libtool commands
export SDKROOT="/Applications/Xcode.app/Contents/Developer/Platforms/iPhoneSimulator.platform/Developer/SDKs/iPhoneSimulator13.4.sdk" ; \
	export CFLAGS="-arch x86_64 -pipe -no-cpp-precomp -isysroot $SDKROOT -mios-simulator-version-min="11.0" -O2 -fembed-bitcode" ; \
	export CPPFLAGS=$CFLAGS ; \
	export CXXFLAGS="$CFLAGS -Wno-deprecated-register"; \
	export LDFLAGS="-L$SDKROOT/usr/lib/" ; \
	mkdir -p /Users/zyoung/dev/SwiftyTesseract/SwiftyTesseract/SwiftyTesseract/libpng-1.6.36/x86_64-apple-darwin ; \
	cd /Users/zyoung/dev/SwiftyTesseract/SwiftyTesseract/SwiftyTesseract/libpng-1.6.36/x86_64-apple-darwin ; \
	../configure CXX="""`xcode-select -p`"/usr/bin/g++" --target=x86_64-apple-darwin" CC="""`xcode-select -p`"/usr/bin/gcc" --target=x86_64-apple-darwin" --host=x86_64-apple-darwin --enable-shared=no --prefix=`pwd`
checking for a BSD-compatible install... /usr/bin/install -c
checking whether build environment is sane... yes
checking for x86_64-apple-darwin-strip... no
checking for strip... strip
checking for a thread-safe mkdir -p... ../install-sh -c -d
checking for gawk... no
checking for mawk... no
checking for nawk... no
checking for awk... awk
checking whether make sets $(MAKE)... yes
checking whether make supports nested variables... yes
checking whether to enable maintainer-specific portions of Makefiles... no
checking for x86_64-apple-darwin-gcc... /Applications/Xcode.app/Contents/Developer/usr/bin/gcc --target=x86_64-apple-darwin
checking whether the C compiler works... yes
checking for C compiler default output file name... a.out
checking for suffix of executables... 
checking whether we are cross compiling... yes
checking for suffix of object files... o
checking whether we are using the GNU C compiler... yes
checking whether /Applications/Xcode.app/Contents/Developer/usr/bin/gcc --target=x86_64-apple-darwin accepts -g... yes
checking for /Applications/Xcode.app/Contents/Developer/usr/bin/gcc --target=x86_64-apple-darwin option to accept ISO C89... none needed
checking whether /Applications/Xcode.app/Contents/Developer/usr/bin/gcc --target=x86_64-apple-darwin understands -c and -o together... yes
checking whether make supports the include directive... yes (GNU style)
checking dependency style of /Applications/Xcode.app/Contents/Developer/usr/bin/gcc --target=x86_64-apple-darwin... gcc3
checking dependency style of /Applications/Xcode.app/Contents/Developer/usr/bin/gcc --target=x86_64-apple-darwin... gcc3
checking build system type... x86_64-apple-darwin19.4.0
checking host system type... x86_64-apple-darwin
checking for a sed that does not truncate output... /usr/bin/sed
checking for grep that handles long lines and -e... /usr/bin/grep
checking for egrep... /usr/bin/grep -E
checking for fgrep... /usr/bin/grep -F
checking how to print strings... printf
checking for ld used by /Applications/Xcode.app/Contents/Developer/usr/bin/gcc --target=x86_64-apple-darwin... /Applications/Xcode.app/Contents/Developer/Toolchains/XcodeDefault.xctoolchain/usr/bin/ld
checking if the linker (/Applications/Xcode.app/Contents/Developer/Toolchains/XcodeDefault.xctoolchain/usr/bin/ld) is GNU ld... no
checking how to run the C preprocessor... /Applications/Xcode.app/Contents/Developer/usr/bin/gcc --target=x86_64-apple-darwin -E
checking for gawk... (cached) awk
checking whether ln -s works... yes
checking whether make sets $(MAKE)... (cached) yes
checking for BSD- or MS-compatible name lister (nm)... no
checking for x86_64-apple-darwin-dumpbin... no
checking for x86_64-apple-darwin-link... no
checking for dumpbin... no
checking for link... link -dump
configure: WARNING: using cross tools not prefixed with host triplet
checking the name lister (nm) interface... BSD nm
checking the maximum length of command line arguments... 196608
checking how to convert x86_64-apple-darwin19.4.0 file names to x86_64-apple-darwin format... func_convert_file_noop
checking how to convert x86_64-apple-darwin19.4.0 file names to toolchain format... func_convert_file_noop
checking for /Applications/Xcode.app/Contents/Developer/Toolchains/XcodeDefault.xctoolchain/usr/bin/ld option to reload object files... -r
checking for x86_64-apple-darwin-objdump... no
checking for objdump... objdump
checking how to recognize dependent libraries... pass_all
checking for x86_64-apple-darwin-dlltool... no
checking for dlltool... no
checking how to associate runtime and link libraries... printf %s\n
checking for x86_64-apple-darwin-ar... no
checking for ar... ar
checking for archiver @FILE support... no
checking for x86_64-apple-darwin-strip... strip
checking for x86_64-apple-darwin-ranlib... no
checking for ranlib... ranlib
checking command to parse nm output from /Applications/Xcode.app/Contents/Developer/usr/bin/gcc --target=x86_64-apple-darwin object... ok
checking for sysroot... no
checking for a working dd... /bin/dd
checking how to truncate binary pipes... /bin/dd bs=4096 count=1
checking for x86_64-apple-darwin-mt... no
checking for mt... no
checking if : is a manifest tool... no
checking for x86_64-apple-darwin-dsymutil... no
checking for dsymutil... dsymutil
checking for x86_64-apple-darwin-nmedit... no
checking for nmedit... nmedit
checking for x86_64-apple-darwin-lipo... no
checking for lipo... lipo
checking for x86_64-apple-darwin-otool... no
checking for otool... otool
checking for x86_64-apple-darwin-otool64... no
checking for otool64... no
checking for -single_module linker flag... yes
checking for -exported_symbols_list linker flag... yes
checking for -force_load linker flag... yes
checking for ANSI C header files... yes
checking for sys/types.h... yes
checking for sys/stat.h... yes
checking for stdlib.h... yes
checking for string.h... yes
checking for memory.h... yes
checking for strings.h... yes
checking for inttypes.h... yes
checking for stdint.h... yes
checking for unistd.h... yes
checking for dlfcn.h... yes
checking for objdir... .libs
checking if /Applications/Xcode.app/Contents/Developer/usr/bin/gcc --target=x86_64-apple-darwin supports -fno-rtti -fno-exceptions... yes
checking for /Applications/Xcode.app/Contents/Developer/usr/bin/gcc --target=x86_64-apple-darwin option to produce PIC... -fno-common -DPIC
checking if /Applications/Xcode.app/Contents/Developer/usr/bin/gcc --target=x86_64-apple-darwin PIC flag -fno-common -DPIC works... yes
checking if /Applications/Xcode.app/Contents/Developer/usr/bin/gcc --target=x86_64-apple-darwin static flag -static works... no
checking if /Applications/Xcode.app/Contents/Developer/usr/bin/gcc --target=x86_64-apple-darwin supports -c -o file.o... yes
checking if /Applications/Xcode.app/Contents/Developer/usr/bin/gcc --target=x86_64-apple-darwin supports -c -o file.o... (cached) yes
checking whether the /Applications/Xcode.app/Contents/Developer/usr/bin/gcc --target=x86_64-apple-darwin linker (/Applications/Xcode.app/Contents/Developer/Toolchains/XcodeDefault.xctoolchain/usr/bin/ld) supports shared libraries... yes
checking dynamic linker characteristics... darwin dyld
checking how to hardcode library paths into programs... immediate
checking whether stripping libraries is possible... yes
checking if libtool supports shared libraries... yes
checking whether to build shared libraries... no
checking whether to build static libraries... yes
checking that AWK works... ok
checking if we need to force back C standard to C89... no
checking for ANSI C header files... (cached) yes
checking for an ANSI C-conforming const... yes
checking for size_t... yes
checking whether struct tm is in sys/time.h or time.h... time.h
checking for C/C++ restrict keyword... __restrict
checking for working strtod... no
checking for pow... yes
checking for pow... (cached) yes
checking for clock_gettime... yes
checking for zlibVersion in -lz... yes
checking for feenableexcept in -lm... no
checking for feenableexcept... no
checking if using Solaris linker... no
checking if libraries can be versioned... no
configure: WARNING: *** You have not enabled versioned symbols.
configure: pkgconfig directory is ${libdir}/pkgconfig
configure: Extra options for compiler: 
checking that generated files are newer than configure... done
configure: creating ./config.status
config.status: creating Makefile
config.status: creating libpng.pc
config.status: creating libpng-config
config.status: creating config.h
config.status: executing depfiles commands
config.status: executing libtool commands
cd /Users/zyoung/dev/SwiftyTesseract/SwiftyTesseract/SwiftyTesseract/libpng-1.6.36/arm-apple-darwin64 ; \
	/Applications/Xcode.app/Contents/Developer/usr/bin/make -sj8 && /Applications/Xcode.app/Contents/Developer/usr/bin/make install
libtool: compile:  /Applications/Xcode.app/Contents/Developer/usr/bin/gcc --target=arm-apple-darwin64 -DHAVE_CONFIG_H -I. -I.. -arch arm64 -pipe -no-cpp-precomp -isysroot /Applications/Xcode.app/Contents/Developer/Platforms/iPhoneOS.platform/Developer/SDKs/iPhoneOS13.4.sdk -miphoneos-version-min=11.0 -O2 -fembed-bitcode -arch arm64 -pipe -no-cpp-precomp -isysroot /Applications/Xcode.app/Contents/Developer/Platforms/iPhoneOS.platform/Developer/SDKs/iPhoneOS13.4.sdk -miphoneos-version-min=11.0 -O2 -fembed-bitcode -MT pngget.lo -MD -MP -MF .deps/pngget.Tpo -c ../pngget.c -o pngget.o
libtool: compile:  /Applications/Xcode.app/Contents/Developer/usr/bin/gcc --target=arm-apple-darwin64 -DHAVE_CONFIG_H -I. -I.. -arch arm64 -pipe -no-cpp-precomp -isysroot /Applications/Xcode.app/Contents/Developer/Platforms/iPhoneOS.platform/Developer/SDKs/iPhoneOS13.4.sdk -miphoneos-version-min=11.0 -O2 -fembed-bitcode -arch arm64 -pipe -no-cpp-precomp -isysroot /Applications/Xcode.app/Contents/Developer/Platforms/iPhoneOS.platform/Developer/SDKs/iPhoneOS13.4.sdk -miphoneos-version-min=11.0 -O2 -fembed-bitcode -MT pngerror.lo -MD -MP -MF .deps/pngerror.Tpo -c ../pngerror.c -o pngerror.o
libtool: compile:  /Applications/Xcode.app/Contents/Developer/usr/bin/gcc --target=arm-apple-darwin64 -DHAVE_CONFIG_H -I. -I.. -arch arm64 -pipe -no-cpp-precomp -isysroot /Applications/Xcode.app/Contents/Developer/Platforms/iPhoneOS.platform/Developer/SDKs/iPhoneOS13.4.sdk -miphoneos-version-min=11.0 -O2 -fembed-bitcode -arch arm64 -pipe -no-cpp-precomp -isysroot /Applications/Xcode.app/Contents/Developer/Platforms/iPhoneOS.platform/Developer/SDKs/iPhoneOS13.4.sdk -miphoneos-version-min=11.0 -O2 -fembed-bitcode -MT png.lo -MD -MP -MF .deps/png.Tpo -c ../png.c -o png.o
libtool: compile:  /Applications/Xcode.app/Contents/Developer/usr/bin/gcc --target=arm-apple-darwin64 -DHAVE_CONFIG_H -I. -I.. -arch arm64 -pipe -no-cpp-precomp -isysroot /Applications/Xcode.app/Contents/Developer/Platforms/iPhoneOS.platform/Developer/SDKs/iPhoneOS13.4.sdk -miphoneos-version-min=11.0 -O2 -fembed-bitcode -arch arm64 -pipe -no-cpp-precomp -isysroot /Applications/Xcode.app/Contents/Developer/Platforms/iPhoneOS.platform/Developer/SDKs/iPhoneOS13.4.sdk -miphoneos-version-min=11.0 -O2 -fembed-bitcode -MT pngmem.lo -MD -MP -MF .deps/pngmem.Tpo -c ../pngmem.c -o pngmem.o
libtool: compile:  /Applications/Xcode.app/Contents/Developer/usr/bin/gcc --target=arm-apple-darwin64 -DHAVE_CONFIG_H -I. -I.. -arch arm64 -pipe -no-cpp-precomp -isysroot /Applications/Xcode.app/Contents/Developer/Platforms/iPhoneOS.platform/Developer/SDKs/iPhoneOS13.4.sdk -miphoneos-version-min=11.0 -O2 -fembed-bitcode -arch arm64 -pipe -no-cpp-precomp -isysroot /Applications/Xcode.app/Contents/Developer/Platforms/iPhoneOS.platform/Developer/SDKs/iPhoneOS13.4.sdk -miphoneos-version-min=11.0 -O2 -fembed-bitcode -MT pngpread.lo -MD -MP -MF .deps/pngpread.Tpo -c ../pngpread.c -o pngpread.o
libtool: compile:  /Applications/Xcode.app/Contents/Developer/usr/bin/gcc --target=arm-apple-darwin64 -DHAVE_CONFIG_H -I. -I.. -arch arm64 -pipe -no-cpp-precomp -isysroot /Applications/Xcode.app/Contents/Developer/Platforms/iPhoneOS.platform/Developer/SDKs/iPhoneOS13.4.sdk -miphoneos-version-min=11.0 -O2 -fembed-bitcode -arch arm64 -pipe -no-cpp-precomp -isysroot /Applications/Xcode.app/Contents/Developer/Platforms/iPhoneOS.platform/Developer/SDKs/iPhoneOS13.4.sdk -miphoneos-version-min=11.0 -O2 -fembed-bitcode -MT pngread.lo -MD -MP -MF .deps/pngread.Tpo -c ../pngread.c -o pngread.o
libtool: compile:  /Applications/Xcode.app/Contents/Developer/usr/bin/gcc --target=arm-apple-darwin64 -DHAVE_CONFIG_H -I. -I.. -arch arm64 -pipe -no-cpp-precomp -isysroot /Applications/Xcode.app/Contents/Developer/Platforms/iPhoneOS.platform/Developer/SDKs/iPhoneOS13.4.sdk -miphoneos-version-min=11.0 -O2 -fembed-bitcode -arch arm64 -pipe -no-cpp-precomp -isysroot /Applications/Xcode.app/Contents/Developer/Platforms/iPhoneOS.platform/Developer/SDKs/iPhoneOS13.4.sdk -miphoneos-version-min=11.0 -O2 -fembed-bitcode -MT pngrio.lo -MD -MP -MF .deps/pngrio.Tpo -c ../pngrio.c -o pngrio.o
libtool: compile:  /Applications/Xcode.app/Contents/Developer/usr/bin/gcc --target=arm-apple-darwin64 -DHAVE_CONFIG_H -I. -I.. -arch arm64 -pipe -no-cpp-precomp -isysroot /Applications/Xcode.app/Contents/Developer/Platforms/iPhoneOS.platform/Developer/SDKs/iPhoneOS13.4.sdk -miphoneos-version-min=11.0 -O2 -fembed-bitcode -arch arm64 -pipe -no-cpp-precomp -isysroot /Applications/Xcode.app/Contents/Developer/Platforms/iPhoneOS.platform/Developer/SDKs/iPhoneOS13.4.sdk -miphoneos-version-min=11.0 -O2 -fembed-bitcode -MT pngrtran.lo -MD -MP -MF .deps/pngrtran.Tpo -c ../pngrtran.c -o pngrtran.o
libtool: compile:  /Applications/Xcode.app/Contents/Developer/usr/bin/gcc --target=arm-apple-darwin64 -DHAVE_CONFIG_H -I. -I.. -arch arm64 -pipe -no-cpp-precomp -isysroot /Applications/Xcode.app/Contents/Developer/Platforms/iPhoneOS.platform/Developer/SDKs/iPhoneOS13.4.sdk -miphoneos-version-min=11.0 -O2 -fembed-bitcode -arch arm64 -pipe -no-cpp-precomp -isysroot /Applications/Xcode.app/Contents/Developer/Platforms/iPhoneOS.platform/Developer/SDKs/iPhoneOS13.4.sdk -miphoneos-version-min=11.0 -O2 -fembed-bitcode -MT pngrutil.lo -MD -MP -MF .deps/pngrutil.Tpo -c ../pngrutil.c -o pngrutil.o
libtool: compile:  /Applications/Xcode.app/Contents/Developer/usr/bin/gcc --target=arm-apple-darwin64 -DHAVE_CONFIG_H -I. -I.. -arch arm64 -pipe -no-cpp-precomp -isysroot /Applications/Xcode.app/Contents/Developer/Platforms/iPhoneOS.platform/Developer/SDKs/iPhoneOS13.4.sdk -miphoneos-version-min=11.0 -O2 -fembed-bitcode -arch arm64 -pipe -no-cpp-precomp -isysroot /Applications/Xcode.app/Contents/Developer/Platforms/iPhoneOS.platform/Developer/SDKs/iPhoneOS13.4.sdk -miphoneos-version-min=11.0 -O2 -fembed-bitcode -MT pngset.lo -MD -MP -MF .deps/pngset.Tpo -c ../pngset.c -o pngset.o
libtool: compile:  /Applications/Xcode.app/Contents/Developer/usr/bin/gcc --target=arm-apple-darwin64 -DHAVE_CONFIG_H -I. -I.. -arch arm64 -pipe -no-cpp-precomp -isysroot /Applications/Xcode.app/Contents/Developer/Platforms/iPhoneOS.platform/Developer/SDKs/iPhoneOS13.4.sdk -miphoneos-version-min=11.0 -O2 -fembed-bitcode -arch arm64 -pipe -no-cpp-precomp -isysroot /Applications/Xcode.app/Contents/Developer/Platforms/iPhoneOS.platform/Developer/SDKs/iPhoneOS13.4.sdk -miphoneos-version-min=11.0 -O2 -fembed-bitcode -MT pngtrans.lo -MD -MP -MF .deps/pngtrans.Tpo -c ../pngtrans.c -o pngtrans.o
libtool: compile:  /Applications/Xcode.app/Contents/Developer/usr/bin/gcc --target=arm-apple-darwin64 -DHAVE_CONFIG_H -I. -I.. -arch arm64 -pipe -no-cpp-precomp -isysroot /Applications/Xcode.app/Contents/Developer/Platforms/iPhoneOS.platform/Developer/SDKs/iPhoneOS13.4.sdk -miphoneos-version-min=11.0 -O2 -fembed-bitcode -arch arm64 -pipe -no-cpp-precomp -isysroot /Applications/Xcode.app/Contents/Developer/Platforms/iPhoneOS.platform/Developer/SDKs/iPhoneOS13.4.sdk -miphoneos-version-min=11.0 -O2 -fembed-bitcode -MT pngwio.lo -MD -MP -MF .deps/pngwio.Tpo -c ../pngwio.c -o pngwio.o
libtool: compile:  /Applications/Xcode.app/Contents/Developer/usr/bin/gcc --target=arm-apple-darwin64 -DHAVE_CONFIG_H -I. -I.. -arch arm64 -pipe -no-cpp-precomp -isysroot /Applications/Xcode.app/Contents/Developer/Platforms/iPhoneOS.platform/Developer/SDKs/iPhoneOS13.4.sdk -miphoneos-version-min=11.0 -O2 -fembed-bitcode -arch arm64 -pipe -no-cpp-precomp -isysroot /Applications/Xcode.app/Contents/Developer/Platforms/iPhoneOS.platform/Developer/SDKs/iPhoneOS13.4.sdk -miphoneos-version-min=11.0 -O2 -fembed-bitcode -MT pngwrite.lo -MD -MP -MF .deps/pngwrite.Tpo -c ../pngwrite.c -o pngwrite.o
libtool: compile:  /Applications/Xcode.app/Contents/Developer/usr/bin/gcc --target=arm-apple-darwin64 -DHAVE_CONFIG_H -I. -I.. -arch arm64 -pipe -no-cpp-precomp -isysroot /Applications/Xcode.app/Contents/Developer/Platforms/iPhoneOS.platform/Developer/SDKs/iPhoneOS13.4.sdk -miphoneos-version-min=11.0 -O2 -fembed-bitcode -arch arm64 -pipe -no-cpp-precomp -isysroot /Applications/Xcode.app/Contents/Developer/Platforms/iPhoneOS.platform/Developer/SDKs/iPhoneOS13.4.sdk -miphoneos-version-min=11.0 -O2 -fembed-bitcode -MT pngwtran.lo -MD -MP -MF .deps/pngwtran.Tpo -c ../pngwtran.c -o pngwtran.o
libtool: compile:  /Applications/Xcode.app/Contents/Developer/usr/bin/gcc --target=arm-apple-darwin64 -DHAVE_CONFIG_H -I. -I.. -arch arm64 -pipe -no-cpp-precomp -isysroot /Applications/Xcode.app/Contents/Developer/Platforms/iPhoneOS.platform/Developer/SDKs/iPhoneOS13.4.sdk -miphoneos-version-min=11.0 -O2 -fembed-bitcode -arch arm64 -pipe -no-cpp-precomp -isysroot /Applications/Xcode.app/Contents/Developer/Platforms/iPhoneOS.platform/Developer/SDKs/iPhoneOS13.4.sdk -miphoneos-version-min=11.0 -O2 -fembed-bitcode -MT pngwutil.lo -MD -MP -MF .deps/pngwutil.Tpo -c ../pngwutil.c -o pngwutil.o
libtool: compile:  /Applications/Xcode.app/Contents/Developer/usr/bin/gcc --target=arm-apple-darwin64 -DHAVE_CONFIG_H -I. -I.. -arch arm64 -pipe -no-cpp-precomp -isysroot /Applications/Xcode.app/Contents/Developer/Platforms/iPhoneOS.platform/Developer/SDKs/iPhoneOS13.4.sdk -miphoneos-version-min=11.0 -O2 -fembed-bitcode -arch arm64 -pipe -no-cpp-precomp -isysroot /Applications/Xcode.app/Contents/Developer/Platforms/iPhoneOS.platform/Developer/SDKs/iPhoneOS13.4.sdk -miphoneos-version-min=11.0 -O2 -fembed-bitcode -MT arm/arm_init.lo -MD -MP -MF arm/.deps/arm_init.Tpo -c ../arm/arm_init.c -o arm/arm_init.o
libtool: compile:  /Applications/Xcode.app/Contents/Developer/usr/bin/gcc --target=arm-apple-darwin64 -DHAVE_CONFIG_H -I. -I.. -arch arm64 -pipe -no-cpp-precomp -isysroot /Applications/Xcode.app/Contents/Developer/Platforms/iPhoneOS.platform/Developer/SDKs/iPhoneOS13.4.sdk -miphoneos-version-min=11.0 -O2 -fembed-bitcode -arch arm64 -pipe -no-cpp-precomp -isysroot /Applications/Xcode.app/Contents/Developer/Platforms/iPhoneOS.platform/Developer/SDKs/iPhoneOS13.4.sdk -miphoneos-version-min=11.0 -O2 -fembed-bitcode -MT arm/filter_neon.lo -MD -MP -MF arm/.deps/filter_neon.Tpo -c ../arm/filter_neon.S -o arm/filter_neon.o
libtool: compile:  /Applications/Xcode.app/Contents/Developer/usr/bin/gcc --target=arm-apple-darwin64 -DHAVE_CONFIG_H -I. -I.. -arch arm64 -pipe -no-cpp-precomp -isysroot /Applications/Xcode.app/Contents/Developer/Platforms/iPhoneOS.platform/Developer/SDKs/iPhoneOS13.4.sdk -miphoneos-version-min=11.0 -O2 -fembed-bitcode -arch arm64 -pipe -no-cpp-precomp -isysroot /Applications/Xcode.app/Contents/Developer/Platforms/iPhoneOS.platform/Developer/SDKs/iPhoneOS13.4.sdk -miphoneos-version-min=11.0 -O2 -fembed-bitcode -MT arm/filter_neon_intrinsics.lo -MD -MP -MF arm/.deps/filter_neon_intrinsics.Tpo -c ../arm/filter_neon_intrinsics.c -o arm/filter_neon_intrinsics.o
libtool: compile:  /Applications/Xcode.app/Contents/Developer/usr/bin/gcc --target=arm-apple-darwin64 -DHAVE_CONFIG_H -I. -I.. -arch arm64 -pipe -no-cpp-precomp -isysroot /Applications/Xcode.app/Contents/Developer/Platforms/iPhoneOS.platform/Developer/SDKs/iPhoneOS13.4.sdk -miphoneos-version-min=11.0 -O2 -fembed-bitcode -arch arm64 -pipe -no-cpp-precomp -isysroot /Applications/Xcode.app/Contents/Developer/Platforms/iPhoneOS.platform/Developer/SDKs/iPhoneOS13.4.sdk -miphoneos-version-min=11.0 -O2 -fembed-bitcode -MT arm/palette_neon_intrinsics.lo -MD -MP -MF arm/.deps/palette_neon_intrinsics.Tpo -c ../arm/palette_neon_intrinsics.c -o arm/palette_neon_intrinsics.o
libtool: compile:  /Applications/Xcode.app/Contents/Developer/usr/bin/gcc --target=arm-apple-darwin64 -DHAVE_CONFIG_H -I. -I.. -arch arm64 -pipe -no-cpp-precomp -isysroot /Applications/Xcode.app/Contents/Developer/Platforms/iPhoneOS.platform/Developer/SDKs/iPhoneOS13.4.sdk -miphoneos-version-min=11.0 -O2 -fembed-bitcode -arch arm64 -pipe -no-cpp-precomp -isysroot /Applications/Xcode.app/Contents/Developer/Platforms/iPhoneOS.platform/Developer/SDKs/iPhoneOS13.4.sdk -miphoneos-version-min=11.0 -O2 -fembed-bitcode -MT mips/mips_init.lo -MD -MP -MF mips/.deps/mips_init.Tpo -c ../mips/mips_init.c -o mips/mips_init.o
libtool: compile:  /Applications/Xcode.app/Contents/Developer/usr/bin/gcc --target=arm-apple-darwin64 -DHAVE_CONFIG_H -I. -I.. -arch arm64 -pipe -no-cpp-precomp -isysroot /Applications/Xcode.app/Contents/Developer/Platforms/iPhoneOS.platform/Developer/SDKs/iPhoneOS13.4.sdk -miphoneos-version-min=11.0 -O2 -fembed-bitcode -arch arm64 -pipe -no-cpp-precomp -isysroot /Applications/Xcode.app/Contents/Developer/Platforms/iPhoneOS.platform/Developer/SDKs/iPhoneOS13.4.sdk -miphoneos-version-min=11.0 -O2 -fembed-bitcode -MT mips/filter_msa_intrinsics.lo -MD -MP -MF mips/.deps/filter_msa_intrinsics.Tpo -c ../mips/filter_msa_intrinsics.c -o mips/filter_msa_intrinsics.o
libtool: compile:  /Applications/Xcode.app/Contents/Developer/usr/bin/gcc --target=arm-apple-darwin64 -DHAVE_CONFIG_H -I. -I.. -arch arm64 -pipe -no-cpp-precomp -isysroot /Applications/Xcode.app/Contents/Developer/Platforms/iPhoneOS.platform/Developer/SDKs/iPhoneOS13.4.sdk -miphoneos-version-min=11.0 -O2 -fembed-bitcode -arch arm64 -pipe -no-cpp-precomp -isysroot /Applications/Xcode.app/Contents/Developer/Platforms/iPhoneOS.platform/Developer/SDKs/iPhoneOS13.4.sdk -miphoneos-version-min=11.0 -O2 -fembed-bitcode -MT powerpc/powerpc_init.lo -MD -MP -MF powerpc/.deps/powerpc_init.Tpo -c ../powerpc/powerpc_init.c -o powerpc/powerpc_init.o
libtool: compile:  /Applications/Xcode.app/Contents/Developer/usr/bin/gcc --target=arm-apple-darwin64 -DHAVE_CONFIG_H -I. -I.. -arch arm64 -pipe -no-cpp-precomp -isysroot /Applications/Xcode.app/Contents/Developer/Platforms/iPhoneOS.platform/Developer/SDKs/iPhoneOS13.4.sdk -miphoneos-version-min=11.0 -O2 -fembed-bitcode -arch arm64 -pipe -no-cpp-precomp -isysroot /Applications/Xcode.app/Contents/Developer/Platforms/iPhoneOS.platform/Developer/SDKs/iPhoneOS13.4.sdk -miphoneos-version-min=11.0 -O2 -fembed-bitcode -MT powerpc/filter_vsx_intrinsics.lo -MD -MP -MF powerpc/.deps/filter_vsx_intrinsics.Tpo -c ../powerpc/filter_vsx_intrinsics.c -o powerpc/filter_vsx_intrinsics.o
libtool: link: /Applications/Xcode.app/Contents/Developer/usr/bin/gcc --target=arm-apple-darwin64 -arch arm64 -pipe -no-cpp-precomp -isysroot /Applications/Xcode.app/Contents/Developer/Platforms/iPhoneOS.platform/Developer/SDKs/iPhoneOS13.4.sdk -miphoneos-version-min=11.0 -O2 -fembed-bitcode -o png-fix-itxt contrib/tools/png-fix-itxt.o  -L/Applications/Xcode.app/Contents/Developer/Platforms/iPhoneOS.platform/Developer/SDKs/iPhoneOS13.4.sdk/usr/lib/ -lz
libtool: link: ar cru .libs/libpng16.a  png.o pngerror.o pngget.o pngmem.o pngpread.o pngread.o pngrio.o pngrtran.o pngrutil.o pngset.o pngtrans.o pngwio.o pngwrite.o pngwtran.o pngwutil.o arm/arm_init.o arm/filter_neon.o arm/filter_neon_intrinsics.o arm/palette_neon_intrinsics.o mips/mips_init.o mips/filter_msa_intrinsics.o powerpc/powerpc_init.o powerpc/filter_vsx_intrinsics.o
libtool: link: ranlib .libs/libpng16.a
libtool: link: ( cd ".libs" && rm -f "libpng16.la" && ln -s "../libpng16.la" "libpng16.la" )
libtool: link: /Applications/Xcode.app/Contents/Developer/usr/bin/gcc --target=arm-apple-darwin64 -arch arm64 -pipe -no-cpp-precomp -isysroot /Applications/Xcode.app/Contents/Developer/Platforms/iPhoneOS.platform/Developer/SDKs/iPhoneOS13.4.sdk -miphoneos-version-min=11.0 -O2 -fembed-bitcode -o pngtest pngtest.o  -L/Applications/Xcode.app/Contents/Developer/Platforms/iPhoneOS.platform/Developer/SDKs/iPhoneOS13.4.sdk/usr/lib/ ./.libs/libpng16.a -lz
libtool: link: /Applications/Xcode.app/Contents/Developer/usr/bin/gcc --target=arm-apple-darwin64 -arch arm64 -pipe -no-cpp-precomp -isysroot /Applications/Xcode.app/Contents/Developer/Platforms/iPhoneOS.platform/Developer/SDKs/iPhoneOS13.4.sdk -miphoneos-version-min=11.0 -O2 -fembed-bitcode -o pngfix contrib/tools/pngfix.o  -L/Applications/Xcode.app/Contents/Developer/Platforms/iPhoneOS.platform/Developer/SDKs/iPhoneOS13.4.sdk/usr/lib/ ./.libs/libpng16.a -lz
libtool: link: /Applications/Xcode.app/Contents/Developer/usr/bin/gcc --target=arm-apple-darwin64 -arch arm64 -pipe -no-cpp-precomp -isysroot /Applications/Xcode.app/Contents/Developer/Platforms/iPhoneOS.platform/Developer/SDKs/iPhoneOS13.4.sdk -miphoneos-version-min=11.0 -O2 -fembed-bitcode -o pngunknown contrib/libtests/pngunknown.o  -L/Applications/Xcode.app/Contents/Developer/Platforms/iPhoneOS.platform/Developer/SDKs/iPhoneOS13.4.sdk/usr/lib/ ./.libs/libpng16.a -lz
libtool: link: /Applications/Xcode.app/Contents/Developer/usr/bin/gcc --target=arm-apple-darwin64 -arch arm64 -pipe -no-cpp-precomp -isysroot /Applications/Xcode.app/Contents/Developer/Platforms/iPhoneOS.platform/Developer/SDKs/iPhoneOS13.4.sdk -miphoneos-version-min=11.0 -O2 -fembed-bitcode -o pngstest contrib/libtests/pngstest.o  -L/Applications/Xcode.app/Contents/Developer/Platforms/iPhoneOS.platform/Developer/SDKs/iPhoneOS13.4.sdk/usr/lib/ ./.libs/libpng16.a -lz
libtool: link: /Applications/Xcode.app/Contents/Developer/usr/bin/gcc --target=arm-apple-darwin64 -arch arm64 -pipe -no-cpp-precomp -isysroot /Applications/Xcode.app/Contents/Developer/Platforms/iPhoneOS.platform/Developer/SDKs/iPhoneOS13.4.sdk -miphoneos-version-min=11.0 -O2 -fembed-bitcode -o pngcp contrib/tools/pngcp.o  -L/Applications/Xcode.app/Contents/Developer/Platforms/iPhoneOS.platform/Developer/SDKs/iPhoneOS13.4.sdk/usr/lib/ ./.libs/libpng16.a -lz
libtool: link: /Applications/Xcode.app/Contents/Developer/usr/bin/gcc --target=arm-apple-darwin64 -arch arm64 -pipe -no-cpp-precomp -isysroot /Applications/Xcode.app/Contents/Developer/Platforms/iPhoneOS.platform/Developer/SDKs/iPhoneOS13.4.sdk -miphoneos-version-min=11.0 -O2 -fembed-bitcode -o pngimage contrib/libtests/pngimage.o  -L/Applications/Xcode.app/Contents/Developer/Platforms/iPhoneOS.platform/Developer/SDKs/iPhoneOS13.4.sdk/usr/lib/ ./.libs/libpng16.a -lz
libtool: link: /Applications/Xcode.app/Contents/Developer/usr/bin/gcc --target=arm-apple-darwin64 -arch arm64 -pipe -no-cpp-precomp -isysroot /Applications/Xcode.app/Contents/Developer/Platforms/iPhoneOS.platform/Developer/SDKs/iPhoneOS13.4.sdk -miphoneos-version-min=11.0 -O2 -fembed-bitcode -o timepng contrib/libtests/timepng.o  -L/Applications/Xcode.app/Contents/Developer/Platforms/iPhoneOS.platform/Developer/SDKs/iPhoneOS13.4.sdk/usr/lib/ ./.libs/libpng16.a -lz
libtool: link: /Applications/Xcode.app/Contents/Developer/usr/bin/gcc --target=arm-apple-darwin64 -arch arm64 -pipe -no-cpp-precomp -isysroot /Applications/Xcode.app/Contents/Developer/Platforms/iPhoneOS.platform/Developer/SDKs/iPhoneOS13.4.sdk -miphoneos-version-min=11.0 -O2 -fembed-bitcode -o pngvalid contrib/libtests/pngvalid.o  -L/Applications/Xcode.app/Contents/Developer/Platforms/iPhoneOS.platform/Developer/SDKs/iPhoneOS13.4.sdk/usr/lib/ ./.libs/libpng16.a -lz
/Applications/Xcode.app/Contents/Developer/usr/bin/make  install-am
 ../install-sh -c -d '/Users/zyoung/dev/SwiftyTesseract/SwiftyTesseract/SwiftyTesseract/libpng-1.6.36/arm-apple-darwin64/lib'
 /bin/sh ./libtool   --mode=install /usr/bin/install -c   libpng16.la '/Users/zyoung/dev/SwiftyTesseract/SwiftyTesseract/SwiftyTesseract/libpng-1.6.36/arm-apple-darwin64/lib'
libtool: install: /usr/bin/install -c .libs/libpng16.lai /Users/zyoung/dev/SwiftyTesseract/SwiftyTesseract/SwiftyTesseract/libpng-1.6.36/arm-apple-darwin64/lib/libpng16.la
libtool: install: /usr/bin/install -c .libs/libpng16.a /Users/zyoung/dev/SwiftyTesseract/SwiftyTesseract/SwiftyTesseract/libpng-1.6.36/arm-apple-darwin64/lib/libpng16.a
libtool: install: chmod 644 /Users/zyoung/dev/SwiftyTesseract/SwiftyTesseract/SwiftyTesseract/libpng-1.6.36/arm-apple-darwin64/lib/libpng16.a
libtool: install: ranlib /Users/zyoung/dev/SwiftyTesseract/SwiftyTesseract/SwiftyTesseract/libpng-1.6.36/arm-apple-darwin64/lib/libpng16.a
 ../install-sh -c -d '/Users/zyoung/dev/SwiftyTesseract/SwiftyTesseract/SwiftyTesseract/libpng-1.6.36/arm-apple-darwin64/bin'
  /bin/sh ./libtool   --mode=install /usr/bin/install -c pngfix png-fix-itxt '/Users/zyoung/dev/SwiftyTesseract/SwiftyTesseract/SwiftyTesseract/libpng-1.6.36/arm-apple-darwin64/bin'
libtool: install: /usr/bin/install -c pngfix /Users/zyoung/dev/SwiftyTesseract/SwiftyTesseract/SwiftyTesseract/libpng-1.6.36/arm-apple-darwin64/bin/pngfix
libtool: install: /usr/bin/install -c png-fix-itxt /Users/zyoung/dev/SwiftyTesseract/SwiftyTesseract/SwiftyTesseract/libpng-1.6.36/arm-apple-darwin64/bin/png-fix-itxt
 ../install-sh -c -d '/Users/zyoung/dev/SwiftyTesseract/SwiftyTesseract/SwiftyTesseract/libpng-1.6.36/arm-apple-darwin64/bin'
 /usr/bin/install -c libpng16-config '/Users/zyoung/dev/SwiftyTesseract/SwiftyTesseract/SwiftyTesseract/libpng-1.6.36/arm-apple-darwin64/bin'
/Applications/Xcode.app/Contents/Developer/usr/bin/make  install-exec-hook
+ cd /Users/zyoung/dev/SwiftyTesseract/SwiftyTesseract/SwiftyTesseract/libpng-1.6.36/arm-apple-darwin64/lib
+ for ext in a dll.a so so.16.36 la sl dylib
+ rm -f libpng.a
+ test -f libpng16.a
+ ln -s libpng16.a libpng.a
+ for ext in a dll.a so so.16.36 la sl dylib
+ rm -f libpng.dll.a
+ test -f libpng16.dll.a
+ for ext in a dll.a so so.16.36 la sl dylib
+ rm -f libpng.so
+ test -f libpng16.so
+ for ext in a dll.a so so.16.36 la sl dylib
+ rm -f libpng.so.16.36
+ test -f libpng16.so.16.36
+ for ext in a dll.a so so.16.36 la sl dylib
+ rm -f libpng.la
+ test -f libpng16.la
+ ln -s libpng16.la libpng.la
+ for ext in a dll.a so so.16.36 la sl dylib
+ rm -f libpng.sl
+ test -f libpng16.sl
+ for ext in a dll.a so so.16.36 la sl dylib
+ rm -f libpng.dylib
+ test -f libpng16.dylib
+ cd /Users/zyoung/dev/SwiftyTesseract/SwiftyTesseract/SwiftyTesseract/libpng-1.6.36/arm-apple-darwin64/bin
+ rm -f libpng-config
+ ln -s libpng16-config libpng-config
 ../install-sh -c -d '/Users/zyoung/dev/SwiftyTesseract/SwiftyTesseract/SwiftyTesseract/libpng-1.6.36/arm-apple-darwin64/share/man/man3'
 /usr/bin/install -c -m 644 ../libpng.3 ../libpngpf.3 '/Users/zyoung/dev/SwiftyTesseract/SwiftyTesseract/SwiftyTesseract/libpng-1.6.36/arm-apple-darwin64/share/man/man3'
 ../install-sh -c -d '/Users/zyoung/dev/SwiftyTesseract/SwiftyTesseract/SwiftyTesseract/libpng-1.6.36/arm-apple-darwin64/share/man/man5'
 /usr/bin/install -c -m 644 ../png.5 '/Users/zyoung/dev/SwiftyTesseract/SwiftyTesseract/SwiftyTesseract/libpng-1.6.36/arm-apple-darwin64/share/man/man5'
 ../install-sh -c -d '/Users/zyoung/dev/SwiftyTesseract/SwiftyTesseract/SwiftyTesseract/libpng-1.6.36/arm-apple-darwin64/include/libpng16'
 /usr/bin/install -c -m 644 pnglibconf.h '/Users/zyoung/dev/SwiftyTesseract/SwiftyTesseract/SwiftyTesseract/libpng-1.6.36/arm-apple-darwin64/include/libpng16'
 ../install-sh -c -d '/Users/zyoung/dev/SwiftyTesseract/SwiftyTesseract/SwiftyTesseract/libpng-1.6.36/arm-apple-darwin64/lib/pkgconfig'
 /usr/bin/install -c -m 644 libpng16.pc '/Users/zyoung/dev/SwiftyTesseract/SwiftyTesseract/SwiftyTesseract/libpng-1.6.36/arm-apple-darwin64/lib/pkgconfig'
 ../install-sh -c -d '/Users/zyoung/dev/SwiftyTesseract/SwiftyTesseract/SwiftyTesseract/libpng-1.6.36/arm-apple-darwin64/include/libpng16'
 /usr/bin/install -c -m 644 ../png.h ../pngconf.h '/Users/zyoung/dev/SwiftyTesseract/SwiftyTesseract/SwiftyTesseract/libpng-1.6.36/arm-apple-darwin64/include/libpng16'
/Applications/Xcode.app/Contents/Developer/usr/bin/make  install-data-hook
+ cd /Users/zyoung/dev/SwiftyTesseract/SwiftyTesseract/SwiftyTesseract/libpng-1.6.36/arm-apple-darwin64/include
+ for f in pnglibconf.h png.h pngconf.h
+ rm -f pnglibconf.h
+ ln -s libpng16/pnglibconf.h pnglibconf.h
+ for f in pnglibconf.h png.h pngconf.h
+ rm -f png.h
+ ln -s libpng16/png.h png.h
+ for f in pnglibconf.h png.h pngconf.h
+ rm -f pngconf.h
+ ln -s libpng16/pngconf.h pngconf.h
+ cd /Users/zyoung/dev/SwiftyTesseract/SwiftyTesseract/SwiftyTesseract/libpng-1.6.36/arm-apple-darwin64/lib/pkgconfig
+ rm -f libpng.pc
+ ln -s libpng16.pc libpng.pc
cd /Users/zyoung/dev/SwiftyTesseract/SwiftyTesseract/SwiftyTesseract/libpng-1.6.36/x86_64-apple-darwin ; \
	/Applications/Xcode.app/Contents/Developer/usr/bin/make -sj8 && /Applications/Xcode.app/Contents/Developer/usr/bin/make install
libtool: compile:  /Applications/Xcode.app/Contents/Developer/usr/bin/gcc --target=x86_64-apple-darwin -DHAVE_CONFIG_H -I. -I.. -arch x86_64 -pipe -no-cpp-precomp -isysroot /Applications/Xcode.app/Contents/Developer/Platforms/iPhoneSimulator.platform/Developer/SDKs/iPhoneSimulator13.4.sdk -mios-simulator-version-min=11.0 -O2 -fembed-bitcode -arch x86_64 -pipe -no-cpp-precomp -isysroot /Applications/Xcode.app/Contents/Developer/Platforms/iPhoneSimulator.platform/Developer/SDKs/iPhoneSimulator13.4.sdk -mios-simulator-version-min=11.0 -O2 -fembed-bitcode -MT pngerror.lo -MD -MP -MF .deps/pngerror.Tpo -c ../pngerror.c -o pngerror.o
libtool: compile:  /Applications/Xcode.app/Contents/Developer/usr/bin/gcc --target=x86_64-apple-darwin -DHAVE_CONFIG_H -I. -I.. -arch x86_64 -pipe -no-cpp-precomp -isysroot /Applications/Xcode.app/Contents/Developer/Platforms/iPhoneSimulator.platform/Developer/SDKs/iPhoneSimulator13.4.sdk -mios-simulator-version-min=11.0 -O2 -fembed-bitcode -arch x86_64 -pipe -no-cpp-precomp -isysroot /Applications/Xcode.app/Contents/Developer/Platforms/iPhoneSimulator.platform/Developer/SDKs/iPhoneSimulator13.4.sdk -mios-simulator-version-min=11.0 -O2 -fembed-bitcode -MT png.lo -MD -MP -MF .deps/png.Tpo -c ../png.c -o png.o
libtool: compile:  /Applications/Xcode.app/Contents/Developer/usr/bin/gcc --target=x86_64-apple-darwin -DHAVE_CONFIG_H -I. -I.. -arch x86_64 -pipe -no-cpp-precomp -isysroot /Applications/Xcode.app/Contents/Developer/Platforms/iPhoneSimulator.platform/Developer/SDKs/iPhoneSimulator13.4.sdk -mios-simulator-version-min=11.0 -O2 -fembed-bitcode -arch x86_64 -pipe -no-cpp-precomp -isysroot /Applications/Xcode.app/Contents/Developer/Platforms/iPhoneSimulator.platform/Developer/SDKs/iPhoneSimulator13.4.sdk -mios-simulator-version-min=11.0 -O2 -fembed-bitcode -MT pngget.lo -MD -MP -MF .deps/pngget.Tpo -c ../pngget.c -o pngget.o
libtool: compile:  /Applications/Xcode.app/Contents/Developer/usr/bin/gcc --target=x86_64-apple-darwin -DHAVE_CONFIG_H -I. -I.. -arch x86_64 -pipe -no-cpp-precomp -isysroot /Applications/Xcode.app/Contents/Developer/Platforms/iPhoneSimulator.platform/Developer/SDKs/iPhoneSimulator13.4.sdk -mios-simulator-version-min=11.0 -O2 -fembed-bitcode -arch x86_64 -pipe -no-cpp-precomp -isysroot /Applications/Xcode.app/Contents/Developer/Platforms/iPhoneSimulator.platform/Developer/SDKs/iPhoneSimulator13.4.sdk -mios-simulator-version-min=11.0 -O2 -fembed-bitcode -MT pngmem.lo -MD -MP -MF .deps/pngmem.Tpo -c ../pngmem.c -o pngmem.o
libtool: compile:  /Applications/Xcode.app/Contents/Developer/usr/bin/gcc --target=x86_64-apple-darwin -DHAVE_CONFIG_H -I. -I.. -arch x86_64 -pipe -no-cpp-precomp -isysroot /Applications/Xcode.app/Contents/Developer/Platforms/iPhoneSimulator.platform/Developer/SDKs/iPhoneSimulator13.4.sdk -mios-simulator-version-min=11.0 -O2 -fembed-bitcode -arch x86_64 -pipe -no-cpp-precomp -isysroot /Applications/Xcode.app/Contents/Developer/Platforms/iPhoneSimulator.platform/Developer/SDKs/iPhoneSimulator13.4.sdk -mios-simulator-version-min=11.0 -O2 -fembed-bitcode -MT pngpread.lo -MD -MP -MF .deps/pngpread.Tpo -c ../pngpread.c -o pngpread.o
libtool: compile:  /Applications/Xcode.app/Contents/Developer/usr/bin/gcc --target=x86_64-apple-darwin -DHAVE_CONFIG_H -I. -I.. -arch x86_64 -pipe -no-cpp-precomp -isysroot /Applications/Xcode.app/Contents/Developer/Platforms/iPhoneSimulator.platform/Developer/SDKs/iPhoneSimulator13.4.sdk -mios-simulator-version-min=11.0 -O2 -fembed-bitcode -arch x86_64 -pipe -no-cpp-precomp -isysroot /Applications/Xcode.app/Contents/Developer/Platforms/iPhoneSimulator.platform/Developer/SDKs/iPhoneSimulator13.4.sdk -mios-simulator-version-min=11.0 -O2 -fembed-bitcode -MT pngread.lo -MD -MP -MF .deps/pngread.Tpo -c ../pngread.c -o pngread.o
libtool: compile:  /Applications/Xcode.app/Contents/Developer/usr/bin/gcc --target=x86_64-apple-darwin -DHAVE_CONFIG_H -I. -I.. -arch x86_64 -pipe -no-cpp-precomp -isysroot /Applications/Xcode.app/Contents/Developer/Platforms/iPhoneSimulator.platform/Developer/SDKs/iPhoneSimulator13.4.sdk -mios-simulator-version-min=11.0 -O2 -fembed-bitcode -arch x86_64 -pipe -no-cpp-precomp -isysroot /Applications/Xcode.app/Contents/Developer/Platforms/iPhoneSimulator.platform/Developer/SDKs/iPhoneSimulator13.4.sdk -mios-simulator-version-min=11.0 -O2 -fembed-bitcode -MT pngrio.lo -MD -MP -MF .deps/pngrio.Tpo -c ../pngrio.c -o pngrio.o
libtool: compile:  /Applications/Xcode.app/Contents/Developer/usr/bin/gcc --target=x86_64-apple-darwin -DHAVE_CONFIG_H -I. -I.. -arch x86_64 -pipe -no-cpp-precomp -isysroot /Applications/Xcode.app/Contents/Developer/Platforms/iPhoneSimulator.platform/Developer/SDKs/iPhoneSimulator13.4.sdk -mios-simulator-version-min=11.0 -O2 -fembed-bitcode -arch x86_64 -pipe -no-cpp-precomp -isysroot /Applications/Xcode.app/Contents/Developer/Platforms/iPhoneSimulator.platform/Developer/SDKs/iPhoneSimulator13.4.sdk -mios-simulator-version-min=11.0 -O2 -fembed-bitcode -MT pngrtran.lo -MD -MP -MF .deps/pngrtran.Tpo -c ../pngrtran.c -o pngrtran.o
libtool: compile:  /Applications/Xcode.app/Contents/Developer/usr/bin/gcc --target=x86_64-apple-darwin -DHAVE_CONFIG_H -I. -I.. -arch x86_64 -pipe -no-cpp-precomp -isysroot /Applications/Xcode.app/Contents/Developer/Platforms/iPhoneSimulator.platform/Developer/SDKs/iPhoneSimulator13.4.sdk -mios-simulator-version-min=11.0 -O2 -fembed-bitcode -arch x86_64 -pipe -no-cpp-precomp -isysroot /Applications/Xcode.app/Contents/Developer/Platforms/iPhoneSimulator.platform/Developer/SDKs/iPhoneSimulator13.4.sdk -mios-simulator-version-min=11.0 -O2 -fembed-bitcode -MT pngrutil.lo -MD -MP -MF .deps/pngrutil.Tpo -c ../pngrutil.c -o pngrutil.o
libtool: compile:  /Applications/Xcode.app/Contents/Developer/usr/bin/gcc --target=x86_64-apple-darwin -DHAVE_CONFIG_H -I. -I.. -arch x86_64 -pipe -no-cpp-precomp -isysroot /Applications/Xcode.app/Contents/Developer/Platforms/iPhoneSimulator.platform/Developer/SDKs/iPhoneSimulator13.4.sdk -mios-simulator-version-min=11.0 -O2 -fembed-bitcode -arch x86_64 -pipe -no-cpp-precomp -isysroot /Applications/Xcode.app/Contents/Developer/Platforms/iPhoneSimulator.platform/Developer/SDKs/iPhoneSimulator13.4.sdk -mios-simulator-version-min=11.0 -O2 -fembed-bitcode -MT pngset.lo -MD -MP -MF .deps/pngset.Tpo -c ../pngset.c -o pngset.o
libtool: compile:  /Applications/Xcode.app/Contents/Developer/usr/bin/gcc --target=x86_64-apple-darwin -DHAVE_CONFIG_H -I. -I.. -arch x86_64 -pipe -no-cpp-precomp -isysroot /Applications/Xcode.app/Contents/Developer/Platforms/iPhoneSimulator.platform/Developer/SDKs/iPhoneSimulator13.4.sdk -mios-simulator-version-min=11.0 -O2 -fembed-bitcode -arch x86_64 -pipe -no-cpp-precomp -isysroot /Applications/Xcode.app/Contents/Developer/Platforms/iPhoneSimulator.platform/Developer/SDKs/iPhoneSimulator13.4.sdk -mios-simulator-version-min=11.0 -O2 -fembed-bitcode -MT pngtrans.lo -MD -MP -MF .deps/pngtrans.Tpo -c ../pngtrans.c -o pngtrans.o
libtool: compile:  /Applications/Xcode.app/Contents/Developer/usr/bin/gcc --target=x86_64-apple-darwin -DHAVE_CONFIG_H -I. -I.. -arch x86_64 -pipe -no-cpp-precomp -isysroot /Applications/Xcode.app/Contents/Developer/Platforms/iPhoneSimulator.platform/Developer/SDKs/iPhoneSimulator13.4.sdk -mios-simulator-version-min=11.0 -O2 -fembed-bitcode -arch x86_64 -pipe -no-cpp-precomp -isysroot /Applications/Xcode.app/Contents/Developer/Platforms/iPhoneSimulator.platform/Developer/SDKs/iPhoneSimulator13.4.sdk -mios-simulator-version-min=11.0 -O2 -fembed-bitcode -MT pngwio.lo -MD -MP -MF .deps/pngwio.Tpo -c ../pngwio.c -o pngwio.o
libtool: compile:  /Applications/Xcode.app/Contents/Developer/usr/bin/gcc --target=x86_64-apple-darwin -DHAVE_CONFIG_H -I. -I.. -arch x86_64 -pipe -no-cpp-precomp -isysroot /Applications/Xcode.app/Contents/Developer/Platforms/iPhoneSimulator.platform/Developer/SDKs/iPhoneSimulator13.4.sdk -mios-simulator-version-min=11.0 -O2 -fembed-bitcode -arch x86_64 -pipe -no-cpp-precomp -isysroot /Applications/Xcode.app/Contents/Developer/Platforms/iPhoneSimulator.platform/Developer/SDKs/iPhoneSimulator13.4.sdk -mios-simulator-version-min=11.0 -O2 -fembed-bitcode -MT pngwrite.lo -MD -MP -MF .deps/pngwrite.Tpo -c ../pngwrite.c -o pngwrite.o
libtool: compile:  /Applications/Xcode.app/Contents/Developer/usr/bin/gcc --target=x86_64-apple-darwin -DHAVE_CONFIG_H -I. -I.. -arch x86_64 -pipe -no-cpp-precomp -isysroot /Applications/Xcode.app/Contents/Developer/Platforms/iPhoneSimulator.platform/Developer/SDKs/iPhoneSimulator13.4.sdk -mios-simulator-version-min=11.0 -O2 -fembed-bitcode -arch x86_64 -pipe -no-cpp-precomp -isysroot /Applications/Xcode.app/Contents/Developer/Platforms/iPhoneSimulator.platform/Developer/SDKs/iPhoneSimulator13.4.sdk -mios-simulator-version-min=11.0 -O2 -fembed-bitcode -MT pngwtran.lo -MD -MP -MF .deps/pngwtran.Tpo -c ../pngwtran.c -o pngwtran.o
libtool: compile:  /Applications/Xcode.app/Contents/Developer/usr/bin/gcc --target=x86_64-apple-darwin -DHAVE_CONFIG_H -I. -I.. -arch x86_64 -pipe -no-cpp-precomp -isysroot /Applications/Xcode.app/Contents/Developer/Platforms/iPhoneSimulator.platform/Developer/SDKs/iPhoneSimulator13.4.sdk -mios-simulator-version-min=11.0 -O2 -fembed-bitcode -arch x86_64 -pipe -no-cpp-precomp -isysroot /Applications/Xcode.app/Contents/Developer/Platforms/iPhoneSimulator.platform/Developer/SDKs/iPhoneSimulator13.4.sdk -mios-simulator-version-min=11.0 -O2 -fembed-bitcode -MT pngwutil.lo -MD -MP -MF .deps/pngwutil.Tpo -c ../pngwutil.c -o pngwutil.o
libtool: compile:  /Applications/Xcode.app/Contents/Developer/usr/bin/gcc --target=x86_64-apple-darwin -DHAVE_CONFIG_H -I. -I.. -arch x86_64 -pipe -no-cpp-precomp -isysroot /Applications/Xcode.app/Contents/Developer/Platforms/iPhoneSimulator.platform/Developer/SDKs/iPhoneSimulator13.4.sdk -mios-simulator-version-min=11.0 -O2 -fembed-bitcode -arch x86_64 -pipe -no-cpp-precomp -isysroot /Applications/Xcode.app/Contents/Developer/Platforms/iPhoneSimulator.platform/Developer/SDKs/iPhoneSimulator13.4.sdk -mios-simulator-version-min=11.0 -O2 -fembed-bitcode -MT mips/mips_init.lo -MD -MP -MF mips/.deps/mips_init.Tpo -c ../mips/mips_init.c -o mips/mips_init.o
libtool: compile:  /Applications/Xcode.app/Contents/Developer/usr/bin/gcc --target=x86_64-apple-darwin -DHAVE_CONFIG_H -I. -I.. -arch x86_64 -pipe -no-cpp-precomp -isysroot /Applications/Xcode.app/Contents/Developer/Platforms/iPhoneSimulator.platform/Developer/SDKs/iPhoneSimulator13.4.sdk -mios-simulator-version-min=11.0 -O2 -fembed-bitcode -arch x86_64 -pipe -no-cpp-precomp -isysroot /Applications/Xcode.app/Contents/Developer/Platforms/iPhoneSimulator.platform/Developer/SDKs/iPhoneSimulator13.4.sdk -mios-simulator-version-min=11.0 -O2 -fembed-bitcode -MT mips/filter_msa_intrinsics.lo -MD -MP -MF mips/.deps/filter_msa_intrinsics.Tpo -c ../mips/filter_msa_intrinsics.c -o mips/filter_msa_intrinsics.o
libtool: compile:  /Applications/Xcode.app/Contents/Developer/usr/bin/gcc --target=x86_64-apple-darwin -DHAVE_CONFIG_H -I. -I.. -arch x86_64 -pipe -no-cpp-precomp -isysroot /Applications/Xcode.app/Contents/Developer/Platforms/iPhoneSimulator.platform/Developer/SDKs/iPhoneSimulator13.4.sdk -mios-simulator-version-min=11.0 -O2 -fembed-bitcode -arch x86_64 -pipe -no-cpp-precomp -isysroot /Applications/Xcode.app/Contents/Developer/Platforms/iPhoneSimulator.platform/Developer/SDKs/iPhoneSimulator13.4.sdk -mios-simulator-version-min=11.0 -O2 -fembed-bitcode -MT intel/intel_init.lo -MD -MP -MF intel/.deps/intel_init.Tpo -c ../intel/intel_init.c -o intel/intel_init.o
libtool: compile:  /Applications/Xcode.app/Contents/Developer/usr/bin/gcc --target=x86_64-apple-darwin -DHAVE_CONFIG_H -I. -I.. -arch x86_64 -pipe -no-cpp-precomp -isysroot /Applications/Xcode.app/Contents/Developer/Platforms/iPhoneSimulator.platform/Developer/SDKs/iPhoneSimulator13.4.sdk -mios-simulator-version-min=11.0 -O2 -fembed-bitcode -arch x86_64 -pipe -no-cpp-precomp -isysroot /Applications/Xcode.app/Contents/Developer/Platforms/iPhoneSimulator.platform/Developer/SDKs/iPhoneSimulator13.4.sdk -mios-simulator-version-min=11.0 -O2 -fembed-bitcode -MT intel/filter_sse2_intrinsics.lo -MD -MP -MF intel/.deps/filter_sse2_intrinsics.Tpo -c ../intel/filter_sse2_intrinsics.c -o intel/filter_sse2_intrinsics.o
libtool: compile:  /Applications/Xcode.app/Contents/Developer/usr/bin/gcc --target=x86_64-apple-darwin -DHAVE_CONFIG_H -I. -I.. -arch x86_64 -pipe -no-cpp-precomp -isysroot /Applications/Xcode.app/Contents/Developer/Platforms/iPhoneSimulator.platform/Developer/SDKs/iPhoneSimulator13.4.sdk -mios-simulator-version-min=11.0 -O2 -fembed-bitcode -arch x86_64 -pipe -no-cpp-precomp -isysroot /Applications/Xcode.app/Contents/Developer/Platforms/iPhoneSimulator.platform/Developer/SDKs/iPhoneSimulator13.4.sdk -mios-simulator-version-min=11.0 -O2 -fembed-bitcode -MT powerpc/filter_vsx_intrinsics.lo -MD -MP -MF powerpc/.deps/filter_vsx_intrinsics.Tpo -c ../powerpc/filter_vsx_intrinsics.c -o powerpc/filter_vsx_intrinsics.o
libtool: compile:  /Applications/Xcode.app/Contents/Developer/usr/bin/gcc --target=x86_64-apple-darwin -DHAVE_CONFIG_H -I. -I.. -arch x86_64 -pipe -no-cpp-precomp -isysroot /Applications/Xcode.app/Contents/Developer/Platforms/iPhoneSimulator.platform/Developer/SDKs/iPhoneSimulator13.4.sdk -mios-simulator-version-min=11.0 -O2 -fembed-bitcode -arch x86_64 -pipe -no-cpp-precomp -isysroot /Applications/Xcode.app/Contents/Developer/Platforms/iPhoneSimulator.platform/Developer/SDKs/iPhoneSimulator13.4.sdk -mios-simulator-version-min=11.0 -O2 -fembed-bitcode -MT powerpc/powerpc_init.lo -MD -MP -MF powerpc/.deps/powerpc_init.Tpo -c ../powerpc/powerpc_init.c -o powerpc/powerpc_init.o
libtool: link: /Applications/Xcode.app/Contents/Developer/usr/bin/gcc --target=x86_64-apple-darwin -arch x86_64 -pipe -no-cpp-precomp -isysroot /Applications/Xcode.app/Contents/Developer/Platforms/iPhoneSimulator.platform/Developer/SDKs/iPhoneSimulator13.4.sdk -mios-simulator-version-min=11.0 -O2 -fembed-bitcode -o png-fix-itxt contrib/tools/png-fix-itxt.o  -L/Applications/Xcode.app/Contents/Developer/Platforms/iPhoneSimulator.platform/Developer/SDKs/iPhoneSimulator13.4.sdk/usr/lib/ -lz
libtool: link: ar cru .libs/libpng16.a  png.o pngerror.o pngget.o pngmem.o pngpread.o pngread.o pngrio.o pngrtran.o pngrutil.o pngset.o pngtrans.o pngwio.o pngwrite.o pngwtran.o pngwutil.o mips/mips_init.o mips/filter_msa_intrinsics.o intel/intel_init.o intel/filter_sse2_intrinsics.o powerpc/powerpc_init.o powerpc/filter_vsx_intrinsics.o
libtool: link: ranlib .libs/libpng16.a
libtool: link: ( cd ".libs" && rm -f "libpng16.la" && ln -s "../libpng16.la" "libpng16.la" )
libtool: link: /Applications/Xcode.app/Contents/Developer/usr/bin/gcc --target=x86_64-apple-darwin -arch x86_64 -pipe -no-cpp-precomp -isysroot /Applications/Xcode.app/Contents/Developer/Platforms/iPhoneSimulator.platform/Developer/SDKs/iPhoneSimulator13.4.sdk -mios-simulator-version-min=11.0 -O2 -fembed-bitcode -o pngfix contrib/tools/pngfix.o  -L/Applications/Xcode.app/Contents/Developer/Platforms/iPhoneSimulator.platform/Developer/SDKs/iPhoneSimulator13.4.sdk/usr/lib/ ./.libs/libpng16.a -lz
libtool: link: /Applications/Xcode.app/Contents/Developer/usr/bin/gcc --target=x86_64-apple-darwin -arch x86_64 -pipe -no-cpp-precomp -isysroot /Applications/Xcode.app/Contents/Developer/Platforms/iPhoneSimulator.platform/Developer/SDKs/iPhoneSimulator13.4.sdk -mios-simulator-version-min=11.0 -O2 -fembed-bitcode -o pngtest pngtest.o  -L/Applications/Xcode.app/Contents/Developer/Platforms/iPhoneSimulator.platform/Developer/SDKs/iPhoneSimulator13.4.sdk/usr/lib/ ./.libs/libpng16.a -lz
libtool: link: /Applications/Xcode.app/Contents/Developer/usr/bin/gcc --target=x86_64-apple-darwin -arch x86_64 -pipe -no-cpp-precomp -isysroot /Applications/Xcode.app/Contents/Developer/Platforms/iPhoneSimulator.platform/Developer/SDKs/iPhoneSimulator13.4.sdk -mios-simulator-version-min=11.0 -O2 -fembed-bitcode -o timepng contrib/libtests/timepng.o  -L/Applications/Xcode.app/Contents/Developer/Platforms/iPhoneSimulator.platform/Developer/SDKs/iPhoneSimulator13.4.sdk/usr/lib/ ./.libs/libpng16.a -lz
libtool: link: /Applications/Xcode.app/Contents/Developer/usr/bin/gcc --target=x86_64-apple-darwin -arch x86_64 -pipe -no-cpp-precomp -isysroot /Applications/Xcode.app/Contents/Developer/Platforms/iPhoneSimulator.platform/Developer/SDKs/iPhoneSimulator13.4.sdk -mios-simulator-version-min=11.0 -O2 -fembed-bitcode -o pngstest contrib/libtests/pngstest.o  -L/Applications/Xcode.app/Contents/Developer/Platforms/iPhoneSimulator.platform/Developer/SDKs/iPhoneSimulator13.4.sdk/usr/lib/ ./.libs/libpng16.a -lz
libtool: link: /Applications/Xcode.app/Contents/Developer/usr/bin/gcc --target=x86_64-apple-darwin -arch x86_64 -pipe -no-cpp-precomp -isysroot /Applications/Xcode.app/Contents/Developer/Platforms/iPhoneSimulator.platform/Developer/SDKs/iPhoneSimulator13.4.sdk -mios-simulator-version-min=11.0 -O2 -fembed-bitcode -o pngcp contrib/tools/pngcp.o  -L/Applications/Xcode.app/Contents/Developer/Platforms/iPhoneSimulator.platform/Developer/SDKs/iPhoneSimulator13.4.sdk/usr/lib/ ./.libs/libpng16.a -lz
libtool: link: /Applications/Xcode.app/Contents/Developer/usr/bin/gcc --target=x86_64-apple-darwin -arch x86_64 -pipe -no-cpp-precomp -isysroot /Applications/Xcode.app/Contents/Developer/Platforms/iPhoneSimulator.platform/Developer/SDKs/iPhoneSimulator13.4.sdk -mios-simulator-version-min=11.0 -O2 -fembed-bitcode -o pngimage contrib/libtests/pngimage.o  -L/Applications/Xcode.app/Contents/Developer/Platforms/iPhoneSimulator.platform/Developer/SDKs/iPhoneSimulator13.4.sdk/usr/lib/ ./.libs/libpng16.a -lz
libtool: link: /Applications/Xcode.app/Contents/Developer/usr/bin/gcc --target=x86_64-apple-darwin -arch x86_64 -pipe -no-cpp-precomp -isysroot /Applications/Xcode.app/Contents/Developer/Platforms/iPhoneSimulator.platform/Developer/SDKs/iPhoneSimulator13.4.sdk -mios-simulator-version-min=11.0 -O2 -fembed-bitcode -o pngunknown contrib/libtests/pngunknown.o  -L/Applications/Xcode.app/Contents/Developer/Platforms/iPhoneSimulator.platform/Developer/SDKs/iPhoneSimulator13.4.sdk/usr/lib/ ./.libs/libpng16.a -lz
libtool: link: /Applications/Xcode.app/Contents/Developer/usr/bin/gcc --target=x86_64-apple-darwin -arch x86_64 -pipe -no-cpp-precomp -isysroot /Applications/Xcode.app/Contents/Developer/Platforms/iPhoneSimulator.platform/Developer/SDKs/iPhoneSimulator13.4.sdk -mios-simulator-version-min=11.0 -O2 -fembed-bitcode -o pngvalid contrib/libtests/pngvalid.o  -L/Applications/Xcode.app/Contents/Developer/Platforms/iPhoneSimulator.platform/Developer/SDKs/iPhoneSimulator13.4.sdk/usr/lib/ ./.libs/libpng16.a -lz
/Applications/Xcode.app/Contents/Developer/usr/bin/make  install-am
 ../install-sh -c -d '/Users/zyoung/dev/SwiftyTesseract/SwiftyTesseract/SwiftyTesseract/libpng-1.6.36/x86_64-apple-darwin/lib'
 /bin/sh ./libtool   --mode=install /usr/bin/install -c   libpng16.la '/Users/zyoung/dev/SwiftyTesseract/SwiftyTesseract/SwiftyTesseract/libpng-1.6.36/x86_64-apple-darwin/lib'
libtool: install: /usr/bin/install -c .libs/libpng16.lai /Users/zyoung/dev/SwiftyTesseract/SwiftyTesseract/SwiftyTesseract/libpng-1.6.36/x86_64-apple-darwin/lib/libpng16.la
libtool: install: /usr/bin/install -c .libs/libpng16.a /Users/zyoung/dev/SwiftyTesseract/SwiftyTesseract/SwiftyTesseract/libpng-1.6.36/x86_64-apple-darwin/lib/libpng16.a
libtool: install: chmod 644 /Users/zyoung/dev/SwiftyTesseract/SwiftyTesseract/SwiftyTesseract/libpng-1.6.36/x86_64-apple-darwin/lib/libpng16.a
libtool: install: ranlib /Users/zyoung/dev/SwiftyTesseract/SwiftyTesseract/SwiftyTesseract/libpng-1.6.36/x86_64-apple-darwin/lib/libpng16.a
 ../install-sh -c -d '/Users/zyoung/dev/SwiftyTesseract/SwiftyTesseract/SwiftyTesseract/libpng-1.6.36/x86_64-apple-darwin/bin'
  /bin/sh ./libtool   --mode=install /usr/bin/install -c pngfix png-fix-itxt '/Users/zyoung/dev/SwiftyTesseract/SwiftyTesseract/SwiftyTesseract/libpng-1.6.36/x86_64-apple-darwin/bin'
libtool: install: /usr/bin/install -c pngfix /Users/zyoung/dev/SwiftyTesseract/SwiftyTesseract/SwiftyTesseract/libpng-1.6.36/x86_64-apple-darwin/bin/pngfix
libtool: install: /usr/bin/install -c png-fix-itxt /Users/zyoung/dev/SwiftyTesseract/SwiftyTesseract/SwiftyTesseract/libpng-1.6.36/x86_64-apple-darwin/bin/png-fix-itxt
 ../install-sh -c -d '/Users/zyoung/dev/SwiftyTesseract/SwiftyTesseract/SwiftyTesseract/libpng-1.6.36/x86_64-apple-darwin/bin'
 /usr/bin/install -c libpng16-config '/Users/zyoung/dev/SwiftyTesseract/SwiftyTesseract/SwiftyTesseract/libpng-1.6.36/x86_64-apple-darwin/bin'
/Applications/Xcode.app/Contents/Developer/usr/bin/make  install-exec-hook
+ cd /Users/zyoung/dev/SwiftyTesseract/SwiftyTesseract/SwiftyTesseract/libpng-1.6.36/x86_64-apple-darwin/lib
+ for ext in a dll.a so so.16.36 la sl dylib
+ rm -f libpng.a
+ test -f libpng16.a
+ ln -s libpng16.a libpng.a
+ for ext in a dll.a so so.16.36 la sl dylib
+ rm -f libpng.dll.a
+ test -f libpng16.dll.a
+ for ext in a dll.a so so.16.36 la sl dylib
+ rm -f libpng.so
+ test -f libpng16.so
+ for ext in a dll.a so so.16.36 la sl dylib
+ rm -f libpng.so.16.36
+ test -f libpng16.so.16.36
+ for ext in a dll.a so so.16.36 la sl dylib
+ rm -f libpng.la
+ test -f libpng16.la
+ ln -s libpng16.la libpng.la
+ for ext in a dll.a so so.16.36 la sl dylib
+ rm -f libpng.sl
+ test -f libpng16.sl
+ for ext in a dll.a so so.16.36 la sl dylib
+ rm -f libpng.dylib
+ test -f libpng16.dylib
+ cd /Users/zyoung/dev/SwiftyTesseract/SwiftyTesseract/SwiftyTesseract/libpng-1.6.36/x86_64-apple-darwin/bin
+ rm -f libpng-config
+ ln -s libpng16-config libpng-config
 ../install-sh -c -d '/Users/zyoung/dev/SwiftyTesseract/SwiftyTesseract/SwiftyTesseract/libpng-1.6.36/x86_64-apple-darwin/share/man/man3'
 /usr/bin/install -c -m 644 ../libpng.3 ../libpngpf.3 '/Users/zyoung/dev/SwiftyTesseract/SwiftyTesseract/SwiftyTesseract/libpng-1.6.36/x86_64-apple-darwin/share/man/man3'
 ../install-sh -c -d '/Users/zyoung/dev/SwiftyTesseract/SwiftyTesseract/SwiftyTesseract/libpng-1.6.36/x86_64-apple-darwin/share/man/man5'
 /usr/bin/install -c -m 644 ../png.5 '/Users/zyoung/dev/SwiftyTesseract/SwiftyTesseract/SwiftyTesseract/libpng-1.6.36/x86_64-apple-darwin/share/man/man5'
 ../install-sh -c -d '/Users/zyoung/dev/SwiftyTesseract/SwiftyTesseract/SwiftyTesseract/libpng-1.6.36/x86_64-apple-darwin/include/libpng16'
 /usr/bin/install -c -m 644 pnglibconf.h '/Users/zyoung/dev/SwiftyTesseract/SwiftyTesseract/SwiftyTesseract/libpng-1.6.36/x86_64-apple-darwin/include/libpng16'
 ../install-sh -c -d '/Users/zyoung/dev/SwiftyTesseract/SwiftyTesseract/SwiftyTesseract/libpng-1.6.36/x86_64-apple-darwin/lib/pkgconfig'
 /usr/bin/install -c -m 644 libpng16.pc '/Users/zyoung/dev/SwiftyTesseract/SwiftyTesseract/SwiftyTesseract/libpng-1.6.36/x86_64-apple-darwin/lib/pkgconfig'
 ../install-sh -c -d '/Users/zyoung/dev/SwiftyTesseract/SwiftyTesseract/SwiftyTesseract/libpng-1.6.36/x86_64-apple-darwin/include/libpng16'
 /usr/bin/install -c -m 644 ../png.h ../pngconf.h '/Users/zyoung/dev/SwiftyTesseract/SwiftyTesseract/SwiftyTesseract/libpng-1.6.36/x86_64-apple-darwin/include/libpng16'
/Applications/Xcode.app/Contents/Developer/usr/bin/make  install-data-hook
+ cd /Users/zyoung/dev/SwiftyTesseract/SwiftyTesseract/SwiftyTesseract/libpng-1.6.36/x86_64-apple-darwin/include
+ for f in pnglibconf.h png.h pngconf.h
+ rm -f pnglibconf.h
+ ln -s libpng16/pnglibconf.h pnglibconf.h
+ for f in pnglibconf.h png.h pngconf.h
+ rm -f png.h
+ ln -s libpng16/png.h png.h
+ for f in pnglibconf.h png.h pngconf.h
+ rm -f pngconf.h
+ ln -s libpng16/pngconf.h pngconf.h
+ cd /Users/zyoung/dev/SwiftyTesseract/SwiftyTesseract/SwiftyTesseract/libpng-1.6.36/x86_64-apple-darwin/lib/pkgconfig
+ rm -f libpng.pc
+ ln -s libpng16.pc libpng.pc
mkdir -p /Users/zyoung/dev/SwiftyTesseract/SwiftyTesseract/SwiftyTesseract/ios/lib
xcrun lipo /Users/zyoung/dev/SwiftyTesseract/SwiftyTesseract/SwiftyTesseract/libpng-1.6.36/arm-apple-darwin64/lib/libpng16.a /Users/zyoung/dev/SwiftyTesseract/SwiftyTesseract/SwiftyTesseract/libpng-1.6.36/x86_64-apple-darwin/lib/libpng16.a -create -output /Users/zyoung/dev/SwiftyTesseract/SwiftyTesseract/SwiftyTesseract/ios/lib/libpng.a
mkdir -p /Users/zyoung/dev/SwiftyTesseract/SwiftyTesseract/SwiftyTesseract/ios/dependencies/include
cp -rvf /Users/zyoung/dev/SwiftyTesseract/SwiftyTesseract/SwiftyTesseract/libpng-1.6.36/arm-apple-darwin64/include/*.h /Users/zyoung/dev/SwiftyTesseract/SwiftyTesseract/SwiftyTesseract/ios/dependencies/include
/Users/zyoung/dev/SwiftyTesseract/SwiftyTesseract/SwiftyTesseract/libpng-1.6.36/arm-apple-darwin64/include/png.h -> /Users/zyoung/dev/SwiftyTesseract/SwiftyTesseract/SwiftyTesseract/ios/dependencies/include/png.h
/Users/zyoung/dev/SwiftyTesseract/SwiftyTesseract/SwiftyTesseract/libpng-1.6.36/arm-apple-darwin64/include/pngconf.h -> /Users/zyoung/dev/SwiftyTesseract/SwiftyTesseract/SwiftyTesseract/ios/dependencies/include/pngconf.h
/Users/zyoung/dev/SwiftyTesseract/SwiftyTesseract/SwiftyTesseract/libpng-1.6.36/arm-apple-darwin64/include/pnglibconf.h -> /Users/zyoung/dev/SwiftyTesseract/SwiftyTesseract/SwiftyTesseract/ios/dependencies/include/pnglibconf.h
curl http://www.ijg.org/files/jpegsrc.v9c.tar.gz | tar -xpf-
  % Total    % Received % Xferd  Average Speed   Time    Time     Time  Current
                                 Dload  Upload   Total   Spent    Left  Speed
  0     0    0     0    0     0      0      0 --:--:-- --:--:-- --:--:--     0  4 1004k    4 47951    0     0   117k      0  0:00:08 --:--:--  0:00:08  117k100 1004k  100 1004k    0     0  1344k      0 --:--:-- --:--:-- --:--:-- 1342k
export SDKROOT="/Applications/Xcode.app/Contents/Developer/Platforms/iPhoneOS.platform/Developer/SDKs/iPhoneOS13.4.sdk" ; \
	export CFLAGS="-arch arm64 -pipe -no-cpp-precomp -isysroot $SDKROOT -miphoneos-version-min="11.0" -O2 -fembed-bitcode" ; \
	export CPPFLAGS=$CFLAGS ; \
	export CXXFLAGS="$CFLAGS -Wno-deprecated-register"; \
	export LDFLAGS="-L$SDKROOT/usr/lib/" ; \
	mkdir -p /Users/zyoung/dev/SwiftyTesseract/SwiftyTesseract/SwiftyTesseract/jpeg-9c/arm-apple-darwin64 ; \
	cd /Users/zyoung/dev/SwiftyTesseract/SwiftyTesseract/SwiftyTesseract/jpeg-9c/arm-apple-darwin64 ; \
	../configure CXX="""`xcode-select -p`"/usr/bin/g++" --target=arm-apple-darwin64" CC="""`xcode-select -p`"/usr/bin/gcc" --target=arm-apple-darwin64" --host=arm-apple-darwin64 --enable-shared=no --prefix=`pwd`
checking build system type... x86_64-apple-darwin19.4.0
checking host system type... arm-apple-darwin64
checking target system type... arm-apple-darwin64
checking for a BSD-compatible install... /usr/bin/install -c
checking whether build environment is sane... yes
checking for arm-apple-darwin64-strip... no
checking for strip... strip
checking for a thread-safe mkdir -p... .././install-sh -c -d
checking for gawk... no
checking for mawk... no
checking for nawk... no
checking for awk... awk
checking whether make sets $(MAKE)... yes
checking whether make supports nested variables... yes
checking whether make supports nested variables... (cached) yes
checking whether to enable maintainer-specific portions of Makefiles... no
checking for arm-apple-darwin64-gcc... /Applications/Xcode.app/Contents/Developer/usr/bin/gcc --target=arm-apple-darwin64
checking whether the C compiler works... yes
checking for C compiler default output file name... a.out
checking for suffix of executables... 
checking whether we are cross compiling... yes
checking for suffix of object files... o
checking whether we are using the GNU C compiler... yes
checking whether /Applications/Xcode.app/Contents/Developer/usr/bin/gcc --target=arm-apple-darwin64 accepts -g... yes
checking for /Applications/Xcode.app/Contents/Developer/usr/bin/gcc --target=arm-apple-darwin64 option to accept ISO C89... none needed
checking whether /Applications/Xcode.app/Contents/Developer/usr/bin/gcc --target=arm-apple-darwin64 understands -c and -o together... yes
checking for style of include used by make... GNU
checking dependency style of /Applications/Xcode.app/Contents/Developer/usr/bin/gcc --target=arm-apple-darwin64... gcc3
checking for /Applications/Xcode.app/Contents/Developer/usr/bin/gcc --target=arm-apple-darwin64 option to accept ISO C99... none needed
checking for /Applications/Xcode.app/Contents/Developer/usr/bin/gcc --target=arm-apple-darwin64 option to accept ISO Standard C... (cached) none needed
checking how to run the C preprocessor... /Applications/Xcode.app/Contents/Developer/usr/bin/gcc --target=arm-apple-darwin64 -E
checking whether make sets $(MAKE)... (cached) yes
checking whether ln -s works... yes
checking for arm-apple-darwin64-ar... no
checking for arm-apple-darwin64-lib... no
checking for arm-apple-darwin64-link... no
checking for ar... ar
configure: WARNING: using cross tools not prefixed with host triplet
checking the archiver (ar) interface... ar
checking if LD -Wl,--version-script works... no
checking for function prototypes... yes
checking for grep that handles long lines and -e... /usr/bin/grep
checking for egrep... /usr/bin/grep -E
checking for ANSI C header files... yes
checking for sys/types.h... yes
checking for sys/stat.h... yes
checking for stdlib.h... yes
checking for string.h... yes
checking for memory.h... yes
checking for strings.h... yes
checking for inttypes.h... yes
checking for stdint.h... yes
checking for unistd.h... yes
checking stddef.h usability... yes
checking stddef.h presence... yes
checking for stddef.h... yes
checking for stdlib.h... (cached) yes
checking locale.h usability... yes
checking locale.h presence... yes
checking for locale.h... yes
checking for string.h... (cached) yes
checking for size_t... yes
checking for type unsigned char... yes
checking for type unsigned short... yes
checking for type void... yes
checking for an ANSI C-conforming const... yes
checking for inline... __inline__
checking for broken incomplete types... ok
checking for short external names... ok
checking to see if char is signed... configure: WARNING: Assuming that char is signed on target machine.
    If it is unsigned, this will be a little bit inefficient.
checking to see if right shift is signed... Assuming that right shift is signed on target machine.
checking to see if fopen accepts b spec... Assuming that it does.
checking how to print strings... printf
checking for a sed that does not truncate output... /usr/bin/sed
checking for fgrep... /usr/bin/grep -F
checking for ld used by /Applications/Xcode.app/Contents/Developer/usr/bin/gcc --target=arm-apple-darwin64... /Applications/Xcode.app/Contents/Developer/Toolchains/XcodeDefault.xctoolchain/usr/bin/ld
checking if the linker (/Applications/Xcode.app/Contents/Developer/Toolchains/XcodeDefault.xctoolchain/usr/bin/ld) is GNU ld... no
checking for BSD- or MS-compatible name lister (nm)... no
checking for arm-apple-darwin64-dumpbin... no
checking for arm-apple-darwin64-link... no
checking for dumpbin... no
checking for link... link -dump
checking the name lister (nm) interface... BSD nm
checking the maximum length of command line arguments... 196608
checking how to convert x86_64-apple-darwin19.4.0 file names to arm-apple-darwin64 format... func_convert_file_noop
checking how to convert x86_64-apple-darwin19.4.0 file names to toolchain format... func_convert_file_noop
checking for /Applications/Xcode.app/Contents/Developer/Toolchains/XcodeDefault.xctoolchain/usr/bin/ld option to reload object files... -r
checking for arm-apple-darwin64-objdump... objdump
checking how to recognize dependent libraries... pass_all
checking for arm-apple-darwin64-dlltool... dlltool
checking how to associate runtime and link libraries... printf %s\n
checking for arm-apple-darwin64-ar... ar
checking for archiver @FILE support... no
checking for arm-apple-darwin64-strip... strip
checking for arm-apple-darwin64-ranlib... no
checking for ranlib... ranlib
checking command to parse nm output from /Applications/Xcode.app/Contents/Developer/usr/bin/gcc --target=arm-apple-darwin64 object... ok
checking for sysroot... no
checking for a working dd... /bin/dd
checking how to truncate binary pipes... /bin/dd bs=4096 count=1
checking for arm-apple-darwin64-mt... no
checking for mt... no
checking if : is a manifest tool... no
checking for arm-apple-darwin64-dsymutil... no
checking for dsymutil... dsymutil
checking for arm-apple-darwin64-nmedit... no
checking for nmedit... nmedit
checking for arm-apple-darwin64-lipo... no
checking for lipo... lipo
checking for arm-apple-darwin64-otool... no
checking for otool... otool
checking for arm-apple-darwin64-otool64... no
checking for otool64... no
checking for -single_module linker flag... yes
checking for -exported_symbols_list linker flag... yes
checking for -force_load linker flag... yes
checking for dlfcn.h... yes
checking for objdir... .libs
checking if /Applications/Xcode.app/Contents/Developer/usr/bin/gcc --target=arm-apple-darwin64 supports -fno-rtti -fno-exceptions... yes
checking for /Applications/Xcode.app/Contents/Developer/usr/bin/gcc --target=arm-apple-darwin64 option to produce PIC... -fno-common -DPIC
checking if /Applications/Xcode.app/Contents/Developer/usr/bin/gcc --target=arm-apple-darwin64 PIC flag -fno-common -DPIC works... yes
checking if /Applications/Xcode.app/Contents/Developer/usr/bin/gcc --target=arm-apple-darwin64 static flag -static works... no
checking if /Applications/Xcode.app/Contents/Developer/usr/bin/gcc --target=arm-apple-darwin64 supports -c -o file.o... yes
checking if /Applications/Xcode.app/Contents/Developer/usr/bin/gcc --target=arm-apple-darwin64 supports -c -o file.o... (cached) yes
checking whether the /Applications/Xcode.app/Contents/Developer/usr/bin/gcc --target=arm-apple-darwin64 linker (/Applications/Xcode.app/Contents/Developer/Toolchains/XcodeDefault.xctoolchain/usr/bin/ld) supports shared libraries... yes
checking dynamic linker characteristics... darwin64 dyld
checking how to hardcode library paths into programs... immediate
checking whether stripping libraries is possible... yes
checking if libtool supports shared libraries... yes
checking whether to build shared libraries... no
checking whether to build static libraries... yes
checking libjpeg version number... 12:0:3
checking that generated files are newer than configure... done
configure: creating ./config.status
config.status: creating Makefile
config.status: creating libjpeg.pc
config.status: creating jconfig.h
config.status: executing depfiles commands
config.status: executing libtool commands
export SDKROOT="/Applications/Xcode.app/Contents/Developer/Platforms/iPhoneSimulator.platform/Developer/SDKs/iPhoneSimulator13.4.sdk" ; \
	export CFLAGS="-arch x86_64 -pipe -no-cpp-precomp -isysroot $SDKROOT -mios-simulator-version-min="11.0" -O2 -fembed-bitcode" ; \
	export CPPFLAGS=$CFLAGS ; \
	export CXXFLAGS="$CFLAGS -Wno-deprecated-register"; \
	export LDFLAGS="-L$SDKROOT/usr/lib/" ; \
	mkdir -p /Users/zyoung/dev/SwiftyTesseract/SwiftyTesseract/SwiftyTesseract/jpeg-9c/x86_64-apple-darwin ; \
	cd /Users/zyoung/dev/SwiftyTesseract/SwiftyTesseract/SwiftyTesseract/jpeg-9c/x86_64-apple-darwin ; \
	../configure CXX="""`xcode-select -p`"/usr/bin/g++" --target=x86_64-apple-darwin" CC="""`xcode-select -p`"/usr/bin/gcc" --target=x86_64-apple-darwin" --host=x86_64-apple-darwin --enable-shared=no --prefix=`pwd`
checking build system type... x86_64-apple-darwin19.4.0
checking host system type... x86_64-apple-darwin
checking target system type... x86_64-apple-darwin
checking for a BSD-compatible install... /usr/bin/install -c
checking whether build environment is sane... yes
checking for x86_64-apple-darwin-strip... no
checking for strip... strip
checking for a thread-safe mkdir -p... .././install-sh -c -d
checking for gawk... no
checking for mawk... no
checking for nawk... no
checking for awk... awk
checking whether make sets $(MAKE)... yes
checking whether make supports nested variables... yes
checking whether make supports nested variables... (cached) yes
checking whether to enable maintainer-specific portions of Makefiles... no
checking for x86_64-apple-darwin-gcc... /Applications/Xcode.app/Contents/Developer/usr/bin/gcc --target=x86_64-apple-darwin
checking whether the C compiler works... yes
checking for C compiler default output file name... a.out
checking for suffix of executables... 
checking whether we are cross compiling... yes
checking for suffix of object files... o
checking whether we are using the GNU C compiler... yes
checking whether /Applications/Xcode.app/Contents/Developer/usr/bin/gcc --target=x86_64-apple-darwin accepts -g... yes
checking for /Applications/Xcode.app/Contents/Developer/usr/bin/gcc --target=x86_64-apple-darwin option to accept ISO C89... none needed
checking whether /Applications/Xcode.app/Contents/Developer/usr/bin/gcc --target=x86_64-apple-darwin understands -c and -o together... yes
checking for style of include used by make... GNU
checking dependency style of /Applications/Xcode.app/Contents/Developer/usr/bin/gcc --target=x86_64-apple-darwin... gcc3
checking for /Applications/Xcode.app/Contents/Developer/usr/bin/gcc --target=x86_64-apple-darwin option to accept ISO C99... none needed
checking for /Applications/Xcode.app/Contents/Developer/usr/bin/gcc --target=x86_64-apple-darwin option to accept ISO Standard C... (cached) none needed
checking how to run the C preprocessor... /Applications/Xcode.app/Contents/Developer/usr/bin/gcc --target=x86_64-apple-darwin -E
checking whether make sets $(MAKE)... (cached) yes
checking whether ln -s works... yes
checking for x86_64-apple-darwin-ar... no
checking for x86_64-apple-darwin-lib... no
checking for x86_64-apple-darwin-link... no
checking for ar... ar
configure: WARNING: using cross tools not prefixed with host triplet
checking the archiver (ar) interface... ar
checking if LD -Wl,--version-script works... no
checking for function prototypes... yes
checking for grep that handles long lines and -e... /usr/bin/grep
checking for egrep... /usr/bin/grep -E
checking for ANSI C header files... yes
checking for sys/types.h... yes
checking for sys/stat.h... yes
checking for stdlib.h... yes
checking for string.h... yes
checking for memory.h... yes
checking for strings.h... yes
checking for inttypes.h... yes
checking for stdint.h... yes
checking for unistd.h... yes
checking stddef.h usability... yes
checking stddef.h presence... yes
checking for stddef.h... yes
checking for stdlib.h... (cached) yes
checking locale.h usability... yes
checking locale.h presence... yes
checking for locale.h... yes
checking for string.h... (cached) yes
checking for size_t... yes
checking for type unsigned char... yes
checking for type unsigned short... yes
checking for type void... yes
checking for an ANSI C-conforming const... yes
checking for inline... __inline__
checking for broken incomplete types... ok
checking for short external names... ok
checking to see if char is signed... configure: WARNING: Assuming that char is signed on target machine.
    If it is unsigned, this will be a little bit inefficient.
checking to see if right shift is signed... Assuming that right shift is signed on target machine.
checking to see if fopen accepts b spec... Assuming that it does.
checking how to print strings... printf
checking for a sed that does not truncate output... /usr/bin/sed
checking for fgrep... /usr/bin/grep -F
checking for ld used by /Applications/Xcode.app/Contents/Developer/usr/bin/gcc --target=x86_64-apple-darwin... /Applications/Xcode.app/Contents/Developer/Toolchains/XcodeDefault.xctoolchain/usr/bin/ld
checking if the linker (/Applications/Xcode.app/Contents/Developer/Toolchains/XcodeDefault.xctoolchain/usr/bin/ld) is GNU ld... no
checking for BSD- or MS-compatible name lister (nm)... no
checking for x86_64-apple-darwin-dumpbin... no
checking for x86_64-apple-darwin-link... no
checking for dumpbin... no
checking for link... link -dump
checking the name lister (nm) interface... BSD nm
checking the maximum length of command line arguments... 196608
checking how to convert x86_64-apple-darwin19.4.0 file names to x86_64-apple-darwin format... func_convert_file_noop
checking how to convert x86_64-apple-darwin19.4.0 file names to toolchain format... func_convert_file_noop
checking for /Applications/Xcode.app/Contents/Developer/Toolchains/XcodeDefault.xctoolchain/usr/bin/ld option to reload object files... -r
checking for x86_64-apple-darwin-objdump... objdump
checking how to recognize dependent libraries... pass_all
checking for x86_64-apple-darwin-dlltool... dlltool
checking how to associate runtime and link libraries... printf %s\n
checking for x86_64-apple-darwin-ar... ar
checking for archiver @FILE support... no
checking for x86_64-apple-darwin-strip... strip
checking for x86_64-apple-darwin-ranlib... no
checking for ranlib... ranlib
checking command to parse nm output from /Applications/Xcode.app/Contents/Developer/usr/bin/gcc --target=x86_64-apple-darwin object... ok
checking for sysroot... no
checking for a working dd... /bin/dd
checking how to truncate binary pipes... /bin/dd bs=4096 count=1
checking for x86_64-apple-darwin-mt... no
checking for mt... no
checking if : is a manifest tool... no
checking for x86_64-apple-darwin-dsymutil... no
checking for dsymutil... dsymutil
checking for x86_64-apple-darwin-nmedit... no
checking for nmedit... nmedit
checking for x86_64-apple-darwin-lipo... no
checking for lipo... lipo
checking for x86_64-apple-darwin-otool... no
checking for otool... otool
checking for x86_64-apple-darwin-otool64... no
checking for otool64... no
checking for -single_module linker flag... yes
checking for -exported_symbols_list linker flag... yes
checking for -force_load linker flag... yes
checking for dlfcn.h... yes
checking for objdir... .libs
checking if /Applications/Xcode.app/Contents/Developer/usr/bin/gcc --target=x86_64-apple-darwin supports -fno-rtti -fno-exceptions... yes
checking for /Applications/Xcode.app/Contents/Developer/usr/bin/gcc --target=x86_64-apple-darwin option to produce PIC... -fno-common -DPIC
checking if /Applications/Xcode.app/Contents/Developer/usr/bin/gcc --target=x86_64-apple-darwin PIC flag -fno-common -DPIC works... yes
checking if /Applications/Xcode.app/Contents/Developer/usr/bin/gcc --target=x86_64-apple-darwin static flag -static works... no
checking if /Applications/Xcode.app/Contents/Developer/usr/bin/gcc --target=x86_64-apple-darwin supports -c -o file.o... yes
checking if /Applications/Xcode.app/Contents/Developer/usr/bin/gcc --target=x86_64-apple-darwin supports -c -o file.o... (cached) yes
checking whether the /Applications/Xcode.app/Contents/Developer/usr/bin/gcc --target=x86_64-apple-darwin linker (/Applications/Xcode.app/Contents/Developer/Toolchains/XcodeDefault.xctoolchain/usr/bin/ld) supports shared libraries... yes
checking dynamic linker characteristics... darwin dyld
checking how to hardcode library paths into programs... immediate
checking whether stripping libraries is possible... yes
checking if libtool supports shared libraries... yes
checking whether to build shared libraries... no
checking whether to build static libraries... yes
checking libjpeg version number... 12:0:3
checking that generated files are newer than configure... done
configure: creating ./config.status
config.status: creating Makefile
config.status: creating libjpeg.pc
config.status: creating jconfig.h
config.status: executing depfiles commands
config.status: executing libtool commands
cd /Users/zyoung/dev/SwiftyTesseract/SwiftyTesseract/SwiftyTesseract/jpeg-9c/arm-apple-darwin64 ; \
	/Applications/Xcode.app/Contents/Developer/usr/bin/make -sj8 && /Applications/Xcode.app/Contents/Developer/usr/bin/make install
  CC       jaricom.lo
  CC       jcapimin.lo
  CC       jcapistd.lo
  CC       jcarith.lo
  CC       jccoefct.lo
  CC       jccolor.lo
  CC       jcdctmgr.lo
  CC       jchuff.lo
  CC       jcinit.lo
  CC       jcmainct.lo
  CC       jcmarker.lo
  CC       jcmaster.lo
  CC       jcomapi.lo
  CC       jcparam.lo
  CC       jcprepct.lo
  CC       jcsample.lo
  CC       jctrans.lo
  CC       jdapimin.lo
  CC       jdapistd.lo
  CC       jdarith.lo
  CC       jdatadst.lo
  CC       jdatasrc.lo
  CC       jdcoefct.lo
  CC       jdcolor.lo
  CC       jddctmgr.lo
  CC       jdhuff.lo
  CC       jdinput.lo
  CC       jdmainct.lo
  CC       jdmarker.lo
  CC       jdmaster.lo
  CC       jdmerge.lo
  CC       jdpostct.lo
  CC       jdsample.lo
  CC       jdtrans.lo
  CC       jerror.lo
  CC       jfdctflt.lo
  CC       jfdctfst.lo
  CC       jfdctint.lo
  CC       jidctflt.lo
  CC       jidctfst.lo
  CC       jidctint.lo
  CC       jquant1.lo
  CC       jquant2.lo
  CC       jutils.lo
  CC       jmemmgr.lo
  CC       jmemnobs.lo
  CC       cjpeg.o
  CC       rdppm.o
  CC       rdgif.o
  CC       rdtarga.o
  CC       rdrle.o
  CC       rdbmp.o
  CC       rdswitch.o
  CC       cdjpeg.o
  CC       djpeg.o
  CC       wrppm.o
  CC       wrgif.o
  CC       wrtarga.o
  CC       wrrle.o
  CC       wrbmp.o
  CC       rdcolmap.o
  CC       jpegtran.o
  CC       transupp.o
  CC       rdjpgcom.o
  CC       wrjpgcom.o
  CCLD     rdjpgcom
  CCLD     wrjpgcom
  CCLD     libjpeg.la
  CCLD     cjpeg
  CCLD     djpeg
  CCLD     jpegtran
 .././install-sh -c -d '/Users/zyoung/dev/SwiftyTesseract/SwiftyTesseract/SwiftyTesseract/jpeg-9c/arm-apple-darwin64/lib'
 /bin/sh ./libtool   --mode=install /usr/bin/install -c   libjpeg.la '/Users/zyoung/dev/SwiftyTesseract/SwiftyTesseract/SwiftyTesseract/jpeg-9c/arm-apple-darwin64/lib'
libtool: install: /usr/bin/install -c .libs/libjpeg.lai /Users/zyoung/dev/SwiftyTesseract/SwiftyTesseract/SwiftyTesseract/jpeg-9c/arm-apple-darwin64/lib/libjpeg.la
libtool: install: /usr/bin/install -c .libs/libjpeg.a /Users/zyoung/dev/SwiftyTesseract/SwiftyTesseract/SwiftyTesseract/jpeg-9c/arm-apple-darwin64/lib/libjpeg.a
libtool: install: chmod 644 /Users/zyoung/dev/SwiftyTesseract/SwiftyTesseract/SwiftyTesseract/jpeg-9c/arm-apple-darwin64/lib/libjpeg.a
libtool: install: ranlib /Users/zyoung/dev/SwiftyTesseract/SwiftyTesseract/SwiftyTesseract/jpeg-9c/arm-apple-darwin64/lib/libjpeg.a
 .././install-sh -c -d '/Users/zyoung/dev/SwiftyTesseract/SwiftyTesseract/SwiftyTesseract/jpeg-9c/arm-apple-darwin64/bin'
  /bin/sh ./libtool   --mode=install /usr/bin/install -c cjpeg djpeg jpegtran rdjpgcom wrjpgcom '/Users/zyoung/dev/SwiftyTesseract/SwiftyTesseract/SwiftyTesseract/jpeg-9c/arm-apple-darwin64/bin'
libtool: install: /usr/bin/install -c cjpeg /Users/zyoung/dev/SwiftyTesseract/SwiftyTesseract/SwiftyTesseract/jpeg-9c/arm-apple-darwin64/bin/cjpeg
libtool: install: /usr/bin/install -c djpeg /Users/zyoung/dev/SwiftyTesseract/SwiftyTesseract/SwiftyTesseract/jpeg-9c/arm-apple-darwin64/bin/djpeg
libtool: install: /usr/bin/install -c jpegtran /Users/zyoung/dev/SwiftyTesseract/SwiftyTesseract/SwiftyTesseract/jpeg-9c/arm-apple-darwin64/bin/jpegtran
libtool: install: /usr/bin/install -c rdjpgcom /Users/zyoung/dev/SwiftyTesseract/SwiftyTesseract/SwiftyTesseract/jpeg-9c/arm-apple-darwin64/bin/rdjpgcom
libtool: install: /usr/bin/install -c wrjpgcom /Users/zyoung/dev/SwiftyTesseract/SwiftyTesseract/SwiftyTesseract/jpeg-9c/arm-apple-darwin64/bin/wrjpgcom
/bin/sh /Users/zyoung/dev/SwiftyTesseract/SwiftyTesseract/SwiftyTesseract/jpeg-9c/install-sh -d /Users/zyoung/dev/SwiftyTesseract/SwiftyTesseract/SwiftyTesseract/jpeg-9c/arm-apple-darwin64/include
/usr/bin/install -c -m 644 jconfig.h /Users/zyoung/dev/SwiftyTesseract/SwiftyTesseract/SwiftyTesseract/jpeg-9c/arm-apple-darwin64/include/jconfig.h
 .././install-sh -c -d '/Users/zyoung/dev/SwiftyTesseract/SwiftyTesseract/SwiftyTesseract/jpeg-9c/arm-apple-darwin64/include'
 /usr/bin/install -c -m 644 ../jerror.h ../jmorecfg.h ../jpeglib.h '/Users/zyoung/dev/SwiftyTesseract/SwiftyTesseract/SwiftyTesseract/jpeg-9c/arm-apple-darwin64/include'
 .././install-sh -c -d '/Users/zyoung/dev/SwiftyTesseract/SwiftyTesseract/SwiftyTesseract/jpeg-9c/arm-apple-darwin64/share/man/man1'
 /usr/bin/install -c -m 644 ../cjpeg.1 ../djpeg.1 ../jpegtran.1 ../rdjpgcom.1 ../wrjpgcom.1 '/Users/zyoung/dev/SwiftyTesseract/SwiftyTesseract/SwiftyTesseract/jpeg-9c/arm-apple-darwin64/share/man/man1'
 .././install-sh -c -d '/Users/zyoung/dev/SwiftyTesseract/SwiftyTesseract/SwiftyTesseract/jpeg-9c/arm-apple-darwin64/lib/pkgconfig'
 /usr/bin/install -c -m 644 libjpeg.pc '/Users/zyoung/dev/SwiftyTesseract/SwiftyTesseract/SwiftyTesseract/jpeg-9c/arm-apple-darwin64/lib/pkgconfig'
cd /Users/zyoung/dev/SwiftyTesseract/SwiftyTesseract/SwiftyTesseract/jpeg-9c/x86_64-apple-darwin ; \
	/Applications/Xcode.app/Contents/Developer/usr/bin/make -sj8 && /Applications/Xcode.app/Contents/Developer/usr/bin/make install
  CC       jaricom.lo
  CC       jcapimin.lo
  CC       jcapistd.lo
  CC       jcarith.lo
  CC       jccoefct.lo
  CC       jccolor.lo
  CC       jcdctmgr.lo
  CC       jchuff.lo
  CC       jcinit.lo
  CC       jcmainct.lo
  CC       jcmarker.lo
  CC       jcmaster.lo
  CC       jcomapi.lo
  CC       jcparam.lo
  CC       jcprepct.lo
  CC       jcsample.lo
  CC       jctrans.lo
  CC       jdapimin.lo
  CC       jdapistd.lo
  CC       jdarith.lo
  CC       jdatadst.lo
  CC       jdatasrc.lo
  CC       jdcoefct.lo
  CC       jdcolor.lo
  CC       jddctmgr.lo
  CC       jdhuff.lo
  CC       jdinput.lo
  CC       jdmainct.lo
  CC       jdmarker.lo
  CC       jdmaster.lo
  CC       jdmerge.lo
  CC       jdpostct.lo
  CC       jdsample.lo
  CC       jdtrans.lo
  CC       jerror.lo
  CC       jfdctflt.lo
  CC       jfdctfst.lo
  CC       jfdctint.lo
  CC       jidctflt.lo
  CC       jidctfst.lo
  CC       jidctint.lo
  CC       jquant1.lo
  CC       jquant2.lo
  CC       jutils.lo
  CC       jmemmgr.lo
  CC       jmemnobs.lo
  CC       cjpeg.o
  CC       rdppm.o
  CC       rdgif.o
  CC       rdtarga.o
  CC       rdrle.o
  CC       rdbmp.o
  CC       rdswitch.o
  CC       cdjpeg.o
  CC       djpeg.o
  CC       wrppm.o
  CC       wrgif.o
  CC       wrtarga.o
  CC       wrrle.o
  CC       wrbmp.o
  CC       rdcolmap.o
  CC       jpegtran.o
  CC       transupp.o
  CC       rdjpgcom.o
  CC       wrjpgcom.o
  CCLD     rdjpgcom
  CCLD     wrjpgcom
  CCLD     libjpeg.la
  CCLD     cjpeg
  CCLD     djpeg
  CCLD     jpegtran
 .././install-sh -c -d '/Users/zyoung/dev/SwiftyTesseract/SwiftyTesseract/SwiftyTesseract/jpeg-9c/x86_64-apple-darwin/lib'
 /bin/sh ./libtool   --mode=install /usr/bin/install -c   libjpeg.la '/Users/zyoung/dev/SwiftyTesseract/SwiftyTesseract/SwiftyTesseract/jpeg-9c/x86_64-apple-darwin/lib'
libtool: install: /usr/bin/install -c .libs/libjpeg.lai /Users/zyoung/dev/SwiftyTesseract/SwiftyTesseract/SwiftyTesseract/jpeg-9c/x86_64-apple-darwin/lib/libjpeg.la
libtool: install: /usr/bin/install -c .libs/libjpeg.a /Users/zyoung/dev/SwiftyTesseract/SwiftyTesseract/SwiftyTesseract/jpeg-9c/x86_64-apple-darwin/lib/libjpeg.a
libtool: install: chmod 644 /Users/zyoung/dev/SwiftyTesseract/SwiftyTesseract/SwiftyTesseract/jpeg-9c/x86_64-apple-darwin/lib/libjpeg.a
libtool: install: ranlib /Users/zyoung/dev/SwiftyTesseract/SwiftyTesseract/SwiftyTesseract/jpeg-9c/x86_64-apple-darwin/lib/libjpeg.a
 .././install-sh -c -d '/Users/zyoung/dev/SwiftyTesseract/SwiftyTesseract/SwiftyTesseract/jpeg-9c/x86_64-apple-darwin/bin'
  /bin/sh ./libtool   --mode=install /usr/bin/install -c cjpeg djpeg jpegtran rdjpgcom wrjpgcom '/Users/zyoung/dev/SwiftyTesseract/SwiftyTesseract/SwiftyTesseract/jpeg-9c/x86_64-apple-darwin/bin'
libtool: install: /usr/bin/install -c cjpeg /Users/zyoung/dev/SwiftyTesseract/SwiftyTesseract/SwiftyTesseract/jpeg-9c/x86_64-apple-darwin/bin/cjpeg
libtool: install: /usr/bin/install -c djpeg /Users/zyoung/dev/SwiftyTesseract/SwiftyTesseract/SwiftyTesseract/jpeg-9c/x86_64-apple-darwin/bin/djpeg
libtool: install: /usr/bin/install -c jpegtran /Users/zyoung/dev/SwiftyTesseract/SwiftyTesseract/SwiftyTesseract/jpeg-9c/x86_64-apple-darwin/bin/jpegtran
libtool: install: /usr/bin/install -c rdjpgcom /Users/zyoung/dev/SwiftyTesseract/SwiftyTesseract/SwiftyTesseract/jpeg-9c/x86_64-apple-darwin/bin/rdjpgcom
libtool: install: /usr/bin/install -c wrjpgcom /Users/zyoung/dev/SwiftyTesseract/SwiftyTesseract/SwiftyTesseract/jpeg-9c/x86_64-apple-darwin/bin/wrjpgcom
/bin/sh /Users/zyoung/dev/SwiftyTesseract/SwiftyTesseract/SwiftyTesseract/jpeg-9c/install-sh -d /Users/zyoung/dev/SwiftyTesseract/SwiftyTesseract/SwiftyTesseract/jpeg-9c/x86_64-apple-darwin/include
/usr/bin/install -c -m 644 jconfig.h /Users/zyoung/dev/SwiftyTesseract/SwiftyTesseract/SwiftyTesseract/jpeg-9c/x86_64-apple-darwin/include/jconfig.h
 .././install-sh -c -d '/Users/zyoung/dev/SwiftyTesseract/SwiftyTesseract/SwiftyTesseract/jpeg-9c/x86_64-apple-darwin/include'
 /usr/bin/install -c -m 644 ../jerror.h ../jmorecfg.h ../jpeglib.h '/Users/zyoung/dev/SwiftyTesseract/SwiftyTesseract/SwiftyTesseract/jpeg-9c/x86_64-apple-darwin/include'
 .././install-sh -c -d '/Users/zyoung/dev/SwiftyTesseract/SwiftyTesseract/SwiftyTesseract/jpeg-9c/x86_64-apple-darwin/share/man/man1'
 /usr/bin/install -c -m 644 ../cjpeg.1 ../djpeg.1 ../jpegtran.1 ../rdjpgcom.1 ../wrjpgcom.1 '/Users/zyoung/dev/SwiftyTesseract/SwiftyTesseract/SwiftyTesseract/jpeg-9c/x86_64-apple-darwin/share/man/man1'
 .././install-sh -c -d '/Users/zyoung/dev/SwiftyTesseract/SwiftyTesseract/SwiftyTesseract/jpeg-9c/x86_64-apple-darwin/lib/pkgconfig'
 /usr/bin/install -c -m 644 libjpeg.pc '/Users/zyoung/dev/SwiftyTesseract/SwiftyTesseract/SwiftyTesseract/jpeg-9c/x86_64-apple-darwin/lib/pkgconfig'
mkdir -p /Users/zyoung/dev/SwiftyTesseract/SwiftyTesseract/SwiftyTesseract/ios/lib
xcrun lipo /Users/zyoung/dev/SwiftyTesseract/SwiftyTesseract/SwiftyTesseract/jpeg-9c/arm-apple-darwin64/lib/libjpeg.a /Users/zyoung/dev/SwiftyTesseract/SwiftyTesseract/SwiftyTesseract/jpeg-9c/x86_64-apple-darwin/lib/libjpeg.a -create -output /Users/zyoung/dev/SwiftyTesseract/SwiftyTesseract/SwiftyTesseract/ios/lib/libjpeg.a
mkdir -p /Users/zyoung/dev/SwiftyTesseract/SwiftyTesseract/SwiftyTesseract/ios/dependencies/include
cp -rvf /Users/zyoung/dev/SwiftyTesseract/SwiftyTesseract/SwiftyTesseract/jpeg-9c/arm-apple-darwin64/include/*.h /Users/zyoung/dev/SwiftyTesseract/SwiftyTesseract/SwiftyTesseract/ios/dependencies/include
/Users/zyoung/dev/SwiftyTesseract/SwiftyTesseract/SwiftyTesseract/jpeg-9c/arm-apple-darwin64/include/jconfig.h -> /Users/zyoung/dev/SwiftyTesseract/SwiftyTesseract/SwiftyTesseract/ios/dependencies/include/jconfig.h
/Users/zyoung/dev/SwiftyTesseract/SwiftyTesseract/SwiftyTesseract/jpeg-9c/arm-apple-darwin64/include/jerror.h -> /Users/zyoung/dev/SwiftyTesseract/SwiftyTesseract/SwiftyTesseract/ios/dependencies/include/jerror.h
/Users/zyoung/dev/SwiftyTesseract/SwiftyTesseract/SwiftyTesseract/jpeg-9c/arm-apple-darwin64/include/jmorecfg.h -> /Users/zyoung/dev/SwiftyTesseract/SwiftyTesseract/SwiftyTesseract/ios/dependencies/include/jmorecfg.h
/Users/zyoung/dev/SwiftyTesseract/SwiftyTesseract/SwiftyTesseract/jpeg-9c/arm-apple-darwin64/include/jpeglib.h -> /Users/zyoung/dev/SwiftyTesseract/SwiftyTesseract/SwiftyTesseract/ios/dependencies/include/jpeglib.h
curl http://download.osgeo.org/libtiff/tiff-4.0.10.tar.gz | tar -xpf-
  % Total    % Received % Xferd  Average Speed   Time    Time     Time  Current
                                 Dload  Upload   Total   Spent    Left  Speed
  0     0    0     0    0     0      0      0 --:--:-- --:--:-- --:--:--     0 15 2346k   15  368k    0     0  1560k      0  0:00:01 --:--:--  0:00:01 1554k 88 2346k   88 2070k    0     0  1674k      0  0:00:01  0:00:01 --:--:-- 1672k100 2346k  100 2346k    0     0  1390k      0  0:00:01  0:00:01 --:--:-- 1389k
export SDKROOT="/Applications/Xcode.app/Contents/Developer/Platforms/iPhoneOS.platform/Developer/SDKs/iPhoneOS13.4.sdk" ; \
	export CFLAGS="-arch arm64 -pipe -no-cpp-precomp -isysroot $SDKROOT -miphoneos-version-min="11.0" -O2 -fembed-bitcode" ; \
	export CPPFLAGS=$CFLAGS ; \
	export CXXFLAGS="$CFLAGS -Wno-deprecated-register"; \
	export LDFLAGS="-L$SDKROOT/usr/lib/" ; \
	mkdir -p /Users/zyoung/dev/SwiftyTesseract/SwiftyTesseract/SwiftyTesseract/tiff-4.0.10/arm-apple-darwin64 ; \
	cd /Users/zyoung/dev/SwiftyTesseract/SwiftyTesseract/SwiftyTesseract/tiff-4.0.10/arm-apple-darwin64 ; \
	../configure CXX="""`xcode-select -p`"/usr/bin/g++" --target=arm-apple-darwin64" CC="""`xcode-select -p`"/usr/bin/gcc" --target=arm-apple-darwin64" --host=arm-apple-darwin64 --enable-fast-install --enable-shared=no --prefix=`pwd` --without-x --with-jpeg-include-dir=/Users/zyoung/dev/SwiftyTesseract/SwiftyTesseract/SwiftyTesseract/jpeg-9c/arm-apple-darwin64/include --with-jpeg-lib-dir=/Users/zyoung/dev/SwiftyTesseract/SwiftyTesseract/SwiftyTesseract/jpeg-9c/arm-apple-darwin64/lib
checking build system type... x86_64-apple-darwin19.4.0
checking host system type... arm-apple-darwin64
checking for a BSD-compatible install... /usr/bin/install -c
checking whether build environment is sane... yes
checking for arm-apple-darwin64-strip... no
checking for strip... strip
checking for a thread-safe mkdir -p... ../config/install-sh -c -d
checking for gawk... no
checking for mawk... no
checking for nawk... no
checking for awk... awk
checking whether make sets $(MAKE)... yes
checking whether make supports nested variables... yes
checking how to create a pax tar archive... gnutar
checking whether to enable maintainer-specific portions of Makefiles... no
checking for arm-apple-darwin64-gcc... /Applications/Xcode.app/Contents/Developer/usr/bin/gcc --target=arm-apple-darwin64
checking whether the C compiler works... yes
checking for C compiler default output file name... a.out
checking for suffix of executables... 
checking whether we are cross compiling... yes
checking for suffix of object files... o
checking whether we are using the GNU C compiler... yes
checking whether /Applications/Xcode.app/Contents/Developer/usr/bin/gcc --target=arm-apple-darwin64 accepts -g... yes
checking for /Applications/Xcode.app/Contents/Developer/usr/bin/gcc --target=arm-apple-darwin64 option to accept ISO C89... none needed
checking whether /Applications/Xcode.app/Contents/Developer/usr/bin/gcc --target=arm-apple-darwin64 understands -c and -o together... yes
checking whether make supports the include directive... yes (GNU style)
checking dependency style of /Applications/Xcode.app/Contents/Developer/usr/bin/gcc --target=arm-apple-darwin64... gcc3
checking for C compiler warning flags... -Wall -W
checking whether ln -s works... yes
checking for cmake... no
checking how to print strings... printf
checking for a sed that does not truncate output... /usr/bin/sed
checking for grep that handles long lines and -e... /usr/bin/grep
checking for egrep... /usr/bin/grep -E
checking for fgrep... /usr/bin/grep -F
checking for ld used by /Applications/Xcode.app/Contents/Developer/usr/bin/gcc --target=arm-apple-darwin64... /Applications/Xcode.app/Contents/Developer/Toolchains/XcodeDefault.xctoolchain/usr/bin/ld
checking if the linker (/Applications/Xcode.app/Contents/Developer/Toolchains/XcodeDefault.xctoolchain/usr/bin/ld) is GNU ld... no
checking for BSD- or MS-compatible name lister (nm)... no
checking for arm-apple-darwin64-dumpbin... no
checking for arm-apple-darwin64-link... no
checking for dumpbin... no
checking for link... link -dump
configure: WARNING: using cross tools not prefixed with host triplet
checking the name lister (nm) interface... BSD nm
checking the maximum length of command line arguments... 196608
checking how to convert x86_64-apple-darwin19.4.0 file names to arm-apple-darwin64 format... func_convert_file_noop
checking how to convert x86_64-apple-darwin19.4.0 file names to toolchain format... func_convert_file_noop
checking for /Applications/Xcode.app/Contents/Developer/Toolchains/XcodeDefault.xctoolchain/usr/bin/ld option to reload object files... -r
checking for arm-apple-darwin64-objdump... no
checking for objdump... objdump
checking how to recognize dependent libraries... pass_all
checking for arm-apple-darwin64-dlltool... no
checking for dlltool... no
checking how to associate runtime and link libraries... printf %s\n
checking for arm-apple-darwin64-ar... no
checking for ar... ar
checking for archiver @FILE support... no
checking for arm-apple-darwin64-strip... strip
checking for arm-apple-darwin64-ranlib... no
checking for ranlib... ranlib
checking command to parse nm output from /Applications/Xcode.app/Contents/Developer/usr/bin/gcc --target=arm-apple-darwin64 object... ok
checking for sysroot... no
checking for a working dd... /bin/dd
checking how to truncate binary pipes... /bin/dd bs=4096 count=1
checking for arm-apple-darwin64-mt... no
checking for mt... no
checking if : is a manifest tool... no
checking for arm-apple-darwin64-dsymutil... no
checking for dsymutil... dsymutil
checking for arm-apple-darwin64-nmedit... no
checking for nmedit... nmedit
checking for arm-apple-darwin64-lipo... no
checking for lipo... lipo
checking for arm-apple-darwin64-otool... no
checking for otool... otool
checking for arm-apple-darwin64-otool64... no
checking for otool64... no
checking for -single_module linker flag... yes
checking for -exported_symbols_list linker flag... yes
checking for -force_load linker flag... yes
checking how to run the C preprocessor... /Applications/Xcode.app/Contents/Developer/usr/bin/gcc --target=arm-apple-darwin64 -E
checking for ANSI C header files... yes
checking for sys/types.h... yes
checking for sys/stat.h... yes
checking for stdlib.h... yes
checking for string.h... yes
checking for memory.h... yes
checking for strings.h... yes
checking for inttypes.h... yes
checking for stdint.h... yes
checking for unistd.h... yes
checking for dlfcn.h... yes
checking for objdir... .libs
checking if /Applications/Xcode.app/Contents/Developer/usr/bin/gcc --target=arm-apple-darwin64 supports -fno-rtti -fno-exceptions... yes
checking for /Applications/Xcode.app/Contents/Developer/usr/bin/gcc --target=arm-apple-darwin64 option to produce PIC... -fno-common -DPIC
checking if /Applications/Xcode.app/Contents/Developer/usr/bin/gcc --target=arm-apple-darwin64 PIC flag -fno-common -DPIC works... yes
checking if /Applications/Xcode.app/Contents/Developer/usr/bin/gcc --target=arm-apple-darwin64 static flag -static works... no
checking if /Applications/Xcode.app/Contents/Developer/usr/bin/gcc --target=arm-apple-darwin64 supports -c -o file.o... yes
checking if /Applications/Xcode.app/Contents/Developer/usr/bin/gcc --target=arm-apple-darwin64 supports -c -o file.o... (cached) yes
checking whether the /Applications/Xcode.app/Contents/Developer/usr/bin/gcc --target=arm-apple-darwin64 linker (/Applications/Xcode.app/Contents/Developer/Toolchains/XcodeDefault.xctoolchain/usr/bin/ld) supports shared libraries... yes
checking dynamic linker characteristics... darwin64 dyld
checking how to hardcode library paths into programs... immediate
checking whether stripping libraries is possible... yes
checking if libtool supports shared libraries... yes
checking whether to build shared libraries... no
checking whether to build static libraries... yes
checking whether we are using the GNU C++ compiler... yes
checking whether /Applications/Xcode.app/Contents/Developer/usr/bin/g++ --target=arm-apple-darwin64 accepts -g... yes
checking dependency style of /Applications/Xcode.app/Contents/Developer/usr/bin/g++ --target=arm-apple-darwin64... gcc3
checking how to run the C++ preprocessor... /Applications/Xcode.app/Contents/Developer/usr/bin/g++ --target=arm-apple-darwin64 -E
checking for ld used by /Applications/Xcode.app/Contents/Developer/usr/bin/g++ --target=arm-apple-darwin64... /Applications/Xcode.app/Contents/Developer/Toolchains/XcodeDefault.xctoolchain/usr/bin/ld
checking if the linker (/Applications/Xcode.app/Contents/Developer/Toolchains/XcodeDefault.xctoolchain/usr/bin/ld) is GNU ld... no
checking whether the /Applications/Xcode.app/Contents/Developer/usr/bin/g++ --target=arm-apple-darwin64 linker (/Applications/Xcode.app/Contents/Developer/Toolchains/XcodeDefault.xctoolchain/usr/bin/ld) supports shared libraries... yes
checking for /Applications/Xcode.app/Contents/Developer/usr/bin/g++ --target=arm-apple-darwin64 option to produce PIC... -fno-common -DPIC
checking if /Applications/Xcode.app/Contents/Developer/usr/bin/g++ --target=arm-apple-darwin64 PIC flag -fno-common -DPIC works... yes
checking if /Applications/Xcode.app/Contents/Developer/usr/bin/g++ --target=arm-apple-darwin64 static flag -static works... no
checking if /Applications/Xcode.app/Contents/Developer/usr/bin/g++ --target=arm-apple-darwin64 supports -c -o file.o... yes
checking if /Applications/Xcode.app/Contents/Developer/usr/bin/g++ --target=arm-apple-darwin64 supports -c -o file.o... (cached) yes
checking whether the /Applications/Xcode.app/Contents/Developer/usr/bin/g++ --target=arm-apple-darwin64 linker (/Applications/Xcode.app/Contents/Developer/Toolchains/XcodeDefault.xctoolchain/usr/bin/ld) supports shared libraries... yes
checking dynamic linker characteristics... darwin64 dyld
checking how to hardcode library paths into programs... immediate
checking whether make supports nested variables... (cached) yes
checking assert.h usability... yes
checking assert.h presence... yes
checking for assert.h... yes
checking fcntl.h usability... yes
checking fcntl.h presence... yes
checking for fcntl.h... yes
checking io.h usability... no
checking io.h presence... no
checking for io.h... no
checking search.h usability... yes
checking search.h presence... yes
checking for search.h... yes
checking for unistd.h... (cached) yes
checking for an ANSI C-conforming const... yes
checking for inline... inline
checking whether byte ordering is bigendian... no
checking for off_t... yes
checking for size_t... yes
checking whether time.h and sys/time.h may both be included... yes
checking whether struct tm is in sys/time.h or time.h... time.h
checking for _LARGEFILE_SOURCE value needed for large files... no
checking whether optarg is declared... yes
checking size of signed int... 4
checking size of unsigned int... 4
checking size of signed long... 8
checking size of unsigned long... 8
checking size of signed long long... 8
checking size of unsigned long long... 8
checking size of unsigned char *... 8
checking size of size_t... 8
checking for signed 8-bit type... signed char
checking for unsigned 8-bit type... unsigned char
checking for signed 16-bit type... signed short
checking for unsigned 16-bit type... unsigned short
checking for signed 32-bit type... signed int
checking for unsigned 32-bit type... unsigned int
checking for signed 64-bit type... signed long
checking for unsigned 64-bit type... unsigned long
checking for 'size_t' format specifier... "%lu"
checking for signed size type... signed long
checking for ptrdiff_t... yes
checking for pointer difference type... ptrdiff_t
checking for mmap... yes
checking for setmode... yes
checking for snprintf... yes
checking for getopt... yes
checking for snprintf... (cached) yes
checking for strcasecmp... yes
checking for strtol... yes
checking for strtoll... yes
checking for strtoul... yes
checking for strtoull... yes
checking for lfind... yes
checking native cpu bit order... msb2lsb
checking for special C compiler options needed for large files... no
checking for _FILE_OFFSET_BITS value needed for large files... no
checking for inflateEnd in -lz... yes
checking zlib.h usability... yes
checking zlib.h presence... yes
checking for zlib.h... yes
checking for jpeg_read_scanlines in -ljpeg... yes
checking jpeglib.h usability... yes
checking jpeglib.h presence... yes
checking for jpeglib.h... yes
checking for jbg_dec_init in -ljbig... no
checking jbig.h usability... no
checking jbig.h presence... no
checking for jbig.h... no
checking for lzma_code in -llzma... yes
checking lzma.h usability... no
checking lzma.h presence... no
checking for lzma.h... no
checking for ZSTD_decompressStream in -lzstd... no
checking zstd.h usability... no
checking zstd.h presence... no
checking for zstd.h... no
checking for WebPDecode in -lwebp... no
checking webp/decode.h usability... no
checking webp/decode.h presence... no
checking for webp/decode.h... no
checking for X... disabled
checking whether pthreads work with -pthread... yes
checking for joinable pthread attribute... PTHREAD_CREATE_JOINABLE
checking if more special flags are required for pthreads... -D_THREAD_SAFE
checking whether we are using the Microsoft C compiler... no
checking GL/gl.h usability... no
checking GL/gl.h presence... no
checking for GL/gl.h... no
checking OpenGL/gl.h usability... no
checking OpenGL/gl.h presence... no
checking for OpenGL/gl.h... no
checking windows.h usability... no
checking windows.h presence... no
checking for windows.h... no
checking for OpenGL library... no
checking GL/glu.h usability... no
checking GL/glu.h presence... no
checking for GL/glu.h... no
checking OpenGL/glu.h usability... no
checking OpenGL/glu.h presence... no
checking for OpenGL/glu.h... no
checking for OpenGL Utility library... no
checking GL/glut.h usability... no
checking GL/glut.h presence... no
checking for GL/glut.h... no
checking GLUT/glut.h usability... no
checking GLUT/glut.h presence... no
checking for GLUT/glut.h... no
checking for GLUT library... no
checking that generated files are newer than configure... done
configure: creating ./config.status
config.status: creating Makefile
config.status: creating build/Makefile
config.status: creating contrib/Makefile
config.status: creating contrib/addtiffo/Makefile
config.status: creating contrib/dbs/Makefile
config.status: creating contrib/dbs/xtiff/Makefile
config.status: creating contrib/iptcutil/Makefile
config.status: creating contrib/mfs/Makefile
config.status: creating contrib/pds/Makefile
config.status: creating contrib/ras/Makefile
config.status: creating contrib/stream/Makefile
config.status: creating contrib/tags/Makefile
config.status: creating contrib/win_dib/Makefile
config.status: creating html/Makefile
config.status: creating html/images/Makefile
config.status: creating html/man/Makefile
config.status: creating libtiff-4.pc
config.status: creating libtiff/Makefile
config.status: creating man/Makefile
config.status: creating port/Makefile
config.status: creating test/Makefile
config.status: creating tools/Makefile
config.status: creating libtiff/tif_config.h
config.status: creating libtiff/tiffconf.h
config.status: executing depfiles commands
config.status: executing libtool commands

Libtiff is now configured for arm-apple-darwin64

  Installation directory:             /Users/zyoung/dev/SwiftyTesseract/SwiftyTesseract/SwiftyTesseract/tiff-4.0.10/arm-apple-darwin64
  Documentation directory:            ${prefix}/share/doc/tiff-4.0.10
  C compiler:                         /Applications/Xcode.app/Contents/Developer/usr/bin/gcc --target=arm-apple-darwin64 -arch arm64 -pipe -no-cpp-precomp -isysroot /Applications/Xcode.app/Contents/Developer/Platforms/iPhoneOS.platform/Developer/SDKs/iPhoneOS13.4.sdk -miphoneos-version-min=11.0 -O2 -fembed-bitcode -Wall -W
  C++ compiler:                       /Applications/Xcode.app/Contents/Developer/usr/bin/g++ --target=arm-apple-darwin64 -arch arm64 -pipe -no-cpp-precomp -isysroot /Applications/Xcode.app/Contents/Developer/Platforms/iPhoneOS.platform/Developer/SDKs/iPhoneOS13.4.sdk -miphoneos-version-min=11.0 -O2 -fembed-bitcode -Wno-deprecated-register
  Enable runtime linker paths:        no
  Enable linker symbol versioning:    no
  Support Microsoft Document Imaging: yes
  Use win32 IO:                       no

 Support for internal codecs:
  CCITT Group 3 & 4 algorithms:       yes
  Macintosh PackBits algorithm:       yes
  LZW algorithm:                      yes
  ThunderScan 4-bit RLE algorithm:    yes
  NeXT 2-bit RLE algorithm:           yes
  LogLuv high dynamic range encoding: yes

 Support for external codecs:
  ZLIB support:                       yes
  Pixar log-format algorithm:         yes
  JPEG support:                       yes
  Old JPEG support:                   yes
  JPEG 8/12 bit dual mode:            no
  ISO JBIG support:                   no
  LZMA2 support:                      no
  ZSTD support:                       no
  WEBP support:                       no

  C++ support:                        yes

  OpenGL support:                     no

export SDKROOT="/Applications/Xcode.app/Contents/Developer/Platforms/iPhoneSimulator.platform/Developer/SDKs/iPhoneSimulator13.4.sdk" ; \
	export CFLAGS="-arch x86_64 -pipe -no-cpp-precomp -isysroot $SDKROOT -mios-simulator-version-min="11.0" -O2 -fembed-bitcode" ; \
	export CPPFLAGS=$CFLAGS ; \
	export CXXFLAGS="$CFLAGS -Wno-deprecated-register"; \
	export LDFLAGS="-L$SDKROOT/usr/lib/" ; \
	mkdir -p /Users/zyoung/dev/SwiftyTesseract/SwiftyTesseract/SwiftyTesseract/tiff-4.0.10/x86_64-apple-darwin ; \
	cd /Users/zyoung/dev/SwiftyTesseract/SwiftyTesseract/SwiftyTesseract/tiff-4.0.10/x86_64-apple-darwin ; \
	../configure CXX="""`xcode-select -p`"/usr/bin/g++" --target=x86_64-apple-darwin" CC="""`xcode-select -p`"/usr/bin/gcc" --target=x86_64-apple-darwin" --host=x86_64-apple-darwin --enable-fast-install --enable-shared=no --prefix=`pwd` --without-x --with-jpeg-include-dir=/Users/zyoung/dev/SwiftyTesseract/SwiftyTesseract/SwiftyTesseract/jpeg-9c/x86_64-apple-darwin/include --with-jpeg-lib-dir=/Users/zyoung/dev/SwiftyTesseract/SwiftyTesseract/SwiftyTesseract/jpeg-9c/x86_64-apple-darwin/lib
checking build system type... x86_64-apple-darwin19.4.0
checking host system type... x86_64-apple-darwin
checking for a BSD-compatible install... /usr/bin/install -c
checking whether build environment is sane... yes
checking for x86_64-apple-darwin-strip... no
checking for strip... strip
checking for a thread-safe mkdir -p... ../config/install-sh -c -d
checking for gawk... no
checking for mawk... no
checking for nawk... no
checking for awk... awk
checking whether make sets $(MAKE)... yes
checking whether make supports nested variables... yes
checking how to create a pax tar archive... gnutar
checking whether to enable maintainer-specific portions of Makefiles... no
checking for x86_64-apple-darwin-gcc... /Applications/Xcode.app/Contents/Developer/usr/bin/gcc --target=x86_64-apple-darwin
checking whether the C compiler works... yes
checking for C compiler default output file name... a.out
checking for suffix of executables... 
checking whether we are cross compiling... yes
checking for suffix of object files... o
checking whether we are using the GNU C compiler... yes
checking whether /Applications/Xcode.app/Contents/Developer/usr/bin/gcc --target=x86_64-apple-darwin accepts -g... yes
checking for /Applications/Xcode.app/Contents/Developer/usr/bin/gcc --target=x86_64-apple-darwin option to accept ISO C89... none needed
checking whether /Applications/Xcode.app/Contents/Developer/usr/bin/gcc --target=x86_64-apple-darwin understands -c and -o together... yes
checking whether make supports the include directive... yes (GNU style)
checking dependency style of /Applications/Xcode.app/Contents/Developer/usr/bin/gcc --target=x86_64-apple-darwin... gcc3
checking for C compiler warning flags... -Wall -W
checking whether ln -s works... yes
checking for cmake... no
checking how to print strings... printf
checking for a sed that does not truncate output... /usr/bin/sed
checking for grep that handles long lines and -e... /usr/bin/grep
checking for egrep... /usr/bin/grep -E
checking for fgrep... /usr/bin/grep -F
checking for ld used by /Applications/Xcode.app/Contents/Developer/usr/bin/gcc --target=x86_64-apple-darwin... /Applications/Xcode.app/Contents/Developer/Toolchains/XcodeDefault.xctoolchain/usr/bin/ld
checking if the linker (/Applications/Xcode.app/Contents/Developer/Toolchains/XcodeDefault.xctoolchain/usr/bin/ld) is GNU ld... no
checking for BSD- or MS-compatible name lister (nm)... no
checking for x86_64-apple-darwin-dumpbin... no
checking for x86_64-apple-darwin-link... no
checking for dumpbin... no
checking for link... link -dump
configure: WARNING: using cross tools not prefixed with host triplet
checking the name lister (nm) interface... BSD nm
checking the maximum length of command line arguments... 196608
checking how to convert x86_64-apple-darwin19.4.0 file names to x86_64-apple-darwin format... func_convert_file_noop
checking how to convert x86_64-apple-darwin19.4.0 file names to toolchain format... func_convert_file_noop
checking for /Applications/Xcode.app/Contents/Developer/Toolchains/XcodeDefault.xctoolchain/usr/bin/ld option to reload object files... -r
checking for x86_64-apple-darwin-objdump... no
checking for objdump... objdump
checking how to recognize dependent libraries... pass_all
checking for x86_64-apple-darwin-dlltool... no
checking for dlltool... no
checking how to associate runtime and link libraries... printf %s\n
checking for x86_64-apple-darwin-ar... no
checking for ar... ar
checking for archiver @FILE support... no
checking for x86_64-apple-darwin-strip... strip
checking for x86_64-apple-darwin-ranlib... no
checking for ranlib... ranlib
checking command to parse nm output from /Applications/Xcode.app/Contents/Developer/usr/bin/gcc --target=x86_64-apple-darwin object... ok
checking for sysroot... no
checking for a working dd... /bin/dd
checking how to truncate binary pipes... /bin/dd bs=4096 count=1
checking for x86_64-apple-darwin-mt... no
checking for mt... no
checking if : is a manifest tool... no
checking for x86_64-apple-darwin-dsymutil... no
checking for dsymutil... dsymutil
checking for x86_64-apple-darwin-nmedit... no
checking for nmedit... nmedit
checking for x86_64-apple-darwin-lipo... no
checking for lipo... lipo
checking for x86_64-apple-darwin-otool... no
checking for otool... otool
checking for x86_64-apple-darwin-otool64... no
checking for otool64... no
checking for -single_module linker flag... yes
checking for -exported_symbols_list linker flag... yes
checking for -force_load linker flag... yes
checking how to run the C preprocessor... /Applications/Xcode.app/Contents/Developer/usr/bin/gcc --target=x86_64-apple-darwin -E
checking for ANSI C header files... yes
checking for sys/types.h... yes
checking for sys/stat.h... yes
checking for stdlib.h... yes
checking for string.h... yes
checking for memory.h... yes
checking for strings.h... yes
checking for inttypes.h... yes
checking for stdint.h... yes
checking for unistd.h... yes
checking for dlfcn.h... yes
checking for objdir... .libs
checking if /Applications/Xcode.app/Contents/Developer/usr/bin/gcc --target=x86_64-apple-darwin supports -fno-rtti -fno-exceptions... yes
checking for /Applications/Xcode.app/Contents/Developer/usr/bin/gcc --target=x86_64-apple-darwin option to produce PIC... -fno-common -DPIC
checking if /Applications/Xcode.app/Contents/Developer/usr/bin/gcc --target=x86_64-apple-darwin PIC flag -fno-common -DPIC works... yes
checking if /Applications/Xcode.app/Contents/Developer/usr/bin/gcc --target=x86_64-apple-darwin static flag -static works... no
checking if /Applications/Xcode.app/Contents/Developer/usr/bin/gcc --target=x86_64-apple-darwin supports -c -o file.o... yes
checking if /Applications/Xcode.app/Contents/Developer/usr/bin/gcc --target=x86_64-apple-darwin supports -c -o file.o... (cached) yes
checking whether the /Applications/Xcode.app/Contents/Developer/usr/bin/gcc --target=x86_64-apple-darwin linker (/Applications/Xcode.app/Contents/Developer/Toolchains/XcodeDefault.xctoolchain/usr/bin/ld) supports shared libraries... yes
checking dynamic linker characteristics... darwin dyld
checking how to hardcode library paths into programs... immediate
checking whether stripping libraries is possible... yes
checking if libtool supports shared libraries... yes
checking whether to build shared libraries... no
checking whether to build static libraries... yes
checking whether we are using the GNU C++ compiler... yes
checking whether /Applications/Xcode.app/Contents/Developer/usr/bin/g++ --target=x86_64-apple-darwin accepts -g... yes
checking dependency style of /Applications/Xcode.app/Contents/Developer/usr/bin/g++ --target=x86_64-apple-darwin... gcc3
checking how to run the C++ preprocessor... /Applications/Xcode.app/Contents/Developer/usr/bin/g++ --target=x86_64-apple-darwin -E
checking for ld used by /Applications/Xcode.app/Contents/Developer/usr/bin/g++ --target=x86_64-apple-darwin... /Applications/Xcode.app/Contents/Developer/Toolchains/XcodeDefault.xctoolchain/usr/bin/ld
checking if the linker (/Applications/Xcode.app/Contents/Developer/Toolchains/XcodeDefault.xctoolchain/usr/bin/ld) is GNU ld... no
checking whether the /Applications/Xcode.app/Contents/Developer/usr/bin/g++ --target=x86_64-apple-darwin linker (/Applications/Xcode.app/Contents/Developer/Toolchains/XcodeDefault.xctoolchain/usr/bin/ld) supports shared libraries... yes
checking for /Applications/Xcode.app/Contents/Developer/usr/bin/g++ --target=x86_64-apple-darwin option to produce PIC... -fno-common -DPIC
checking if /Applications/Xcode.app/Contents/Developer/usr/bin/g++ --target=x86_64-apple-darwin PIC flag -fno-common -DPIC works... yes
checking if /Applications/Xcode.app/Contents/Developer/usr/bin/g++ --target=x86_64-apple-darwin static flag -static works... no
checking if /Applications/Xcode.app/Contents/Developer/usr/bin/g++ --target=x86_64-apple-darwin supports -c -o file.o... yes
checking if /Applications/Xcode.app/Contents/Developer/usr/bin/g++ --target=x86_64-apple-darwin supports -c -o file.o... (cached) yes
checking whether the /Applications/Xcode.app/Contents/Developer/usr/bin/g++ --target=x86_64-apple-darwin linker (/Applications/Xcode.app/Contents/Developer/Toolchains/XcodeDefault.xctoolchain/usr/bin/ld) supports shared libraries... yes
checking dynamic linker characteristics... darwin dyld
checking how to hardcode library paths into programs... immediate
checking whether make supports nested variables... (cached) yes
checking assert.h usability... yes
checking assert.h presence... yes
checking for assert.h... yes
checking fcntl.h usability... yes
checking fcntl.h presence... yes
checking for fcntl.h... yes
checking io.h usability... no
checking io.h presence... no
checking for io.h... no
checking search.h usability... yes
checking search.h presence... yes
checking for search.h... yes
checking for unistd.h... (cached) yes
checking for an ANSI C-conforming const... yes
checking for inline... inline
checking whether byte ordering is bigendian... no
checking for off_t... yes
checking for size_t... yes
checking whether time.h and sys/time.h may both be included... yes
checking whether struct tm is in sys/time.h or time.h... time.h
checking for _LARGEFILE_SOURCE value needed for large files... no
checking whether optarg is declared... yes
checking size of signed int... 4
checking size of unsigned int... 4
checking size of signed long... 8
checking size of unsigned long... 8
checking size of signed long long... 8
checking size of unsigned long long... 8
checking size of unsigned char *... 8
checking size of size_t... 8
checking for signed 8-bit type... signed char
checking for unsigned 8-bit type... unsigned char
checking for signed 16-bit type... signed short
checking for unsigned 16-bit type... unsigned short
checking for signed 32-bit type... signed int
checking for unsigned 32-bit type... unsigned int
checking for signed 64-bit type... signed long
checking for unsigned 64-bit type... unsigned long
checking for 'size_t' format specifier... "%lu"
checking for signed size type... signed long
checking for ptrdiff_t... yes
checking for pointer difference type... ptrdiff_t
checking for mmap... yes
checking for setmode... yes
checking for snprintf... yes
checking for getopt... yes
checking for snprintf... (cached) yes
checking for strcasecmp... yes
checking for strtol... yes
checking for strtoll... yes
checking for strtoul... yes
checking for strtoull... yes
checking for lfind... yes
checking native cpu bit order... lsb2msb
checking for special C compiler options needed for large files... no
checking for _FILE_OFFSET_BITS value needed for large files... no
checking for inflateEnd in -lz... yes
checking zlib.h usability... yes
checking zlib.h presence... yes
checking for zlib.h... yes
checking for jpeg_read_scanlines in -ljpeg... yes
checking jpeglib.h usability... yes
checking jpeglib.h presence... yes
checking for jpeglib.h... yes
checking for jbg_dec_init in -ljbig... no
checking jbig.h usability... no
checking jbig.h presence... no
checking for jbig.h... no
checking for lzma_code in -llzma... yes
checking lzma.h usability... no
checking lzma.h presence... no
checking for lzma.h... no
checking for ZSTD_decompressStream in -lzstd... no
checking zstd.h usability... no
checking zstd.h presence... no
checking for zstd.h... no
checking for WebPDecode in -lwebp... no
checking webp/decode.h usability... no
checking webp/decode.h presence... no
checking for webp/decode.h... no
checking for X... disabled
checking whether pthreads work with -pthread... yes
checking for joinable pthread attribute... PTHREAD_CREATE_JOINABLE
checking if more special flags are required for pthreads... -D_THREAD_SAFE
checking whether we are using the Microsoft C compiler... no
checking GL/gl.h usability... no
checking GL/gl.h presence... no
checking for GL/gl.h... no
checking OpenGL/gl.h usability... no
checking OpenGL/gl.h presence... no
checking for OpenGL/gl.h... no
checking windows.h usability... no
checking windows.h presence... no
checking for windows.h... no
checking for OpenGL library... no
checking GL/glu.h usability... no
checking GL/glu.h presence... no
checking for GL/glu.h... no
checking OpenGL/glu.h usability... no
checking OpenGL/glu.h presence... no
checking for OpenGL/glu.h... no
checking for OpenGL Utility library... no
checking GL/glut.h usability... no
checking GL/glut.h presence... no
checking for GL/glut.h... no
checking GLUT/glut.h usability... no
checking GLUT/glut.h presence... no
checking for GLUT/glut.h... no
checking for GLUT library... no
checking that generated files are newer than configure... done
configure: creating ./config.status
config.status: creating Makefile
config.status: creating build/Makefile
config.status: creating contrib/Makefile
config.status: creating contrib/addtiffo/Makefile
config.status: creating contrib/dbs/Makefile
config.status: creating contrib/dbs/xtiff/Makefile
config.status: creating contrib/iptcutil/Makefile
config.status: creating contrib/mfs/Makefile
config.status: creating contrib/pds/Makefile
config.status: creating contrib/ras/Makefile
config.status: creating contrib/stream/Makefile
config.status: creating contrib/tags/Makefile
config.status: creating contrib/win_dib/Makefile
config.status: creating html/Makefile
config.status: creating html/images/Makefile
config.status: creating html/man/Makefile
config.status: creating libtiff-4.pc
config.status: creating libtiff/Makefile
config.status: creating man/Makefile
config.status: creating port/Makefile
config.status: creating test/Makefile
config.status: creating tools/Makefile
config.status: creating libtiff/tif_config.h
config.status: creating libtiff/tiffconf.h
config.status: executing depfiles commands
config.status: executing libtool commands

Libtiff is now configured for x86_64-apple-darwin

  Installation directory:             /Users/zyoung/dev/SwiftyTesseract/SwiftyTesseract/SwiftyTesseract/tiff-4.0.10/x86_64-apple-darwin
  Documentation directory:            ${prefix}/share/doc/tiff-4.0.10
  C compiler:                         /Applications/Xcode.app/Contents/Developer/usr/bin/gcc --target=x86_64-apple-darwin -arch x86_64 -pipe -no-cpp-precomp -isysroot /Applications/Xcode.app/Contents/Developer/Platforms/iPhoneSimulator.platform/Developer/SDKs/iPhoneSimulator13.4.sdk -mios-simulator-version-min=11.0 -O2 -fembed-bitcode -Wall -W
  C++ compiler:                       /Applications/Xcode.app/Contents/Developer/usr/bin/g++ --target=x86_64-apple-darwin -arch x86_64 -pipe -no-cpp-precomp -isysroot /Applications/Xcode.app/Contents/Developer/Platforms/iPhoneSimulator.platform/Developer/SDKs/iPhoneSimulator13.4.sdk -mios-simulator-version-min=11.0 -O2 -fembed-bitcode -Wno-deprecated-register
  Enable runtime linker paths:        no
  Enable linker symbol versioning:    no
  Support Microsoft Document Imaging: yes
  Use win32 IO:                       no

 Support for internal codecs:
  CCITT Group 3 & 4 algorithms:       yes
  Macintosh PackBits algorithm:       yes
  LZW algorithm:                      yes
  ThunderScan 4-bit RLE algorithm:    yes
  NeXT 2-bit RLE algorithm:           yes
  LogLuv high dynamic range encoding: yes

 Support for external codecs:
  ZLIB support:                       yes
  Pixar log-format algorithm:         yes
  JPEG support:                       yes
  Old JPEG support:                   yes
  JPEG 8/12 bit dual mode:            no
  ISO JBIG support:                   no
  LZMA2 support:                      no
  ZSTD support:                       no
  WEBP support:                       no

  C++ support:                        yes

  OpenGL support:                     no

cd /Users/zyoung/dev/SwiftyTesseract/SwiftyTesseract/SwiftyTesseract/tiff-4.0.10/arm-apple-darwin64 ; \
	/Applications/Xcode.app/Contents/Developer/usr/bin/make -sj8 && /Applications/Xcode.app/Contents/Developer/usr/bin/make install
Making all in port
libtool: compile:  /Applications/Xcode.app/Contents/Developer/usr/bin/gcc --target=arm-apple-darwin64 -DHAVE_CONFIG_H -I. -I../../port -I../libtiff -I/Users/zyoung/dev/SwiftyTesseract/SwiftyTesseract/SwiftyTesseract/jpeg-9c/arm-apple-darwin64/include -arch arm64 -pipe -no-cpp-precomp -isysroot /Applications/Xcode.app/Contents/Developer/Platforms/iPhoneOS.platform/Developer/SDKs/iPhoneOS13.4.sdk -miphoneos-version-min=11.0 -O2 -fembed-bitcode -arch arm64 -pipe -no-cpp-precomp -isysroot /Applications/Xcode.app/Contents/Developer/Platforms/iPhoneOS.platform/Developer/SDKs/iPhoneOS13.4.sdk -miphoneos-version-min=11.0 -O2 -fembed-bitcode -Wall -W -MT dummy.lo -MD -MP -MF .deps/dummy.Tpo -c ../../port/dummy.c -o dummy.o
libtool: link: ar cru .libs/libport.a  dummy.o
libtool: link: ranlib .libs/libport.a
libtool: link: ( cd ".libs" && rm -f "libport.la" && ln -s "../libport.la" "libport.la" )
Making all in libtiff
libtool: compile:  /Applications/Xcode.app/Contents/Developer/usr/bin/gcc --target=arm-apple-darwin64 -DHAVE_CONFIG_H -I. -I../../libtiff -I/Users/zyoung/dev/SwiftyTesseract/SwiftyTesseract/SwiftyTesseract/jpeg-9c/arm-apple-darwin64/include -arch arm64 -pipe -no-cpp-precomp -isysroot /Applications/Xcode.app/Contents/Developer/Platforms/iPhoneOS.platform/Developer/SDKs/iPhoneOS13.4.sdk -miphoneos-version-min=11.0 -O2 -fembed-bitcode -arch arm64 -pipe -no-cpp-precomp -isysroot /Applications/Xcode.app/Contents/Developer/Platforms/iPhoneOS.platform/Developer/SDKs/iPhoneOS13.4.sdk -miphoneos-version-min=11.0 -O2 -fembed-bitcode -Wall -W -MT tif_aux.lo -MD -MP -MF .deps/tif_aux.Tpo -c ../../libtiff/tif_aux.c -o tif_aux.o
libtool: compile:  /Applications/Xcode.app/Contents/Developer/usr/bin/gcc --target=arm-apple-darwin64 -DHAVE_CONFIG_H -I. -I../../libtiff -I/Users/zyoung/dev/SwiftyTesseract/SwiftyTesseract/SwiftyTesseract/jpeg-9c/arm-apple-darwin64/include -arch arm64 -pipe -no-cpp-precomp -isysroot /Applications/Xcode.app/Contents/Developer/Platforms/iPhoneOS.platform/Developer/SDKs/iPhoneOS13.4.sdk -miphoneos-version-min=11.0 -O2 -fembed-bitcode -arch arm64 -pipe -no-cpp-precomp -isysroot /Applications/Xcode.app/Contents/Developer/Platforms/iPhoneOS.platform/Developer/SDKs/iPhoneOS13.4.sdk -miphoneos-version-min=11.0 -O2 -fembed-bitcode -Wall -W -MT tif_codec.lo -MD -MP -MF .deps/tif_codec.Tpo -c ../../libtiff/tif_codec.c -o tif_codec.o
libtool: compile:  /Applications/Xcode.app/Contents/Developer/usr/bin/gcc --target=arm-apple-darwin64 -DHAVE_CONFIG_H -I. -I../../libtiff -I/Users/zyoung/dev/SwiftyTesseract/SwiftyTesseract/SwiftyTesseract/jpeg-9c/arm-apple-darwin64/include -arch arm64 -pipe -no-cpp-precomp -isysroot /Applications/Xcode.app/Contents/Developer/Platforms/iPhoneOS.platform/Developer/SDKs/iPhoneOS13.4.sdk -miphoneos-version-min=11.0 -O2 -fembed-bitcode -arch arm64 -pipe -no-cpp-precomp -isysroot /Applications/Xcode.app/Contents/Developer/Platforms/iPhoneOS.platform/Developer/SDKs/iPhoneOS13.4.sdk -miphoneos-version-min=11.0 -O2 -fembed-bitcode -Wall -W -MT tif_close.lo -MD -MP -MF .deps/tif_close.Tpo -c ../../libtiff/tif_close.c -o tif_close.o
libtool: compile:  /Applications/Xcode.app/Contents/Developer/usr/bin/gcc --target=arm-apple-darwin64 -DHAVE_CONFIG_H -I. -I../../libtiff -I/Users/zyoung/dev/SwiftyTesseract/SwiftyTesseract/SwiftyTesseract/jpeg-9c/arm-apple-darwin64/include -arch arm64 -pipe -no-cpp-precomp -isysroot /Applications/Xcode.app/Contents/Developer/Platforms/iPhoneOS.platform/Developer/SDKs/iPhoneOS13.4.sdk -miphoneos-version-min=11.0 -O2 -fembed-bitcode -arch arm64 -pipe -no-cpp-precomp -isysroot /Applications/Xcode.app/Contents/Developer/Platforms/iPhoneOS.platform/Developer/SDKs/iPhoneOS13.4.sdk -miphoneos-version-min=11.0 -O2 -fembed-bitcode -Wall -W -MT tif_dir.lo -MD -MP -MF .deps/tif_dir.Tpo -c ../../libtiff/tif_dir.c -o tif_dir.o
libtool: compile:  /Applications/Xcode.app/Contents/Developer/usr/bin/gcc --target=arm-apple-darwin64 -DHAVE_CONFIG_H -I. -I../../libtiff -I/Users/zyoung/dev/SwiftyTesseract/SwiftyTesseract/SwiftyTesseract/jpeg-9c/arm-apple-darwin64/include -arch arm64 -pipe -no-cpp-precomp -isysroot /Applications/Xcode.app/Contents/Developer/Platforms/iPhoneOS.platform/Developer/SDKs/iPhoneOS13.4.sdk -miphoneos-version-min=11.0 -O2 -fembed-bitcode -arch arm64 -pipe -no-cpp-precomp -isysroot /Applications/Xcode.app/Contents/Developer/Platforms/iPhoneOS.platform/Developer/SDKs/iPhoneOS13.4.sdk -miphoneos-version-min=11.0 -O2 -fembed-bitcode -Wall -W -MT tif_dirinfo.lo -MD -MP -MF .deps/tif_dirinfo.Tpo -c ../../libtiff/tif_dirinfo.c -o tif_dirinfo.o
libtool: compile:  /Applications/Xcode.app/Contents/Developer/usr/bin/gcc --target=arm-apple-darwin64 -DHAVE_CONFIG_H -I. -I../../libtiff -I/Users/zyoung/dev/SwiftyTesseract/SwiftyTesseract/SwiftyTesseract/jpeg-9c/arm-apple-darwin64/include -arch arm64 -pipe -no-cpp-precomp -isysroot /Applications/Xcode.app/Contents/Developer/Platforms/iPhoneOS.platform/Developer/SDKs/iPhoneOS13.4.sdk -miphoneos-version-min=11.0 -O2 -fembed-bitcode -arch arm64 -pipe -no-cpp-precomp -isysroot /Applications/Xcode.app/Contents/Developer/Platforms/iPhoneOS.platform/Developer/SDKs/iPhoneOS13.4.sdk -miphoneos-version-min=11.0 -O2 -fembed-bitcode -Wall -W -MT tif_color.lo -MD -MP -MF .deps/tif_color.Tpo -c ../../libtiff/tif_color.c -o tif_color.o
libtool: compile:  /Applications/Xcode.app/Contents/Developer/usr/bin/gcc --target=arm-apple-darwin64 -DHAVE_CONFIG_H -I. -I../../libtiff -I/Users/zyoung/dev/SwiftyTesseract/SwiftyTesseract/SwiftyTesseract/jpeg-9c/arm-apple-darwin64/include -arch arm64 -pipe -no-cpp-precomp -isysroot /Applications/Xcode.app/Contents/Developer/Platforms/iPhoneOS.platform/Developer/SDKs/iPhoneOS13.4.sdk -miphoneos-version-min=11.0 -O2 -fembed-bitcode -arch arm64 -pipe -no-cpp-precomp -isysroot /Applications/Xcode.app/Contents/Developer/Platforms/iPhoneOS.platform/Developer/SDKs/iPhoneOS13.4.sdk -miphoneos-version-min=11.0 -O2 -fembed-bitcode -Wall -W -MT tif_compress.lo -MD -MP -MF .deps/tif_compress.Tpo -c ../../libtiff/tif_compress.c -o tif_compress.o
libtool: compile:  /Applications/Xcode.app/Contents/Developer/usr/bin/gcc --target=arm-apple-darwin64 -DHAVE_CONFIG_H -I. -I../../libtiff -I/Users/zyoung/dev/SwiftyTesseract/SwiftyTesseract/SwiftyTesseract/jpeg-9c/arm-apple-darwin64/include -arch arm64 -pipe -no-cpp-precomp -isysroot /Applications/Xcode.app/Contents/Developer/Platforms/iPhoneOS.platform/Developer/SDKs/iPhoneOS13.4.sdk -miphoneos-version-min=11.0 -O2 -fembed-bitcode -arch arm64 -pipe -no-cpp-precomp -isysroot /Applications/Xcode.app/Contents/Developer/Platforms/iPhoneOS.platform/Developer/SDKs/iPhoneOS13.4.sdk -miphoneos-version-min=11.0 -O2 -fembed-bitcode -Wall -W -MT tif_dirread.lo -MD -MP -MF .deps/tif_dirread.Tpo -c ../../libtiff/tif_dirread.c -o tif_dirread.o
libtool: compile:  /Applications/Xcode.app/Contents/Developer/usr/bin/gcc --target=arm-apple-darwin64 -DHAVE_CONFIG_H -I. -I../../libtiff -I/Users/zyoung/dev/SwiftyTesseract/SwiftyTesseract/SwiftyTesseract/jpeg-9c/arm-apple-darwin64/include -arch arm64 -pipe -no-cpp-precomp -isysroot /Applications/Xcode.app/Contents/Developer/Platforms/iPhoneOS.platform/Developer/SDKs/iPhoneOS13.4.sdk -miphoneos-version-min=11.0 -O2 -fembed-bitcode -arch arm64 -pipe -no-cpp-precomp -isysroot /Applications/Xcode.app/Contents/Developer/Platforms/iPhoneOS.platform/Developer/SDKs/iPhoneOS13.4.sdk -miphoneos-version-min=11.0 -O2 -fembed-bitcode -Wall -W -MT tif_dirwrite.lo -MD -MP -MF .deps/tif_dirwrite.Tpo -c ../../libtiff/tif_dirwrite.c -o tif_dirwrite.o
libtool: compile:  /Applications/Xcode.app/Contents/Developer/usr/bin/gcc --target=arm-apple-darwin64 -DHAVE_CONFIG_H -I. -I../../libtiff -I/Users/zyoung/dev/SwiftyTesseract/SwiftyTesseract/SwiftyTesseract/jpeg-9c/arm-apple-darwin64/include -arch arm64 -pipe -no-cpp-precomp -isysroot /Applications/Xcode.app/Contents/Developer/Platforms/iPhoneOS.platform/Developer/SDKs/iPhoneOS13.4.sdk -miphoneos-version-min=11.0 -O2 -fembed-bitcode -arch arm64 -pipe -no-cpp-precomp -isysroot /Applications/Xcode.app/Contents/Developer/Platforms/iPhoneOS.platform/Developer/SDKs/iPhoneOS13.4.sdk -miphoneos-version-min=11.0 -O2 -fembed-bitcode -Wall -W -MT tif_dumpmode.lo -MD -MP -MF .deps/tif_dumpmode.Tpo -c ../../libtiff/tif_dumpmode.c -o tif_dumpmode.o
libtool: compile:  /Applications/Xcode.app/Contents/Developer/usr/bin/gcc --target=arm-apple-darwin64 -DHAVE_CONFIG_H -I. -I../../libtiff -I/Users/zyoung/dev/SwiftyTesseract/SwiftyTesseract/SwiftyTesseract/jpeg-9c/arm-apple-darwin64/include -arch arm64 -pipe -no-cpp-precomp -isysroot /Applications/Xcode.app/Contents/Developer/Platforms/iPhoneOS.platform/Developer/SDKs/iPhoneOS13.4.sdk -miphoneos-version-min=11.0 -O2 -fembed-bitcode -arch arm64 -pipe -no-cpp-precomp -isysroot /Applications/Xcode.app/Contents/Developer/Platforms/iPhoneOS.platform/Developer/SDKs/iPhoneOS13.4.sdk -miphoneos-version-min=11.0 -O2 -fembed-bitcode -Wall -W -MT tif_error.lo -MD -MP -MF .deps/tif_error.Tpo -c ../../libtiff/tif_error.c -o tif_error.o
libtool: compile:  /Applications/Xcode.app/Contents/Developer/usr/bin/gcc --target=arm-apple-darwin64 -DHAVE_CONFIG_H -I. -I../../libtiff -I/Users/zyoung/dev/SwiftyTesseract/SwiftyTesseract/SwiftyTesseract/jpeg-9c/arm-apple-darwin64/include -arch arm64 -pipe -no-cpp-precomp -isysroot /Applications/Xcode.app/Contents/Developer/Platforms/iPhoneOS.platform/Developer/SDKs/iPhoneOS13.4.sdk -miphoneos-version-min=11.0 -O2 -fembed-bitcode -arch arm64 -pipe -no-cpp-precomp -isysroot /Applications/Xcode.app/Contents/Developer/Platforms/iPhoneOS.platform/Developer/SDKs/iPhoneOS13.4.sdk -miphoneos-version-min=11.0 -O2 -fembed-bitcode -Wall -W -MT tif_extension.lo -MD -MP -MF .deps/tif_extension.Tpo -c ../../libtiff/tif_extension.c -o tif_extension.o
libtool: compile:  /Applications/Xcode.app/Contents/Developer/usr/bin/gcc --target=arm-apple-darwin64 -DHAVE_CONFIG_H -I. -I../../libtiff -I/Users/zyoung/dev/SwiftyTesseract/SwiftyTesseract/SwiftyTesseract/jpeg-9c/arm-apple-darwin64/include -arch arm64 -pipe -no-cpp-precomp -isysroot /Applications/Xcode.app/Contents/Developer/Platforms/iPhoneOS.platform/Developer/SDKs/iPhoneOS13.4.sdk -miphoneos-version-min=11.0 -O2 -fembed-bitcode -arch arm64 -pipe -no-cpp-precomp -isysroot /Applications/Xcode.app/Contents/Developer/Platforms/iPhoneOS.platform/Developer/SDKs/iPhoneOS13.4.sdk -miphoneos-version-min=11.0 -O2 -fembed-bitcode -Wall -W -MT tif_fax3.lo -MD -MP -MF .deps/tif_fax3.Tpo -c ../../libtiff/tif_fax3.c -o tif_fax3.o
libtool: compile:  /Applications/Xcode.app/Contents/Developer/usr/bin/gcc --target=arm-apple-darwin64 -DHAVE_CONFIG_H -I. -I../../libtiff -I/Users/zyoung/dev/SwiftyTesseract/SwiftyTesseract/SwiftyTesseract/jpeg-9c/arm-apple-darwin64/include -arch arm64 -pipe -no-cpp-precomp -isysroot /Applications/Xcode.app/Contents/Developer/Platforms/iPhoneOS.platform/Developer/SDKs/iPhoneOS13.4.sdk -miphoneos-version-min=11.0 -O2 -fembed-bitcode -arch arm64 -pipe -no-cpp-precomp -isysroot /Applications/Xcode.app/Contents/Developer/Platforms/iPhoneOS.platform/Developer/SDKs/iPhoneOS13.4.sdk -miphoneos-version-min=11.0 -O2 -fembed-bitcode -Wall -W -MT tif_fax3sm.lo -MD -MP -MF .deps/tif_fax3sm.Tpo -c ../../libtiff/tif_fax3sm.c -o tif_fax3sm.o
libtool: compile:  /Applications/Xcode.app/Contents/Developer/usr/bin/gcc --target=arm-apple-darwin64 -DHAVE_CONFIG_H -I. -I../../libtiff -I/Users/zyoung/dev/SwiftyTesseract/SwiftyTesseract/SwiftyTesseract/jpeg-9c/arm-apple-darwin64/include -arch arm64 -pipe -no-cpp-precomp -isysroot /Applications/Xcode.app/Contents/Developer/Platforms/iPhoneOS.platform/Developer/SDKs/iPhoneOS13.4.sdk -miphoneos-version-min=11.0 -O2 -fembed-bitcode -arch arm64 -pipe -no-cpp-precomp -isysroot /Applications/Xcode.app/Contents/Developer/Platforms/iPhoneOS.platform/Developer/SDKs/iPhoneOS13.4.sdk -miphoneos-version-min=11.0 -O2 -fembed-bitcode -Wall -W -MT tif_flush.lo -MD -MP -MF .deps/tif_flush.Tpo -c ../../libtiff/tif_flush.c -o tif_flush.o
libtool: compile:  /Applications/Xcode.app/Contents/Developer/usr/bin/gcc --target=arm-apple-darwin64 -DHAVE_CONFIG_H -I. -I../../libtiff -I/Users/zyoung/dev/SwiftyTesseract/SwiftyTesseract/SwiftyTesseract/jpeg-9c/arm-apple-darwin64/include -arch arm64 -pipe -no-cpp-precomp -isysroot /Applications/Xcode.app/Contents/Developer/Platforms/iPhoneOS.platform/Developer/SDKs/iPhoneOS13.4.sdk -miphoneos-version-min=11.0 -O2 -fembed-bitcode -arch arm64 -pipe -no-cpp-precomp -isysroot /Applications/Xcode.app/Contents/Developer/Platforms/iPhoneOS.platform/Developer/SDKs/iPhoneOS13.4.sdk -miphoneos-version-min=11.0 -O2 -fembed-bitcode -Wall -W -MT tif_jbig.lo -MD -MP -MF .deps/tif_jbig.Tpo -c ../../libtiff/tif_jbig.c -o tif_jbig.o
libtool: compile:  /Applications/Xcode.app/Contents/Developer/usr/bin/gcc --target=arm-apple-darwin64 -DHAVE_CONFIG_H -I. -I../../libtiff -I/Users/zyoung/dev/SwiftyTesseract/SwiftyTesseract/SwiftyTesseract/jpeg-9c/arm-apple-darwin64/include -arch arm64 -pipe -no-cpp-precomp -isysroot /Applications/Xcode.app/Contents/Developer/Platforms/iPhoneOS.platform/Developer/SDKs/iPhoneOS13.4.sdk -miphoneos-version-min=11.0 -O2 -fembed-bitcode -arch arm64 -pipe -no-cpp-precomp -isysroot /Applications/Xcode.app/Contents/Developer/Platforms/iPhoneOS.platform/Developer/SDKs/iPhoneOS13.4.sdk -miphoneos-version-min=11.0 -O2 -fembed-bitcode -Wall -W -MT tif_getimage.lo -MD -MP -MF .deps/tif_getimage.Tpo -c ../../libtiff/tif_getimage.c -o tif_getimage.o
libtool: compile:  /Applications/Xcode.app/Contents/Developer/usr/bin/gcc --target=arm-apple-darwin64 -DHAVE_CONFIG_H -I. -I../../libtiff -I/Users/zyoung/dev/SwiftyTesseract/SwiftyTesseract/SwiftyTesseract/jpeg-9c/arm-apple-darwin64/include -arch arm64 -pipe -no-cpp-precomp -isysroot /Applications/Xcode.app/Contents/Developer/Platforms/iPhoneOS.platform/Developer/SDKs/iPhoneOS13.4.sdk -miphoneos-version-min=11.0 -O2 -fembed-bitcode -arch arm64 -pipe -no-cpp-precomp -isysroot /Applications/Xcode.app/Contents/Developer/Platforms/iPhoneOS.platform/Developer/SDKs/iPhoneOS13.4.sdk -miphoneos-version-min=11.0 -O2 -fembed-bitcode -Wall -W -MT tif_jpeg.lo -MD -MP -MF .deps/tif_jpeg.Tpo -c ../../libtiff/tif_jpeg.c -o tif_jpeg.o
libtool: compile:  /Applications/Xcode.app/Contents/Developer/usr/bin/gcc --target=arm-apple-darwin64 -DHAVE_CONFIG_H -I. -I../../libtiff -I/Users/zyoung/dev/SwiftyTesseract/SwiftyTesseract/SwiftyTesseract/jpeg-9c/arm-apple-darwin64/include -arch arm64 -pipe -no-cpp-precomp -isysroot /Applications/Xcode.app/Contents/Developer/Platforms/iPhoneOS.platform/Developer/SDKs/iPhoneOS13.4.sdk -miphoneos-version-min=11.0 -O2 -fembed-bitcode -arch arm64 -pipe -no-cpp-precomp -isysroot /Applications/Xcode.app/Contents/Developer/Platforms/iPhoneOS.platform/Developer/SDKs/iPhoneOS13.4.sdk -miphoneos-version-min=11.0 -O2 -fembed-bitcode -Wall -W -MT tif_jpeg_12.lo -MD -MP -MF .deps/tif_jpeg_12.Tpo -c ../../libtiff/tif_jpeg_12.c -o tif_jpeg_12.o
libtool: compile:  /Applications/Xcode.app/Contents/Developer/usr/bin/gcc --target=arm-apple-darwin64 -DHAVE_CONFIG_H -I. -I../../libtiff -I/Users/zyoung/dev/SwiftyTesseract/SwiftyTesseract/SwiftyTesseract/jpeg-9c/arm-apple-darwin64/include -arch arm64 -pipe -no-cpp-precomp -isysroot /Applications/Xcode.app/Contents/Developer/Platforms/iPhoneOS.platform/Developer/SDKs/iPhoneOS13.4.sdk -miphoneos-version-min=11.0 -O2 -fembed-bitcode -arch arm64 -pipe -no-cpp-precomp -isysroot /Applications/Xcode.app/Contents/Developer/Platforms/iPhoneOS.platform/Developer/SDKs/iPhoneOS13.4.sdk -miphoneos-version-min=11.0 -O2 -fembed-bitcode -Wall -W -MT tif_luv.lo -MD -MP -MF .deps/tif_luv.Tpo -c ../../libtiff/tif_luv.c -o tif_luv.o
libtool: compile:  /Applications/Xcode.app/Contents/Developer/usr/bin/gcc --target=arm-apple-darwin64 -DHAVE_CONFIG_H -I. -I../../libtiff -I/Users/zyoung/dev/SwiftyTesseract/SwiftyTesseract/SwiftyTesseract/jpeg-9c/arm-apple-darwin64/include -arch arm64 -pipe -no-cpp-precomp -isysroot /Applications/Xcode.app/Contents/Developer/Platforms/iPhoneOS.platform/Developer/SDKs/iPhoneOS13.4.sdk -miphoneos-version-min=11.0 -O2 -fembed-bitcode -arch arm64 -pipe -no-cpp-precomp -isysroot /Applications/Xcode.app/Contents/Developer/Platforms/iPhoneOS.platform/Developer/SDKs/iPhoneOS13.4.sdk -miphoneos-version-min=11.0 -O2 -fembed-bitcode -Wall -W -MT tif_lzma.lo -MD -MP -MF .deps/tif_lzma.Tpo -c ../../libtiff/tif_lzma.c -o tif_lzma.o
libtool: compile:  /Applications/Xcode.app/Contents/Developer/usr/bin/gcc --target=arm-apple-darwin64 -DHAVE_CONFIG_H -I. -I../../libtiff -I/Users/zyoung/dev/SwiftyTesseract/SwiftyTesseract/SwiftyTesseract/jpeg-9c/arm-apple-darwin64/include -arch arm64 -pipe -no-cpp-precomp -isysroot /Applications/Xcode.app/Contents/Developer/Platforms/iPhoneOS.platform/Developer/SDKs/iPhoneOS13.4.sdk -miphoneos-version-min=11.0 -O2 -fembed-bitcode -arch arm64 -pipe -no-cpp-precomp -isysroot /Applications/Xcode.app/Contents/Developer/Platforms/iPhoneOS.platform/Developer/SDKs/iPhoneOS13.4.sdk -miphoneos-version-min=11.0 -O2 -fembed-bitcode -Wall -W -MT tif_lzw.lo -MD -MP -MF .deps/tif_lzw.Tpo -c ../../libtiff/tif_lzw.c -o tif_lzw.o
libtool: compile:  /Applications/Xcode.app/Contents/Developer/usr/bin/gcc --target=arm-apple-darwin64 -DHAVE_CONFIG_H -I. -I../../libtiff -I/Users/zyoung/dev/SwiftyTesseract/SwiftyTesseract/SwiftyTesseract/jpeg-9c/arm-apple-darwin64/include -arch arm64 -pipe -no-cpp-precomp -isysroot /Applications/Xcode.app/Contents/Developer/Platforms/iPhoneOS.platform/Developer/SDKs/iPhoneOS13.4.sdk -miphoneos-version-min=11.0 -O2 -fembed-bitcode -arch arm64 -pipe -no-cpp-precomp -isysroot /Applications/Xcode.app/Contents/Developer/Platforms/iPhoneOS.platform/Developer/SDKs/iPhoneOS13.4.sdk -miphoneos-version-min=11.0 -O2 -fembed-bitcode -Wall -W -MT tif_next.lo -MD -MP -MF .deps/tif_next.Tpo -c ../../libtiff/tif_next.c -o tif_next.o
libtool: compile:  /Applications/Xcode.app/Contents/Developer/usr/bin/gcc --target=arm-apple-darwin64 -DHAVE_CONFIG_H -I. -I../../libtiff -I/Users/zyoung/dev/SwiftyTesseract/SwiftyTesseract/SwiftyTesseract/jpeg-9c/arm-apple-darwin64/include -arch arm64 -pipe -no-cpp-precomp -isysroot /Applications/Xcode.app/Contents/Developer/Platforms/iPhoneOS.platform/Developer/SDKs/iPhoneOS13.4.sdk -miphoneos-version-min=11.0 -O2 -fembed-bitcode -arch arm64 -pipe -no-cpp-precomp -isysroot /Applications/Xcode.app/Contents/Developer/Platforms/iPhoneOS.platform/Developer/SDKs/iPhoneOS13.4.sdk -miphoneos-version-min=11.0 -O2 -fembed-bitcode -Wall -W -MT tif_ojpeg.lo -MD -MP -MF .deps/tif_ojpeg.Tpo -c ../../libtiff/tif_ojpeg.c -o tif_ojpeg.o
libtool: compile:  /Applications/Xcode.app/Contents/Developer/usr/bin/gcc --target=arm-apple-darwin64 -DHAVE_CONFIG_H -I. -I../../libtiff -I/Users/zyoung/dev/SwiftyTesseract/SwiftyTesseract/SwiftyTesseract/jpeg-9c/arm-apple-darwin64/include -arch arm64 -pipe -no-cpp-precomp -isysroot /Applications/Xcode.app/Contents/Developer/Platforms/iPhoneOS.platform/Developer/SDKs/iPhoneOS13.4.sdk -miphoneos-version-min=11.0 -O2 -fembed-bitcode -arch arm64 -pipe -no-cpp-precomp -isysroot /Applications/Xcode.app/Contents/Developer/Platforms/iPhoneOS.platform/Developer/SDKs/iPhoneOS13.4.sdk -miphoneos-version-min=11.0 -O2 -fembed-bitcode -Wall -W -MT tif_open.lo -MD -MP -MF .deps/tif_open.Tpo -c ../../libtiff/tif_open.c -o tif_open.o
libtool: compile:  /Applications/Xcode.app/Contents/Developer/usr/bin/gcc --target=arm-apple-darwin64 -DHAVE_CONFIG_H -I. -I../../libtiff -I/Users/zyoung/dev/SwiftyTesseract/SwiftyTesseract/SwiftyTesseract/jpeg-9c/arm-apple-darwin64/include -arch arm64 -pipe -no-cpp-precomp -isysroot /Applications/Xcode.app/Contents/Developer/Platforms/iPhoneOS.platform/Developer/SDKs/iPhoneOS13.4.sdk -miphoneos-version-min=11.0 -O2 -fembed-bitcode -arch arm64 -pipe -no-cpp-precomp -isysroot /Applications/Xcode.app/Contents/Developer/Platforms/iPhoneOS.platform/Developer/SDKs/iPhoneOS13.4.sdk -miphoneos-version-min=11.0 -O2 -fembed-bitcode -Wall -W -MT tif_packbits.lo -MD -MP -MF .deps/tif_packbits.Tpo -c ../../libtiff/tif_packbits.c -o tif_packbits.o
libtool: compile:  /Applications/Xcode.app/Contents/Developer/usr/bin/gcc --target=arm-apple-darwin64 -DHAVE_CONFIG_H -I. -I../../libtiff -I/Users/zyoung/dev/SwiftyTesseract/SwiftyTesseract/SwiftyTesseract/jpeg-9c/arm-apple-darwin64/include -arch arm64 -pipe -no-cpp-precomp -isysroot /Applications/Xcode.app/Contents/Developer/Platforms/iPhoneOS.platform/Developer/SDKs/iPhoneOS13.4.sdk -miphoneos-version-min=11.0 -O2 -fembed-bitcode -arch arm64 -pipe -no-cpp-precomp -isysroot /Applications/Xcode.app/Contents/Developer/Platforms/iPhoneOS.platform/Developer/SDKs/iPhoneOS13.4.sdk -miphoneos-version-min=11.0 -O2 -fembed-bitcode -Wall -W -MT tif_pixarlog.lo -MD -MP -MF .deps/tif_pixarlog.Tpo -c ../../libtiff/tif_pixarlog.c -o tif_pixarlog.o
libtool: compile:  /Applications/Xcode.app/Contents/Developer/usr/bin/gcc --target=arm-apple-darwin64 -DHAVE_CONFIG_H -I. -I../../libtiff -I/Users/zyoung/dev/SwiftyTesseract/SwiftyTesseract/SwiftyTesseract/jpeg-9c/arm-apple-darwin64/include -arch arm64 -pipe -no-cpp-precomp -isysroot /Applications/Xcode.app/Contents/Developer/Platforms/iPhoneOS.platform/Developer/SDKs/iPhoneOS13.4.sdk -miphoneos-version-min=11.0 -O2 -fembed-bitcode -arch arm64 -pipe -no-cpp-precomp -isysroot /Applications/Xcode.app/Contents/Developer/Platforms/iPhoneOS.platform/Developer/SDKs/iPhoneOS13.4.sdk -miphoneos-version-min=11.0 -O2 -fembed-bitcode -Wall -W -MT tif_print.lo -MD -MP -MF .deps/tif_print.Tpo -c ../../libtiff/tif_print.c -o tif_print.o
libtool: compile:  /Applications/Xcode.app/Contents/Developer/usr/bin/gcc --target=arm-apple-darwin64 -DHAVE_CONFIG_H -I. -I../../libtiff -I/Users/zyoung/dev/SwiftyTesseract/SwiftyTesseract/SwiftyTesseract/jpeg-9c/arm-apple-darwin64/include -arch arm64 -pipe -no-cpp-precomp -isysroot /Applications/Xcode.app/Contents/Developer/Platforms/iPhoneOS.platform/Developer/SDKs/iPhoneOS13.4.sdk -miphoneos-version-min=11.0 -O2 -fembed-bitcode -arch arm64 -pipe -no-cpp-precomp -isysroot /Applications/Xcode.app/Contents/Developer/Platforms/iPhoneOS.platform/Developer/SDKs/iPhoneOS13.4.sdk -miphoneos-version-min=11.0 -O2 -fembed-bitcode -Wall -W -MT tif_predict.lo -MD -MP -MF .deps/tif_predict.Tpo -c ../../libtiff/tif_predict.c -o tif_predict.o
libtool: compile:  /Applications/Xcode.app/Contents/Developer/usr/bin/gcc --target=arm-apple-darwin64 -DHAVE_CONFIG_H -I. -I../../libtiff -I/Users/zyoung/dev/SwiftyTesseract/SwiftyTesseract/SwiftyTesseract/jpeg-9c/arm-apple-darwin64/include -arch arm64 -pipe -no-cpp-precomp -isysroot /Applications/Xcode.app/Contents/Developer/Platforms/iPhoneOS.platform/Developer/SDKs/iPhoneOS13.4.sdk -miphoneos-version-min=11.0 -O2 -fembed-bitcode -arch arm64 -pipe -no-cpp-precomp -isysroot /Applications/Xcode.app/Contents/Developer/Platforms/iPhoneOS.platform/Developer/SDKs/iPhoneOS13.4.sdk -miphoneos-version-min=11.0 -O2 -fembed-bitcode -Wall -W -MT tif_strip.lo -MD -MP -MF .deps/tif_strip.Tpo -c ../../libtiff/tif_strip.c -o tif_strip.o
libtool: compile:  /Applications/Xcode.app/Contents/Developer/usr/bin/gcc --target=arm-apple-darwin64 -DHAVE_CONFIG_H -I. -I../../libtiff -I/Users/zyoung/dev/SwiftyTesseract/SwiftyTesseract/SwiftyTesseract/jpeg-9c/arm-apple-darwin64/include -arch arm64 -pipe -no-cpp-precomp -isysroot /Applications/Xcode.app/Contents/Developer/Platforms/iPhoneOS.platform/Developer/SDKs/iPhoneOS13.4.sdk -miphoneos-version-min=11.0 -O2 -fembed-bitcode -arch arm64 -pipe -no-cpp-precomp -isysroot /Applications/Xcode.app/Contents/Developer/Platforms/iPhoneOS.platform/Developer/SDKs/iPhoneOS13.4.sdk -miphoneos-version-min=11.0 -O2 -fembed-bitcode -Wall -W -MT tif_read.lo -MD -MP -MF .deps/tif_read.Tpo -c ../../libtiff/tif_read.c -o tif_read.o
libtool: compile:  /Applications/Xcode.app/Contents/Developer/usr/bin/gcc --target=arm-apple-darwin64 -DHAVE_CONFIG_H -I. -I../../libtiff -I/Users/zyoung/dev/SwiftyTesseract/SwiftyTesseract/SwiftyTesseract/jpeg-9c/arm-apple-darwin64/include -arch arm64 -pipe -no-cpp-precomp -isysroot /Applications/Xcode.app/Contents/Developer/Platforms/iPhoneOS.platform/Developer/SDKs/iPhoneOS13.4.sdk -miphoneos-version-min=11.0 -O2 -fembed-bitcode -arch arm64 -pipe -no-cpp-precomp -isysroot /Applications/Xcode.app/Contents/Developer/Platforms/iPhoneOS.platform/Developer/SDKs/iPhoneOS13.4.sdk -miphoneos-version-min=11.0 -O2 -fembed-bitcode -Wall -W -MT tif_swab.lo -MD -MP -MF .deps/tif_swab.Tpo -c ../../libtiff/tif_swab.c -o tif_swab.o
libtool: compile:  /Applications/Xcode.app/Contents/Developer/usr/bin/gcc --target=arm-apple-darwin64 -DHAVE_CONFIG_H -I. -I../../libtiff -I/Users/zyoung/dev/SwiftyTesseract/SwiftyTesseract/SwiftyTesseract/jpeg-9c/arm-apple-darwin64/include -arch arm64 -pipe -no-cpp-precomp -isysroot /Applications/Xcode.app/Contents/Developer/Platforms/iPhoneOS.platform/Developer/SDKs/iPhoneOS13.4.sdk -miphoneos-version-min=11.0 -O2 -fembed-bitcode -arch arm64 -pipe -no-cpp-precomp -isysroot /Applications/Xcode.app/Contents/Developer/Platforms/iPhoneOS.platform/Developer/SDKs/iPhoneOS13.4.sdk -miphoneos-version-min=11.0 -O2 -fembed-bitcode -Wall -W -MT tif_thunder.lo -MD -MP -MF .deps/tif_thunder.Tpo -c ../../libtiff/tif_thunder.c -o tif_thunder.o
libtool: compile:  /Applications/Xcode.app/Contents/Developer/usr/bin/gcc --target=arm-apple-darwin64 -DHAVE_CONFIG_H -I. -I../../libtiff -I/Users/zyoung/dev/SwiftyTesseract/SwiftyTesseract/SwiftyTesseract/jpeg-9c/arm-apple-darwin64/include -arch arm64 -pipe -no-cpp-precomp -isysroot /Applications/Xcode.app/Contents/Developer/Platforms/iPhoneOS.platform/Developer/SDKs/iPhoneOS13.4.sdk -miphoneos-version-min=11.0 -O2 -fembed-bitcode -arch arm64 -pipe -no-cpp-precomp -isysroot /Applications/Xcode.app/Contents/Developer/Platforms/iPhoneOS.platform/Developer/SDKs/iPhoneOS13.4.sdk -miphoneos-version-min=11.0 -O2 -fembed-bitcode -Wall -W -MT tif_tile.lo -MD -MP -MF .deps/tif_tile.Tpo -c ../../libtiff/tif_tile.c -o tif_tile.o
libtool: compile:  /Applications/Xcode.app/Contents/Developer/usr/bin/gcc --target=arm-apple-darwin64 -DHAVE_CONFIG_H -I. -I../../libtiff -I/Users/zyoung/dev/SwiftyTesseract/SwiftyTesseract/SwiftyTesseract/jpeg-9c/arm-apple-darwin64/include -arch arm64 -pipe -no-cpp-precomp -isysroot /Applications/Xcode.app/Contents/Developer/Platforms/iPhoneOS.platform/Developer/SDKs/iPhoneOS13.4.sdk -miphoneos-version-min=11.0 -O2 -fembed-bitcode -arch arm64 -pipe -no-cpp-precomp -isysroot /Applications/Xcode.app/Contents/Developer/Platforms/iPhoneOS.platform/Developer/SDKs/iPhoneOS13.4.sdk -miphoneos-version-min=11.0 -O2 -fembed-bitcode -Wall -W -MT tif_version.lo -MD -MP -MF .deps/tif_version.Tpo -c ../../libtiff/tif_version.c -o tif_version.o
libtool: compile:  /Applications/Xcode.app/Contents/Developer/usr/bin/gcc --target=arm-apple-darwin64 -DHAVE_CONFIG_H -I. -I../../libtiff -I/Users/zyoung/dev/SwiftyTesseract/SwiftyTesseract/SwiftyTesseract/jpeg-9c/arm-apple-darwin64/include -arch arm64 -pipe -no-cpp-precomp -isysroot /Applications/Xcode.app/Contents/Developer/Platforms/iPhoneOS.platform/Developer/SDKs/iPhoneOS13.4.sdk -miphoneos-version-min=11.0 -O2 -fembed-bitcode -arch arm64 -pipe -no-cpp-precomp -isysroot /Applications/Xcode.app/Contents/Developer/Platforms/iPhoneOS.platform/Developer/SDKs/iPhoneOS13.4.sdk -miphoneos-version-min=11.0 -O2 -fembed-bitcode -Wall -W -MT tif_warning.lo -MD -MP -MF .deps/tif_warning.Tpo -c ../../libtiff/tif_warning.c -o tif_warning.o
libtool: compile:  /Applications/Xcode.app/Contents/Developer/usr/bin/gcc --target=arm-apple-darwin64 -DHAVE_CONFIG_H -I. -I../../libtiff -I/Users/zyoung/dev/SwiftyTesseract/SwiftyTesseract/SwiftyTesseract/jpeg-9c/arm-apple-darwin64/include -arch arm64 -pipe -no-cpp-precomp -isysroot /Applications/Xcode.app/Contents/Developer/Platforms/iPhoneOS.platform/Developer/SDKs/iPhoneOS13.4.sdk -miphoneos-version-min=11.0 -O2 -fembed-bitcode -arch arm64 -pipe -no-cpp-precomp -isysroot /Applications/Xcode.app/Contents/Developer/Platforms/iPhoneOS.platform/Developer/SDKs/iPhoneOS13.4.sdk -miphoneos-version-min=11.0 -O2 -fembed-bitcode -Wall -W -MT tif_webp.lo -MD -MP -MF .deps/tif_webp.Tpo -c ../../libtiff/tif_webp.c -o tif_webp.o
libtool: compile:  /Applications/Xcode.app/Contents/Developer/usr/bin/gcc --target=arm-apple-darwin64 -DHAVE_CONFIG_H -I. -I../../libtiff -I/Users/zyoung/dev/SwiftyTesseract/SwiftyTesseract/SwiftyTesseract/jpeg-9c/arm-apple-darwin64/include -arch arm64 -pipe -no-cpp-precomp -isysroot /Applications/Xcode.app/Contents/Developer/Platforms/iPhoneOS.platform/Developer/SDKs/iPhoneOS13.4.sdk -miphoneos-version-min=11.0 -O2 -fembed-bitcode -arch arm64 -pipe -no-cpp-precomp -isysroot /Applications/Xcode.app/Contents/Developer/Platforms/iPhoneOS.platform/Developer/SDKs/iPhoneOS13.4.sdk -miphoneos-version-min=11.0 -O2 -fembed-bitcode -Wall -W -MT tif_write.lo -MD -MP -MF .deps/tif_write.Tpo -c ../../libtiff/tif_write.c -o tif_write.o
libtool: compile:  /Applications/Xcode.app/Contents/Developer/usr/bin/gcc --target=arm-apple-darwin64 -DHAVE_CONFIG_H -I. -I../../libtiff -I/Users/zyoung/dev/SwiftyTesseract/SwiftyTesseract/SwiftyTesseract/jpeg-9c/arm-apple-darwin64/include -arch arm64 -pipe -no-cpp-precomp -isysroot /Applications/Xcode.app/Contents/Developer/Platforms/iPhoneOS.platform/Developer/SDKs/iPhoneOS13.4.sdk -miphoneos-version-min=11.0 -O2 -fembed-bitcode -arch arm64 -pipe -no-cpp-precomp -isysroot /Applications/Xcode.app/Contents/Developer/Platforms/iPhoneOS.platform/Developer/SDKs/iPhoneOS13.4.sdk -miphoneos-version-min=11.0 -O2 -fembed-bitcode -Wall -W -MT tif_unix.lo -MD -MP -MF .deps/tif_unix.Tpo -c ../../libtiff/tif_unix.c -o tif_unix.o
libtool: compile:  /Applications/Xcode.app/Contents/Developer/usr/bin/gcc --target=arm-apple-darwin64 -DHAVE_CONFIG_H -I. -I../../libtiff -I/Users/zyoung/dev/SwiftyTesseract/SwiftyTesseract/SwiftyTesseract/jpeg-9c/arm-apple-darwin64/include -arch arm64 -pipe -no-cpp-precomp -isysroot /Applications/Xcode.app/Contents/Developer/Platforms/iPhoneOS.platform/Developer/SDKs/iPhoneOS13.4.sdk -miphoneos-version-min=11.0 -O2 -fembed-bitcode -arch arm64 -pipe -no-cpp-precomp -isysroot /Applications/Xcode.app/Contents/Developer/Platforms/iPhoneOS.platform/Developer/SDKs/iPhoneOS13.4.sdk -miphoneos-version-min=11.0 -O2 -fembed-bitcode -Wall -W -MT tif_zip.lo -MD -MP -MF .deps/tif_zip.Tpo -c ../../libtiff/tif_zip.c -o tif_zip.o
libtool: compile:  /Applications/Xcode.app/Contents/Developer/usr/bin/gcc --target=arm-apple-darwin64 -DHAVE_CONFIG_H -I. -I../../libtiff -I/Users/zyoung/dev/SwiftyTesseract/SwiftyTesseract/SwiftyTesseract/jpeg-9c/arm-apple-darwin64/include -arch arm64 -pipe -no-cpp-precomp -isysroot /Applications/Xcode.app/Contents/Developer/Platforms/iPhoneOS.platform/Developer/SDKs/iPhoneOS13.4.sdk -miphoneos-version-min=11.0 -O2 -fembed-bitcode -arch arm64 -pipe -no-cpp-precomp -isysroot /Applications/Xcode.app/Contents/Developer/Platforms/iPhoneOS.platform/Developer/SDKs/iPhoneOS13.4.sdk -miphoneos-version-min=11.0 -O2 -fembed-bitcode -Wall -W -MT tif_zstd.lo -MD -MP -MF .deps/tif_zstd.Tpo -c ../../libtiff/tif_zstd.c -o tif_zstd.o
libtool: compile:  /Applications/Xcode.app/Contents/Developer/usr/bin/g++ --target=arm-apple-darwin64 -DHAVE_CONFIG_H -I. -I../../libtiff -I/Users/zyoung/dev/SwiftyTesseract/SwiftyTesseract/SwiftyTesseract/jpeg-9c/arm-apple-darwin64/include -arch arm64 -pipe -no-cpp-precomp -isysroot /Applications/Xcode.app/Contents/Developer/Platforms/iPhoneOS.platform/Developer/SDKs/iPhoneOS13.4.sdk -miphoneos-version-min=11.0 -O2 -fembed-bitcode -arch arm64 -pipe -no-cpp-precomp -isysroot /Applications/Xcode.app/Contents/Developer/Platforms/iPhoneOS.platform/Developer/SDKs/iPhoneOS13.4.sdk -miphoneos-version-min=11.0 -O2 -fembed-bitcode -Wno-deprecated-register -MT tif_stream.lo -MD -MP -MF .deps/tif_stream.Tpo -c ../../libtiff/tif_stream.cxx -o tif_stream.o
libtool: link: /Applications/Xcode.app/Contents/Developer/usr/bin/gcc --target=arm-apple-darwin64 -arch arm64 -pipe -no-cpp-precomp -isysroot /Applications/Xcode.app/Contents/Developer/Platforms/iPhoneOS.platform/Developer/SDKs/iPhoneOS13.4.sdk -miphoneos-version-min=11.0 -O2 -fembed-bitcode -Wall -W -o mkg3states mkg3states.o  -L/Users/zyoung/dev/SwiftyTesseract/SwiftyTesseract/SwiftyTesseract/jpeg-9c/arm-apple-darwin64/lib -L/Applications/Xcode.app/Contents/Developer/Platforms/iPhoneOS.platform/Developer/SDKs/iPhoneOS13.4.sdk/usr/lib/ ../port/.libs/libport.a /Users/zyoung/dev/SwiftyTesseract/SwiftyTesseract/SwiftyTesseract/jpeg-9c/arm-apple-darwin64/lib/libjpeg.a -lz
libtool: link: (cd .libs/libtiff.lax/libport.a && ar x "/Users/zyoung/dev/SwiftyTesseract/SwiftyTesseract/SwiftyTesseract/tiff-4.0.10/arm-apple-darwin64/libtiff/../port/.libs/libport.a")
libtool: link: ar cru .libs/libtiff.a  tif_aux.o tif_close.o tif_codec.o tif_color.o tif_compress.o tif_dir.o tif_dirinfo.o tif_dirread.o tif_dirwrite.o tif_dumpmode.o tif_error.o tif_extension.o tif_fax3.o tif_fax3sm.o tif_flush.o tif_getimage.o tif_jbig.o tif_jpeg.o tif_jpeg_12.o tif_luv.o tif_lzma.o tif_lzw.o tif_next.o tif_ojpeg.o tif_open.o tif_packbits.o tif_pixarlog.o tif_predict.o tif_print.o tif_read.o tif_strip.o tif_swab.o tif_thunder.o tif_tile.o tif_version.o tif_warning.o tif_webp.o tif_write.o tif_zip.o tif_zstd.o tif_unix.o  .libs/libtiff.lax/libport.a/dummy.o 
libtool: link: ranlib .libs/libtiff.a
libtool: link: rm -fr .libs/libtiff.lax
libtool: link: ( cd ".libs" && rm -f "libtiff.la" && ln -s "../libtiff.la" "libtiff.la" )
libtool: link: (cd .libs/libtiffxx.lax/libport.a && ar x "/Users/zyoung/dev/SwiftyTesseract/SwiftyTesseract/SwiftyTesseract/tiff-4.0.10/arm-apple-darwin64/libtiff/../port/.libs/libport.a")
libtool: link: ar cru .libs/libtiffxx.a  tif_stream.o  .libs/libtiffxx.lax/libport.a/dummy.o 
libtool: link: ranlib .libs/libtiffxx.a
libtool: link: rm -fr .libs/libtiffxx.lax
libtool: link: ( cd ".libs" && rm -f "libtiffxx.la" && ln -s "../libtiffxx.la" "libtiffxx.la" )
Making all in tools
../../tools/tiffcrop.c:2151:37: warning: size argument in 'strncat' call appears to be size of the source [-Wstrncat-size]
      strncat (exportname, filenum, sizeof(filenum)-1);
                                    ^~~~~~~~~~~~~~~~~
../../tools/tiffcrop.c:2151:37: note: change the argument to be the free space in the destination buffer minus the terminating null byte
      strncat (exportname, filenum, sizeof(filenum)-1);
                                    ^~~~~~~~~~~~~~~~~
                                    sizeof(exportname) - strlen(exportname) - 1
libtool: link: /Applications/Xcode.app/Contents/Developer/usr/bin/gcc --target=arm-apple-darwin64 -arch arm64 -pipe -no-cpp-precomp -isysroot /Applications/Xcode.app/Contents/Developer/Platforms/iPhoneOS.platform/Developer/SDKs/iPhoneOS13.4.sdk -miphoneos-version-min=11.0 -O2 -fembed-bitcode -Wall -W -o fax2ps fax2ps.o  -L/Users/zyoung/dev/SwiftyTesseract/SwiftyTesseract/SwiftyTesseract/jpeg-9c/arm-apple-darwin64/lib -L/Applications/Xcode.app/Contents/Developer/Platforms/iPhoneOS.platform/Developer/SDKs/iPhoneOS13.4.sdk/usr/lib/ ../libtiff/.libs/libtiff.a ../port/.libs/libport.a /Users/zyoung/dev/SwiftyTesseract/SwiftyTesseract/SwiftyTesseract/jpeg-9c/arm-apple-darwin64/lib/libjpeg.a -lz
libtool: link: /Applications/Xcode.app/Contents/Developer/usr/bin/gcc --target=arm-apple-darwin64 -arch arm64 -pipe -no-cpp-precomp -isysroot /Applications/Xcode.app/Contents/Developer/Platforms/iPhoneOS.platform/Developer/SDKs/iPhoneOS13.4.sdk -miphoneos-version-min=11.0 -O2 -fembed-bitcode -Wall -W -o fax2tiff fax2tiff.o  -L/Users/zyoung/dev/SwiftyTesseract/SwiftyTesseract/SwiftyTesseract/jpeg-9c/arm-apple-darwin64/lib -L/Applications/Xcode.app/Contents/Developer/Platforms/iPhoneOS.platform/Developer/SDKs/iPhoneOS13.4.sdk/usr/lib/ ../libtiff/.libs/libtiff.a ../port/.libs/libport.a /Users/zyoung/dev/SwiftyTesseract/SwiftyTesseract/SwiftyTesseract/jpeg-9c/arm-apple-darwin64/lib/libjpeg.a -lz
libtool: link: /Applications/Xcode.app/Contents/Developer/usr/bin/gcc --target=arm-apple-darwin64 -arch arm64 -pipe -no-cpp-precomp -isysroot /Applications/Xcode.app/Contents/Developer/Platforms/iPhoneOS.platform/Developer/SDKs/iPhoneOS13.4.sdk -miphoneos-version-min=11.0 -O2 -fembed-bitcode -Wall -W -o pal2rgb pal2rgb.o  -L/Users/zyoung/dev/SwiftyTesseract/SwiftyTesseract/SwiftyTesseract/jpeg-9c/arm-apple-darwin64/lib -L/Applications/Xcode.app/Contents/Developer/Platforms/iPhoneOS.platform/Developer/SDKs/iPhoneOS13.4.sdk/usr/lib/ ../libtiff/.libs/libtiff.a ../port/.libs/libport.a /Users/zyoung/dev/SwiftyTesseract/SwiftyTesseract/SwiftyTesseract/jpeg-9c/arm-apple-darwin64/lib/libjpeg.a -lz
libtool: link: /Applications/Xcode.app/Contents/Developer/usr/bin/gcc --target=arm-apple-darwin64 -arch arm64 -pipe -no-cpp-precomp -isysroot /Applications/Xcode.app/Contents/Developer/Platforms/iPhoneOS.platform/Developer/SDKs/iPhoneOS13.4.sdk -miphoneos-version-min=11.0 -O2 -fembed-bitcode -Wall -W -o ppm2tiff ppm2tiff.o  -L/Users/zyoung/dev/SwiftyTesseract/SwiftyTesseract/SwiftyTesseract/jpeg-9c/arm-apple-darwin64/lib -L/Applications/Xcode.app/Contents/Developer/Platforms/iPhoneOS.platform/Developer/SDKs/iPhoneOS13.4.sdk/usr/lib/ ../libtiff/.libs/libtiff.a ../port/.libs/libport.a /Users/zyoung/dev/SwiftyTesseract/SwiftyTesseract/SwiftyTesseract/jpeg-9c/arm-apple-darwin64/lib/libjpeg.a -lz
libtool: link: /Applications/Xcode.app/Contents/Developer/usr/bin/gcc --target=arm-apple-darwin64 -arch arm64 -pipe -no-cpp-precomp -isysroot /Applications/Xcode.app/Contents/Developer/Platforms/iPhoneOS.platform/Developer/SDKs/iPhoneOS13.4.sdk -miphoneos-version-min=11.0 -O2 -fembed-bitcode -Wall -W -o raw2tiff raw2tiff.o  -L/Users/zyoung/dev/SwiftyTesseract/SwiftyTesseract/SwiftyTesseract/jpeg-9c/arm-apple-darwin64/lib -L/Applications/Xcode.app/Contents/Developer/Platforms/iPhoneOS.platform/Developer/SDKs/iPhoneOS13.4.sdk/usr/lib/ ../libtiff/.libs/libtiff.a ../port/.libs/libport.a /Users/zyoung/dev/SwiftyTesseract/SwiftyTesseract/SwiftyTesseract/jpeg-9c/arm-apple-darwin64/lib/libjpeg.a -lz
libtool: link: /Applications/Xcode.app/Contents/Developer/usr/bin/gcc --target=arm-apple-darwin64 -arch arm64 -pipe -no-cpp-precomp -isysroot /Applications/Xcode.app/Contents/Developer/Platforms/iPhoneOS.platform/Developer/SDKs/iPhoneOS13.4.sdk -miphoneos-version-min=11.0 -O2 -fembed-bitcode -Wall -W -o tiff2bw tiff2bw.o  -L/Users/zyoung/dev/SwiftyTesseract/SwiftyTesseract/SwiftyTesseract/jpeg-9c/arm-apple-darwin64/lib -L/Applications/Xcode.app/Contents/Developer/Platforms/iPhoneOS.platform/Developer/SDKs/iPhoneOS13.4.sdk/usr/lib/ ../libtiff/.libs/libtiff.a ../port/.libs/libport.a /Users/zyoung/dev/SwiftyTesseract/SwiftyTesseract/SwiftyTesseract/jpeg-9c/arm-apple-darwin64/lib/libjpeg.a -lz
libtool: link: /Applications/Xcode.app/Contents/Developer/usr/bin/gcc --target=arm-apple-darwin64 -arch arm64 -pipe -no-cpp-precomp -isysroot /Applications/Xcode.app/Contents/Developer/Platforms/iPhoneOS.platform/Developer/SDKs/iPhoneOS13.4.sdk -miphoneos-version-min=11.0 -O2 -fembed-bitcode -Wall -W -o tiff2rgba tiff2rgba.o  -L/Users/zyoung/dev/SwiftyTesseract/SwiftyTesseract/SwiftyTesseract/jpeg-9c/arm-apple-darwin64/lib -L/Applications/Xcode.app/Contents/Developer/Platforms/iPhoneOS.platform/Developer/SDKs/iPhoneOS13.4.sdk/usr/lib/ ../libtiff/.libs/libtiff.a ../port/.libs/libport.a /Users/zyoung/dev/SwiftyTesseract/SwiftyTesseract/SwiftyTesseract/jpeg-9c/arm-apple-darwin64/lib/libjpeg.a -lz
libtool: link: /Applications/Xcode.app/Contents/Developer/usr/bin/gcc --target=arm-apple-darwin64 -arch arm64 -pipe -no-cpp-precomp -isysroot /Applications/Xcode.app/Contents/Developer/Platforms/iPhoneOS.platform/Developer/SDKs/iPhoneOS13.4.sdk -miphoneos-version-min=11.0 -O2 -fembed-bitcode -Wall -W -o tiff2ps tiff2ps.o  -L/Users/zyoung/dev/SwiftyTesseract/SwiftyTesseract/SwiftyTesseract/jpeg-9c/arm-apple-darwin64/lib -L/Applications/Xcode.app/Contents/Developer/Platforms/iPhoneOS.platform/Developer/SDKs/iPhoneOS13.4.sdk/usr/lib/ ../libtiff/.libs/libtiff.a ../port/.libs/libport.a /Users/zyoung/dev/SwiftyTesseract/SwiftyTesseract/SwiftyTesseract/jpeg-9c/arm-apple-darwin64/lib/libjpeg.a -lz
libtool: link: /Applications/Xcode.app/Contents/Developer/usr/bin/gcc --target=arm-apple-darwin64 -arch arm64 -pipe -no-cpp-precomp -isysroot /Applications/Xcode.app/Contents/Developer/Platforms/iPhoneOS.platform/Developer/SDKs/iPhoneOS13.4.sdk -miphoneos-version-min=11.0 -O2 -fembed-bitcode -Wall -W -o tiffcmp tiffcmp.o  -L/Users/zyoung/dev/SwiftyTesseract/SwiftyTesseract/SwiftyTesseract/jpeg-9c/arm-apple-darwin64/lib -L/Applications/Xcode.app/Contents/Developer/Platforms/iPhoneOS.platform/Developer/SDKs/iPhoneOS13.4.sdk/usr/lib/ ../libtiff/.libs/libtiff.a ../port/.libs/libport.a /Users/zyoung/dev/SwiftyTesseract/SwiftyTesseract/SwiftyTesseract/jpeg-9c/arm-apple-darwin64/lib/libjpeg.a -lz
libtool: link: /Applications/Xcode.app/Contents/Developer/usr/bin/gcc --target=arm-apple-darwin64 -arch arm64 -pipe -no-cpp-precomp -isysroot /Applications/Xcode.app/Contents/Developer/Platforms/iPhoneOS.platform/Developer/SDKs/iPhoneOS13.4.sdk -miphoneos-version-min=11.0 -O2 -fembed-bitcode -Wall -W -o tiffcp tiffcp.o  -L/Users/zyoung/dev/SwiftyTesseract/SwiftyTesseract/SwiftyTesseract/jpeg-9c/arm-apple-darwin64/lib -L/Applications/Xcode.app/Contents/Developer/Platforms/iPhoneOS.platform/Developer/SDKs/iPhoneOS13.4.sdk/usr/lib/ ../libtiff/.libs/libtiff.a ../port/.libs/libport.a /Users/zyoung/dev/SwiftyTesseract/SwiftyTesseract/SwiftyTesseract/jpeg-9c/arm-apple-darwin64/lib/libjpeg.a -lz
libtool: link: /Applications/Xcode.app/Contents/Developer/usr/bin/gcc --target=arm-apple-darwin64 -arch arm64 -pipe -no-cpp-precomp -isysroot /Applications/Xcode.app/Contents/Developer/Platforms/iPhoneOS.platform/Developer/SDKs/iPhoneOS13.4.sdk -miphoneos-version-min=11.0 -O2 -fembed-bitcode -Wall -W -o tiffdither tiffdither.o  -L/Users/zyoung/dev/SwiftyTesseract/SwiftyTesseract/SwiftyTesseract/jpeg-9c/arm-apple-darwin64/lib -L/Applications/Xcode.app/Contents/Developer/Platforms/iPhoneOS.platform/Developer/SDKs/iPhoneOS13.4.sdk/usr/lib/ ../libtiff/.libs/libtiff.a ../port/.libs/libport.a /Users/zyoung/dev/SwiftyTesseract/SwiftyTesseract/SwiftyTesseract/jpeg-9c/arm-apple-darwin64/lib/libjpeg.a -lz
libtool: link: /Applications/Xcode.app/Contents/Developer/usr/bin/gcc --target=arm-apple-darwin64 -arch arm64 -pipe -no-cpp-precomp -isysroot /Applications/Xcode.app/Contents/Developer/Platforms/iPhoneOS.platform/Developer/SDKs/iPhoneOS13.4.sdk -miphoneos-version-min=11.0 -O2 -fembed-bitcode -Wall -W -o tiffdump tiffdump.o  -L/Users/zyoung/dev/SwiftyTesseract/SwiftyTesseract/SwiftyTesseract/jpeg-9c/arm-apple-darwin64/lib -L/Applications/Xcode.app/Contents/Developer/Platforms/iPhoneOS.platform/Developer/SDKs/iPhoneOS13.4.sdk/usr/lib/ ../libtiff/.libs/libtiff.a ../port/.libs/libport.a /Users/zyoung/dev/SwiftyTesseract/SwiftyTesseract/SwiftyTesseract/jpeg-9c/arm-apple-darwin64/lib/libjpeg.a -lz
libtool: link: /Applications/Xcode.app/Contents/Developer/usr/bin/gcc --target=arm-apple-darwin64 -arch arm64 -pipe -no-cpp-precomp -isysroot /Applications/Xcode.app/Contents/Developer/Platforms/iPhoneOS.platform/Developer/SDKs/iPhoneOS13.4.sdk -miphoneos-version-min=11.0 -O2 -fembed-bitcode -Wall -W -o tiffinfo tiffinfo.o  -L/Users/zyoung/dev/SwiftyTesseract/SwiftyTesseract/SwiftyTesseract/jpeg-9c/arm-apple-darwin64/lib -L/Applications/Xcode.app/Contents/Developer/Platforms/iPhoneOS.platform/Developer/SDKs/iPhoneOS13.4.sdk/usr/lib/ ../libtiff/.libs/libtiff.a ../port/.libs/libport.a /Users/zyoung/dev/SwiftyTesseract/SwiftyTesseract/SwiftyTesseract/jpeg-9c/arm-apple-darwin64/lib/libjpeg.a -lz
libtool: link: /Applications/Xcode.app/Contents/Developer/usr/bin/gcc --target=arm-apple-darwin64 -arch arm64 -pipe -no-cpp-precomp -isysroot /Applications/Xcode.app/Contents/Developer/Platforms/iPhoneOS.platform/Developer/SDKs/iPhoneOS13.4.sdk -miphoneos-version-min=11.0 -O2 -fembed-bitcode -Wall -W -o tiffmedian tiffmedian.o  -L/Users/zyoung/dev/SwiftyTesseract/SwiftyTesseract/SwiftyTesseract/jpeg-9c/arm-apple-darwin64/lib -L/Applications/Xcode.app/Contents/Developer/Platforms/iPhoneOS.platform/Developer/SDKs/iPhoneOS13.4.sdk/usr/lib/ ../libtiff/.libs/libtiff.a ../port/.libs/libport.a /Users/zyoung/dev/SwiftyTesseract/SwiftyTesseract/SwiftyTesseract/jpeg-9c/arm-apple-darwin64/lib/libjpeg.a -lz
libtool: link: /Applications/Xcode.app/Contents/Developer/usr/bin/gcc --target=arm-apple-darwin64 -arch arm64 -pipe -no-cpp-precomp -isysroot /Applications/Xcode.app/Contents/Developer/Platforms/iPhoneOS.platform/Developer/SDKs/iPhoneOS13.4.sdk -miphoneos-version-min=11.0 -O2 -fembed-bitcode -Wall -W -o tiffset tiffset.o  -L/Users/zyoung/dev/SwiftyTesseract/SwiftyTesseract/SwiftyTesseract/jpeg-9c/arm-apple-darwin64/lib -L/Applications/Xcode.app/Contents/Developer/Platforms/iPhoneOS.platform/Developer/SDKs/iPhoneOS13.4.sdk/usr/lib/ ../libtiff/.libs/libtiff.a ../port/.libs/libport.a /Users/zyoung/dev/SwiftyTesseract/SwiftyTesseract/SwiftyTesseract/jpeg-9c/arm-apple-darwin64/lib/libjpeg.a -lz
libtool: link: /Applications/Xcode.app/Contents/Developer/usr/bin/gcc --target=arm-apple-darwin64 -arch arm64 -pipe -no-cpp-precomp -isysroot /Applications/Xcode.app/Contents/Developer/Platforms/iPhoneOS.platform/Developer/SDKs/iPhoneOS13.4.sdk -miphoneos-version-min=11.0 -O2 -fembed-bitcode -Wall -W -o tiffsplit tiffsplit.o  -L/Users/zyoung/dev/SwiftyTesseract/SwiftyTesseract/SwiftyTesseract/jpeg-9c/arm-apple-darwin64/lib -L/Applications/Xcode.app/Contents/Developer/Platforms/iPhoneOS.platform/Developer/SDKs/iPhoneOS13.4.sdk/usr/lib/ ../libtiff/.libs/libtiff.a ../port/.libs/libport.a /Users/zyoung/dev/SwiftyTesseract/SwiftyTesseract/SwiftyTesseract/jpeg-9c/arm-apple-darwin64/lib/libjpeg.a -lz
libtool: link: /Applications/Xcode.app/Contents/Developer/usr/bin/gcc --target=arm-apple-darwin64 -arch arm64 -pipe -no-cpp-precomp -isysroot /Applications/Xcode.app/Contents/Developer/Platforms/iPhoneOS.platform/Developer/SDKs/iPhoneOS13.4.sdk -miphoneos-version-min=11.0 -O2 -fembed-bitcode -Wall -W -o tiff2pdf tiff2pdf.o  -L/Users/zyoung/dev/SwiftyTesseract/SwiftyTesseract/SwiftyTesseract/jpeg-9c/arm-apple-darwin64/lib -L/Applications/Xcode.app/Contents/Developer/Platforms/iPhoneOS.platform/Developer/SDKs/iPhoneOS13.4.sdk/usr/lib/ ../libtiff/.libs/libtiff.a ../port/.libs/libport.a /Users/zyoung/dev/SwiftyTesseract/SwiftyTesseract/SwiftyTesseract/jpeg-9c/arm-apple-darwin64/lib/libjpeg.a -lz
1 warning generated.
libtool: link: /Applications/Xcode.app/Contents/Developer/usr/bin/gcc --target=arm-apple-darwin64 -arch arm64 -pipe -no-cpp-precomp -isysroot /Applications/Xcode.app/Contents/Developer/Platforms/iPhoneOS.platform/Developer/SDKs/iPhoneOS13.4.sdk -miphoneos-version-min=11.0 -O2 -fembed-bitcode -Wall -W -o tiffcrop tiffcrop.o  -L/Users/zyoung/dev/SwiftyTesseract/SwiftyTesseract/SwiftyTesseract/jpeg-9c/arm-apple-darwin64/lib -L/Applications/Xcode.app/Contents/Developer/Platforms/iPhoneOS.platform/Developer/SDKs/iPhoneOS13.4.sdk/usr/lib/ ../libtiff/.libs/libtiff.a ../port/.libs/libport.a /Users/zyoung/dev/SwiftyTesseract/SwiftyTesseract/SwiftyTesseract/jpeg-9c/arm-apple-darwin64/lib/libjpeg.a -lz
Making all in build
Making all in contrib
Making all in addtiffo
libtool: link: /Applications/Xcode.app/Contents/Developer/usr/bin/gcc --target=arm-apple-darwin64 -arch arm64 -pipe -no-cpp-precomp -isysroot /Applications/Xcode.app/Contents/Developer/Platforms/iPhoneOS.platform/Developer/SDKs/iPhoneOS13.4.sdk -miphoneos-version-min=11.0 -O2 -fembed-bitcode -Wall -W -o addtiffo addtiffo.o tif_overview.o tif_ovrcache.o  -L/Users/zyoung/dev/SwiftyTesseract/SwiftyTesseract/SwiftyTesseract/jpeg-9c/arm-apple-darwin64/lib -L/Applications/Xcode.app/Contents/Developer/Platforms/iPhoneOS.platform/Developer/SDKs/iPhoneOS13.4.sdk/usr/lib/ ../../libtiff/.libs/libtiff.a /Users/zyoung/dev/SwiftyTesseract/SwiftyTesseract/SwiftyTesseract/jpeg-9c/arm-apple-darwin64/lib/libjpeg.a -lz
Making all in dbs
Making all in xtiff
libtool: link: /Applications/Xcode.app/Contents/Developer/usr/bin/gcc --target=arm-apple-darwin64 -arch arm64 -pipe -no-cpp-precomp -isysroot /Applications/Xcode.app/Contents/Developer/Platforms/iPhoneOS.platform/Developer/SDKs/iPhoneOS13.4.sdk -miphoneos-version-min=11.0 -O2 -fembed-bitcode -Wall -W -o tiff-bi tiff-bi.o  -L/Users/zyoung/dev/SwiftyTesseract/SwiftyTesseract/SwiftyTesseract/jpeg-9c/arm-apple-darwin64/lib -L/Applications/Xcode.app/Contents/Developer/Platforms/iPhoneOS.platform/Developer/SDKs/iPhoneOS13.4.sdk/usr/lib/ ../../libtiff/.libs/libtiff.a /Users/zyoung/dev/SwiftyTesseract/SwiftyTesseract/SwiftyTesseract/jpeg-9c/arm-apple-darwin64/lib/libjpeg.a -lz
libtool: link: /Applications/Xcode.app/Contents/Developer/usr/bin/gcc --target=arm-apple-darwin64 -arch arm64 -pipe -no-cpp-precomp -isysroot /Applications/Xcode.app/Contents/Developer/Platforms/iPhoneOS.platform/Developer/SDKs/iPhoneOS13.4.sdk -miphoneos-version-min=11.0 -O2 -fembed-bitcode -Wall -W -o tiff-grayscale tiff-grayscale.o  -L/Users/zyoung/dev/SwiftyTesseract/SwiftyTesseract/SwiftyTesseract/jpeg-9c/arm-apple-darwin64/lib -L/Applications/Xcode.app/Contents/Developer/Platforms/iPhoneOS.platform/Developer/SDKs/iPhoneOS13.4.sdk/usr/lib/ ../../libtiff/.libs/libtiff.a /Users/zyoung/dev/SwiftyTesseract/SwiftyTesseract/SwiftyTesseract/jpeg-9c/arm-apple-darwin64/lib/libjpeg.a -lz
libtool: link: /Applications/Xcode.app/Contents/Developer/usr/bin/gcc --target=arm-apple-darwin64 -arch arm64 -pipe -no-cpp-precomp -isysroot /Applications/Xcode.app/Contents/Developer/Platforms/iPhoneOS.platform/Developer/SDKs/iPhoneOS13.4.sdk -miphoneos-version-min=11.0 -O2 -fembed-bitcode -Wall -W -o tiff-palette tiff-palette.o  -L/Users/zyoung/dev/SwiftyTesseract/SwiftyTesseract/SwiftyTesseract/jpeg-9c/arm-apple-darwin64/lib -L/Applications/Xcode.app/Contents/Developer/Platforms/iPhoneOS.platform/Developer/SDKs/iPhoneOS13.4.sdk/usr/lib/ ../../libtiff/.libs/libtiff.a /Users/zyoung/dev/SwiftyTesseract/SwiftyTesseract/SwiftyTesseract/jpeg-9c/arm-apple-darwin64/lib/libjpeg.a -lz
libtool: link: /Applications/Xcode.app/Contents/Developer/usr/bin/gcc --target=arm-apple-darwin64 -arch arm64 -pipe -no-cpp-precomp -isysroot /Applications/Xcode.app/Contents/Developer/Platforms/iPhoneOS.platform/Developer/SDKs/iPhoneOS13.4.sdk -miphoneos-version-min=11.0 -O2 -fembed-bitcode -Wall -W -o tiff-rgb tiff-rgb.o  -L/Users/zyoung/dev/SwiftyTesseract/SwiftyTesseract/SwiftyTesseract/jpeg-9c/arm-apple-darwin64/lib -L/Applications/Xcode.app/Contents/Developer/Platforms/iPhoneOS.platform/Developer/SDKs/iPhoneOS13.4.sdk/usr/lib/ ../../libtiff/.libs/libtiff.a /Users/zyoung/dev/SwiftyTesseract/SwiftyTesseract/SwiftyTesseract/jpeg-9c/arm-apple-darwin64/lib/libjpeg.a -lz
Making all in iptcutil
libtool: link: /Applications/Xcode.app/Contents/Developer/usr/bin/gcc --target=arm-apple-darwin64 -arch arm64 -pipe -no-cpp-precomp -isysroot /Applications/Xcode.app/Contents/Developer/Platforms/iPhoneOS.platform/Developer/SDKs/iPhoneOS13.4.sdk -miphoneos-version-min=11.0 -O2 -fembed-bitcode -Wall -W -o iptcutil iptcutil.o  -L/Users/zyoung/dev/SwiftyTesseract/SwiftyTesseract/SwiftyTesseract/jpeg-9c/arm-apple-darwin64/lib -L/Applications/Xcode.app/Contents/Developer/Platforms/iPhoneOS.platform/Developer/SDKs/iPhoneOS13.4.sdk/usr/lib/ ../../libtiff/.libs/libtiff.a /Users/zyoung/dev/SwiftyTesseract/SwiftyTesseract/SwiftyTesseract/jpeg-9c/arm-apple-darwin64/lib/libjpeg.a -lz
Making all in mfs
Making all in pds
Making all in ras
Making all in stream
Making all in tags
Making all in win_dib
Making all in test
Making all in man
Making all in html
Making all in images
Making all in man
Making install in port
make[4]: Nothing to be done for `install-exec-am'.
make[4]: Nothing to be done for `install-data-am'.
Making install in libtiff
 ../../config/install-sh -c -d '/Users/zyoung/dev/SwiftyTesseract/SwiftyTesseract/SwiftyTesseract/tiff-4.0.10/arm-apple-darwin64/lib'
 /bin/sh ../libtool   --mode=install /usr/bin/install -c   libtiff.la libtiffxx.la '/Users/zyoung/dev/SwiftyTesseract/SwiftyTesseract/SwiftyTesseract/tiff-4.0.10/arm-apple-darwin64/lib'
libtool: install: /usr/bin/install -c .libs/libtiff.lai /Users/zyoung/dev/SwiftyTesseract/SwiftyTesseract/SwiftyTesseract/tiff-4.0.10/arm-apple-darwin64/lib/libtiff.la
libtool: install: /usr/bin/install -c .libs/libtiffxx.lai /Users/zyoung/dev/SwiftyTesseract/SwiftyTesseract/SwiftyTesseract/tiff-4.0.10/arm-apple-darwin64/lib/libtiffxx.la
libtool: install: /usr/bin/install -c .libs/libtiff.a /Users/zyoung/dev/SwiftyTesseract/SwiftyTesseract/SwiftyTesseract/tiff-4.0.10/arm-apple-darwin64/lib/libtiff.a
libtool: install: chmod 644 /Users/zyoung/dev/SwiftyTesseract/SwiftyTesseract/SwiftyTesseract/tiff-4.0.10/arm-apple-darwin64/lib/libtiff.a
libtool: install: ranlib /Users/zyoung/dev/SwiftyTesseract/SwiftyTesseract/SwiftyTesseract/tiff-4.0.10/arm-apple-darwin64/lib/libtiff.a
libtool: install: /usr/bin/install -c .libs/libtiffxx.a /Users/zyoung/dev/SwiftyTesseract/SwiftyTesseract/SwiftyTesseract/tiff-4.0.10/arm-apple-darwin64/lib/libtiffxx.a
libtool: install: chmod 644 /Users/zyoung/dev/SwiftyTesseract/SwiftyTesseract/SwiftyTesseract/tiff-4.0.10/arm-apple-darwin64/lib/libtiffxx.a
libtool: install: ranlib /Users/zyoung/dev/SwiftyTesseract/SwiftyTesseract/SwiftyTesseract/tiff-4.0.10/arm-apple-darwin64/lib/libtiffxx.a
 ../../config/install-sh -c -d '/Users/zyoung/dev/SwiftyTesseract/SwiftyTesseract/SwiftyTesseract/tiff-4.0.10/arm-apple-darwin64/include'
 /usr/bin/install -c -m 644 ../../libtiff/tiff.h ../../libtiff/tiffio.h ../../libtiff/tiffvers.h ../../libtiff/tiffio.hxx '/Users/zyoung/dev/SwiftyTesseract/SwiftyTesseract/SwiftyTesseract/tiff-4.0.10/arm-apple-darwin64/include'
 ../../config/install-sh -c -d '/Users/zyoung/dev/SwiftyTesseract/SwiftyTesseract/SwiftyTesseract/tiff-4.0.10/arm-apple-darwin64/include'
 /usr/bin/install -c -m 644 tiffconf.h '/Users/zyoung/dev/SwiftyTesseract/SwiftyTesseract/SwiftyTesseract/tiff-4.0.10/arm-apple-darwin64/include'
Making install in tools
 ../../config/install-sh -c -d '/Users/zyoung/dev/SwiftyTesseract/SwiftyTesseract/SwiftyTesseract/tiff-4.0.10/arm-apple-darwin64/bin'
  /bin/sh ../libtool   --mode=install /usr/bin/install -c fax2ps fax2tiff pal2rgb ppm2tiff raw2tiff tiff2bw tiff2pdf tiff2ps tiff2rgba tiffcmp tiffcp tiffcrop tiffdither tiffdump tiffinfo tiffmedian tiffset tiffsplit '/Users/zyoung/dev/SwiftyTesseract/SwiftyTesseract/SwiftyTesseract/tiff-4.0.10/arm-apple-darwin64/bin'
libtool: install: /usr/bin/install -c fax2ps /Users/zyoung/dev/SwiftyTesseract/SwiftyTesseract/SwiftyTesseract/tiff-4.0.10/arm-apple-darwin64/bin/fax2ps
libtool: install: /usr/bin/install -c fax2tiff /Users/zyoung/dev/SwiftyTesseract/SwiftyTesseract/SwiftyTesseract/tiff-4.0.10/arm-apple-darwin64/bin/fax2tiff
libtool: install: /usr/bin/install -c pal2rgb /Users/zyoung/dev/SwiftyTesseract/SwiftyTesseract/SwiftyTesseract/tiff-4.0.10/arm-apple-darwin64/bin/pal2rgb
libtool: install: /usr/bin/install -c ppm2tiff /Users/zyoung/dev/SwiftyTesseract/SwiftyTesseract/SwiftyTesseract/tiff-4.0.10/arm-apple-darwin64/bin/ppm2tiff
libtool: install: /usr/bin/install -c raw2tiff /Users/zyoung/dev/SwiftyTesseract/SwiftyTesseract/SwiftyTesseract/tiff-4.0.10/arm-apple-darwin64/bin/raw2tiff
libtool: install: /usr/bin/install -c tiff2bw /Users/zyoung/dev/SwiftyTesseract/SwiftyTesseract/SwiftyTesseract/tiff-4.0.10/arm-apple-darwin64/bin/tiff2bw
libtool: install: /usr/bin/install -c tiff2pdf /Users/zyoung/dev/SwiftyTesseract/SwiftyTesseract/SwiftyTesseract/tiff-4.0.10/arm-apple-darwin64/bin/tiff2pdf
libtool: install: /usr/bin/install -c tiff2ps /Users/zyoung/dev/SwiftyTesseract/SwiftyTesseract/SwiftyTesseract/tiff-4.0.10/arm-apple-darwin64/bin/tiff2ps
libtool: install: /usr/bin/install -c tiff2rgba /Users/zyoung/dev/SwiftyTesseract/SwiftyTesseract/SwiftyTesseract/tiff-4.0.10/arm-apple-darwin64/bin/tiff2rgba
libtool: install: /usr/bin/install -c tiffcmp /Users/zyoung/dev/SwiftyTesseract/SwiftyTesseract/SwiftyTesseract/tiff-4.0.10/arm-apple-darwin64/bin/tiffcmp
libtool: install: /usr/bin/install -c tiffcp /Users/zyoung/dev/SwiftyTesseract/SwiftyTesseract/SwiftyTesseract/tiff-4.0.10/arm-apple-darwin64/bin/tiffcp
libtool: install: /usr/bin/install -c tiffcrop /Users/zyoung/dev/SwiftyTesseract/SwiftyTesseract/SwiftyTesseract/tiff-4.0.10/arm-apple-darwin64/bin/tiffcrop
libtool: install: /usr/bin/install -c tiffdither /Users/zyoung/dev/SwiftyTesseract/SwiftyTesseract/SwiftyTesseract/tiff-4.0.10/arm-apple-darwin64/bin/tiffdither
libtool: install: /usr/bin/install -c tiffdump /Users/zyoung/dev/SwiftyTesseract/SwiftyTesseract/SwiftyTesseract/tiff-4.0.10/arm-apple-darwin64/bin/tiffdump
libtool: install: /usr/bin/install -c tiffinfo /Users/zyoung/dev/SwiftyTesseract/SwiftyTesseract/SwiftyTesseract/tiff-4.0.10/arm-apple-darwin64/bin/tiffinfo
libtool: install: /usr/bin/install -c tiffmedian /Users/zyoung/dev/SwiftyTesseract/SwiftyTesseract/SwiftyTesseract/tiff-4.0.10/arm-apple-darwin64/bin/tiffmedian
libtool: install: /usr/bin/install -c tiffset /Users/zyoung/dev/SwiftyTesseract/SwiftyTesseract/SwiftyTesseract/tiff-4.0.10/arm-apple-darwin64/bin/tiffset
libtool: install: /usr/bin/install -c tiffsplit /Users/zyoung/dev/SwiftyTesseract/SwiftyTesseract/SwiftyTesseract/tiff-4.0.10/arm-apple-darwin64/bin/tiffsplit
make[4]: Nothing to be done for `install-data-am'.
Making install in build
make[5]: Nothing to be done for `install-exec-am'.
make[5]: Nothing to be done for `install-data-am'.
Making install in contrib
Making install in addtiffo
make[5]: Nothing to be done for `install-exec-am'.
make[5]: Nothing to be done for `install-data-am'.
Making install in dbs
Making install in xtiff
make[6]: Nothing to be done for `install-exec-am'.
make[6]: Nothing to be done for `install-data-am'.
make[6]: Nothing to be done for `install-exec-am'.
make[6]: Nothing to be done for `install-data-am'.
Making install in iptcutil
make[5]: Nothing to be done for `install-exec-am'.
make[5]: Nothing to be done for `install-data-am'.
Making install in mfs
make[5]: Nothing to be done for `install-exec-am'.
make[5]: Nothing to be done for `install-data-am'.
Making install in pds
make[5]: Nothing to be done for `install-exec-am'.
make[5]: Nothing to be done for `install-data-am'.
Making install in ras
make[5]: Nothing to be done for `install-exec-am'.
make[5]: Nothing to be done for `install-data-am'.
Making install in stream
make[5]: Nothing to be done for `install-exec-am'.
make[5]: Nothing to be done for `install-data-am'.
Making install in tags
make[5]: Nothing to be done for `install-exec-am'.
make[5]: Nothing to be done for `install-data-am'.
Making install in win_dib
make[5]: Nothing to be done for `install-exec-am'.
make[5]: Nothing to be done for `install-data-am'.
make[5]: Nothing to be done for `install-exec-am'.
make[5]: Nothing to be done for `install-data-am'.
Making install in test
make[4]: Nothing to be done for `install-exec-am'.
make[4]: Nothing to be done for `install-data-am'.
Making install in man
make[4]: Nothing to be done for `install-exec-am'.
 ../../config/install-sh -c -d '/Users/zyoung/dev/SwiftyTesseract/SwiftyTesseract/SwiftyTesseract/tiff-4.0.10/arm-apple-darwin64/share/man/man1'
 /usr/bin/install -c -m 644 ../../man/fax2ps.1 ../../man/fax2tiff.1 ../../man/pal2rgb.1 ../../man/ppm2tiff.1 ../../man/raw2tiff.1 ../../man/tiff2bw.1 ../../man/tiff2pdf.1 ../../man/tiff2ps.1 ../../man/tiff2rgba.1 ../../man/tiffcmp.1 ../../man/tiffcp.1 ../../man/tiffcrop.1 ../../man/tiffdither.1 ../../man/tiffdump.1 ../../man/tiffgt.1 ../../man/tiffinfo.1 ../../man/tiffmedian.1 ../../man/tiffset.1 ../../man/tiffsplit.1 '/Users/zyoung/dev/SwiftyTesseract/SwiftyTesseract/SwiftyTesseract/tiff-4.0.10/arm-apple-darwin64/share/man/man1'
 ../../config/install-sh -c -d '/Users/zyoung/dev/SwiftyTesseract/SwiftyTesseract/SwiftyTesseract/tiff-4.0.10/arm-apple-darwin64/share/man/man3'
 /usr/bin/install -c -m 644 ../../man/libtiff.3tiff ../../man/TIFFbuffer.3tiff ../../man/TIFFClose.3tiff ../../man/TIFFcodec.3tiff ../../man/TIFFcolor.3tiff ../../man/TIFFDataWidth.3tiff ../../man/TIFFError.3tiff ../../man/TIFFFieldDataType.3tiff ../../man/TIFFFieldName.3tiff ../../man/TIFFFieldPassCount.3tiff ../../man/TIFFFieldReadCount.3tiff ../../man/TIFFFieldTag.3tiff ../../man/TIFFFieldWriteCount.3tiff ../../man/TIFFFlush.3tiff ../../man/TIFFGetField.3tiff ../../man/TIFFmemory.3tiff ../../man/TIFFOpen.3tiff ../../man/TIFFPrintDirectory.3tiff ../../man/TIFFquery.3tiff ../../man/TIFFReadDirectory.3tiff ../../man/TIFFReadEncodedStrip.3tiff ../../man/TIFFReadEncodedTile.3tiff ../../man/TIFFReadRawStrip.3tiff ../../man/TIFFReadRawTile.3tiff ../../man/TIFFReadRGBAImage.3tiff ../../man/TIFFReadRGBAStrip.3tiff ../../man/TIFFReadRGBATile.3tiff ../../man/TIFFReadScanline.3tiff ../../man/TIFFReadTile.3tiff ../../man/TIFFRGBAImage.3tiff ../../man/TIFFSetDirectory.3tiff ../../man/TIFFSetField.3tiff ../../man/TIFFsize.3tiff ../../man/TIFFstrip.3tiff ../../man/TIFFswab.3tiff ../../man/TIFFtile.3tiff ../../man/TIFFWarning.3tiff ../../man/TIFFWriteDirectory.3tiff ../../man/TIFFWriteEncodedStrip.3tiff ../../man/TIFFWriteEncodedTile.3tiff '/Users/zyoung/dev/SwiftyTesseract/SwiftyTesseract/SwiftyTesseract/tiff-4.0.10/arm-apple-darwin64/share/man/man3'
 /usr/bin/install -c -m 644 ../../man/TIFFWriteRawStrip.3tiff ../../man/TIFFWriteRawTile.3tiff ../../man/TIFFWriteScanline.3tiff ../../man/TIFFWriteTile.3tiff '/Users/zyoung/dev/SwiftyTesseract/SwiftyTesseract/SwiftyTesseract/tiff-4.0.10/arm-apple-darwin64/share/man/man3'
Making install in html
Making install in images
make[5]: Nothing to be done for `install-exec-am'.
 ../../../config/install-sh -c -d '/Users/zyoung/dev/SwiftyTesseract/SwiftyTesseract/SwiftyTesseract/tiff-4.0.10/arm-apple-darwin64/share/doc/tiff-4.0.10/html/images'
 /usr/bin/install -c -m 644 ../../../html/images/back.gif ../../../html/images/bali.jpg ../../../html/images/cat.gif ../../../html/images/cover.jpg ../../../html/images/cramps.gif ../../../html/images/dave.gif ../../../html/images/info.gif ../../../html/images/jello.jpg ../../../html/images/jim.gif ../../../html/images/note.gif ../../../html/images/oxford.gif ../../../html/images/quad.jpg ../../../html/images/ring.gif ../../../html/images/smallliz.jpg ../../../html/images/strike.gif ../../../html/images/warning.gif '/Users/zyoung/dev/SwiftyTesseract/SwiftyTesseract/SwiftyTesseract/tiff-4.0.10/arm-apple-darwin64/share/doc/tiff-4.0.10/html/images'
Making install in man
make[5]: Nothing to be done for `install-exec-am'.
 ../../../config/install-sh -c -d '/Users/zyoung/dev/SwiftyTesseract/SwiftyTesseract/SwiftyTesseract/tiff-4.0.10/arm-apple-darwin64/share/doc/tiff-4.0.10/html/man'
 /usr/bin/install -c -m 644 ../../../html/man/index.html ../../../html/man/libtiff.3tiff.html ../../../html/man/TIFFbuffer.3tiff.html ../../../html/man/TIFFClose.3tiff.html ../../../html/man/TIFFcodec.3tiff.html ../../../html/man/TIFFcolor.3tiff.html ../../../html/man/TIFFDataWidth.3tiff.html ../../../html/man/TIFFError.3tiff.html ../../../html/man/TIFFFieldDataType.3tiff.html ../../../html/man/TIFFFieldName.3tiff.html ../../../html/man/TIFFFieldPassCount.3tiff.html ../../../html/man/TIFFFieldReadCount.3tiff.html ../../../html/man/TIFFFieldTag.3tiff.html ../../../html/man/TIFFFieldWriteCount.3tiff.html ../../../html/man/TIFFFlush.3tiff.html ../../../html/man/TIFFGetField.3tiff.html ../../../html/man/TIFFmemory.3tiff.html ../../../html/man/TIFFOpen.3tiff.html ../../../html/man/TIFFPrintDirectory.3tiff.html ../../../html/man/TIFFquery.3tiff.html ../../../html/man/TIFFReadDirectory.3tiff.html ../../../html/man/TIFFReadEncodedStrip.3tiff.html ../../../html/man/TIFFReadEncodedTile.3tiff.html ../../../html/man/TIFFReadRawStrip.3tiff.html ../../../html/man/TIFFReadRawTile.3tiff.html ../../../html/man/TIFFReadRGBAImage.3tiff.html ../../../html/man/TIFFReadRGBAStrip.3tiff.html ../../../html/man/TIFFReadRGBATile.3tiff.html ../../../html/man/TIFFReadScanline.3tiff.html ../../../html/man/TIFFReadTile.3tiff.html ../../../html/man/TIFFRGBAImage.3tiff.html ../../../html/man/TIFFSetDirectory.3tiff.html ../../../html/man/TIFFSetField.3tiff.html ../../../html/man/TIFFsize.3tiff.html ../../../html/man/TIFFstrip.3tiff.html ../../../html/man/TIFFswab.3tiff.html ../../../html/man/TIFFtile.3tiff.html ../../../html/man/TIFFWarning.3tiff.html ../../../html/man/TIFFWriteDirectory.3tiff.html ../../../html/man/TIFFWriteEncodedStrip.3tiff.html '/Users/zyoung/dev/SwiftyTesseract/SwiftyTesseract/SwiftyTesseract/tiff-4.0.10/arm-apple-darwin64/share/doc/tiff-4.0.10/html/man'
 /usr/bin/install -c -m 644 ../../../html/man/TIFFWriteEncodedTile.3tiff.html ../../../html/man/TIFFWriteRawStrip.3tiff.html ../../../html/man/TIFFWriteRawTile.3tiff.html ../../../html/man/TIFFWriteScanline.3tiff.html ../../../html/man/TIFFWriteTile.3tiff.html ../../../html/man/fax2ps.1.html ../../../html/man/fax2tiff.1.html ../../../html/man/pal2rgb.1.html ../../../html/man/ppm2tiff.1.html ../../../html/man/raw2tiff.1.html ../../../html/man/tiff2bw.1.html ../../../html/man/tiff2pdf.1.html ../../../html/man/tiff2ps.1.html ../../../html/man/tiff2rgba.1.html ../../../html/man/tiffcmp.1.html ../../../html/man/tiffcp.1.html ../../../html/man/tiffcrop.1.html ../../../html/man/tiffdither.1.html ../../../html/man/tiffdump.1.html ../../../html/man/tiffgt.1.html ../../../html/man/tiffinfo.1.html ../../../html/man/tiffmedian.1.html ../../../html/man/tiffset.1.html ../../../html/man/tiffsplit.1.html '/Users/zyoung/dev/SwiftyTesseract/SwiftyTesseract/SwiftyTesseract/tiff-4.0.10/arm-apple-darwin64/share/doc/tiff-4.0.10/html/man'
make[5]: Nothing to be done for `install-exec-am'.
 ../../config/install-sh -c -d '/Users/zyoung/dev/SwiftyTesseract/SwiftyTesseract/SwiftyTesseract/tiff-4.0.10/arm-apple-darwin64/share/doc/tiff-4.0.10/html'
 /usr/bin/install -c -m 644 ../../html/addingtags.html ../../html/bugs.html ../../html/build.html ../../html/contrib.html ../../html/document.html ../../html/images.html ../../html/index.html ../../html/internals.html ../../html/intro.html ../../html/libtiff.html ../../html/misc.html ../../html/support.html ../../html/TIFFTechNote2.html ../../html/tools.html ../../html/v3.4beta007.html ../../html/v3.4beta016.html ../../html/v3.4beta018.html ../../html/v3.4beta024.html ../../html/v3.4beta028.html ../../html/v3.4beta029.html ../../html/v3.4beta031.html ../../html/v3.4beta032.html ../../html/v3.4beta033.html ../../html/v3.4beta034.html ../../html/v3.4beta035.html ../../html/v3.4beta036.html ../../html/v3.5.1.html ../../html/v3.5.2.html ../../html/v3.5.3.html ../../html/v3.5.4.html ../../html/v3.5.5.html ../../html/v3.5.6-beta.html ../../html/v3.5.7.html ../../html/v3.6.0.html ../../html/v3.6.1.html ../../html/v3.7.0alpha.html ../../html/v3.7.0beta.html ../../html/v3.7.0beta2.html ../../html/v3.7.0.html ../../html/v3.7.1.html '/Users/zyoung/dev/SwiftyTesseract/SwiftyTesseract/SwiftyTesseract/tiff-4.0.10/arm-apple-darwin64/share/doc/tiff-4.0.10/html'
 /usr/bin/install -c -m 644 ../../html/v3.7.2.html ../../html/v3.7.3.html ../../html/v3.7.4.html ../../html/v3.8.0.html ../../html/v3.8.1.html ../../html/v3.8.2.html ../../html/v3.9.0beta.html ../../html/v3.9.1.html ../../html/v3.9.2.html ../../html/v4.0.0.html ../../html/v4.0.1.html ../../html/v4.0.2.html ../../html/v4.0.3.html ../../html/v4.0.4beta.html ../../html/v4.0.4.html ../../html/v4.0.5.html ../../html/v4.0.6.html ../../html/v4.0.7.html ../../html/v4.0.8.html ../../html/v4.0.9.html ../../html/v4.0.10.html '/Users/zyoung/dev/SwiftyTesseract/SwiftyTesseract/SwiftyTesseract/tiff-4.0.10/arm-apple-darwin64/share/doc/tiff-4.0.10/html'
make[4]: Nothing to be done for `install-exec-am'.
 ../config/install-sh -c -d '/Users/zyoung/dev/SwiftyTesseract/SwiftyTesseract/SwiftyTesseract/tiff-4.0.10/arm-apple-darwin64/share/doc/tiff-4.0.10'
 /usr/bin/install -c -m 644 ../COPYRIGHT ../ChangeLog ../README.md ../RELEASE-DATE ../TODO ../VERSION '/Users/zyoung/dev/SwiftyTesseract/SwiftyTesseract/SwiftyTesseract/tiff-4.0.10/arm-apple-darwin64/share/doc/tiff-4.0.10'
 ../config/install-sh -c -d '/Users/zyoung/dev/SwiftyTesseract/SwiftyTesseract/SwiftyTesseract/tiff-4.0.10/arm-apple-darwin64/lib/pkgconfig'
 /usr/bin/install -c -m 644 libtiff-4.pc '/Users/zyoung/dev/SwiftyTesseract/SwiftyTesseract/SwiftyTesseract/tiff-4.0.10/arm-apple-darwin64/lib/pkgconfig'
cd /Users/zyoung/dev/SwiftyTesseract/SwiftyTesseract/SwiftyTesseract/tiff-4.0.10/x86_64-apple-darwin ; \
	/Applications/Xcode.app/Contents/Developer/usr/bin/make -sj8 && /Applications/Xcode.app/Contents/Developer/usr/bin/make install
Making all in port
libtool: compile:  /Applications/Xcode.app/Contents/Developer/usr/bin/gcc --target=x86_64-apple-darwin -DHAVE_CONFIG_H -I. -I../../port -I../libtiff -I/Users/zyoung/dev/SwiftyTesseract/SwiftyTesseract/SwiftyTesseract/jpeg-9c/x86_64-apple-darwin/include -arch x86_64 -pipe -no-cpp-precomp -isysroot /Applications/Xcode.app/Contents/Developer/Platforms/iPhoneSimulator.platform/Developer/SDKs/iPhoneSimulator13.4.sdk -mios-simulator-version-min=11.0 -O2 -fembed-bitcode -arch x86_64 -pipe -no-cpp-precomp -isysroot /Applications/Xcode.app/Contents/Developer/Platforms/iPhoneSimulator.platform/Developer/SDKs/iPhoneSimulator13.4.sdk -mios-simulator-version-min=11.0 -O2 -fembed-bitcode -Wall -W -MT dummy.lo -MD -MP -MF .deps/dummy.Tpo -c ../../port/dummy.c -o dummy.o
libtool: link: ar cru .libs/libport.a  dummy.o
libtool: link: ranlib .libs/libport.a
libtool: link: ( cd ".libs" && rm -f "libport.la" && ln -s "../libport.la" "libport.la" )
Making all in libtiff
libtool: compile:  /Applications/Xcode.app/Contents/Developer/usr/bin/gcc --target=x86_64-apple-darwin -DHAVE_CONFIG_H -I. -I../../libtiff -I/Users/zyoung/dev/SwiftyTesseract/SwiftyTesseract/SwiftyTesseract/jpeg-9c/x86_64-apple-darwin/include -arch x86_64 -pipe -no-cpp-precomp -isysroot /Applications/Xcode.app/Contents/Developer/Platforms/iPhoneSimulator.platform/Developer/SDKs/iPhoneSimulator13.4.sdk -mios-simulator-version-min=11.0 -O2 -fembed-bitcode -arch x86_64 -pipe -no-cpp-precomp -isysroot /Applications/Xcode.app/Contents/Developer/Platforms/iPhoneSimulator.platform/Developer/SDKs/iPhoneSimulator13.4.sdk -mios-simulator-version-min=11.0 -O2 -fembed-bitcode -Wall -W -MT tif_aux.lo -MD -MP -MF .deps/tif_aux.Tpo -c ../../libtiff/tif_aux.c -o tif_aux.o
libtool: compile:  /Applications/Xcode.app/Contents/Developer/usr/bin/gcc --target=x86_64-apple-darwin -DHAVE_CONFIG_H -I. -I../../libtiff -I/Users/zyoung/dev/SwiftyTesseract/SwiftyTesseract/SwiftyTesseract/jpeg-9c/x86_64-apple-darwin/include -arch x86_64 -pipe -no-cpp-precomp -isysroot /Applications/Xcode.app/Contents/Developer/Platforms/iPhoneSimulator.platform/Developer/SDKs/iPhoneSimulator13.4.sdk -mios-simulator-version-min=11.0 -O2 -fembed-bitcode -arch x86_64 -pipe -no-cpp-precomp -isysroot /Applications/Xcode.app/Contents/Developer/Platforms/iPhoneSimulator.platform/Developer/SDKs/iPhoneSimulator13.4.sdk -mios-simulator-version-min=11.0 -O2 -fembed-bitcode -Wall -W -MT tif_compress.lo -MD -MP -MF .deps/tif_compress.Tpo -c ../../libtiff/tif_compress.c -o tif_compress.o
libtool: compile:  /Applications/Xcode.app/Contents/Developer/usr/bin/gcc --target=x86_64-apple-darwin -DHAVE_CONFIG_H -I. -I../../libtiff -I/Users/zyoung/dev/SwiftyTesseract/SwiftyTesseract/SwiftyTesseract/jpeg-9c/x86_64-apple-darwin/include -arch x86_64 -pipe -no-cpp-precomp -isysroot /Applications/Xcode.app/Contents/Developer/Platforms/iPhoneSimulator.platform/Developer/SDKs/iPhoneSimulator13.4.sdk -mios-simulator-version-min=11.0 -O2 -fembed-bitcode -arch x86_64 -pipe -no-cpp-precomp -isysroot /Applications/Xcode.app/Contents/Developer/Platforms/iPhoneSimulator.platform/Developer/SDKs/iPhoneSimulator13.4.sdk -mios-simulator-version-min=11.0 -O2 -fembed-bitcode -Wall -W -MT tif_color.lo -MD -MP -MF .deps/tif_color.Tpo -c ../../libtiff/tif_color.c -o tif_color.o
libtool: compile:  /Applications/Xcode.app/Contents/Developer/usr/bin/gcc --target=x86_64-apple-darwin -DHAVE_CONFIG_H -I. -I../../libtiff -I/Users/zyoung/dev/SwiftyTesseract/SwiftyTesseract/SwiftyTesseract/jpeg-9c/x86_64-apple-darwin/include -arch x86_64 -pipe -no-cpp-precomp -isysroot /Applications/Xcode.app/Contents/Developer/Platforms/iPhoneSimulator.platform/Developer/SDKs/iPhoneSimulator13.4.sdk -mios-simulator-version-min=11.0 -O2 -fembed-bitcode -arch x86_64 -pipe -no-cpp-precomp -isysroot /Applications/Xcode.app/Contents/Developer/Platforms/iPhoneSimulator.platform/Developer/SDKs/iPhoneSimulator13.4.sdk -mios-simulator-version-min=11.0 -O2 -fembed-bitcode -Wall -W -MT tif_codec.lo -MD -MP -MF .deps/tif_codec.Tpo -c ../../libtiff/tif_codec.c -o tif_codec.o
libtool: compile:  /Applications/Xcode.app/Contents/Developer/usr/bin/gcc --target=x86_64-apple-darwin -DHAVE_CONFIG_H -I. -I../../libtiff -I/Users/zyoung/dev/SwiftyTesseract/SwiftyTesseract/SwiftyTesseract/jpeg-9c/x86_64-apple-darwin/include -arch x86_64 -pipe -no-cpp-precomp -isysroot /Applications/Xcode.app/Contents/Developer/Platforms/iPhoneSimulator.platform/Developer/SDKs/iPhoneSimulator13.4.sdk -mios-simulator-version-min=11.0 -O2 -fembed-bitcode -arch x86_64 -pipe -no-cpp-precomp -isysroot /Applications/Xcode.app/Contents/Developer/Platforms/iPhoneSimulator.platform/Developer/SDKs/iPhoneSimulator13.4.sdk -mios-simulator-version-min=11.0 -O2 -fembed-bitcode -Wall -W -MT tif_dir.lo -MD -MP -MF .deps/tif_dir.Tpo -c ../../libtiff/tif_dir.c -o tif_dir.o
libtool: compile:  /Applications/Xcode.app/Contents/Developer/usr/bin/gcc --target=x86_64-apple-darwin -DHAVE_CONFIG_H -I. -I../../libtiff -I/Users/zyoung/dev/SwiftyTesseract/SwiftyTesseract/SwiftyTesseract/jpeg-9c/x86_64-apple-darwin/include -arch x86_64 -pipe -no-cpp-precomp -isysroot /Applications/Xcode.app/Contents/Developer/Platforms/iPhoneSimulator.platform/Developer/SDKs/iPhoneSimulator13.4.sdk -mios-simulator-version-min=11.0 -O2 -fembed-bitcode -arch x86_64 -pipe -no-cpp-precomp -isysroot /Applications/Xcode.app/Contents/Developer/Platforms/iPhoneSimulator.platform/Developer/SDKs/iPhoneSimulator13.4.sdk -mios-simulator-version-min=11.0 -O2 -fembed-bitcode -Wall -W -MT tif_close.lo -MD -MP -MF .deps/tif_close.Tpo -c ../../libtiff/tif_close.c -o tif_close.o
libtool: compile:  /Applications/Xcode.app/Contents/Developer/usr/bin/gcc --target=x86_64-apple-darwin -DHAVE_CONFIG_H -I. -I../../libtiff -I/Users/zyoung/dev/SwiftyTesseract/SwiftyTesseract/SwiftyTesseract/jpeg-9c/x86_64-apple-darwin/include -arch x86_64 -pipe -no-cpp-precomp -isysroot /Applications/Xcode.app/Contents/Developer/Platforms/iPhoneSimulator.platform/Developer/SDKs/iPhoneSimulator13.4.sdk -mios-simulator-version-min=11.0 -O2 -fembed-bitcode -arch x86_64 -pipe -no-cpp-precomp -isysroot /Applications/Xcode.app/Contents/Developer/Platforms/iPhoneSimulator.platform/Developer/SDKs/iPhoneSimulator13.4.sdk -mios-simulator-version-min=11.0 -O2 -fembed-bitcode -Wall -W -MT tif_dirinfo.lo -MD -MP -MF .deps/tif_dirinfo.Tpo -c ../../libtiff/tif_dirinfo.c -o tif_dirinfo.o
libtool: compile:  /Applications/Xcode.app/Contents/Developer/usr/bin/gcc --target=x86_64-apple-darwin -DHAVE_CONFIG_H -I. -I../../libtiff -I/Users/zyoung/dev/SwiftyTesseract/SwiftyTesseract/SwiftyTesseract/jpeg-9c/x86_64-apple-darwin/include -arch x86_64 -pipe -no-cpp-precomp -isysroot /Applications/Xcode.app/Contents/Developer/Platforms/iPhoneSimulator.platform/Developer/SDKs/iPhoneSimulator13.4.sdk -mios-simulator-version-min=11.0 -O2 -fembed-bitcode -arch x86_64 -pipe -no-cpp-precomp -isysroot /Applications/Xcode.app/Contents/Developer/Platforms/iPhoneSimulator.platform/Developer/SDKs/iPhoneSimulator13.4.sdk -mios-simulator-version-min=11.0 -O2 -fembed-bitcode -Wall -W -MT tif_dirread.lo -MD -MP -MF .deps/tif_dirread.Tpo -c ../../libtiff/tif_dirread.c -o tif_dirread.o
libtool: compile:  /Applications/Xcode.app/Contents/Developer/usr/bin/gcc --target=x86_64-apple-darwin -DHAVE_CONFIG_H -I. -I../../libtiff -I/Users/zyoung/dev/SwiftyTesseract/SwiftyTesseract/SwiftyTesseract/jpeg-9c/x86_64-apple-darwin/include -arch x86_64 -pipe -no-cpp-precomp -isysroot /Applications/Xcode.app/Contents/Developer/Platforms/iPhoneSimulator.platform/Developer/SDKs/iPhoneSimulator13.4.sdk -mios-simulator-version-min=11.0 -O2 -fembed-bitcode -arch x86_64 -pipe -no-cpp-precomp -isysroot /Applications/Xcode.app/Contents/Developer/Platforms/iPhoneSimulator.platform/Developer/SDKs/iPhoneSimulator13.4.sdk -mios-simulator-version-min=11.0 -O2 -fembed-bitcode -Wall -W -MT tif_dirwrite.lo -MD -MP -MF .deps/tif_dirwrite.Tpo -c ../../libtiff/tif_dirwrite.c -o tif_dirwrite.o
libtool: compile:  /Applications/Xcode.app/Contents/Developer/usr/bin/gcc --target=x86_64-apple-darwin -DHAVE_CONFIG_H -I. -I../../libtiff -I/Users/zyoung/dev/SwiftyTesseract/SwiftyTesseract/SwiftyTesseract/jpeg-9c/x86_64-apple-darwin/include -arch x86_64 -pipe -no-cpp-precomp -isysroot /Applications/Xcode.app/Contents/Developer/Platforms/iPhoneSimulator.platform/Developer/SDKs/iPhoneSimulator13.4.sdk -mios-simulator-version-min=11.0 -O2 -fembed-bitcode -arch x86_64 -pipe -no-cpp-precomp -isysroot /Applications/Xcode.app/Contents/Developer/Platforms/iPhoneSimulator.platform/Developer/SDKs/iPhoneSimulator13.4.sdk -mios-simulator-version-min=11.0 -O2 -fembed-bitcode -Wall -W -MT tif_dumpmode.lo -MD -MP -MF .deps/tif_dumpmode.Tpo -c ../../libtiff/tif_dumpmode.c -o tif_dumpmode.o
libtool: compile:  /Applications/Xcode.app/Contents/Developer/usr/bin/gcc --target=x86_64-apple-darwin -DHAVE_CONFIG_H -I. -I../../libtiff -I/Users/zyoung/dev/SwiftyTesseract/SwiftyTesseract/SwiftyTesseract/jpeg-9c/x86_64-apple-darwin/include -arch x86_64 -pipe -no-cpp-precomp -isysroot /Applications/Xcode.app/Contents/Developer/Platforms/iPhoneSimulator.platform/Developer/SDKs/iPhoneSimulator13.4.sdk -mios-simulator-version-min=11.0 -O2 -fembed-bitcode -arch x86_64 -pipe -no-cpp-precomp -isysroot /Applications/Xcode.app/Contents/Developer/Platforms/iPhoneSimulator.platform/Developer/SDKs/iPhoneSimulator13.4.sdk -mios-simulator-version-min=11.0 -O2 -fembed-bitcode -Wall -W -MT tif_error.lo -MD -MP -MF .deps/tif_error.Tpo -c ../../libtiff/tif_error.c -o tif_error.o
libtool: compile:  /Applications/Xcode.app/Contents/Developer/usr/bin/gcc --target=x86_64-apple-darwin -DHAVE_CONFIG_H -I. -I../../libtiff -I/Users/zyoung/dev/SwiftyTesseract/SwiftyTesseract/SwiftyTesseract/jpeg-9c/x86_64-apple-darwin/include -arch x86_64 -pipe -no-cpp-precomp -isysroot /Applications/Xcode.app/Contents/Developer/Platforms/iPhoneSimulator.platform/Developer/SDKs/iPhoneSimulator13.4.sdk -mios-simulator-version-min=11.0 -O2 -fembed-bitcode -arch x86_64 -pipe -no-cpp-precomp -isysroot /Applications/Xcode.app/Contents/Developer/Platforms/iPhoneSimulator.platform/Developer/SDKs/iPhoneSimulator13.4.sdk -mios-simulator-version-min=11.0 -O2 -fembed-bitcode -Wall -W -MT tif_extension.lo -MD -MP -MF .deps/tif_extension.Tpo -c ../../libtiff/tif_extension.c -o tif_extension.o
libtool: compile:  /Applications/Xcode.app/Contents/Developer/usr/bin/gcc --target=x86_64-apple-darwin -DHAVE_CONFIG_H -I. -I../../libtiff -I/Users/zyoung/dev/SwiftyTesseract/SwiftyTesseract/SwiftyTesseract/jpeg-9c/x86_64-apple-darwin/include -arch x86_64 -pipe -no-cpp-precomp -isysroot /Applications/Xcode.app/Contents/Developer/Platforms/iPhoneSimulator.platform/Developer/SDKs/iPhoneSimulator13.4.sdk -mios-simulator-version-min=11.0 -O2 -fembed-bitcode -arch x86_64 -pipe -no-cpp-precomp -isysroot /Applications/Xcode.app/Contents/Developer/Platforms/iPhoneSimulator.platform/Developer/SDKs/iPhoneSimulator13.4.sdk -mios-simulator-version-min=11.0 -O2 -fembed-bitcode -Wall -W -MT tif_fax3.lo -MD -MP -MF .deps/tif_fax3.Tpo -c ../../libtiff/tif_fax3.c -o tif_fax3.o
libtool: compile:  /Applications/Xcode.app/Contents/Developer/usr/bin/gcc --target=x86_64-apple-darwin -DHAVE_CONFIG_H -I. -I../../libtiff -I/Users/zyoung/dev/SwiftyTesseract/SwiftyTesseract/SwiftyTesseract/jpeg-9c/x86_64-apple-darwin/include -arch x86_64 -pipe -no-cpp-precomp -isysroot /Applications/Xcode.app/Contents/Developer/Platforms/iPhoneSimulator.platform/Developer/SDKs/iPhoneSimulator13.4.sdk -mios-simulator-version-min=11.0 -O2 -fembed-bitcode -arch x86_64 -pipe -no-cpp-precomp -isysroot /Applications/Xcode.app/Contents/Developer/Platforms/iPhoneSimulator.platform/Developer/SDKs/iPhoneSimulator13.4.sdk -mios-simulator-version-min=11.0 -O2 -fembed-bitcode -Wall -W -MT tif_fax3sm.lo -MD -MP -MF .deps/tif_fax3sm.Tpo -c ../../libtiff/tif_fax3sm.c -o tif_fax3sm.o
libtool: compile:  /Applications/Xcode.app/Contents/Developer/usr/bin/gcc --target=x86_64-apple-darwin -DHAVE_CONFIG_H -I. -I../../libtiff -I/Users/zyoung/dev/SwiftyTesseract/SwiftyTesseract/SwiftyTesseract/jpeg-9c/x86_64-apple-darwin/include -arch x86_64 -pipe -no-cpp-precomp -isysroot /Applications/Xcode.app/Contents/Developer/Platforms/iPhoneSimulator.platform/Developer/SDKs/iPhoneSimulator13.4.sdk -mios-simulator-version-min=11.0 -O2 -fembed-bitcode -arch x86_64 -pipe -no-cpp-precomp -isysroot /Applications/Xcode.app/Contents/Developer/Platforms/iPhoneSimulator.platform/Developer/SDKs/iPhoneSimulator13.4.sdk -mios-simulator-version-min=11.0 -O2 -fembed-bitcode -Wall -W -MT tif_flush.lo -MD -MP -MF .deps/tif_flush.Tpo -c ../../libtiff/tif_flush.c -o tif_flush.o
libtool: compile:  /Applications/Xcode.app/Contents/Developer/usr/bin/gcc --target=x86_64-apple-darwin -DHAVE_CONFIG_H -I. -I../../libtiff -I/Users/zyoung/dev/SwiftyTesseract/SwiftyTesseract/SwiftyTesseract/jpeg-9c/x86_64-apple-darwin/include -arch x86_64 -pipe -no-cpp-precomp -isysroot /Applications/Xcode.app/Contents/Developer/Platforms/iPhoneSimulator.platform/Developer/SDKs/iPhoneSimulator13.4.sdk -mios-simulator-version-min=11.0 -O2 -fembed-bitcode -arch x86_64 -pipe -no-cpp-precomp -isysroot /Applications/Xcode.app/Contents/Developer/Platforms/iPhoneSimulator.platform/Developer/SDKs/iPhoneSimulator13.4.sdk -mios-simulator-version-min=11.0 -O2 -fembed-bitcode -Wall -W -MT tif_getimage.lo -MD -MP -MF .deps/tif_getimage.Tpo -c ../../libtiff/tif_getimage.c -o tif_getimage.o
libtool: compile:  /Applications/Xcode.app/Contents/Developer/usr/bin/gcc --target=x86_64-apple-darwin -DHAVE_CONFIG_H -I. -I../../libtiff -I/Users/zyoung/dev/SwiftyTesseract/SwiftyTesseract/SwiftyTesseract/jpeg-9c/x86_64-apple-darwin/include -arch x86_64 -pipe -no-cpp-precomp -isysroot /Applications/Xcode.app/Contents/Developer/Platforms/iPhoneSimulator.platform/Developer/SDKs/iPhoneSimulator13.4.sdk -mios-simulator-version-min=11.0 -O2 -fembed-bitcode -arch x86_64 -pipe -no-cpp-precomp -isysroot /Applications/Xcode.app/Contents/Developer/Platforms/iPhoneSimulator.platform/Developer/SDKs/iPhoneSimulator13.4.sdk -mios-simulator-version-min=11.0 -O2 -fembed-bitcode -Wall -W -MT tif_jbig.lo -MD -MP -MF .deps/tif_jbig.Tpo -c ../../libtiff/tif_jbig.c -o tif_jbig.o
libtool: compile:  /Applications/Xcode.app/Contents/Developer/usr/bin/gcc --target=x86_64-apple-darwin -DHAVE_CONFIG_H -I. -I../../libtiff -I/Users/zyoung/dev/SwiftyTesseract/SwiftyTesseract/SwiftyTesseract/jpeg-9c/x86_64-apple-darwin/include -arch x86_64 -pipe -no-cpp-precomp -isysroot /Applications/Xcode.app/Contents/Developer/Platforms/iPhoneSimulator.platform/Developer/SDKs/iPhoneSimulator13.4.sdk -mios-simulator-version-min=11.0 -O2 -fembed-bitcode -arch x86_64 -pipe -no-cpp-precomp -isysroot /Applications/Xcode.app/Contents/Developer/Platforms/iPhoneSimulator.platform/Developer/SDKs/iPhoneSimulator13.4.sdk -mios-simulator-version-min=11.0 -O2 -fembed-bitcode -Wall -W -MT tif_jpeg.lo -MD -MP -MF .deps/tif_jpeg.Tpo -c ../../libtiff/tif_jpeg.c -o tif_jpeg.o
libtool: compile:  /Applications/Xcode.app/Contents/Developer/usr/bin/gcc --target=x86_64-apple-darwin -DHAVE_CONFIG_H -I. -I../../libtiff -I/Users/zyoung/dev/SwiftyTesseract/SwiftyTesseract/SwiftyTesseract/jpeg-9c/x86_64-apple-darwin/include -arch x86_64 -pipe -no-cpp-precomp -isysroot /Applications/Xcode.app/Contents/Developer/Platforms/iPhoneSimulator.platform/Developer/SDKs/iPhoneSimulator13.4.sdk -mios-simulator-version-min=11.0 -O2 -fembed-bitcode -arch x86_64 -pipe -no-cpp-precomp -isysroot /Applications/Xcode.app/Contents/Developer/Platforms/iPhoneSimulator.platform/Developer/SDKs/iPhoneSimulator13.4.sdk -mios-simulator-version-min=11.0 -O2 -fembed-bitcode -Wall -W -MT tif_jpeg_12.lo -MD -MP -MF .deps/tif_jpeg_12.Tpo -c ../../libtiff/tif_jpeg_12.c -o tif_jpeg_12.o
libtool: compile:  /Applications/Xcode.app/Contents/Developer/usr/bin/gcc --target=x86_64-apple-darwin -DHAVE_CONFIG_H -I. -I../../libtiff -I/Users/zyoung/dev/SwiftyTesseract/SwiftyTesseract/SwiftyTesseract/jpeg-9c/x86_64-apple-darwin/include -arch x86_64 -pipe -no-cpp-precomp -isysroot /Applications/Xcode.app/Contents/Developer/Platforms/iPhoneSimulator.platform/Developer/SDKs/iPhoneSimulator13.4.sdk -mios-simulator-version-min=11.0 -O2 -fembed-bitcode -arch x86_64 -pipe -no-cpp-precomp -isysroot /Applications/Xcode.app/Contents/Developer/Platforms/iPhoneSimulator.platform/Developer/SDKs/iPhoneSimulator13.4.sdk -mios-simulator-version-min=11.0 -O2 -fembed-bitcode -Wall -W -MT tif_luv.lo -MD -MP -MF .deps/tif_luv.Tpo -c ../../libtiff/tif_luv.c -o tif_luv.o
libtool: compile:  /Applications/Xcode.app/Contents/Developer/usr/bin/gcc --target=x86_64-apple-darwin -DHAVE_CONFIG_H -I. -I../../libtiff -I/Users/zyoung/dev/SwiftyTesseract/SwiftyTesseract/SwiftyTesseract/jpeg-9c/x86_64-apple-darwin/include -arch x86_64 -pipe -no-cpp-precomp -isysroot /Applications/Xcode.app/Contents/Developer/Platforms/iPhoneSimulator.platform/Developer/SDKs/iPhoneSimulator13.4.sdk -mios-simulator-version-min=11.0 -O2 -fembed-bitcode -arch x86_64 -pipe -no-cpp-precomp -isysroot /Applications/Xcode.app/Contents/Developer/Platforms/iPhoneSimulator.platform/Developer/SDKs/iPhoneSimulator13.4.sdk -mios-simulator-version-min=11.0 -O2 -fembed-bitcode -Wall -W -MT tif_lzma.lo -MD -MP -MF .deps/tif_lzma.Tpo -c ../../libtiff/tif_lzma.c -o tif_lzma.o
libtool: compile:  /Applications/Xcode.app/Contents/Developer/usr/bin/gcc --target=x86_64-apple-darwin -DHAVE_CONFIG_H -I. -I../../libtiff -I/Users/zyoung/dev/SwiftyTesseract/SwiftyTesseract/SwiftyTesseract/jpeg-9c/x86_64-apple-darwin/include -arch x86_64 -pipe -no-cpp-precomp -isysroot /Applications/Xcode.app/Contents/Developer/Platforms/iPhoneSimulator.platform/Developer/SDKs/iPhoneSimulator13.4.sdk -mios-simulator-version-min=11.0 -O2 -fembed-bitcode -arch x86_64 -pipe -no-cpp-precomp -isysroot /Applications/Xcode.app/Contents/Developer/Platforms/iPhoneSimulator.platform/Developer/SDKs/iPhoneSimulator13.4.sdk -mios-simulator-version-min=11.0 -O2 -fembed-bitcode -Wall -W -MT tif_lzw.lo -MD -MP -MF .deps/tif_lzw.Tpo -c ../../libtiff/tif_lzw.c -o tif_lzw.o
libtool: compile:  /Applications/Xcode.app/Contents/Developer/usr/bin/gcc --target=x86_64-apple-darwin -DHAVE_CONFIG_H -I. -I../../libtiff -I/Users/zyoung/dev/SwiftyTesseract/SwiftyTesseract/SwiftyTesseract/jpeg-9c/x86_64-apple-darwin/include -arch x86_64 -pipe -no-cpp-precomp -isysroot /Applications/Xcode.app/Contents/Developer/Platforms/iPhoneSimulator.platform/Developer/SDKs/iPhoneSimulator13.4.sdk -mios-simulator-version-min=11.0 -O2 -fembed-bitcode -arch x86_64 -pipe -no-cpp-precomp -isysroot /Applications/Xcode.app/Contents/Developer/Platforms/iPhoneSimulator.platform/Developer/SDKs/iPhoneSimulator13.4.sdk -mios-simulator-version-min=11.0 -O2 -fembed-bitcode -Wall -W -MT tif_next.lo -MD -MP -MF .deps/tif_next.Tpo -c ../../libtiff/tif_next.c -o tif_next.o
libtool: compile:  /Applications/Xcode.app/Contents/Developer/usr/bin/gcc --target=x86_64-apple-darwin -DHAVE_CONFIG_H -I. -I../../libtiff -I/Users/zyoung/dev/SwiftyTesseract/SwiftyTesseract/SwiftyTesseract/jpeg-9c/x86_64-apple-darwin/include -arch x86_64 -pipe -no-cpp-precomp -isysroot /Applications/Xcode.app/Contents/Developer/Platforms/iPhoneSimulator.platform/Developer/SDKs/iPhoneSimulator13.4.sdk -mios-simulator-version-min=11.0 -O2 -fembed-bitcode -arch x86_64 -pipe -no-cpp-precomp -isysroot /Applications/Xcode.app/Contents/Developer/Platforms/iPhoneSimulator.platform/Developer/SDKs/iPhoneSimulator13.4.sdk -mios-simulator-version-min=11.0 -O2 -fembed-bitcode -Wall -W -MT tif_ojpeg.lo -MD -MP -MF .deps/tif_ojpeg.Tpo -c ../../libtiff/tif_ojpeg.c -o tif_ojpeg.o
libtool: compile:  /Applications/Xcode.app/Contents/Developer/usr/bin/gcc --target=x86_64-apple-darwin -DHAVE_CONFIG_H -I. -I../../libtiff -I/Users/zyoung/dev/SwiftyTesseract/SwiftyTesseract/SwiftyTesseract/jpeg-9c/x86_64-apple-darwin/include -arch x86_64 -pipe -no-cpp-precomp -isysroot /Applications/Xcode.app/Contents/Developer/Platforms/iPhoneSimulator.platform/Developer/SDKs/iPhoneSimulator13.4.sdk -mios-simulator-version-min=11.0 -O2 -fembed-bitcode -arch x86_64 -pipe -no-cpp-precomp -isysroot /Applications/Xcode.app/Contents/Developer/Platforms/iPhoneSimulator.platform/Developer/SDKs/iPhoneSimulator13.4.sdk -mios-simulator-version-min=11.0 -O2 -fembed-bitcode -Wall -W -MT tif_open.lo -MD -MP -MF .deps/tif_open.Tpo -c ../../libtiff/tif_open.c -o tif_open.o
libtool: compile:  /Applications/Xcode.app/Contents/Developer/usr/bin/gcc --target=x86_64-apple-darwin -DHAVE_CONFIG_H -I. -I../../libtiff -I/Users/zyoung/dev/SwiftyTesseract/SwiftyTesseract/SwiftyTesseract/jpeg-9c/x86_64-apple-darwin/include -arch x86_64 -pipe -no-cpp-precomp -isysroot /Applications/Xcode.app/Contents/Developer/Platforms/iPhoneSimulator.platform/Developer/SDKs/iPhoneSimulator13.4.sdk -mios-simulator-version-min=11.0 -O2 -fembed-bitcode -arch x86_64 -pipe -no-cpp-precomp -isysroot /Applications/Xcode.app/Contents/Developer/Platforms/iPhoneSimulator.platform/Developer/SDKs/iPhoneSimulator13.4.sdk -mios-simulator-version-min=11.0 -O2 -fembed-bitcode -Wall -W -MT tif_packbits.lo -MD -MP -MF .deps/tif_packbits.Tpo -c ../../libtiff/tif_packbits.c -o tif_packbits.o
libtool: compile:  /Applications/Xcode.app/Contents/Developer/usr/bin/gcc --target=x86_64-apple-darwin -DHAVE_CONFIG_H -I. -I../../libtiff -I/Users/zyoung/dev/SwiftyTesseract/SwiftyTesseract/SwiftyTesseract/jpeg-9c/x86_64-apple-darwin/include -arch x86_64 -pipe -no-cpp-precomp -isysroot /Applications/Xcode.app/Contents/Developer/Platforms/iPhoneSimulator.platform/Developer/SDKs/iPhoneSimulator13.4.sdk -mios-simulator-version-min=11.0 -O2 -fembed-bitcode -arch x86_64 -pipe -no-cpp-precomp -isysroot /Applications/Xcode.app/Contents/Developer/Platforms/iPhoneSimulator.platform/Developer/SDKs/iPhoneSimulator13.4.sdk -mios-simulator-version-min=11.0 -O2 -fembed-bitcode -Wall -W -MT tif_pixarlog.lo -MD -MP -MF .deps/tif_pixarlog.Tpo -c ../../libtiff/tif_pixarlog.c -o tif_pixarlog.o
libtool: compile:  /Applications/Xcode.app/Contents/Developer/usr/bin/gcc --target=x86_64-apple-darwin -DHAVE_CONFIG_H -I. -I../../libtiff -I/Users/zyoung/dev/SwiftyTesseract/SwiftyTesseract/SwiftyTesseract/jpeg-9c/x86_64-apple-darwin/include -arch x86_64 -pipe -no-cpp-precomp -isysroot /Applications/Xcode.app/Contents/Developer/Platforms/iPhoneSimulator.platform/Developer/SDKs/iPhoneSimulator13.4.sdk -mios-simulator-version-min=11.0 -O2 -fembed-bitcode -arch x86_64 -pipe -no-cpp-precomp -isysroot /Applications/Xcode.app/Contents/Developer/Platforms/iPhoneSimulator.platform/Developer/SDKs/iPhoneSimulator13.4.sdk -mios-simulator-version-min=11.0 -O2 -fembed-bitcode -Wall -W -MT tif_predict.lo -MD -MP -MF .deps/tif_predict.Tpo -c ../../libtiff/tif_predict.c -o tif_predict.o
libtool: compile:  /Applications/Xcode.app/Contents/Developer/usr/bin/gcc --target=x86_64-apple-darwin -DHAVE_CONFIG_H -I. -I../../libtiff -I/Users/zyoung/dev/SwiftyTesseract/SwiftyTesseract/SwiftyTesseract/jpeg-9c/x86_64-apple-darwin/include -arch x86_64 -pipe -no-cpp-precomp -isysroot /Applications/Xcode.app/Contents/Developer/Platforms/iPhoneSimulator.platform/Developer/SDKs/iPhoneSimulator13.4.sdk -mios-simulator-version-min=11.0 -O2 -fembed-bitcode -arch x86_64 -pipe -no-cpp-precomp -isysroot /Applications/Xcode.app/Contents/Developer/Platforms/iPhoneSimulator.platform/Developer/SDKs/iPhoneSimulator13.4.sdk -mios-simulator-version-min=11.0 -O2 -fembed-bitcode -Wall -W -MT tif_print.lo -MD -MP -MF .deps/tif_print.Tpo -c ../../libtiff/tif_print.c -o tif_print.o
libtool: compile:  /Applications/Xcode.app/Contents/Developer/usr/bin/gcc --target=x86_64-apple-darwin -DHAVE_CONFIG_H -I. -I../../libtiff -I/Users/zyoung/dev/SwiftyTesseract/SwiftyTesseract/SwiftyTesseract/jpeg-9c/x86_64-apple-darwin/include -arch x86_64 -pipe -no-cpp-precomp -isysroot /Applications/Xcode.app/Contents/Developer/Platforms/iPhoneSimulator.platform/Developer/SDKs/iPhoneSimulator13.4.sdk -mios-simulator-version-min=11.0 -O2 -fembed-bitcode -arch x86_64 -pipe -no-cpp-precomp -isysroot /Applications/Xcode.app/Contents/Developer/Platforms/iPhoneSimulator.platform/Developer/SDKs/iPhoneSimulator13.4.sdk -mios-simulator-version-min=11.0 -O2 -fembed-bitcode -Wall -W -MT tif_read.lo -MD -MP -MF .deps/tif_read.Tpo -c ../../libtiff/tif_read.c -o tif_read.o
libtool: compile:  /Applications/Xcode.app/Contents/Developer/usr/bin/gcc --target=x86_64-apple-darwin -DHAVE_CONFIG_H -I. -I../../libtiff -I/Users/zyoung/dev/SwiftyTesseract/SwiftyTesseract/SwiftyTesseract/jpeg-9c/x86_64-apple-darwin/include -arch x86_64 -pipe -no-cpp-precomp -isysroot /Applications/Xcode.app/Contents/Developer/Platforms/iPhoneSimulator.platform/Developer/SDKs/iPhoneSimulator13.4.sdk -mios-simulator-version-min=11.0 -O2 -fembed-bitcode -arch x86_64 -pipe -no-cpp-precomp -isysroot /Applications/Xcode.app/Contents/Developer/Platforms/iPhoneSimulator.platform/Developer/SDKs/iPhoneSimulator13.4.sdk -mios-simulator-version-min=11.0 -O2 -fembed-bitcode -Wall -W -MT tif_strip.lo -MD -MP -MF .deps/tif_strip.Tpo -c ../../libtiff/tif_strip.c -o tif_strip.o
libtool: compile:  /Applications/Xcode.app/Contents/Developer/usr/bin/gcc --target=x86_64-apple-darwin -DHAVE_CONFIG_H -I. -I../../libtiff -I/Users/zyoung/dev/SwiftyTesseract/SwiftyTesseract/SwiftyTesseract/jpeg-9c/x86_64-apple-darwin/include -arch x86_64 -pipe -no-cpp-precomp -isysroot /Applications/Xcode.app/Contents/Developer/Platforms/iPhoneSimulator.platform/Developer/SDKs/iPhoneSimulator13.4.sdk -mios-simulator-version-min=11.0 -O2 -fembed-bitcode -arch x86_64 -pipe -no-cpp-precomp -isysroot /Applications/Xcode.app/Contents/Developer/Platforms/iPhoneSimulator.platform/Developer/SDKs/iPhoneSimulator13.4.sdk -mios-simulator-version-min=11.0 -O2 -fembed-bitcode -Wall -W -MT tif_swab.lo -MD -MP -MF .deps/tif_swab.Tpo -c ../../libtiff/tif_swab.c -o tif_swab.o
libtool: compile:  /Applications/Xcode.app/Contents/Developer/usr/bin/gcc --target=x86_64-apple-darwin -DHAVE_CONFIG_H -I. -I../../libtiff -I/Users/zyoung/dev/SwiftyTesseract/SwiftyTesseract/SwiftyTesseract/jpeg-9c/x86_64-apple-darwin/include -arch x86_64 -pipe -no-cpp-precomp -isysroot /Applications/Xcode.app/Contents/Developer/Platforms/iPhoneSimulator.platform/Developer/SDKs/iPhoneSimulator13.4.sdk -mios-simulator-version-min=11.0 -O2 -fembed-bitcode -arch x86_64 -pipe -no-cpp-precomp -isysroot /Applications/Xcode.app/Contents/Developer/Platforms/iPhoneSimulator.platform/Developer/SDKs/iPhoneSimulator13.4.sdk -mios-simulator-version-min=11.0 -O2 -fembed-bitcode -Wall -W -MT tif_tile.lo -MD -MP -MF .deps/tif_tile.Tpo -c ../../libtiff/tif_tile.c -o tif_tile.o
libtool: compile:  /Applications/Xcode.app/Contents/Developer/usr/bin/gcc --target=x86_64-apple-darwin -DHAVE_CONFIG_H -I. -I../../libtiff -I/Users/zyoung/dev/SwiftyTesseract/SwiftyTesseract/SwiftyTesseract/jpeg-9c/x86_64-apple-darwin/include -arch x86_64 -pipe -no-cpp-precomp -isysroot /Applications/Xcode.app/Contents/Developer/Platforms/iPhoneSimulator.platform/Developer/SDKs/iPhoneSimulator13.4.sdk -mios-simulator-version-min=11.0 -O2 -fembed-bitcode -arch x86_64 -pipe -no-cpp-precomp -isysroot /Applications/Xcode.app/Contents/Developer/Platforms/iPhoneSimulator.platform/Developer/SDKs/iPhoneSimulator13.4.sdk -mios-simulator-version-min=11.0 -O2 -fembed-bitcode -Wall -W -MT tif_thunder.lo -MD -MP -MF .deps/tif_thunder.Tpo -c ../../libtiff/tif_thunder.c -o tif_thunder.o
libtool: compile:  /Applications/Xcode.app/Contents/Developer/usr/bin/gcc --target=x86_64-apple-darwin -DHAVE_CONFIG_H -I. -I../../libtiff -I/Users/zyoung/dev/SwiftyTesseract/SwiftyTesseract/SwiftyTesseract/jpeg-9c/x86_64-apple-darwin/include -arch x86_64 -pipe -no-cpp-precomp -isysroot /Applications/Xcode.app/Contents/Developer/Platforms/iPhoneSimulator.platform/Developer/SDKs/iPhoneSimulator13.4.sdk -mios-simulator-version-min=11.0 -O2 -fembed-bitcode -arch x86_64 -pipe -no-cpp-precomp -isysroot /Applications/Xcode.app/Contents/Developer/Platforms/iPhoneSimulator.platform/Developer/SDKs/iPhoneSimulator13.4.sdk -mios-simulator-version-min=11.0 -O2 -fembed-bitcode -Wall -W -MT tif_version.lo -MD -MP -MF .deps/tif_version.Tpo -c ../../libtiff/tif_version.c -o tif_version.o
libtool: compile:  /Applications/Xcode.app/Contents/Developer/usr/bin/gcc --target=x86_64-apple-darwin -DHAVE_CONFIG_H -I. -I../../libtiff -I/Users/zyoung/dev/SwiftyTesseract/SwiftyTesseract/SwiftyTesseract/jpeg-9c/x86_64-apple-darwin/include -arch x86_64 -pipe -no-cpp-precomp -isysroot /Applications/Xcode.app/Contents/Developer/Platforms/iPhoneSimulator.platform/Developer/SDKs/iPhoneSimulator13.4.sdk -mios-simulator-version-min=11.0 -O2 -fembed-bitcode -arch x86_64 -pipe -no-cpp-precomp -isysroot /Applications/Xcode.app/Contents/Developer/Platforms/iPhoneSimulator.platform/Developer/SDKs/iPhoneSimulator13.4.sdk -mios-simulator-version-min=11.0 -O2 -fembed-bitcode -Wall -W -MT tif_warning.lo -MD -MP -MF .deps/tif_warning.Tpo -c ../../libtiff/tif_warning.c -o tif_warning.o
libtool: compile:  /Applications/Xcode.app/Contents/Developer/usr/bin/gcc --target=x86_64-apple-darwin -DHAVE_CONFIG_H -I. -I../../libtiff -I/Users/zyoung/dev/SwiftyTesseract/SwiftyTesseract/SwiftyTesseract/jpeg-9c/x86_64-apple-darwin/include -arch x86_64 -pipe -no-cpp-precomp -isysroot /Applications/Xcode.app/Contents/Developer/Platforms/iPhoneSimulator.platform/Developer/SDKs/iPhoneSimulator13.4.sdk -mios-simulator-version-min=11.0 -O2 -fembed-bitcode -arch x86_64 -pipe -no-cpp-precomp -isysroot /Applications/Xcode.app/Contents/Developer/Platforms/iPhoneSimulator.platform/Developer/SDKs/iPhoneSimulator13.4.sdk -mios-simulator-version-min=11.0 -O2 -fembed-bitcode -Wall -W -MT tif_webp.lo -MD -MP -MF .deps/tif_webp.Tpo -c ../../libtiff/tif_webp.c -o tif_webp.o
libtool: compile:  /Applications/Xcode.app/Contents/Developer/usr/bin/gcc --target=x86_64-apple-darwin -DHAVE_CONFIG_H -I. -I../../libtiff -I/Users/zyoung/dev/SwiftyTesseract/SwiftyTesseract/SwiftyTesseract/jpeg-9c/x86_64-apple-darwin/include -arch x86_64 -pipe -no-cpp-precomp -isysroot /Applications/Xcode.app/Contents/Developer/Platforms/iPhoneSimulator.platform/Developer/SDKs/iPhoneSimulator13.4.sdk -mios-simulator-version-min=11.0 -O2 -fembed-bitcode -arch x86_64 -pipe -no-cpp-precomp -isysroot /Applications/Xcode.app/Contents/Developer/Platforms/iPhoneSimulator.platform/Developer/SDKs/iPhoneSimulator13.4.sdk -mios-simulator-version-min=11.0 -O2 -fembed-bitcode -Wall -W -MT tif_write.lo -MD -MP -MF .deps/tif_write.Tpo -c ../../libtiff/tif_write.c -o tif_write.o
libtool: compile:  /Applications/Xcode.app/Contents/Developer/usr/bin/gcc --target=x86_64-apple-darwin -DHAVE_CONFIG_H -I. -I../../libtiff -I/Users/zyoung/dev/SwiftyTesseract/SwiftyTesseract/SwiftyTesseract/jpeg-9c/x86_64-apple-darwin/include -arch x86_64 -pipe -no-cpp-precomp -isysroot /Applications/Xcode.app/Contents/Developer/Platforms/iPhoneSimulator.platform/Developer/SDKs/iPhoneSimulator13.4.sdk -mios-simulator-version-min=11.0 -O2 -fembed-bitcode -arch x86_64 -pipe -no-cpp-precomp -isysroot /Applications/Xcode.app/Contents/Developer/Platforms/iPhoneSimulator.platform/Developer/SDKs/iPhoneSimulator13.4.sdk -mios-simulator-version-min=11.0 -O2 -fembed-bitcode -Wall -W -MT tif_zstd.lo -MD -MP -MF .deps/tif_zstd.Tpo -c ../../libtiff/tif_zstd.c -o tif_zstd.o
libtool: compile:  /Applications/Xcode.app/Contents/Developer/usr/bin/gcc --target=x86_64-apple-darwin -DHAVE_CONFIG_H -I. -I../../libtiff -I/Users/zyoung/dev/SwiftyTesseract/SwiftyTesseract/SwiftyTesseract/jpeg-9c/x86_64-apple-darwin/include -arch x86_64 -pipe -no-cpp-precomp -isysroot /Applications/Xcode.app/Contents/Developer/Platforms/iPhoneSimulator.platform/Developer/SDKs/iPhoneSimulator13.4.sdk -mios-simulator-version-min=11.0 -O2 -fembed-bitcode -arch x86_64 -pipe -no-cpp-precomp -isysroot /Applications/Xcode.app/Contents/Developer/Platforms/iPhoneSimulator.platform/Developer/SDKs/iPhoneSimulator13.4.sdk -mios-simulator-version-min=11.0 -O2 -fembed-bitcode -Wall -W -MT tif_zip.lo -MD -MP -MF .deps/tif_zip.Tpo -c ../../libtiff/tif_zip.c -o tif_zip.o
libtool: compile:  /Applications/Xcode.app/Contents/Developer/usr/bin/gcc --target=x86_64-apple-darwin -DHAVE_CONFIG_H -I. -I../../libtiff -I/Users/zyoung/dev/SwiftyTesseract/SwiftyTesseract/SwiftyTesseract/jpeg-9c/x86_64-apple-darwin/include -arch x86_64 -pipe -no-cpp-precomp -isysroot /Applications/Xcode.app/Contents/Developer/Platforms/iPhoneSimulator.platform/Developer/SDKs/iPhoneSimulator13.4.sdk -mios-simulator-version-min=11.0 -O2 -fembed-bitcode -arch x86_64 -pipe -no-cpp-precomp -isysroot /Applications/Xcode.app/Contents/Developer/Platforms/iPhoneSimulator.platform/Developer/SDKs/iPhoneSimulator13.4.sdk -mios-simulator-version-min=11.0 -O2 -fembed-bitcode -Wall -W -MT tif_unix.lo -MD -MP -MF .deps/tif_unix.Tpo -c ../../libtiff/tif_unix.c -o tif_unix.o
libtool: compile:  /Applications/Xcode.app/Contents/Developer/usr/bin/g++ --target=x86_64-apple-darwin -DHAVE_CONFIG_H -I. -I../../libtiff -I/Users/zyoung/dev/SwiftyTesseract/SwiftyTesseract/SwiftyTesseract/jpeg-9c/x86_64-apple-darwin/include -arch x86_64 -pipe -no-cpp-precomp -isysroot /Applications/Xcode.app/Contents/Developer/Platforms/iPhoneSimulator.platform/Developer/SDKs/iPhoneSimulator13.4.sdk -mios-simulator-version-min=11.0 -O2 -fembed-bitcode -arch x86_64 -pipe -no-cpp-precomp -isysroot /Applications/Xcode.app/Contents/Developer/Platforms/iPhoneSimulator.platform/Developer/SDKs/iPhoneSimulator13.4.sdk -mios-simulator-version-min=11.0 -O2 -fembed-bitcode -Wno-deprecated-register -MT tif_stream.lo -MD -MP -MF .deps/tif_stream.Tpo -c ../../libtiff/tif_stream.cxx -o tif_stream.o
libtool: link: /Applications/Xcode.app/Contents/Developer/usr/bin/gcc --target=x86_64-apple-darwin -arch x86_64 -pipe -no-cpp-precomp -isysroot /Applications/Xcode.app/Contents/Developer/Platforms/iPhoneSimulator.platform/Developer/SDKs/iPhoneSimulator13.4.sdk -mios-simulator-version-min=11.0 -O2 -fembed-bitcode -Wall -W -o mkg3states mkg3states.o  -L/Users/zyoung/dev/SwiftyTesseract/SwiftyTesseract/SwiftyTesseract/jpeg-9c/x86_64-apple-darwin/lib -L/Applications/Xcode.app/Contents/Developer/Platforms/iPhoneSimulator.platform/Developer/SDKs/iPhoneSimulator13.4.sdk/usr/lib/ ../port/.libs/libport.a /Users/zyoung/dev/SwiftyTesseract/SwiftyTesseract/SwiftyTesseract/jpeg-9c/x86_64-apple-darwin/lib/libjpeg.a -lz
libtool: link: (cd .libs/libtiff.lax/libport.a && ar x "/Users/zyoung/dev/SwiftyTesseract/SwiftyTesseract/SwiftyTesseract/tiff-4.0.10/x86_64-apple-darwin/libtiff/../port/.libs/libport.a")
libtool: link: ar cru .libs/libtiff.a  tif_aux.o tif_close.o tif_codec.o tif_color.o tif_compress.o tif_dir.o tif_dirinfo.o tif_dirread.o tif_dirwrite.o tif_dumpmode.o tif_error.o tif_extension.o tif_fax3.o tif_fax3sm.o tif_flush.o tif_getimage.o tif_jbig.o tif_jpeg.o tif_jpeg_12.o tif_luv.o tif_lzma.o tif_lzw.o tif_next.o tif_ojpeg.o tif_open.o tif_packbits.o tif_pixarlog.o tif_predict.o tif_print.o tif_read.o tif_strip.o tif_swab.o tif_thunder.o tif_tile.o tif_version.o tif_warning.o tif_webp.o tif_write.o tif_zip.o tif_zstd.o tif_unix.o  .libs/libtiff.lax/libport.a/dummy.o 
libtool: link: ranlib .libs/libtiff.a
libtool: link: rm -fr .libs/libtiff.lax
libtool: link: ( cd ".libs" && rm -f "libtiff.la" && ln -s "../libtiff.la" "libtiff.la" )
libtool: link: (cd .libs/libtiffxx.lax/libport.a && ar x "/Users/zyoung/dev/SwiftyTesseract/SwiftyTesseract/SwiftyTesseract/tiff-4.0.10/x86_64-apple-darwin/libtiff/../port/.libs/libport.a")
libtool: link: ar cru .libs/libtiffxx.a  tif_stream.o  .libs/libtiffxx.lax/libport.a/dummy.o 
libtool: link: ranlib .libs/libtiffxx.a
libtool: link: rm -fr .libs/libtiffxx.lax
libtool: link: ( cd ".libs" && rm -f "libtiffxx.la" && ln -s "../libtiffxx.la" "libtiffxx.la" )
Making all in tools
../../tools/tiffcrop.c:2151:37: warning: size argument in 'strncat' call appears to be size of the source [-Wstrncat-size]
      strncat (exportname, filenum, sizeof(filenum)-1);
                                    ^~~~~~~~~~~~~~~~~
../../tools/tiffcrop.c:2151:37: note: change the argument to be the free space in the destination buffer minus the terminating null byte
      strncat (exportname, filenum, sizeof(filenum)-1);
                                    ^~~~~~~~~~~~~~~~~
                                    sizeof(exportname) - strlen(exportname) - 1
libtool: link: /Applications/Xcode.app/Contents/Developer/usr/bin/gcc --target=x86_64-apple-darwin -arch x86_64 -pipe -no-cpp-precomp -isysroot /Applications/Xcode.app/Contents/Developer/Platforms/iPhoneSimulator.platform/Developer/SDKs/iPhoneSimulator13.4.sdk -mios-simulator-version-min=11.0 -O2 -fembed-bitcode -Wall -W -o fax2ps fax2ps.o  -L/Users/zyoung/dev/SwiftyTesseract/SwiftyTesseract/SwiftyTesseract/jpeg-9c/x86_64-apple-darwin/lib -L/Applications/Xcode.app/Contents/Developer/Platforms/iPhoneSimulator.platform/Developer/SDKs/iPhoneSimulator13.4.sdk/usr/lib/ ../libtiff/.libs/libtiff.a ../port/.libs/libport.a /Users/zyoung/dev/SwiftyTesseract/SwiftyTesseract/SwiftyTesseract/jpeg-9c/x86_64-apple-darwin/lib/libjpeg.a -lz
libtool: link: /Applications/Xcode.app/Contents/Developer/usr/bin/gcc --target=x86_64-apple-darwin -arch x86_64 -pipe -no-cpp-precomp -isysroot /Applications/Xcode.app/Contents/Developer/Platforms/iPhoneSimulator.platform/Developer/SDKs/iPhoneSimulator13.4.sdk -mios-simulator-version-min=11.0 -O2 -fembed-bitcode -Wall -W -o fax2tiff fax2tiff.o  -L/Users/zyoung/dev/SwiftyTesseract/SwiftyTesseract/SwiftyTesseract/jpeg-9c/x86_64-apple-darwin/lib -L/Applications/Xcode.app/Contents/Developer/Platforms/iPhoneSimulator.platform/Developer/SDKs/iPhoneSimulator13.4.sdk/usr/lib/ ../libtiff/.libs/libtiff.a ../port/.libs/libport.a /Users/zyoung/dev/SwiftyTesseract/SwiftyTesseract/SwiftyTesseract/jpeg-9c/x86_64-apple-darwin/lib/libjpeg.a -lz
libtool: link: /Applications/Xcode.app/Contents/Developer/usr/bin/gcc --target=x86_64-apple-darwin -arch x86_64 -pipe -no-cpp-precomp -isysroot /Applications/Xcode.app/Contents/Developer/Platforms/iPhoneSimulator.platform/Developer/SDKs/iPhoneSimulator13.4.sdk -mios-simulator-version-min=11.0 -O2 -fembed-bitcode -Wall -W -o pal2rgb pal2rgb.o  -L/Users/zyoung/dev/SwiftyTesseract/SwiftyTesseract/SwiftyTesseract/jpeg-9c/x86_64-apple-darwin/lib -L/Applications/Xcode.app/Contents/Developer/Platforms/iPhoneSimulator.platform/Developer/SDKs/iPhoneSimulator13.4.sdk/usr/lib/ ../libtiff/.libs/libtiff.a ../port/.libs/libport.a /Users/zyoung/dev/SwiftyTesseract/SwiftyTesseract/SwiftyTesseract/jpeg-9c/x86_64-apple-darwin/lib/libjpeg.a -lz
libtool: link: /Applications/Xcode.app/Contents/Developer/usr/bin/gcc --target=x86_64-apple-darwin -arch x86_64 -pipe -no-cpp-precomp -isysroot /Applications/Xcode.app/Contents/Developer/Platforms/iPhoneSimulator.platform/Developer/SDKs/iPhoneSimulator13.4.sdk -mios-simulator-version-min=11.0 -O2 -fembed-bitcode -Wall -W -o ppm2tiff ppm2tiff.o  -L/Users/zyoung/dev/SwiftyTesseract/SwiftyTesseract/SwiftyTesseract/jpeg-9c/x86_64-apple-darwin/lib -L/Applications/Xcode.app/Contents/Developer/Platforms/iPhoneSimulator.platform/Developer/SDKs/iPhoneSimulator13.4.sdk/usr/lib/ ../libtiff/.libs/libtiff.a ../port/.libs/libport.a /Users/zyoung/dev/SwiftyTesseract/SwiftyTesseract/SwiftyTesseract/jpeg-9c/x86_64-apple-darwin/lib/libjpeg.a -lz
libtool: link: /Applications/Xcode.app/Contents/Developer/usr/bin/gcc --target=x86_64-apple-darwin -arch x86_64 -pipe -no-cpp-precomp -isysroot /Applications/Xcode.app/Contents/Developer/Platforms/iPhoneSimulator.platform/Developer/SDKs/iPhoneSimulator13.4.sdk -mios-simulator-version-min=11.0 -O2 -fembed-bitcode -Wall -W -o raw2tiff raw2tiff.o  -L/Users/zyoung/dev/SwiftyTesseract/SwiftyTesseract/SwiftyTesseract/jpeg-9c/x86_64-apple-darwin/lib -L/Applications/Xcode.app/Contents/Developer/Platforms/iPhoneSimulator.platform/Developer/SDKs/iPhoneSimulator13.4.sdk/usr/lib/ ../libtiff/.libs/libtiff.a ../port/.libs/libport.a /Users/zyoung/dev/SwiftyTesseract/SwiftyTesseract/SwiftyTesseract/jpeg-9c/x86_64-apple-darwin/lib/libjpeg.a -lz
libtool: link: /Applications/Xcode.app/Contents/Developer/usr/bin/gcc --target=x86_64-apple-darwin -arch x86_64 -pipe -no-cpp-precomp -isysroot /Applications/Xcode.app/Contents/Developer/Platforms/iPhoneSimulator.platform/Developer/SDKs/iPhoneSimulator13.4.sdk -mios-simulator-version-min=11.0 -O2 -fembed-bitcode -Wall -W -o tiff2bw tiff2bw.o  -L/Users/zyoung/dev/SwiftyTesseract/SwiftyTesseract/SwiftyTesseract/jpeg-9c/x86_64-apple-darwin/lib -L/Applications/Xcode.app/Contents/Developer/Platforms/iPhoneSimulator.platform/Developer/SDKs/iPhoneSimulator13.4.sdk/usr/lib/ ../libtiff/.libs/libtiff.a ../port/.libs/libport.a /Users/zyoung/dev/SwiftyTesseract/SwiftyTesseract/SwiftyTesseract/jpeg-9c/x86_64-apple-darwin/lib/libjpeg.a -lz
libtool: link: /Applications/Xcode.app/Contents/Developer/usr/bin/gcc --target=x86_64-apple-darwin -arch x86_64 -pipe -no-cpp-precomp -isysroot /Applications/Xcode.app/Contents/Developer/Platforms/iPhoneSimulator.platform/Developer/SDKs/iPhoneSimulator13.4.sdk -mios-simulator-version-min=11.0 -O2 -fembed-bitcode -Wall -W -o tiff2ps tiff2ps.o  -L/Users/zyoung/dev/SwiftyTesseract/SwiftyTesseract/SwiftyTesseract/jpeg-9c/x86_64-apple-darwin/lib -L/Applications/Xcode.app/Contents/Developer/Platforms/iPhoneSimulator.platform/Developer/SDKs/iPhoneSimulator13.4.sdk/usr/lib/ ../libtiff/.libs/libtiff.a ../port/.libs/libport.a /Users/zyoung/dev/SwiftyTesseract/SwiftyTesseract/SwiftyTesseract/jpeg-9c/x86_64-apple-darwin/lib/libjpeg.a -lz
libtool: link: /Applications/Xcode.app/Contents/Developer/usr/bin/gcc --target=x86_64-apple-darwin -arch x86_64 -pipe -no-cpp-precomp -isysroot /Applications/Xcode.app/Contents/Developer/Platforms/iPhoneSimulator.platform/Developer/SDKs/iPhoneSimulator13.4.sdk -mios-simulator-version-min=11.0 -O2 -fembed-bitcode -Wall -W -o tiff2rgba tiff2rgba.o  -L/Users/zyoung/dev/SwiftyTesseract/SwiftyTesseract/SwiftyTesseract/jpeg-9c/x86_64-apple-darwin/lib -L/Applications/Xcode.app/Contents/Developer/Platforms/iPhoneSimulator.platform/Developer/SDKs/iPhoneSimulator13.4.sdk/usr/lib/ ../libtiff/.libs/libtiff.a ../port/.libs/libport.a /Users/zyoung/dev/SwiftyTesseract/SwiftyTesseract/SwiftyTesseract/jpeg-9c/x86_64-apple-darwin/lib/libjpeg.a -lz
libtool: link: /Applications/Xcode.app/Contents/Developer/usr/bin/gcc --target=x86_64-apple-darwin -arch x86_64 -pipe -no-cpp-precomp -isysroot /Applications/Xcode.app/Contents/Developer/Platforms/iPhoneSimulator.platform/Developer/SDKs/iPhoneSimulator13.4.sdk -mios-simulator-version-min=11.0 -O2 -fembed-bitcode -Wall -W -o tiffcmp tiffcmp.o  -L/Users/zyoung/dev/SwiftyTesseract/SwiftyTesseract/SwiftyTesseract/jpeg-9c/x86_64-apple-darwin/lib -L/Applications/Xcode.app/Contents/Developer/Platforms/iPhoneSimulator.platform/Developer/SDKs/iPhoneSimulator13.4.sdk/usr/lib/ ../libtiff/.libs/libtiff.a ../port/.libs/libport.a /Users/zyoung/dev/SwiftyTesseract/SwiftyTesseract/SwiftyTesseract/jpeg-9c/x86_64-apple-darwin/lib/libjpeg.a -lz
libtool: link: /Applications/Xcode.app/Contents/Developer/usr/bin/gcc --target=x86_64-apple-darwin -arch x86_64 -pipe -no-cpp-precomp -isysroot /Applications/Xcode.app/Contents/Developer/Platforms/iPhoneSimulator.platform/Developer/SDKs/iPhoneSimulator13.4.sdk -mios-simulator-version-min=11.0 -O2 -fembed-bitcode -Wall -W -o tiffcp tiffcp.o  -L/Users/zyoung/dev/SwiftyTesseract/SwiftyTesseract/SwiftyTesseract/jpeg-9c/x86_64-apple-darwin/lib -L/Applications/Xcode.app/Contents/Developer/Platforms/iPhoneSimulator.platform/Developer/SDKs/iPhoneSimulator13.4.sdk/usr/lib/ ../libtiff/.libs/libtiff.a ../port/.libs/libport.a /Users/zyoung/dev/SwiftyTesseract/SwiftyTesseract/SwiftyTesseract/jpeg-9c/x86_64-apple-darwin/lib/libjpeg.a -lz
libtool: link: /Applications/Xcode.app/Contents/Developer/usr/bin/gcc --target=x86_64-apple-darwin -arch x86_64 -pipe -no-cpp-precomp -isysroot /Applications/Xcode.app/Contents/Developer/Platforms/iPhoneSimulator.platform/Developer/SDKs/iPhoneSimulator13.4.sdk -mios-simulator-version-min=11.0 -O2 -fembed-bitcode -Wall -W -o tiffdither tiffdither.o  -L/Users/zyoung/dev/SwiftyTesseract/SwiftyTesseract/SwiftyTesseract/jpeg-9c/x86_64-apple-darwin/lib -L/Applications/Xcode.app/Contents/Developer/Platforms/iPhoneSimulator.platform/Developer/SDKs/iPhoneSimulator13.4.sdk/usr/lib/ ../libtiff/.libs/libtiff.a ../port/.libs/libport.a /Users/zyoung/dev/SwiftyTesseract/SwiftyTesseract/SwiftyTesseract/jpeg-9c/x86_64-apple-darwin/lib/libjpeg.a -lz
libtool: link: /Applications/Xcode.app/Contents/Developer/usr/bin/gcc --target=x86_64-apple-darwin -arch x86_64 -pipe -no-cpp-precomp -isysroot /Applications/Xcode.app/Contents/Developer/Platforms/iPhoneSimulator.platform/Developer/SDKs/iPhoneSimulator13.4.sdk -mios-simulator-version-min=11.0 -O2 -fembed-bitcode -Wall -W -o tiffdump tiffdump.o  -L/Users/zyoung/dev/SwiftyTesseract/SwiftyTesseract/SwiftyTesseract/jpeg-9c/x86_64-apple-darwin/lib -L/Applications/Xcode.app/Contents/Developer/Platforms/iPhoneSimulator.platform/Developer/SDKs/iPhoneSimulator13.4.sdk/usr/lib/ ../libtiff/.libs/libtiff.a ../port/.libs/libport.a /Users/zyoung/dev/SwiftyTesseract/SwiftyTesseract/SwiftyTesseract/jpeg-9c/x86_64-apple-darwin/lib/libjpeg.a -lz
libtool: link: /Applications/Xcode.app/Contents/Developer/usr/bin/gcc --target=x86_64-apple-darwin -arch x86_64 -pipe -no-cpp-precomp -isysroot /Applications/Xcode.app/Contents/Developer/Platforms/iPhoneSimulator.platform/Developer/SDKs/iPhoneSimulator13.4.sdk -mios-simulator-version-min=11.0 -O2 -fembed-bitcode -Wall -W -o tiffinfo tiffinfo.o  -L/Users/zyoung/dev/SwiftyTesseract/SwiftyTesseract/SwiftyTesseract/jpeg-9c/x86_64-apple-darwin/lib -L/Applications/Xcode.app/Contents/Developer/Platforms/iPhoneSimulator.platform/Developer/SDKs/iPhoneSimulator13.4.sdk/usr/lib/ ../libtiff/.libs/libtiff.a ../port/.libs/libport.a /Users/zyoung/dev/SwiftyTesseract/SwiftyTesseract/SwiftyTesseract/jpeg-9c/x86_64-apple-darwin/lib/libjpeg.a -lz
libtool: link: /Applications/Xcode.app/Contents/Developer/usr/bin/gcc --target=x86_64-apple-darwin -arch x86_64 -pipe -no-cpp-precomp -isysroot /Applications/Xcode.app/Contents/Developer/Platforms/iPhoneSimulator.platform/Developer/SDKs/iPhoneSimulator13.4.sdk -mios-simulator-version-min=11.0 -O2 -fembed-bitcode -Wall -W -o tiffmedian tiffmedian.o  -L/Users/zyoung/dev/SwiftyTesseract/SwiftyTesseract/SwiftyTesseract/jpeg-9c/x86_64-apple-darwin/lib -L/Applications/Xcode.app/Contents/Developer/Platforms/iPhoneSimulator.platform/Developer/SDKs/iPhoneSimulator13.4.sdk/usr/lib/ ../libtiff/.libs/libtiff.a ../port/.libs/libport.a /Users/zyoung/dev/SwiftyTesseract/SwiftyTesseract/SwiftyTesseract/jpeg-9c/x86_64-apple-darwin/lib/libjpeg.a -lz
libtool: link: /Applications/Xcode.app/Contents/Developer/usr/bin/gcc --target=x86_64-apple-darwin -arch x86_64 -pipe -no-cpp-precomp -isysroot /Applications/Xcode.app/Contents/Developer/Platforms/iPhoneSimulator.platform/Developer/SDKs/iPhoneSimulator13.4.sdk -mios-simulator-version-min=11.0 -O2 -fembed-bitcode -Wall -W -o tiffset tiffset.o  -L/Users/zyoung/dev/SwiftyTesseract/SwiftyTesseract/SwiftyTesseract/jpeg-9c/x86_64-apple-darwin/lib -L/Applications/Xcode.app/Contents/Developer/Platforms/iPhoneSimulator.platform/Developer/SDKs/iPhoneSimulator13.4.sdk/usr/lib/ ../libtiff/.libs/libtiff.a ../port/.libs/libport.a /Users/zyoung/dev/SwiftyTesseract/SwiftyTesseract/SwiftyTesseract/jpeg-9c/x86_64-apple-darwin/lib/libjpeg.a -lz
libtool: link: /Applications/Xcode.app/Contents/Developer/usr/bin/gcc --target=x86_64-apple-darwin -arch x86_64 -pipe -no-cpp-precomp -isysroot /Applications/Xcode.app/Contents/Developer/Platforms/iPhoneSimulator.platform/Developer/SDKs/iPhoneSimulator13.4.sdk -mios-simulator-version-min=11.0 -O2 -fembed-bitcode -Wall -W -o tiffsplit tiffsplit.o  -L/Users/zyoung/dev/SwiftyTesseract/SwiftyTesseract/SwiftyTesseract/jpeg-9c/x86_64-apple-darwin/lib -L/Applications/Xcode.app/Contents/Developer/Platforms/iPhoneSimulator.platform/Developer/SDKs/iPhoneSimulator13.4.sdk/usr/lib/ ../libtiff/.libs/libtiff.a ../port/.libs/libport.a /Users/zyoung/dev/SwiftyTesseract/SwiftyTesseract/SwiftyTesseract/jpeg-9c/x86_64-apple-darwin/lib/libjpeg.a -lz
libtool: link: /Applications/Xcode.app/Contents/Developer/usr/bin/gcc --target=x86_64-apple-darwin -arch x86_64 -pipe -no-cpp-precomp -isysroot /Applications/Xcode.app/Contents/Developer/Platforms/iPhoneSimulator.platform/Developer/SDKs/iPhoneSimulator13.4.sdk -mios-simulator-version-min=11.0 -O2 -fembed-bitcode -Wall -W -o tiff2pdf tiff2pdf.o  -L/Users/zyoung/dev/SwiftyTesseract/SwiftyTesseract/SwiftyTesseract/jpeg-9c/x86_64-apple-darwin/lib -L/Applications/Xcode.app/Contents/Developer/Platforms/iPhoneSimulator.platform/Developer/SDKs/iPhoneSimulator13.4.sdk/usr/lib/ ../libtiff/.libs/libtiff.a ../port/.libs/libport.a /Users/zyoung/dev/SwiftyTesseract/SwiftyTesseract/SwiftyTesseract/jpeg-9c/x86_64-apple-darwin/lib/libjpeg.a -lz
1 warning generated.
libtool: link: /Applications/Xcode.app/Contents/Developer/usr/bin/gcc --target=x86_64-apple-darwin -arch x86_64 -pipe -no-cpp-precomp -isysroot /Applications/Xcode.app/Contents/Developer/Platforms/iPhoneSimulator.platform/Developer/SDKs/iPhoneSimulator13.4.sdk -mios-simulator-version-min=11.0 -O2 -fembed-bitcode -Wall -W -o tiffcrop tiffcrop.o  -L/Users/zyoung/dev/SwiftyTesseract/SwiftyTesseract/SwiftyTesseract/jpeg-9c/x86_64-apple-darwin/lib -L/Applications/Xcode.app/Contents/Developer/Platforms/iPhoneSimulator.platform/Developer/SDKs/iPhoneSimulator13.4.sdk/usr/lib/ ../libtiff/.libs/libtiff.a ../port/.libs/libport.a /Users/zyoung/dev/SwiftyTesseract/SwiftyTesseract/SwiftyTesseract/jpeg-9c/x86_64-apple-darwin/lib/libjpeg.a -lz
Making all in build
Making all in contrib
Making all in addtiffo
libtool: link: /Applications/Xcode.app/Contents/Developer/usr/bin/gcc --target=x86_64-apple-darwin -arch x86_64 -pipe -no-cpp-precomp -isysroot /Applications/Xcode.app/Contents/Developer/Platforms/iPhoneSimulator.platform/Developer/SDKs/iPhoneSimulator13.4.sdk -mios-simulator-version-min=11.0 -O2 -fembed-bitcode -Wall -W -o addtiffo addtiffo.o tif_overview.o tif_ovrcache.o  -L/Users/zyoung/dev/SwiftyTesseract/SwiftyTesseract/SwiftyTesseract/jpeg-9c/x86_64-apple-darwin/lib -L/Applications/Xcode.app/Contents/Developer/Platforms/iPhoneSimulator.platform/Developer/SDKs/iPhoneSimulator13.4.sdk/usr/lib/ ../../libtiff/.libs/libtiff.a /Users/zyoung/dev/SwiftyTesseract/SwiftyTesseract/SwiftyTesseract/jpeg-9c/x86_64-apple-darwin/lib/libjpeg.a -lz
Making all in dbs
Making all in xtiff
libtool: link: /Applications/Xcode.app/Contents/Developer/usr/bin/gcc --target=x86_64-apple-darwin -arch x86_64 -pipe -no-cpp-precomp -isysroot /Applications/Xcode.app/Contents/Developer/Platforms/iPhoneSimulator.platform/Developer/SDKs/iPhoneSimulator13.4.sdk -mios-simulator-version-min=11.0 -O2 -fembed-bitcode -Wall -W -o tiff-bi tiff-bi.o  -L/Users/zyoung/dev/SwiftyTesseract/SwiftyTesseract/SwiftyTesseract/jpeg-9c/x86_64-apple-darwin/lib -L/Applications/Xcode.app/Contents/Developer/Platforms/iPhoneSimulator.platform/Developer/SDKs/iPhoneSimulator13.4.sdk/usr/lib/ ../../libtiff/.libs/libtiff.a /Users/zyoung/dev/SwiftyTesseract/SwiftyTesseract/SwiftyTesseract/jpeg-9c/x86_64-apple-darwin/lib/libjpeg.a -lz
libtool: link: /Applications/Xcode.app/Contents/Developer/usr/bin/gcc --target=x86_64-apple-darwin -arch x86_64 -pipe -no-cpp-precomp -isysroot /Applications/Xcode.app/Contents/Developer/Platforms/iPhoneSimulator.platform/Developer/SDKs/iPhoneSimulator13.4.sdk -mios-simulator-version-min=11.0 -O2 -fembed-bitcode -Wall -W -o tiff-grayscale tiff-grayscale.o  -L/Users/zyoung/dev/SwiftyTesseract/SwiftyTesseract/SwiftyTesseract/jpeg-9c/x86_64-apple-darwin/lib -L/Applications/Xcode.app/Contents/Developer/Platforms/iPhoneSimulator.platform/Developer/SDKs/iPhoneSimulator13.4.sdk/usr/lib/ ../../libtiff/.libs/libtiff.a /Users/zyoung/dev/SwiftyTesseract/SwiftyTesseract/SwiftyTesseract/jpeg-9c/x86_64-apple-darwin/lib/libjpeg.a -lz
libtool: link: /Applications/Xcode.app/Contents/Developer/usr/bin/gcc --target=x86_64-apple-darwin -arch x86_64 -pipe -no-cpp-precomp -isysroot /Applications/Xcode.app/Contents/Developer/Platforms/iPhoneSimulator.platform/Developer/SDKs/iPhoneSimulator13.4.sdk -mios-simulator-version-min=11.0 -O2 -fembed-bitcode -Wall -W -o tiff-palette tiff-palette.o  -L/Users/zyoung/dev/SwiftyTesseract/SwiftyTesseract/SwiftyTesseract/jpeg-9c/x86_64-apple-darwin/lib -L/Applications/Xcode.app/Contents/Developer/Platforms/iPhoneSimulator.platform/Developer/SDKs/iPhoneSimulator13.4.sdk/usr/lib/ ../../libtiff/.libs/libtiff.a /Users/zyoung/dev/SwiftyTesseract/SwiftyTesseract/SwiftyTesseract/jpeg-9c/x86_64-apple-darwin/lib/libjpeg.a -lz
libtool: link: /Applications/Xcode.app/Contents/Developer/usr/bin/gcc --target=x86_64-apple-darwin -arch x86_64 -pipe -no-cpp-precomp -isysroot /Applications/Xcode.app/Contents/Developer/Platforms/iPhoneSimulator.platform/Developer/SDKs/iPhoneSimulator13.4.sdk -mios-simulator-version-min=11.0 -O2 -fembed-bitcode -Wall -W -o tiff-rgb tiff-rgb.o  -L/Users/zyoung/dev/SwiftyTesseract/SwiftyTesseract/SwiftyTesseract/jpeg-9c/x86_64-apple-darwin/lib -L/Applications/Xcode.app/Contents/Developer/Platforms/iPhoneSimulator.platform/Developer/SDKs/iPhoneSimulator13.4.sdk/usr/lib/ ../../libtiff/.libs/libtiff.a /Users/zyoung/dev/SwiftyTesseract/SwiftyTesseract/SwiftyTesseract/jpeg-9c/x86_64-apple-darwin/lib/libjpeg.a -lz
Making all in iptcutil
libtool: link: /Applications/Xcode.app/Contents/Developer/usr/bin/gcc --target=x86_64-apple-darwin -arch x86_64 -pipe -no-cpp-precomp -isysroot /Applications/Xcode.app/Contents/Developer/Platforms/iPhoneSimulator.platform/Developer/SDKs/iPhoneSimulator13.4.sdk -mios-simulator-version-min=11.0 -O2 -fembed-bitcode -Wall -W -o iptcutil iptcutil.o  -L/Users/zyoung/dev/SwiftyTesseract/SwiftyTesseract/SwiftyTesseract/jpeg-9c/x86_64-apple-darwin/lib -L/Applications/Xcode.app/Contents/Developer/Platforms/iPhoneSimulator.platform/Developer/SDKs/iPhoneSimulator13.4.sdk/usr/lib/ ../../libtiff/.libs/libtiff.a /Users/zyoung/dev/SwiftyTesseract/SwiftyTesseract/SwiftyTesseract/jpeg-9c/x86_64-apple-darwin/lib/libjpeg.a -lz
Making all in mfs
Making all in pds
Making all in ras
Making all in stream
Making all in tags
Making all in win_dib
Making all in test
Making all in man
Making all in html
Making all in images
Making all in man
Making install in port
make[4]: Nothing to be done for `install-exec-am'.
make[4]: Nothing to be done for `install-data-am'.
Making install in libtiff
 ../../config/install-sh -c -d '/Users/zyoung/dev/SwiftyTesseract/SwiftyTesseract/SwiftyTesseract/tiff-4.0.10/x86_64-apple-darwin/lib'
 /bin/sh ../libtool   --mode=install /usr/bin/install -c   libtiff.la libtiffxx.la '/Users/zyoung/dev/SwiftyTesseract/SwiftyTesseract/SwiftyTesseract/tiff-4.0.10/x86_64-apple-darwin/lib'
libtool: install: /usr/bin/install -c .libs/libtiff.lai /Users/zyoung/dev/SwiftyTesseract/SwiftyTesseract/SwiftyTesseract/tiff-4.0.10/x86_64-apple-darwin/lib/libtiff.la
libtool: install: /usr/bin/install -c .libs/libtiffxx.lai /Users/zyoung/dev/SwiftyTesseract/SwiftyTesseract/SwiftyTesseract/tiff-4.0.10/x86_64-apple-darwin/lib/libtiffxx.la
libtool: install: /usr/bin/install -c .libs/libtiff.a /Users/zyoung/dev/SwiftyTesseract/SwiftyTesseract/SwiftyTesseract/tiff-4.0.10/x86_64-apple-darwin/lib/libtiff.a
libtool: install: chmod 644 /Users/zyoung/dev/SwiftyTesseract/SwiftyTesseract/SwiftyTesseract/tiff-4.0.10/x86_64-apple-darwin/lib/libtiff.a
libtool: install: ranlib /Users/zyoung/dev/SwiftyTesseract/SwiftyTesseract/SwiftyTesseract/tiff-4.0.10/x86_64-apple-darwin/lib/libtiff.a
libtool: install: /usr/bin/install -c .libs/libtiffxx.a /Users/zyoung/dev/SwiftyTesseract/SwiftyTesseract/SwiftyTesseract/tiff-4.0.10/x86_64-apple-darwin/lib/libtiffxx.a
libtool: install: chmod 644 /Users/zyoung/dev/SwiftyTesseract/SwiftyTesseract/SwiftyTesseract/tiff-4.0.10/x86_64-apple-darwin/lib/libtiffxx.a
libtool: install: ranlib /Users/zyoung/dev/SwiftyTesseract/SwiftyTesseract/SwiftyTesseract/tiff-4.0.10/x86_64-apple-darwin/lib/libtiffxx.a
 ../../config/install-sh -c -d '/Users/zyoung/dev/SwiftyTesseract/SwiftyTesseract/SwiftyTesseract/tiff-4.0.10/x86_64-apple-darwin/include'
 /usr/bin/install -c -m 644 ../../libtiff/tiff.h ../../libtiff/tiffio.h ../../libtiff/tiffvers.h ../../libtiff/tiffio.hxx '/Users/zyoung/dev/SwiftyTesseract/SwiftyTesseract/SwiftyTesseract/tiff-4.0.10/x86_64-apple-darwin/include'
 ../../config/install-sh -c -d '/Users/zyoung/dev/SwiftyTesseract/SwiftyTesseract/SwiftyTesseract/tiff-4.0.10/x86_64-apple-darwin/include'
 /usr/bin/install -c -m 644 tiffconf.h '/Users/zyoung/dev/SwiftyTesseract/SwiftyTesseract/SwiftyTesseract/tiff-4.0.10/x86_64-apple-darwin/include'
Making install in tools
 ../../config/install-sh -c -d '/Users/zyoung/dev/SwiftyTesseract/SwiftyTesseract/SwiftyTesseract/tiff-4.0.10/x86_64-apple-darwin/bin'
  /bin/sh ../libtool   --mode=install /usr/bin/install -c fax2ps fax2tiff pal2rgb ppm2tiff raw2tiff tiff2bw tiff2pdf tiff2ps tiff2rgba tiffcmp tiffcp tiffcrop tiffdither tiffdump tiffinfo tiffmedian tiffset tiffsplit '/Users/zyoung/dev/SwiftyTesseract/SwiftyTesseract/SwiftyTesseract/tiff-4.0.10/x86_64-apple-darwin/bin'
libtool: install: /usr/bin/install -c fax2ps /Users/zyoung/dev/SwiftyTesseract/SwiftyTesseract/SwiftyTesseract/tiff-4.0.10/x86_64-apple-darwin/bin/fax2ps
libtool: install: /usr/bin/install -c fax2tiff /Users/zyoung/dev/SwiftyTesseract/SwiftyTesseract/SwiftyTesseract/tiff-4.0.10/x86_64-apple-darwin/bin/fax2tiff
libtool: install: /usr/bin/install -c pal2rgb /Users/zyoung/dev/SwiftyTesseract/SwiftyTesseract/SwiftyTesseract/tiff-4.0.10/x86_64-apple-darwin/bin/pal2rgb
libtool: install: /usr/bin/install -c ppm2tiff /Users/zyoung/dev/SwiftyTesseract/SwiftyTesseract/SwiftyTesseract/tiff-4.0.10/x86_64-apple-darwin/bin/ppm2tiff
libtool: install: /usr/bin/install -c raw2tiff /Users/zyoung/dev/SwiftyTesseract/SwiftyTesseract/SwiftyTesseract/tiff-4.0.10/x86_64-apple-darwin/bin/raw2tiff
libtool: install: /usr/bin/install -c tiff2bw /Users/zyoung/dev/SwiftyTesseract/SwiftyTesseract/SwiftyTesseract/tiff-4.0.10/x86_64-apple-darwin/bin/tiff2bw
libtool: install: /usr/bin/install -c tiff2pdf /Users/zyoung/dev/SwiftyTesseract/SwiftyTesseract/SwiftyTesseract/tiff-4.0.10/x86_64-apple-darwin/bin/tiff2pdf
libtool: install: /usr/bin/install -c tiff2ps /Users/zyoung/dev/SwiftyTesseract/SwiftyTesseract/SwiftyTesseract/tiff-4.0.10/x86_64-apple-darwin/bin/tiff2ps
libtool: install: /usr/bin/install -c tiff2rgba /Users/zyoung/dev/SwiftyTesseract/SwiftyTesseract/SwiftyTesseract/tiff-4.0.10/x86_64-apple-darwin/bin/tiff2rgba
libtool: install: /usr/bin/install -c tiffcmp /Users/zyoung/dev/SwiftyTesseract/SwiftyTesseract/SwiftyTesseract/tiff-4.0.10/x86_64-apple-darwin/bin/tiffcmp
libtool: install: /usr/bin/install -c tiffcp /Users/zyoung/dev/SwiftyTesseract/SwiftyTesseract/SwiftyTesseract/tiff-4.0.10/x86_64-apple-darwin/bin/tiffcp
libtool: install: /usr/bin/install -c tiffcrop /Users/zyoung/dev/SwiftyTesseract/SwiftyTesseract/SwiftyTesseract/tiff-4.0.10/x86_64-apple-darwin/bin/tiffcrop
libtool: install: /usr/bin/install -c tiffdither /Users/zyoung/dev/SwiftyTesseract/SwiftyTesseract/SwiftyTesseract/tiff-4.0.10/x86_64-apple-darwin/bin/tiffdither
libtool: install: /usr/bin/install -c tiffdump /Users/zyoung/dev/SwiftyTesseract/SwiftyTesseract/SwiftyTesseract/tiff-4.0.10/x86_64-apple-darwin/bin/tiffdump
libtool: install: /usr/bin/install -c tiffinfo /Users/zyoung/dev/SwiftyTesseract/SwiftyTesseract/SwiftyTesseract/tiff-4.0.10/x86_64-apple-darwin/bin/tiffinfo
libtool: install: /usr/bin/install -c tiffmedian /Users/zyoung/dev/SwiftyTesseract/SwiftyTesseract/SwiftyTesseract/tiff-4.0.10/x86_64-apple-darwin/bin/tiffmedian
libtool: install: /usr/bin/install -c tiffset /Users/zyoung/dev/SwiftyTesseract/SwiftyTesseract/SwiftyTesseract/tiff-4.0.10/x86_64-apple-darwin/bin/tiffset
libtool: install: /usr/bin/install -c tiffsplit /Users/zyoung/dev/SwiftyTesseract/SwiftyTesseract/SwiftyTesseract/tiff-4.0.10/x86_64-apple-darwin/bin/tiffsplit
make[4]: Nothing to be done for `install-data-am'.
Making install in build
make[5]: Nothing to be done for `install-exec-am'.
make[5]: Nothing to be done for `install-data-am'.
Making install in contrib
Making install in addtiffo
make[5]: Nothing to be done for `install-exec-am'.
make[5]: Nothing to be done for `install-data-am'.
Making install in dbs
Making install in xtiff
make[6]: Nothing to be done for `install-exec-am'.
make[6]: Nothing to be done for `install-data-am'.
make[6]: Nothing to be done for `install-exec-am'.
make[6]: Nothing to be done for `install-data-am'.
Making install in iptcutil
make[5]: Nothing to be done for `install-exec-am'.
make[5]: Nothing to be done for `install-data-am'.
Making install in mfs
make[5]: Nothing to be done for `install-exec-am'.
make[5]: Nothing to be done for `install-data-am'.
Making install in pds
make[5]: Nothing to be done for `install-exec-am'.
make[5]: Nothing to be done for `install-data-am'.
Making install in ras
make[5]: Nothing to be done for `install-exec-am'.
make[5]: Nothing to be done for `install-data-am'.
Making install in stream
make[5]: Nothing to be done for `install-exec-am'.
make[5]: Nothing to be done for `install-data-am'.
Making install in tags
make[5]: Nothing to be done for `install-exec-am'.
make[5]: Nothing to be done for `install-data-am'.
Making install in win_dib
make[5]: Nothing to be done for `install-exec-am'.
make[5]: Nothing to be done for `install-data-am'.
make[5]: Nothing to be done for `install-exec-am'.
make[5]: Nothing to be done for `install-data-am'.
Making install in test
make[4]: Nothing to be done for `install-exec-am'.
make[4]: Nothing to be done for `install-data-am'.
Making install in man
make[4]: Nothing to be done for `install-exec-am'.
 ../../config/install-sh -c -d '/Users/zyoung/dev/SwiftyTesseract/SwiftyTesseract/SwiftyTesseract/tiff-4.0.10/x86_64-apple-darwin/share/man/man1'
 /usr/bin/install -c -m 644 ../../man/fax2ps.1 ../../man/fax2tiff.1 ../../man/pal2rgb.1 ../../man/ppm2tiff.1 ../../man/raw2tiff.1 ../../man/tiff2bw.1 ../../man/tiff2pdf.1 ../../man/tiff2ps.1 ../../man/tiff2rgba.1 ../../man/tiffcmp.1 ../../man/tiffcp.1 ../../man/tiffcrop.1 ../../man/tiffdither.1 ../../man/tiffdump.1 ../../man/tiffgt.1 ../../man/tiffinfo.1 ../../man/tiffmedian.1 ../../man/tiffset.1 ../../man/tiffsplit.1 '/Users/zyoung/dev/SwiftyTesseract/SwiftyTesseract/SwiftyTesseract/tiff-4.0.10/x86_64-apple-darwin/share/man/man1'
 ../../config/install-sh -c -d '/Users/zyoung/dev/SwiftyTesseract/SwiftyTesseract/SwiftyTesseract/tiff-4.0.10/x86_64-apple-darwin/share/man/man3'
 /usr/bin/install -c -m 644 ../../man/libtiff.3tiff ../../man/TIFFbuffer.3tiff ../../man/TIFFClose.3tiff ../../man/TIFFcodec.3tiff ../../man/TIFFcolor.3tiff ../../man/TIFFDataWidth.3tiff ../../man/TIFFError.3tiff ../../man/TIFFFieldDataType.3tiff ../../man/TIFFFieldName.3tiff ../../man/TIFFFieldPassCount.3tiff ../../man/TIFFFieldReadCount.3tiff ../../man/TIFFFieldTag.3tiff ../../man/TIFFFieldWriteCount.3tiff ../../man/TIFFFlush.3tiff ../../man/TIFFGetField.3tiff ../../man/TIFFmemory.3tiff ../../man/TIFFOpen.3tiff ../../man/TIFFPrintDirectory.3tiff ../../man/TIFFquery.3tiff ../../man/TIFFReadDirectory.3tiff ../../man/TIFFReadEncodedStrip.3tiff ../../man/TIFFReadEncodedTile.3tiff ../../man/TIFFReadRawStrip.3tiff ../../man/TIFFReadRawTile.3tiff ../../man/TIFFReadRGBAImage.3tiff ../../man/TIFFReadRGBAStrip.3tiff ../../man/TIFFReadRGBATile.3tiff ../../man/TIFFReadScanline.3tiff ../../man/TIFFReadTile.3tiff ../../man/TIFFRGBAImage.3tiff ../../man/TIFFSetDirectory.3tiff ../../man/TIFFSetField.3tiff ../../man/TIFFsize.3tiff ../../man/TIFFstrip.3tiff ../../man/TIFFswab.3tiff ../../man/TIFFtile.3tiff ../../man/TIFFWarning.3tiff ../../man/TIFFWriteDirectory.3tiff ../../man/TIFFWriteEncodedStrip.3tiff ../../man/TIFFWriteEncodedTile.3tiff '/Users/zyoung/dev/SwiftyTesseract/SwiftyTesseract/SwiftyTesseract/tiff-4.0.10/x86_64-apple-darwin/share/man/man3'
 /usr/bin/install -c -m 644 ../../man/TIFFWriteRawStrip.3tiff ../../man/TIFFWriteRawTile.3tiff ../../man/TIFFWriteScanline.3tiff ../../man/TIFFWriteTile.3tiff '/Users/zyoung/dev/SwiftyTesseract/SwiftyTesseract/SwiftyTesseract/tiff-4.0.10/x86_64-apple-darwin/share/man/man3'
Making install in html
Making install in images
make[5]: Nothing to be done for `install-exec-am'.
 ../../../config/install-sh -c -d '/Users/zyoung/dev/SwiftyTesseract/SwiftyTesseract/SwiftyTesseract/tiff-4.0.10/x86_64-apple-darwin/share/doc/tiff-4.0.10/html/images'
 /usr/bin/install -c -m 644 ../../../html/images/back.gif ../../../html/images/bali.jpg ../../../html/images/cat.gif ../../../html/images/cover.jpg ../../../html/images/cramps.gif ../../../html/images/dave.gif ../../../html/images/info.gif ../../../html/images/jello.jpg ../../../html/images/jim.gif ../../../html/images/note.gif ../../../html/images/oxford.gif ../../../html/images/quad.jpg ../../../html/images/ring.gif ../../../html/images/smallliz.jpg ../../../html/images/strike.gif ../../../html/images/warning.gif '/Users/zyoung/dev/SwiftyTesseract/SwiftyTesseract/SwiftyTesseract/tiff-4.0.10/x86_64-apple-darwin/share/doc/tiff-4.0.10/html/images'
Making install in man
make[5]: Nothing to be done for `install-exec-am'.
 ../../../config/install-sh -c -d '/Users/zyoung/dev/SwiftyTesseract/SwiftyTesseract/SwiftyTesseract/tiff-4.0.10/x86_64-apple-darwin/share/doc/tiff-4.0.10/html/man'
 /usr/bin/install -c -m 644 ../../../html/man/index.html ../../../html/man/libtiff.3tiff.html ../../../html/man/TIFFbuffer.3tiff.html ../../../html/man/TIFFClose.3tiff.html ../../../html/man/TIFFcodec.3tiff.html ../../../html/man/TIFFcolor.3tiff.html ../../../html/man/TIFFDataWidth.3tiff.html ../../../html/man/TIFFError.3tiff.html ../../../html/man/TIFFFieldDataType.3tiff.html ../../../html/man/TIFFFieldName.3tiff.html ../../../html/man/TIFFFieldPassCount.3tiff.html ../../../html/man/TIFFFieldReadCount.3tiff.html ../../../html/man/TIFFFieldTag.3tiff.html ../../../html/man/TIFFFieldWriteCount.3tiff.html ../../../html/man/TIFFFlush.3tiff.html ../../../html/man/TIFFGetField.3tiff.html ../../../html/man/TIFFmemory.3tiff.html ../../../html/man/TIFFOpen.3tiff.html ../../../html/man/TIFFPrintDirectory.3tiff.html ../../../html/man/TIFFquery.3tiff.html ../../../html/man/TIFFReadDirectory.3tiff.html ../../../html/man/TIFFReadEncodedStrip.3tiff.html ../../../html/man/TIFFReadEncodedTile.3tiff.html ../../../html/man/TIFFReadRawStrip.3tiff.html ../../../html/man/TIFFReadRawTile.3tiff.html ../../../html/man/TIFFReadRGBAImage.3tiff.html ../../../html/man/TIFFReadRGBAStrip.3tiff.html ../../../html/man/TIFFReadRGBATile.3tiff.html ../../../html/man/TIFFReadScanline.3tiff.html ../../../html/man/TIFFReadTile.3tiff.html ../../../html/man/TIFFRGBAImage.3tiff.html ../../../html/man/TIFFSetDirectory.3tiff.html ../../../html/man/TIFFSetField.3tiff.html ../../../html/man/TIFFsize.3tiff.html ../../../html/man/TIFFstrip.3tiff.html ../../../html/man/TIFFswab.3tiff.html ../../../html/man/TIFFtile.3tiff.html ../../../html/man/TIFFWarning.3tiff.html ../../../html/man/TIFFWriteDirectory.3tiff.html ../../../html/man/TIFFWriteEncodedStrip.3tiff.html '/Users/zyoung/dev/SwiftyTesseract/SwiftyTesseract/SwiftyTesseract/tiff-4.0.10/x86_64-apple-darwin/share/doc/tiff-4.0.10/html/man'
 /usr/bin/install -c -m 644 ../../../html/man/TIFFWriteEncodedTile.3tiff.html ../../../html/man/TIFFWriteRawStrip.3tiff.html ../../../html/man/TIFFWriteRawTile.3tiff.html ../../../html/man/TIFFWriteScanline.3tiff.html ../../../html/man/TIFFWriteTile.3tiff.html ../../../html/man/fax2ps.1.html ../../../html/man/fax2tiff.1.html ../../../html/man/pal2rgb.1.html ../../../html/man/ppm2tiff.1.html ../../../html/man/raw2tiff.1.html ../../../html/man/tiff2bw.1.html ../../../html/man/tiff2pdf.1.html ../../../html/man/tiff2ps.1.html ../../../html/man/tiff2rgba.1.html ../../../html/man/tiffcmp.1.html ../../../html/man/tiffcp.1.html ../../../html/man/tiffcrop.1.html ../../../html/man/tiffdither.1.html ../../../html/man/tiffdump.1.html ../../../html/man/tiffgt.1.html ../../../html/man/tiffinfo.1.html ../../../html/man/tiffmedian.1.html ../../../html/man/tiffset.1.html ../../../html/man/tiffsplit.1.html '/Users/zyoung/dev/SwiftyTesseract/SwiftyTesseract/SwiftyTesseract/tiff-4.0.10/x86_64-apple-darwin/share/doc/tiff-4.0.10/html/man'
make[5]: Nothing to be done for `install-exec-am'.
 ../../config/install-sh -c -d '/Users/zyoung/dev/SwiftyTesseract/SwiftyTesseract/SwiftyTesseract/tiff-4.0.10/x86_64-apple-darwin/share/doc/tiff-4.0.10/html'
 /usr/bin/install -c -m 644 ../../html/addingtags.html ../../html/bugs.html ../../html/build.html ../../html/contrib.html ../../html/document.html ../../html/images.html ../../html/index.html ../../html/internals.html ../../html/intro.html ../../html/libtiff.html ../../html/misc.html ../../html/support.html ../../html/TIFFTechNote2.html ../../html/tools.html ../../html/v3.4beta007.html ../../html/v3.4beta016.html ../../html/v3.4beta018.html ../../html/v3.4beta024.html ../../html/v3.4beta028.html ../../html/v3.4beta029.html ../../html/v3.4beta031.html ../../html/v3.4beta032.html ../../html/v3.4beta033.html ../../html/v3.4beta034.html ../../html/v3.4beta035.html ../../html/v3.4beta036.html ../../html/v3.5.1.html ../../html/v3.5.2.html ../../html/v3.5.3.html ../../html/v3.5.4.html ../../html/v3.5.5.html ../../html/v3.5.6-beta.html ../../html/v3.5.7.html ../../html/v3.6.0.html ../../html/v3.6.1.html ../../html/v3.7.0alpha.html ../../html/v3.7.0beta.html ../../html/v3.7.0beta2.html ../../html/v3.7.0.html ../../html/v3.7.1.html '/Users/zyoung/dev/SwiftyTesseract/SwiftyTesseract/SwiftyTesseract/tiff-4.0.10/x86_64-apple-darwin/share/doc/tiff-4.0.10/html'
 /usr/bin/install -c -m 644 ../../html/v3.7.2.html ../../html/v3.7.3.html ../../html/v3.7.4.html ../../html/v3.8.0.html ../../html/v3.8.1.html ../../html/v3.8.2.html ../../html/v3.9.0beta.html ../../html/v3.9.1.html ../../html/v3.9.2.html ../../html/v4.0.0.html ../../html/v4.0.1.html ../../html/v4.0.2.html ../../html/v4.0.3.html ../../html/v4.0.4beta.html ../../html/v4.0.4.html ../../html/v4.0.5.html ../../html/v4.0.6.html ../../html/v4.0.7.html ../../html/v4.0.8.html ../../html/v4.0.9.html ../../html/v4.0.10.html '/Users/zyoung/dev/SwiftyTesseract/SwiftyTesseract/SwiftyTesseract/tiff-4.0.10/x86_64-apple-darwin/share/doc/tiff-4.0.10/html'
make[4]: Nothing to be done for `install-exec-am'.
 ../config/install-sh -c -d '/Users/zyoung/dev/SwiftyTesseract/SwiftyTesseract/SwiftyTesseract/tiff-4.0.10/x86_64-apple-darwin/share/doc/tiff-4.0.10'
 /usr/bin/install -c -m 644 ../COPYRIGHT ../ChangeLog ../README.md ../RELEASE-DATE ../TODO ../VERSION '/Users/zyoung/dev/SwiftyTesseract/SwiftyTesseract/SwiftyTesseract/tiff-4.0.10/x86_64-apple-darwin/share/doc/tiff-4.0.10'
 ../config/install-sh -c -d '/Users/zyoung/dev/SwiftyTesseract/SwiftyTesseract/SwiftyTesseract/tiff-4.0.10/x86_64-apple-darwin/lib/pkgconfig'
 /usr/bin/install -c -m 644 libtiff-4.pc '/Users/zyoung/dev/SwiftyTesseract/SwiftyTesseract/SwiftyTesseract/tiff-4.0.10/x86_64-apple-darwin/lib/pkgconfig'
mkdir -p /Users/zyoung/dev/SwiftyTesseract/SwiftyTesseract/SwiftyTesseract/ios/lib
xcrun lipo /Users/zyoung/dev/SwiftyTesseract/SwiftyTesseract/SwiftyTesseract/tiff-4.0.10/arm-apple-darwin64/lib/libtiff.a /Users/zyoung/dev/SwiftyTesseract/SwiftyTesseract/SwiftyTesseract/tiff-4.0.10/x86_64-apple-darwin/lib/libtiff.a -create -output /Users/zyoung/dev/SwiftyTesseract/SwiftyTesseract/SwiftyTesseract/ios/lib/libtiff.a
mkdir -p /Users/zyoung/dev/SwiftyTesseract/SwiftyTesseract/SwiftyTesseract/ios/dependencies/include
cp -rvf /Users/zyoung/dev/SwiftyTesseract/SwiftyTesseract/SwiftyTesseract/tiff-4.0.10/arm-apple-darwin64/include/*.h /Users/zyoung/dev/SwiftyTesseract/SwiftyTesseract/SwiftyTesseract/ios/dependencies/include
/Users/zyoung/dev/SwiftyTesseract/SwiftyTesseract/SwiftyTesseract/tiff-4.0.10/arm-apple-darwin64/include/tiff.h -> /Users/zyoung/dev/SwiftyTesseract/SwiftyTesseract/SwiftyTesseract/ios/dependencies/include/tiff.h
/Users/zyoung/dev/SwiftyTesseract/SwiftyTesseract/SwiftyTesseract/tiff-4.0.10/arm-apple-darwin64/include/tiffconf.h -> /Users/zyoung/dev/SwiftyTesseract/SwiftyTesseract/SwiftyTesseract/ios/dependencies/include/tiffconf.h
/Users/zyoung/dev/SwiftyTesseract/SwiftyTesseract/SwiftyTesseract/tiff-4.0.10/arm-apple-darwin64/include/tiffio.h -> /Users/zyoung/dev/SwiftyTesseract/SwiftyTesseract/SwiftyTesseract/ios/dependencies/include/tiffio.h
/Users/zyoung/dev/SwiftyTesseract/SwiftyTesseract/SwiftyTesseract/tiff-4.0.10/arm-apple-darwin64/include/tiffvers.h -> /Users/zyoung/dev/SwiftyTesseract/SwiftyTesseract/SwiftyTesseract/ios/dependencies/include/tiffvers.h
curl http://leptonica.org/source/leptonica-1.78.0.tar.gz | tar -xpf- ; \

  % Total    % Received % Xferd  Average Speed   Time    Time     Time  Current
                                 Dload  Upload   Total   Spent    Left  Speed
  0     0    0     0    0     0      0      0 --:--:-- --:--:-- --:--:--     0  0     0    0     0    0     0      0      0 --:--:-- --:--:-- --:--:--     0 10 12.3M   10 1338k    0     0  1084k      0  0:00:11  0:00:01  0:00:10 1083k 11 12.3M   11 1479k    0     0   658k      0  0:00:19  0:00:02  0:00:17  658k 14 12.3M   14 1792k    0     0   550k      0  0:00:22  0:00:03  0:00:19  550k 17 12.3M   17 2213k    0     0   522k      0  0:00:24  0:00:04  0:00:20  521k 24 12.3M   24 3127k    0     0   596k      0  0:00:21  0:00:05  0:00:16  641k 36 12.3M   36 4627k    0     0   739k      0  0:00:17  0:00:06  0:00:11  655k 55 12.3M   55 7024k    0     0   970k      0  0:00:12  0:00:07  0:00:05 1111k 81 12.3M   81 10.0M    0     0  1246k      0  0:00:10  0:00:08  0:00:02 1701k100 12.3M  100 12.3M    0     0  1368k      0  0:00:09  0:00:09 --:--:-- 2089k
cd /Users/zyoung/dev/SwiftyTesseract/SwiftyTesseract/SwiftyTesseract/leptonica-1.78.0 && ./autogen.sh 2> /dev/null
libtoolize: putting auxiliary files in AC_CONFIG_AUX_DIR, 'config'.
libtoolize: copying file 'config/ltmain.sh'
libtoolize: putting macros in AC_CONFIG_MACRO_DIRS, 'm4'.
libtoolize: copying file 'm4/libtool.m4'
libtoolize: copying file 'm4/ltoptions.m4'
libtoolize: copying file 'm4/ltsugar.m4'
libtoolize: copying file 'm4/ltversion.m4'
libtoolize: copying file 'm4/lt~obsolete.m4'
export LIBS="-lz -lpng -ljpeg -ltiff" ; \
	export SDKROOT="/Applications/Xcode.app/Contents/Developer/Platforms/iPhoneOS.platform/Developer/SDKs/iPhoneOS13.4.sdk" ; \
	export CFLAGS="-I/Users/zyoung/dev/SwiftyTesseract/SwiftyTesseract/SwiftyTesseract/ios/include -arch arm64 -pipe -no-cpp-precomp -isysroot $SDKROOT -miphoneos-version-min="11.0" -O2 -fembed-bitcode" ; \
	export CPPFLAGS=$CFLAGS ; \
	export CXXFLAGS="-I/Users/zyoung/dev/SwiftyTesseract/SwiftyTesseract/SwiftyTesseract/ios/include -arch arm64 -pipe -no-cpp-precomp -isysroot $SDKROOT -miphoneos-version-min="11.0" -O2 -Wno-deprecated-register"; \
	export LDFLAGS="-L$SDKROOT/usr/lib/ -L/Users/zyoung/dev/SwiftyTesseract/SwiftyTesseract/SwiftyTesseract/ios/lib" ; \
	export PKG_CONFIG_PATH=/Users/zyoung/dev/SwiftyTesseract/SwiftyTesseract/SwiftyTesseract/libpng-1.6.36/arm-apple-darwin64/:/Users/zyoung/dev/SwiftyTesseract/SwiftyTesseract/SwiftyTesseract/jpeg-9c/arm-apple-darwin64/:/Users/zyoung/dev/SwiftyTesseract/SwiftyTesseract/SwiftyTesseract/tiff-4.0.10/arm-apple-darwin64/ ; \
	export CXX="""`xcode-select -p`"/usr/bin/g++" --target=arm-apple-darwin64" ; \
	export CXX_FOR_BUILD="""`xcode-select -p`"/usr/bin/g++" --target=arm-apple-darwin64" ; \
	export CC="""`xcode-select -p`"/usr/bin/gcc" --target=arm-apple-darwin64" ; \
	mkdir -p /Users/zyoung/dev/SwiftyTesseract/SwiftyTesseract/SwiftyTesseract/leptonica-1.78.0/ios/arm-apple-darwin64 ; \
	cd /Users/zyoung/dev/SwiftyTesseract/SwiftyTesseract/SwiftyTesseract/leptonica-1.78.0/ios/arm-apple-darwin64 ; \
	../../configure CXX="""`xcode-select -p`"/usr/bin/g++" --target=arm-apple-darwin64" CC="""`xcode-select -p`"/usr/bin/gcc" --target=arm-apple-darwin64" --host=arm-apple-darwin64 --prefix=`pwd` --enable-shared=no --disable-programs --with-zlib --with-libpng --with-jpeg --with-libtiff --without-giflib --without-libwebp
checking build system type... x86_64-apple-darwin19.4.0
checking host system type... arm-apple-darwin64
checking how to print strings... printf
checking for arm-apple-darwin64-gcc... /Applications/Xcode.app/Contents/Developer/usr/bin/gcc --target=arm-apple-darwin64
checking whether the C compiler works... yes
checking for C compiler default output file name... a.out
checking for suffix of executables... 
checking whether we are cross compiling... yes
checking for suffix of object files... o
checking whether we are using the GNU C compiler... yes
checking whether /Applications/Xcode.app/Contents/Developer/usr/bin/gcc --target=arm-apple-darwin64 accepts -g... yes
checking for /Applications/Xcode.app/Contents/Developer/usr/bin/gcc --target=arm-apple-darwin64 option to accept ISO C89... none needed
checking whether /Applications/Xcode.app/Contents/Developer/usr/bin/gcc --target=arm-apple-darwin64 understands -c and -o together... yes
checking for a sed that does not truncate output... /usr/bin/sed
checking for grep that handles long lines and -e... /usr/bin/grep
checking for egrep... /usr/bin/grep -E
checking for fgrep... /usr/bin/grep -F
checking for ld used by /Applications/Xcode.app/Contents/Developer/usr/bin/gcc --target=arm-apple-darwin64... /Applications/Xcode.app/Contents/Developer/Toolchains/XcodeDefault.xctoolchain/usr/bin/ld
checking if the linker (/Applications/Xcode.app/Contents/Developer/Toolchains/XcodeDefault.xctoolchain/usr/bin/ld) is GNU ld... no
checking for BSD- or MS-compatible name lister (nm)... no
checking for arm-apple-darwin64-dumpbin... no
checking for arm-apple-darwin64-link... no
checking for dumpbin... no
checking for link... link -dump
configure: WARNING: using cross tools not prefixed with host triplet
checking the name lister (nm) interface... BSD nm
checking whether ln -s works... yes
checking the maximum length of command line arguments... 196608
checking how to convert x86_64-apple-darwin19.4.0 file names to arm-apple-darwin64 format... func_convert_file_noop
checking how to convert x86_64-apple-darwin19.4.0 file names to toolchain format... func_convert_file_noop
checking for /Applications/Xcode.app/Contents/Developer/Toolchains/XcodeDefault.xctoolchain/usr/bin/ld option to reload object files... -r
checking for arm-apple-darwin64-objdump... no
checking for objdump... objdump
checking how to recognize dependent libraries... pass_all
checking for arm-apple-darwin64-dlltool... no
checking for dlltool... no
checking how to associate runtime and link libraries... printf %s\n
checking for arm-apple-darwin64-ar... no
checking for ar... ar
checking for archiver @FILE support... no
checking for arm-apple-darwin64-strip... no
checking for strip... strip
checking for arm-apple-darwin64-ranlib... no
checking for ranlib... ranlib
checking for gawk... no
checking for mawk... no
checking for nawk... no
checking for awk... awk
checking command to parse nm output from /Applications/Xcode.app/Contents/Developer/usr/bin/gcc --target=arm-apple-darwin64 object... ok
checking for sysroot... no
checking for a working dd... /bin/dd
checking how to truncate binary pipes... /bin/dd bs=4096 count=1
checking for arm-apple-darwin64-mt... no
checking for mt... no
checking if : is a manifest tool... no
checking for arm-apple-darwin64-dsymutil... no
checking for dsymutil... dsymutil
checking for arm-apple-darwin64-nmedit... no
checking for nmedit... nmedit
checking for arm-apple-darwin64-lipo... no
checking for lipo... lipo
checking for arm-apple-darwin64-otool... no
checking for otool... otool
checking for arm-apple-darwin64-otool64... no
checking for otool64... no
checking for -single_module linker flag... yes
checking for -exported_symbols_list linker flag... yes
checking for -force_load linker flag... yes
checking how to run the C preprocessor... /Applications/Xcode.app/Contents/Developer/usr/bin/gcc --target=arm-apple-darwin64 -E
checking for ANSI C header files... yes
checking for sys/types.h... yes
checking for sys/stat.h... yes
checking for stdlib.h... yes
checking for string.h... yes
checking for memory.h... yes
checking for strings.h... yes
checking for inttypes.h... yes
checking for stdint.h... yes
checking for unistd.h... yes
checking for dlfcn.h... yes
checking for objdir... .libs
checking if /Applications/Xcode.app/Contents/Developer/usr/bin/gcc --target=arm-apple-darwin64 supports -fno-rtti -fno-exceptions... yes
checking for /Applications/Xcode.app/Contents/Developer/usr/bin/gcc --target=arm-apple-darwin64 option to produce PIC... -fno-common -DPIC
checking if /Applications/Xcode.app/Contents/Developer/usr/bin/gcc --target=arm-apple-darwin64 PIC flag -fno-common -DPIC works... yes
checking if /Applications/Xcode.app/Contents/Developer/usr/bin/gcc --target=arm-apple-darwin64 static flag -static works... no
checking if /Applications/Xcode.app/Contents/Developer/usr/bin/gcc --target=arm-apple-darwin64 supports -c -o file.o... yes
checking if /Applications/Xcode.app/Contents/Developer/usr/bin/gcc --target=arm-apple-darwin64 supports -c -o file.o... (cached) yes
checking whether the /Applications/Xcode.app/Contents/Developer/usr/bin/gcc --target=arm-apple-darwin64 linker (/Applications/Xcode.app/Contents/Developer/Toolchains/XcodeDefault.xctoolchain/usr/bin/ld) supports shared libraries... yes
checking dynamic linker characteristics... darwin64 dyld
checking how to hardcode library paths into programs... immediate
checking whether stripping libraries is possible... yes
checking if libtool supports shared libraries... yes
checking whether to build shared libraries... no
checking whether to build static libraries... yes
checking for a BSD-compatible install... /usr/bin/install -c
checking whether build environment is sane... yes
checking for arm-apple-darwin64-strip... strip
checking for a thread-safe mkdir -p... ../../config/install-sh -c -d
checking whether make sets $(MAKE)... yes
checking whether make supports the include directive... yes (GNU style)
checking whether make supports nested variables... yes
checking dependency style of /Applications/Xcode.app/Contents/Developer/usr/bin/gcc --target=arm-apple-darwin64... gcc3
checking for gawk... (cached) awk
checking for arm-apple-darwin64-gcc... (cached) /Applications/Xcode.app/Contents/Developer/usr/bin/gcc --target=arm-apple-darwin64
checking whether we are using the GNU C compiler... (cached) yes
checking whether /Applications/Xcode.app/Contents/Developer/usr/bin/gcc --target=arm-apple-darwin64 accepts -g... (cached) yes
checking for /Applications/Xcode.app/Contents/Developer/usr/bin/gcc --target=arm-apple-darwin64 option to accept ISO C89... (cached) none needed
checking whether /Applications/Xcode.app/Contents/Developer/usr/bin/gcc --target=arm-apple-darwin64 understands -c and -o together... (cached) yes
checking how to run the C preprocessor... /Applications/Xcode.app/Contents/Developer/usr/bin/gcc --target=arm-apple-darwin64 -E
checking whether ln -s works... yes
checking whether make sets $(MAKE)... (cached) yes
checking for arm-apple-darwin64-pkg-config... no
checking for pkg-config... /Users/zyoung/dev/tesseract-build/Root/bin/pkg-config
checking pkg-config is at least version 0.9.0... yes
checking for zlib... yes
checking for libpng... yes
checking for libjpeg... yes
checking for libtiff-4... yes
checking for libopenjp2 >= 2.0.0... no
checking for opj_create_decompress in -lopenjp2... no
checking openjpeg-2.3/openjpeg.h usability... no
checking openjpeg-2.3/openjpeg.h presence... no
checking for openjpeg-2.3/openjpeg.h... no
checking openjpeg-2.2/openjpeg.h usability... no
checking openjpeg-2.2/openjpeg.h presence... no
checking for openjpeg-2.2/openjpeg.h... no
checking openjpeg-2.1/openjpeg.h usability... no
checking openjpeg-2.1/openjpeg.h presence... no
checking for openjpeg-2.1/openjpeg.h... no
checking openjpeg-2.0/openjpeg.h usability... no
checking openjpeg-2.0/openjpeg.h presence... no
checking for openjpeg-2.0/openjpeg.h... no
checking whether make supports nested variables... (cached) yes
checking for size_t... yes
checking whether byte ordering is bigendian... no
checking whether compiler supports -Wl,--as-needed... no
checking for fmemopen... yes
checking for fstatat... yes
checking that generated files are newer than configure... done
configure: creating ./config.status
config.status: creating Makefile
config.status: creating src/endianness.h
config.status: creating src/Makefile
config.status: creating prog/Makefile
config.status: creating lept.pc
config.status: creating config_auto.h
config.status: executing libtool commands
config.status: executing depfiles commands
export LIBS="-lz -lpng -ljpeg -ltiff" ; \
	export SDKROOT="/Applications/Xcode.app/Contents/Developer/Platforms/iPhoneSimulator.platform/Developer/SDKs/iPhoneSimulator13.4.sdk" ; \
	export CFLAGS="-I/Users/zyoung/dev/SwiftyTesseract/SwiftyTesseract/SwiftyTesseract/ios/include -arch x86_64 -pipe -no-cpp-precomp -isysroot $SDKROOT -mios-simulator-version-min="11.0" -O2 -fembed-bitcode" ; \
	export CPPFLAGS=$CFLAGS ; \
	export CXXFLAGS="-I/Users/zyoung/dev/SwiftyTesseract/SwiftyTesseract/SwiftyTesseract/ios/include -arch x86_64 -pipe -no-cpp-precomp -isysroot $SDKROOT -mios-simulator-version-min="11.0" -O2 -Wno-deprecated-register"; \
	export LDFLAGS="-L$SDKROOT/usr/lib/ -L/Users/zyoung/dev/SwiftyTesseract/SwiftyTesseract/SwiftyTesseract/ios/lib" ; \
	export PKG_CONFIG_PATH=/Users/zyoung/dev/SwiftyTesseract/SwiftyTesseract/SwiftyTesseract/libpng-1.6.36/x86_64-apple-darwin/:/Users/zyoung/dev/SwiftyTesseract/SwiftyTesseract/SwiftyTesseract/jpeg-9c/x86_64-apple-darwin/:/Users/zyoung/dev/SwiftyTesseract/SwiftyTesseract/SwiftyTesseract/tiff-4.0.10/x86_64-apple-darwin/ ; \
	export CXX="""`xcode-select -p`"/usr/bin/g++" --target=x86_64-apple-darwin" ; \
	export CXX_FOR_BUILD="""`xcode-select -p`"/usr/bin/g++" --target=x86_64-apple-darwin" ; \
	export CC="""`xcode-select -p`"/usr/bin/gcc" --target=x86_64-apple-darwin" ; \
	mkdir -p /Users/zyoung/dev/SwiftyTesseract/SwiftyTesseract/SwiftyTesseract/leptonica-1.78.0/ios/x86_64-apple-darwin ; \
	cd /Users/zyoung/dev/SwiftyTesseract/SwiftyTesseract/SwiftyTesseract/leptonica-1.78.0/ios/x86_64-apple-darwin ; \
	../../configure CXX="""`xcode-select -p`"/usr/bin/g++" --target=x86_64-apple-darwin" CC="""`xcode-select -p`"/usr/bin/gcc" --target=x86_64-apple-darwin" --host=x86_64-apple-darwin --prefix=`pwd` --enable-shared=no --disable-programs --with-zlib --with-libpng --with-jpeg --with-libtiff --without-giflib --without-libwebp
checking build system type... x86_64-apple-darwin19.4.0
checking host system type... x86_64-apple-darwin
checking how to print strings... printf
checking for x86_64-apple-darwin-gcc... /Applications/Xcode.app/Contents/Developer/usr/bin/gcc --target=x86_64-apple-darwin
checking whether the C compiler works... yes
checking for C compiler default output file name... a.out
checking for suffix of executables... 
checking whether we are cross compiling... yes
checking for suffix of object files... o
checking whether we are using the GNU C compiler... yes
checking whether /Applications/Xcode.app/Contents/Developer/usr/bin/gcc --target=x86_64-apple-darwin accepts -g... yes
checking for /Applications/Xcode.app/Contents/Developer/usr/bin/gcc --target=x86_64-apple-darwin option to accept ISO C89... none needed
checking whether /Applications/Xcode.app/Contents/Developer/usr/bin/gcc --target=x86_64-apple-darwin understands -c and -o together... yes
checking for a sed that does not truncate output... /usr/bin/sed
checking for grep that handles long lines and -e... /usr/bin/grep
checking for egrep... /usr/bin/grep -E
checking for fgrep... /usr/bin/grep -F
checking for ld used by /Applications/Xcode.app/Contents/Developer/usr/bin/gcc --target=x86_64-apple-darwin... /Applications/Xcode.app/Contents/Developer/Toolchains/XcodeDefault.xctoolchain/usr/bin/ld
checking if the linker (/Applications/Xcode.app/Contents/Developer/Toolchains/XcodeDefault.xctoolchain/usr/bin/ld) is GNU ld... no
checking for BSD- or MS-compatible name lister (nm)... no
checking for x86_64-apple-darwin-dumpbin... no
checking for x86_64-apple-darwin-link... no
checking for dumpbin... no
checking for link... link -dump
configure: WARNING: using cross tools not prefixed with host triplet
checking the name lister (nm) interface... BSD nm
checking whether ln -s works... yes
checking the maximum length of command line arguments... 196608
checking how to convert x86_64-apple-darwin19.4.0 file names to x86_64-apple-darwin format... func_convert_file_noop
checking how to convert x86_64-apple-darwin19.4.0 file names to toolchain format... func_convert_file_noop
checking for /Applications/Xcode.app/Contents/Developer/Toolchains/XcodeDefault.xctoolchain/usr/bin/ld option to reload object files... -r
checking for x86_64-apple-darwin-objdump... no
checking for objdump... objdump
checking how to recognize dependent libraries... pass_all
checking for x86_64-apple-darwin-dlltool... no
checking for dlltool... no
checking how to associate runtime and link libraries... printf %s\n
checking for x86_64-apple-darwin-ar... no
checking for ar... ar
checking for archiver @FILE support... no
checking for x86_64-apple-darwin-strip... no
checking for strip... strip
checking for x86_64-apple-darwin-ranlib... no
checking for ranlib... ranlib
checking for gawk... no
checking for mawk... no
checking for nawk... no
checking for awk... awk
checking command to parse nm output from /Applications/Xcode.app/Contents/Developer/usr/bin/gcc --target=x86_64-apple-darwin object... ok
checking for sysroot... no
checking for a working dd... /bin/dd
checking how to truncate binary pipes... /bin/dd bs=4096 count=1
checking for x86_64-apple-darwin-mt... no
checking for mt... no
checking if : is a manifest tool... no
checking for x86_64-apple-darwin-dsymutil... no
checking for dsymutil... dsymutil
checking for x86_64-apple-darwin-nmedit... no
checking for nmedit... nmedit
checking for x86_64-apple-darwin-lipo... no
checking for lipo... lipo
checking for x86_64-apple-darwin-otool... no
checking for otool... otool
checking for x86_64-apple-darwin-otool64... no
checking for otool64... no
checking for -single_module linker flag... yes
checking for -exported_symbols_list linker flag... yes
checking for -force_load linker flag... yes
checking how to run the C preprocessor... /Applications/Xcode.app/Contents/Developer/usr/bin/gcc --target=x86_64-apple-darwin -E
checking for ANSI C header files... yes
checking for sys/types.h... yes
checking for sys/stat.h... yes
checking for stdlib.h... yes
checking for string.h... yes
checking for memory.h... yes
checking for strings.h... yes
checking for inttypes.h... yes
checking for stdint.h... yes
checking for unistd.h... yes
checking for dlfcn.h... yes
checking for objdir... .libs
checking if /Applications/Xcode.app/Contents/Developer/usr/bin/gcc --target=x86_64-apple-darwin supports -fno-rtti -fno-exceptions... yes
checking for /Applications/Xcode.app/Contents/Developer/usr/bin/gcc --target=x86_64-apple-darwin option to produce PIC... -fno-common -DPIC
checking if /Applications/Xcode.app/Contents/Developer/usr/bin/gcc --target=x86_64-apple-darwin PIC flag -fno-common -DPIC works... yes
checking if /Applications/Xcode.app/Contents/Developer/usr/bin/gcc --target=x86_64-apple-darwin static flag -static works... no
checking if /Applications/Xcode.app/Contents/Developer/usr/bin/gcc --target=x86_64-apple-darwin supports -c -o file.o... yes
checking if /Applications/Xcode.app/Contents/Developer/usr/bin/gcc --target=x86_64-apple-darwin supports -c -o file.o... (cached) yes
checking whether the /Applications/Xcode.app/Contents/Developer/usr/bin/gcc --target=x86_64-apple-darwin linker (/Applications/Xcode.app/Contents/Developer/Toolchains/XcodeDefault.xctoolchain/usr/bin/ld) supports shared libraries... yes
checking dynamic linker characteristics... darwin dyld
checking how to hardcode library paths into programs... immediate
checking whether stripping libraries is possible... yes
checking if libtool supports shared libraries... yes
checking whether to build shared libraries... no
checking whether to build static libraries... yes
checking for a BSD-compatible install... /usr/bin/install -c
checking whether build environment is sane... yes
checking for x86_64-apple-darwin-strip... strip
checking for a thread-safe mkdir -p... ../../config/install-sh -c -d
checking whether make sets $(MAKE)... yes
checking whether make supports the include directive... yes (GNU style)
checking whether make supports nested variables... yes
checking dependency style of /Applications/Xcode.app/Contents/Developer/usr/bin/gcc --target=x86_64-apple-darwin... gcc3
checking for gawk... (cached) awk
checking for x86_64-apple-darwin-gcc... (cached) /Applications/Xcode.app/Contents/Developer/usr/bin/gcc --target=x86_64-apple-darwin
checking whether we are using the GNU C compiler... (cached) yes
checking whether /Applications/Xcode.app/Contents/Developer/usr/bin/gcc --target=x86_64-apple-darwin accepts -g... (cached) yes
checking for /Applications/Xcode.app/Contents/Developer/usr/bin/gcc --target=x86_64-apple-darwin option to accept ISO C89... (cached) none needed
checking whether /Applications/Xcode.app/Contents/Developer/usr/bin/gcc --target=x86_64-apple-darwin understands -c and -o together... (cached) yes
checking how to run the C preprocessor... /Applications/Xcode.app/Contents/Developer/usr/bin/gcc --target=x86_64-apple-darwin -E
checking whether ln -s works... yes
checking whether make sets $(MAKE)... (cached) yes
checking for x86_64-apple-darwin-pkg-config... no
checking for pkg-config... /Users/zyoung/dev/tesseract-build/Root/bin/pkg-config
checking pkg-config is at least version 0.9.0... yes
checking for zlib... yes
checking for libpng... yes
checking for libjpeg... yes
checking for libtiff-4... yes
checking for libopenjp2 >= 2.0.0... no
checking for opj_create_decompress in -lopenjp2... no
checking openjpeg-2.3/openjpeg.h usability... no
checking openjpeg-2.3/openjpeg.h presence... no
checking for openjpeg-2.3/openjpeg.h... no
checking openjpeg-2.2/openjpeg.h usability... no
checking openjpeg-2.2/openjpeg.h presence... no
checking for openjpeg-2.2/openjpeg.h... no
checking openjpeg-2.1/openjpeg.h usability... no
checking openjpeg-2.1/openjpeg.h presence... no
checking for openjpeg-2.1/openjpeg.h... no
checking openjpeg-2.0/openjpeg.h usability... no
checking openjpeg-2.0/openjpeg.h presence... no
checking for openjpeg-2.0/openjpeg.h... no
checking whether make supports nested variables... (cached) yes
checking for size_t... yes
checking whether byte ordering is bigendian... no
checking whether compiler supports -Wl,--as-needed... no
checking for fmemopen... yes
checking for fstatat... yes
checking that generated files are newer than configure... done
configure: creating ./config.status
config.status: creating Makefile
config.status: creating src/endianness.h
config.status: creating src/Makefile
config.status: creating prog/Makefile
config.status: creating lept.pc
config.status: creating config_auto.h
config.status: executing libtool commands
config.status: executing depfiles commands
cd /Users/zyoung/dev/SwiftyTesseract/SwiftyTesseract/SwiftyTesseract/leptonica-1.78.0/ios/arm-apple-darwin64 ; \
	/Applications/Xcode.app/Contents/Developer/usr/bin/make -sj8 && /Applications/Xcode.app/Contents/Developer/usr/bin/make install
Making all in src
  CC       adaptmap.lo
  CC       affine.lo
  CC       affinecompose.lo
  CC       arrayaccess.lo
  CC       bardecode.lo
  CC       baseline.lo
  CC       bbuffer.lo
  CC       bilateral.lo
  CC       bilinear.lo
  CC       binarize.lo
  CC       binexpand.lo
  CC       binreduce.lo
  CC       blend.lo
  CC       bmf.lo
  CC       bmpio.lo
  CC       bmpiostub.lo
  CC       bootnumgen1.lo
  CC       bootnumgen2.lo
  CC       bootnumgen3.lo
../../../src/bmpio.c:158:37: warning: taking address of packed member 'bmpih' of class or structure 'BMP_HEADER' may result in an unaligned pointer value [-Waddress-of-packed-member]
    compression = convertOnBigEnd32(bmpih->biCompression);
                                    ^~~~~
../../../src/bmpio.c:134:17: note: expanded from macro 'bmpih'
#define bmpih (&bmph->bmpih)
                ^~~~~~~~~~~
../../../src/bmpio.c:168:31: warning: taking address of packed member 'bmpih' of class or structure 'BMP_HEADER' may result in an unaligned pointer value [-Waddress-of-packed-member]
    width = convertOnBigEnd32(bmpih->biWidth);
                              ^~~~~
../../../src/bmpio.c:134:17: note: expanded from macro 'bmpih'
#define bmpih (&bmph->bmpih)
                ^~~~~~~~~~~
../../../src/bmpio.c:169:32: warning: taking address of packed member 'bmpih' of class or structure 'BMP_HEADER' may result in an unaligned pointer value [-Waddress-of-packed-member]
    height = convertOnBigEnd32(bmpih->biHeight);
                               ^~~~~
../../../src/bmpio.c:134:17: note: expanded from macro 'bmpih'
#define bmpih (&bmph->bmpih)
                ^~~~~~~~~~~
../../../src/bmpio.c:170:31: warning: taking address of packed member 'bmpih' of class or structure 'BMP_HEADER' may result in an unaligned pointer value [-Waddress-of-packed-member]
    depth = convertOnBigEnd16(bmpih->biBitCount);
                              ^~~~~
../../../src/bmpio.c:134:17: note: expanded from macro 'bmpih'
#define bmpih (&bmph->bmpih)
                ^~~~~~~~~~~
../../../src/bmpio.c:171:36: warning: taking address of packed member 'bmpih' of class or structure 'BMP_HEADER' may result in an unaligned pointer value [-Waddress-of-packed-member]
    imagebytes = convertOnBigEnd32(bmpih->biSizeImage);
                                   ^~~~~
../../../src/bmpio.c:134:17: note: expanded from macro 'bmpih'
#define bmpih (&bmph->bmpih)
                ^~~~~~~~~~~
../../../src/bmpio.c:172:30: warning: taking address of packed member 'bmpih' of class or structure 'BMP_HEADER' may result in an unaligned pointer value [-Waddress-of-packed-member]
    xres = convertOnBigEnd32(bmpih->biXPelsPerMeter);
                             ^~~~~
../../../src/bmpio.c:134:17: note: expanded from macro 'bmpih'
#define bmpih (&bmph->bmpih)
                ^~~~~~~~~~~
../../../src/bmpio.c:173:30: warning: taking address of packed member 'bmpih' of class or structure 'BMP_HEADER' may result in an unaligned pointer value [-Waddress-of-packed-member]
    yres = convertOnBigEnd32(bmpih->biYPelsPerMeter);
                             ^~~~~
../../../src/bmpio.c:134:17: note: expanded from macro 'bmpih'
#define bmpih (&bmph->bmpih)
                ^~~~~~~~~~~
  CC       bootnumgen4.lo
../../../src/bmpio.c:529:5: warning: taking address of packed member 'bmpih' of class or structure 'BMP_HEADER' may result in an unaligned pointer value [-Waddress-of-packed-member]
    bmpih->biSize = convertOnBigEnd32(BMP_IHBYTES);
    ^~~~~
../../../src/bmpio.c:422:17: note: expanded from macro 'bmpih'
#define bmpih (&bmph->bmpih)
                ^~~~~~~~~~~
../../../src/bmpio.c:530:5: warning: taking address of packed member 'bmpih' of class or structure 'BMP_HEADER' may result in an unaligned pointer value [-Waddress-of-packed-member]
    bmpih->biWidth = convertOnBigEnd32(w);
    ^~~~~
../../../src/bmpio.c:422:17: note: expanded from macro 'bmpih'
#define bmpih (&bmph->bmpih)
                ^~~~~~~~~~~
../../../src/bmpio.c:531:5: warning: taking address of packed member 'bmpih' of class or structure 'BMP_HEADER' may result in an unaligned pointer value [-Waddress-of-packed-member]
    bmpih->biHeight = convertOnBigEnd32(h);
    ^~~~~
../../../src/bmpio.c:422:17: note: expanded from macro 'bmpih'
#define bmpih (&bmph->bmpih)
                ^~~~~~~~~~~
../../../src/bmpio.c:532:5: warning: taking address of packed member 'bmpih' of class or structure 'BMP_HEADER' may result in an unaligned pointer value [-Waddress-of-packed-member]
    bmpih->biPlanes = convertOnBigEnd16(1);
    ^~~~~
../../../src/bmpio.c:422:17: note: expanded from macro 'bmpih'
#define bmpih (&bmph->bmpih)
                ^~~~~~~~~~~
../../../src/bmpio.c:533:5: warning: taking address of packed member 'bmpih' of class or structure 'BMP_HEADER' may result in an unaligned pointer value [-Waddress-of-packed-member]
    bmpih->biBitCount = convertOnBigEnd16(fdepth);
    ^~~~~
../../../src/bmpio.c:422:17: note: expanded from macro 'bmpih'
#define bmpih (&bmph->bmpih)
                ^~~~~~~~~~~
../../../src/bmpio.c:534:5: warning: taking address of packed member 'bmpih' of class or structure 'BMP_HEADER' may result in an unaligned pointer value [-Waddress-of-packed-member]
    bmpih->biSizeImage = convertOnBigEnd32(fimagebytes);
    ^~~~~
../../../src/bmpio.c:422:17: note: expanded from macro 'bmpih'
#define bmpih (&bmph->bmpih)
                ^~~~~~~~~~~
../../../src/bmpio.c:535:5: warning: taking address of packed member 'bmpih' of class or structure 'BMP_HEADER' may result in an unaligned pointer value [-Waddress-of-packed-member]
    bmpih->biXPelsPerMeter = convertOnBigEnd32(xres);
    ^~~~~
../../../src/bmpio.c:422:17: note: expanded from macro 'bmpih'
#define bmpih (&bmph->bmpih)
                ^~~~~~~~~~~
../../../src/bmpio.c:536:5: warning: taking address of packed member 'bmpih' of class or structure 'BMP_HEADER' may result in an unaligned pointer value [-Waddress-of-packed-member]
    bmpih->biYPelsPerMeter = convertOnBigEnd32(yres);
    ^~~~~
../../../src/bmpio.c:422:17: note: expanded from macro 'bmpih'
#define bmpih (&bmph->bmpih)
                ^~~~~~~~~~~
../../../src/bmpio.c:537:5: warning: taking address of packed member 'bmpih' of class or structure 'BMP_HEADER' may result in an unaligned pointer value [-Waddress-of-packed-member]
    bmpih->biClrUsed = convertOnBigEnd32(ncolors);
    ^~~~~
../../../src/bmpio.c:422:17: note: expanded from macro 'bmpih'
#define bmpih (&bmph->bmpih)
                ^~~~~~~~~~~
../../../src/bmpio.c:538:5: warning: taking address of packed member 'bmpih' of class or structure 'BMP_HEADER' may result in an unaligned pointer value [-Waddress-of-packed-member]
    bmpih->biClrImportant = convertOnBigEnd32(ncolors);
    ^~~~~
../../../src/bmpio.c:422:17: note: expanded from macro 'bmpih'
#define bmpih (&bmph->bmpih)
                ^~~~~~~~~~~
17 warnings generated.
  CC       boxbasic.lo
  CC       boxfunc1.lo
  CC       boxfunc2.lo
  CC       boxfunc3.lo
  CC       boxfunc4.lo
  CC       boxfunc5.lo
  CC       bytearray.lo
  CC       ccbord.lo
  CC       ccthin.lo
  CC       classapp.lo
  CC       colorcontent.lo
  CC       coloring.lo
  CC       colormap.lo
  CC       colormorph.lo
  CC       colorquant1.lo
  CC       colorquant2.lo
  CC       colorseg.lo
  CC       colorspace.lo
  CC       compare.lo
  CC       conncomp.lo
  CC       convertfiles.lo
  CC       convolve.lo
  CC       correlscore.lo
  CC       dewarp1.lo
  CC       dewarp2.lo
  CC       dewarp3.lo
  CC       dewarp4.lo
  CC       dnabasic.lo
  CC       dnafunc1.lo
  CC       dnahash.lo
  CC       dwacomb.2.lo
  CC       dwacomblow.2.lo
  CC       edge.lo
  CC       encoding.lo
  CC       enhance.lo
  CC       fhmtauto.lo
  CC       fhmtgen.1.lo
  CC       fhmtgenlow.1.lo
  CC       finditalic.lo
  CC       flipdetect.lo
  CC       fliphmtgen.lo
  CC       fmorphauto.lo
  CC       fmorphgen.1.lo
  CC       fmorphgenlow.1.lo
  CC       fpix1.lo
  CC       fpix2.lo
  CC       gifio.lo
  CC       gifiostub.lo
  CC       gplot.lo
  CC       graphics.lo
  CC       graymorph.lo
  CC       grayquant.lo
  CC       heap.lo
  CC       jbclass.lo
  CC       jp2kheader.lo
  CC       jp2kheaderstub.lo
  CC       jp2kio.lo
  CC       jp2kiostub.lo
  CC       jpegio.lo
  CC       jpegiostub.lo
  CC       kernel.lo
  CC       leptwin.lo
  CC       libversions.lo
  CC       list.lo
  CC       map.lo
  CC       maze.lo
  CC       morph.lo
  CC       morphapp.lo
  CC       morphdwa.lo
  CC       morphseq.lo
  CC       numabasic.lo
  CC       numafunc1.lo
  CC       numafunc2.lo
  CC       pageseg.lo
  CC       paintcmap.lo
  CC       parseprotos.lo
  CC       partition.lo
  CC       pdfio1.lo
  CC       pdfio1stub.lo
  CC       pdfio2.lo
  CC       pdfio2stub.lo
  CC       pix1.lo
  CC       pix2.lo
  CC       pix3.lo
  CC       pix4.lo
  CC       pix5.lo
  CC       pixabasic.lo
  CC       pixacc.lo
  CC       pixafunc1.lo
  CC       pixafunc2.lo
  CC       pixalloc.lo
  CC       pixarith.lo
  CC       pixcomp.lo
  CC       pixconv.lo
  CC       pixlabel.lo
  CC       pixtiling.lo
  CC       pngio.lo
  CC       pngiostub.lo
  CC       pnmio.lo
  CC       pnmiostub.lo
  CC       projective.lo
  CC       psio1.lo
  CC       psio1stub.lo
  CC       psio2.lo
  CC       psio2stub.lo
  CC       ptabasic.lo
  CC       ptafunc1.lo
  CC       ptafunc2.lo
  CC       ptra.lo
  CC       quadtree.lo
  CC       queue.lo
  CC       rank.lo
  CC       rbtree.lo
  CC       readbarcode.lo
  CC       readfile.lo
  CC       recogbasic.lo
  CC       recogdid.lo
  CC       recogident.lo
  CC       recogtrain.lo
  CC       regutils.lo
  CC       rop.lo
  CC       roplow.lo
  CC       rotate.lo
  CC       rotateam.lo
  CC       rotateorth.lo
  CC       rotateshear.lo
  CC       runlength.lo
  CC       sarray1.lo
  CC       sarray2.lo
  CC       scale1.lo
  CC       scale2.lo
  CC       seedfill.lo
  CC       sel1.lo
  CC       sel2.lo
  CC       selgen.lo
  CC       shear.lo
  CC       skew.lo
  CC       spixio.lo
  CC       stack.lo
  CC       stringcode.lo
  CC       strokes.lo
  CC       sudoku.lo
  CC       textops.lo
  CC       tiffio.lo
  CC       tiffiostub.lo
  CC       utils1.lo
  CC       utils2.lo
  CC       warper.lo
  CC       watershed.lo
  CC       webpio.lo
  CC       webpiostub.lo
  CC       writefile.lo
  CC       zlibmem.lo
  CC       zlibmemstub.lo
  CCLD     liblept.la
Making all in prog
Making install in src
 ../../../config/install-sh -c -d '/Users/zyoung/dev/SwiftyTesseract/SwiftyTesseract/SwiftyTesseract/leptonica-1.78.0/ios/arm-apple-darwin64/lib'
 /bin/sh ../libtool   --mode=install /usr/bin/install -c   liblept.la '/Users/zyoung/dev/SwiftyTesseract/SwiftyTesseract/SwiftyTesseract/leptonica-1.78.0/ios/arm-apple-darwin64/lib'
libtool: install: /usr/bin/install -c .libs/liblept.lai /Users/zyoung/dev/SwiftyTesseract/SwiftyTesseract/SwiftyTesseract/leptonica-1.78.0/ios/arm-apple-darwin64/lib/liblept.la
libtool: install: /usr/bin/install -c .libs/liblept.a /Users/zyoung/dev/SwiftyTesseract/SwiftyTesseract/SwiftyTesseract/leptonica-1.78.0/ios/arm-apple-darwin64/lib/liblept.a
libtool: install: chmod 644 /Users/zyoung/dev/SwiftyTesseract/SwiftyTesseract/SwiftyTesseract/leptonica-1.78.0/ios/arm-apple-darwin64/lib/liblept.a
libtool: install: ranlib /Users/zyoung/dev/SwiftyTesseract/SwiftyTesseract/SwiftyTesseract/leptonica-1.78.0/ios/arm-apple-darwin64/lib/liblept.a
 ../../../config/install-sh -c -d '/Users/zyoung/dev/SwiftyTesseract/SwiftyTesseract/SwiftyTesseract/leptonica-1.78.0/ios/arm-apple-darwin64/include/leptonica'
 /usr/bin/install -c -m 644 ../../../src/allheaders.h ../../../src/alltypes.h ../../../src/array.h ../../../src/arrayaccess.h ../../../src/bbuffer.h ../../../src/bilateral.h ../../../src/bmf.h ../../../src/bmfdata.h ../../../src/bmp.h ../../../src/ccbord.h ../../../src/dewarp.h endianness.h ../../../src/environ.h ../../../src/gplot.h ../../../src/heap.h ../../../src/imageio.h ../../../src/jbclass.h ../../../src/leptwin.h ../../../src/list.h ../../../src/morph.h ../../../src/pix.h ../../../src/ptra.h ../../../src/queue.h ../../../src/rbtree.h ../../../src/readbarcode.h ../../../src/recog.h ../../../src/regutils.h ../../../src/stack.h ../../../src/stringcode.h ../../../src/sudoku.h ../../../src/watershed.h '/Users/zyoung/dev/SwiftyTesseract/SwiftyTesseract/SwiftyTesseract/leptonica-1.78.0/ios/arm-apple-darwin64/include/leptonica'
Making install in prog
make[4]: Nothing to be done for `install-data-am'.
make[4]: Nothing to be done for `install-exec-am'.
 ../../config/install-sh -c -d '/Users/zyoung/dev/SwiftyTesseract/SwiftyTesseract/SwiftyTesseract/leptonica-1.78.0/ios/arm-apple-darwin64/lib/pkgconfig'
 /usr/bin/install -c -m 644 lept.pc '/Users/zyoung/dev/SwiftyTesseract/SwiftyTesseract/SwiftyTesseract/leptonica-1.78.0/ios/arm-apple-darwin64/lib/pkgconfig'
cd /Users/zyoung/dev/SwiftyTesseract/SwiftyTesseract/SwiftyTesseract/leptonica-1.78.0/ios/x86_64-apple-darwin ; \
	/Applications/Xcode.app/Contents/Developer/usr/bin/make -sj8 && /Applications/Xcode.app/Contents/Developer/usr/bin/make install
Making all in src
  CC       adaptmap.lo
  CC       affine.lo
  CC       affinecompose.lo
  CC       arrayaccess.lo
  CC       bardecode.lo
  CC       baseline.lo
  CC       bbuffer.lo
  CC       bilateral.lo
  CC       bilinear.lo
  CC       binarize.lo
  CC       binexpand.lo
  CC       binreduce.lo
  CC       blend.lo
  CC       bmf.lo
  CC       bmpio.lo
  CC       bmpiostub.lo
  CC       bootnumgen1.lo
  CC       bootnumgen2.lo
  CC       bootnumgen3.lo
../../../src/bmpio.c:158:37: warning: taking address of packed member 'bmpih' of class or structure 'BMP_HEADER' may result in an unaligned pointer value [-Waddress-of-packed-member]
    compression = convertOnBigEnd32(bmpih->biCompression);
                                    ^~~~~
../../../src/bmpio.c:134:17: note: expanded from macro 'bmpih'
#define bmpih (&bmph->bmpih)
                ^~~~~~~~~~~
../../../src/bmpio.c:168:31: warning: taking address of packed member 'bmpih' of class or structure 'BMP_HEADER' may result in an unaligned pointer value [-Waddress-of-packed-member]
    width = convertOnBigEnd32(bmpih->biWidth);
                              ^~~~~
../../../src/bmpio.c:134:17: note: expanded from macro 'bmpih'
#define bmpih (&bmph->bmpih)
                ^~~~~~~~~~~
../../../src/bmpio.c:169:32: warning: taking address of packed member 'bmpih' of class or structure 'BMP_HEADER' may result in an unaligned pointer value [-Waddress-of-packed-member]
    height = convertOnBigEnd32(bmpih->biHeight);
                               ^~~~~
../../../src/bmpio.c:134:17: note: expanded from macro 'bmpih'
#define bmpih (&bmph->bmpih)
                ^~~~~~~~~~~
../../../src/bmpio.c:170:31: warning: taking address of packed member 'bmpih' of class or structure 'BMP_HEADER' may result in an unaligned pointer value [-Waddress-of-packed-member]
    depth = convertOnBigEnd16(bmpih->biBitCount);
                              ^~~~~
../../../src/bmpio.c:134:17: note: expanded from macro 'bmpih'
#define bmpih (&bmph->bmpih)
                ^~~~~~~~~~~
../../../src/bmpio.c:171:36: warning: taking address of packed member 'bmpih' of class or structure 'BMP_HEADER' may result in an unaligned pointer value [-Waddress-of-packed-member]
    imagebytes = convertOnBigEnd32(bmpih->biSizeImage);
                                   ^~~~~
../../../src/bmpio.c:134:17: note: expanded from macro 'bmpih'
#define bmpih (&bmph->bmpih)
                ^~~~~~~~~~~
../../../src/bmpio.c:172:30: warning: taking address of packed member 'bmpih' of class or structure 'BMP_HEADER' may result in an unaligned pointer value [-Waddress-of-packed-member]
    xres = convertOnBigEnd32(bmpih->biXPelsPerMeter);
                             ^~~~~
../../../src/bmpio.c:134:17: note: expanded from macro 'bmpih'
#define bmpih (&bmph->bmpih)
                ^~~~~~~~~~~
../../../src/bmpio.c:173:30: warning: taking address of packed member 'bmpih' of class or structure 'BMP_HEADER' may result in an unaligned pointer value [-Waddress-of-packed-member]
    yres = convertOnBigEnd32(bmpih->biYPelsPerMeter);
                             ^~~~~
../../../src/bmpio.c:134:17: note: expanded from macro 'bmpih'
#define bmpih (&bmph->bmpih)
                ^~~~~~~~~~~
../../../src/bmpio.c:529:5: warning: taking address of packed member 'bmpih' of class or structure 'BMP_HEADER' may result in an unaligned pointer value [-Waddress-of-packed-member]
    bmpih->biSize = convertOnBigEnd32(BMP_IHBYTES);
    ^~~~~
../../../src/bmpio.c:422:17: note: expanded from macro 'bmpih'
#define bmpih (&bmph->bmpih)
                ^~~~~~~~~~~
../../../src/bmpio.c:530:5: warning: taking address of packed member 'bmpih' of class or structure 'BMP_HEADER' may result in an unaligned pointer value [-Waddress-of-packed-member]
    bmpih->biWidth = convertOnBigEnd32(w);
    ^~~~~
../../../src/bmpio.c:422:17: note: expanded from macro 'bmpih'
#define bmpih (&bmph->bmpih)
                ^~~~~~~~~~~
../../../src/bmpio.c:531:5: warning: taking address of packed member 'bmpih' of class or structure 'BMP_HEADER' may result in an unaligned pointer value [-Waddress-of-packed-member]
    bmpih->biHeight = convertOnBigEnd32(h);
    ^~~~~
../../../src/bmpio.c:422:17: note: expanded from macro 'bmpih'
#define bmpih (&bmph->bmpih)
                ^~~~~~~~~~~
../../../src/bmpio.c:532:5: warning: taking address of packed member 'bmpih' of class or structure 'BMP_HEADER' may result in an unaligned pointer value [-Waddress-of-packed-member]
    bmpih->biPlanes = convertOnBigEnd16(1);
    ^~~~~
../../../src/bmpio.c:422:17: note: expanded from macro 'bmpih'
#define bmpih (&bmph->bmpih)
                ^~~~~~~~~~~
../../../src/bmpio.c:533:5: warning: taking address of packed member 'bmpih' of class or structure 'BMP_HEADER' may result in an unaligned pointer value [-Waddress-of-packed-member]
    bmpih->biBitCount = convertOnBigEnd16(fdepth);
    ^~~~~
../../../src/bmpio.c:422:17: note: expanded from macro 'bmpih'
#define bmpih (&bmph->bmpih)
                ^~~~~~~~~~~
../../../src/bmpio.c:534:5: warning: taking address of packed member 'bmpih' of class or structure 'BMP_HEADER' may result in an unaligned pointer value [-Waddress-of-packed-member]
    bmpih->biSizeImage = convertOnBigEnd32(fimagebytes);
    ^~~~~
../../../src/bmpio.c:422:17: note: expanded from macro 'bmpih'
#define bmpih (&bmph->bmpih)
                ^~~~~~~~~~~
../../../src/bmpio.c:535:5: warning: taking address of packed member 'bmpih' of class or structure 'BMP_HEADER' may result in an unaligned pointer value [-Waddress-of-packed-member]
    bmpih->biXPelsPerMeter = convertOnBigEnd32(xres);
    ^~~~~
../../../src/bmpio.c:422:17: note: expanded from macro 'bmpih'
#define bmpih (&bmph->bmpih)
                ^~~~~~~~~~~
../../../src/bmpio.c:536:5: warning: taking address of packed member 'bmpih' of class or structure 'BMP_HEADER' may result in an unaligned pointer value [-Waddress-of-packed-member]
    bmpih->biYPelsPerMeter = convertOnBigEnd32(yres);
    ^~~~~
../../../src/bmpio.c:422:17: note: expanded from macro 'bmpih'
#define bmpih (&bmph->bmpih)
                ^~~~~~~~~~~
../../../src/bmpio.c:537:5: warning: taking address of packed member 'bmpih' of class or structure 'BMP_HEADER' may result in an unaligned pointer value [-Waddress-of-packed-member]
    bmpih->biClrUsed = convertOnBigEnd32(ncolors);
    ^~~~~
../../../src/bmpio.c:422:17: note: expanded from macro 'bmpih'
#define bmpih (&bmph->bmpih)
                ^~~~~~~~~~~
../../../src/bmpio.c:538:5: warning: taking address of packed member 'bmpih' of class or structure 'BMP_HEADER' may result in an unaligned pointer value [-Waddress-of-packed-member]
    bmpih->biClrImportant = convertOnBigEnd32(ncolors);
    ^~~~~
../../../src/bmpio.c:422:17: note: expanded from macro 'bmpih'
#define bmpih (&bmph->bmpih)
                ^~~~~~~~~~~
  CC       bootnumgen4.lo
17 warnings generated.
  CC       boxbasic.lo
  CC       boxfunc1.lo
  CC       boxfunc2.lo
  CC       boxfunc3.lo
  CC       boxfunc4.lo
  CC       boxfunc5.lo
  CC       bytearray.lo
  CC       ccbord.lo
  CC       ccthin.lo
  CC       classapp.lo
  CC       colorcontent.lo
  CC       coloring.lo
  CC       colormap.lo
  CC       colormorph.lo
  CC       colorquant1.lo
  CC       colorquant2.lo
  CC       colorseg.lo
  CC       colorspace.lo
  CC       compare.lo
  CC       conncomp.lo
  CC       convertfiles.lo
  CC       convolve.lo
  CC       correlscore.lo
  CC       dewarp1.lo
  CC       dewarp2.lo
  CC       dewarp3.lo
  CC       dewarp4.lo
  CC       dnabasic.lo
  CC       dnafunc1.lo
  CC       dnahash.lo
  CC       dwacomb.2.lo
  CC       dwacomblow.2.lo
  CC       edge.lo
  CC       encoding.lo
  CC       enhance.lo
  CC       fhmtauto.lo
  CC       fhmtgen.1.lo
  CC       fhmtgenlow.1.lo
  CC       finditalic.lo
  CC       flipdetect.lo
  CC       fliphmtgen.lo
  CC       fmorphauto.lo
  CC       fmorphgen.1.lo
  CC       fmorphgenlow.1.lo
  CC       fpix1.lo
  CC       fpix2.lo
  CC       gifio.lo
  CC       gifiostub.lo
  CC       gplot.lo
  CC       graphics.lo
  CC       graymorph.lo
  CC       grayquant.lo
  CC       heap.lo
  CC       jbclass.lo
  CC       jp2kheader.lo
  CC       jp2kheaderstub.lo
  CC       jp2kio.lo
  CC       jp2kiostub.lo
  CC       jpegio.lo
  CC       jpegiostub.lo
  CC       kernel.lo
  CC       leptwin.lo
  CC       libversions.lo
  CC       list.lo
  CC       map.lo
  CC       maze.lo
  CC       morph.lo
  CC       morphapp.lo
  CC       morphdwa.lo
  CC       morphseq.lo
  CC       numabasic.lo
  CC       numafunc1.lo
  CC       numafunc2.lo
  CC       pageseg.lo
  CC       paintcmap.lo
  CC       parseprotos.lo
  CC       partition.lo
  CC       pdfio1.lo
  CC       pdfio1stub.lo
  CC       pdfio2.lo
  CC       pdfio2stub.lo
  CC       pix1.lo
  CC       pix2.lo
  CC       pix3.lo
  CC       pix4.lo
  CC       pix5.lo
  CC       pixabasic.lo
  CC       pixacc.lo
  CC       pixafunc1.lo
  CC       pixafunc2.lo
  CC       pixalloc.lo
  CC       pixarith.lo
  CC       pixcomp.lo
  CC       pixconv.lo
  CC       pixlabel.lo
  CC       pixtiling.lo
  CC       pngio.lo
  CC       pngiostub.lo
  CC       pnmio.lo
  CC       pnmiostub.lo
  CC       projective.lo
  CC       psio1.lo
  CC       psio1stub.lo
  CC       psio2.lo
  CC       psio2stub.lo
  CC       ptabasic.lo
  CC       ptafunc1.lo
  CC       ptafunc2.lo
  CC       ptra.lo
  CC       quadtree.lo
  CC       queue.lo
  CC       rank.lo
  CC       rbtree.lo
  CC       readbarcode.lo
  CC       readfile.lo
  CC       recogbasic.lo
  CC       recogdid.lo
  CC       recogident.lo
  CC       recogtrain.lo
  CC       regutils.lo
  CC       rop.lo
  CC       roplow.lo
  CC       rotate.lo
  CC       rotateam.lo
  CC       rotateorth.lo
  CC       rotateshear.lo
  CC       runlength.lo
  CC       sarray1.lo
  CC       sarray2.lo
  CC       scale1.lo
  CC       scale2.lo
  CC       seedfill.lo
  CC       sel1.lo
  CC       sel2.lo
  CC       selgen.lo
  CC       shear.lo
  CC       skew.lo
  CC       spixio.lo
  CC       stack.lo
  CC       stringcode.lo
  CC       strokes.lo
  CC       sudoku.lo
  CC       textops.lo
  CC       tiffio.lo
  CC       tiffiostub.lo
  CC       utils1.lo
  CC       utils2.lo
  CC       warper.lo
  CC       watershed.lo
  CC       webpio.lo
  CC       webpiostub.lo
  CC       writefile.lo
  CC       zlibmem.lo
  CC       zlibmemstub.lo
  CCLD     liblept.la
Making all in prog
Making install in src
 ../../../config/install-sh -c -d '/Users/zyoung/dev/SwiftyTesseract/SwiftyTesseract/SwiftyTesseract/leptonica-1.78.0/ios/x86_64-apple-darwin/lib'
 /bin/sh ../libtool   --mode=install /usr/bin/install -c   liblept.la '/Users/zyoung/dev/SwiftyTesseract/SwiftyTesseract/SwiftyTesseract/leptonica-1.78.0/ios/x86_64-apple-darwin/lib'
libtool: install: /usr/bin/install -c .libs/liblept.lai /Users/zyoung/dev/SwiftyTesseract/SwiftyTesseract/SwiftyTesseract/leptonica-1.78.0/ios/x86_64-apple-darwin/lib/liblept.la
libtool: install: /usr/bin/install -c .libs/liblept.a /Users/zyoung/dev/SwiftyTesseract/SwiftyTesseract/SwiftyTesseract/leptonica-1.78.0/ios/x86_64-apple-darwin/lib/liblept.a
libtool: install: chmod 644 /Users/zyoung/dev/SwiftyTesseract/SwiftyTesseract/SwiftyTesseract/leptonica-1.78.0/ios/x86_64-apple-darwin/lib/liblept.a
libtool: install: ranlib /Users/zyoung/dev/SwiftyTesseract/SwiftyTesseract/SwiftyTesseract/leptonica-1.78.0/ios/x86_64-apple-darwin/lib/liblept.a
 ../../../config/install-sh -c -d '/Users/zyoung/dev/SwiftyTesseract/SwiftyTesseract/SwiftyTesseract/leptonica-1.78.0/ios/x86_64-apple-darwin/include/leptonica'
 /usr/bin/install -c -m 644 ../../../src/allheaders.h ../../../src/alltypes.h ../../../src/array.h ../../../src/arrayaccess.h ../../../src/bbuffer.h ../../../src/bilateral.h ../../../src/bmf.h ../../../src/bmfdata.h ../../../src/bmp.h ../../../src/ccbord.h ../../../src/dewarp.h endianness.h ../../../src/environ.h ../../../src/gplot.h ../../../src/heap.h ../../../src/imageio.h ../../../src/jbclass.h ../../../src/leptwin.h ../../../src/list.h ../../../src/morph.h ../../../src/pix.h ../../../src/ptra.h ../../../src/queue.h ../../../src/rbtree.h ../../../src/readbarcode.h ../../../src/recog.h ../../../src/regutils.h ../../../src/stack.h ../../../src/stringcode.h ../../../src/sudoku.h ../../../src/watershed.h '/Users/zyoung/dev/SwiftyTesseract/SwiftyTesseract/SwiftyTesseract/leptonica-1.78.0/ios/x86_64-apple-darwin/include/leptonica'
Making install in prog
make[4]: Nothing to be done for `install-data-am'.
make[4]: Nothing to be done for `install-exec-am'.
 ../../config/install-sh -c -d '/Users/zyoung/dev/SwiftyTesseract/SwiftyTesseract/SwiftyTesseract/leptonica-1.78.0/ios/x86_64-apple-darwin/lib/pkgconfig'
 /usr/bin/install -c -m 644 lept.pc '/Users/zyoung/dev/SwiftyTesseract/SwiftyTesseract/SwiftyTesseract/leptonica-1.78.0/ios/x86_64-apple-darwin/lib/pkgconfig'
mkdir -p /Users/zyoung/dev/SwiftyTesseract/SwiftyTesseract/SwiftyTesseract/ios/lib
xcrun lipo /Users/zyoung/dev/SwiftyTesseract/SwiftyTesseract/SwiftyTesseract/leptonica-1.78.0/ios/arm-apple-darwin64/lib/liblept.a /Users/zyoung/dev/SwiftyTesseract/SwiftyTesseract/SwiftyTesseract/leptonica-1.78.0/ios/x86_64-apple-darwin/lib/liblept.a -create -output /Users/zyoung/dev/SwiftyTesseract/SwiftyTesseract/SwiftyTesseract/ios/lib/liblept.a
mkdir -p /Users/zyoung/dev/SwiftyTesseract/SwiftyTesseract/SwiftyTesseract/ios/include
cp -rvf /Users/zyoung/dev/SwiftyTesseract/SwiftyTesseract/SwiftyTesseract/leptonica-1.78.0/ios/arm-apple-darwin64/include/leptonica /Users/zyoung/dev/SwiftyTesseract/SwiftyTesseract/SwiftyTesseract/ios/include
/Users/zyoung/dev/SwiftyTesseract/SwiftyTesseract/SwiftyTesseract/leptonica-1.78.0/ios/arm-apple-darwin64/include/leptonica -> /Users/zyoung/dev/SwiftyTesseract/SwiftyTesseract/SwiftyTesseract/ios/include/leptonica
/Users/zyoung/dev/SwiftyTesseract/SwiftyTesseract/SwiftyTesseract/leptonica-1.78.0/ios/arm-apple-darwin64/include/leptonica/dewarp.h -> /Users/zyoung/dev/SwiftyTesseract/SwiftyTesseract/SwiftyTesseract/ios/include/leptonica/dewarp.h
/Users/zyoung/dev/SwiftyTesseract/SwiftyTesseract/SwiftyTesseract/leptonica-1.78.0/ios/arm-apple-darwin64/include/leptonica/allheaders.h -> /Users/zyoung/dev/SwiftyTesseract/SwiftyTesseract/SwiftyTesseract/ios/include/leptonica/allheaders.h
/Users/zyoung/dev/SwiftyTesseract/SwiftyTesseract/SwiftyTesseract/leptonica-1.78.0/ios/arm-apple-darwin64/include/leptonica/imageio.h -> /Users/zyoung/dev/SwiftyTesseract/SwiftyTesseract/SwiftyTesseract/ios/include/leptonica/imageio.h
/Users/zyoung/dev/SwiftyTesseract/SwiftyTesseract/SwiftyTesseract/leptonica-1.78.0/ios/arm-apple-darwin64/include/leptonica/bilateral.h -> /Users/zyoung/dev/SwiftyTesseract/SwiftyTesseract/SwiftyTesseract/ios/include/leptonica/bilateral.h
/Users/zyoung/dev/SwiftyTesseract/SwiftyTesseract/SwiftyTesseract/leptonica-1.78.0/ios/arm-apple-darwin64/include/leptonica/morph.h -> /Users/zyoung/dev/SwiftyTesseract/SwiftyTesseract/SwiftyTesseract/ios/include/leptonica/morph.h
/Users/zyoung/dev/SwiftyTesseract/SwiftyTesseract/SwiftyTesseract/leptonica-1.78.0/ios/arm-apple-darwin64/include/leptonica/endianness.h -> /Users/zyoung/dev/SwiftyTesseract/SwiftyTesseract/SwiftyTesseract/ios/include/leptonica/endianness.h
/Users/zyoung/dev/SwiftyTesseract/SwiftyTesseract/SwiftyTesseract/leptonica-1.78.0/ios/arm-apple-darwin64/include/leptonica/bbuffer.h -> /Users/zyoung/dev/SwiftyTesseract/SwiftyTesseract/SwiftyTesseract/ios/include/leptonica/bbuffer.h
/Users/zyoung/dev/SwiftyTesseract/SwiftyTesseract/SwiftyTesseract/leptonica-1.78.0/ios/arm-apple-darwin64/include/leptonica/jbclass.h -> /Users/zyoung/dev/SwiftyTesseract/SwiftyTesseract/SwiftyTesseract/ios/include/leptonica/jbclass.h
/Users/zyoung/dev/SwiftyTesseract/SwiftyTesseract/SwiftyTesseract/leptonica-1.78.0/ios/arm-apple-darwin64/include/leptonica/bmp.h -> /Users/zyoung/dev/SwiftyTesseract/SwiftyTesseract/SwiftyTesseract/ios/include/leptonica/bmp.h
/Users/zyoung/dev/SwiftyTesseract/SwiftyTesseract/SwiftyTesseract/leptonica-1.78.0/ios/arm-apple-darwin64/include/leptonica/bmf.h -> /Users/zyoung/dev/SwiftyTesseract/SwiftyTesseract/SwiftyTesseract/ios/include/leptonica/bmf.h
/Users/zyoung/dev/SwiftyTesseract/SwiftyTesseract/SwiftyTesseract/leptonica-1.78.0/ios/arm-apple-darwin64/include/leptonica/recog.h -> /Users/zyoung/dev/SwiftyTesseract/SwiftyTesseract/SwiftyTesseract/ios/include/leptonica/recog.h
/Users/zyoung/dev/SwiftyTesseract/SwiftyTesseract/SwiftyTesseract/leptonica-1.78.0/ios/arm-apple-darwin64/include/leptonica/environ.h -> /Users/zyoung/dev/SwiftyTesseract/SwiftyTesseract/SwiftyTesseract/ios/include/leptonica/environ.h
/Users/zyoung/dev/SwiftyTesseract/SwiftyTesseract/SwiftyTesseract/leptonica-1.78.0/ios/arm-apple-darwin64/include/leptonica/readbarcode.h -> /Users/zyoung/dev/SwiftyTesseract/SwiftyTesseract/SwiftyTesseract/ios/include/leptonica/readbarcode.h
/Users/zyoung/dev/SwiftyTesseract/SwiftyTesseract/SwiftyTesseract/leptonica-1.78.0/ios/arm-apple-darwin64/include/leptonica/regutils.h -> /Users/zyoung/dev/SwiftyTesseract/SwiftyTesseract/SwiftyTesseract/ios/include/leptonica/regutils.h
/Users/zyoung/dev/SwiftyTesseract/SwiftyTesseract/SwiftyTesseract/leptonica-1.78.0/ios/arm-apple-darwin64/include/leptonica/sudoku.h -> /Users/zyoung/dev/SwiftyTesseract/SwiftyTesseract/SwiftyTesseract/ios/include/leptonica/sudoku.h
/Users/zyoung/dev/SwiftyTesseract/SwiftyTesseract/SwiftyTesseract/leptonica-1.78.0/ios/arm-apple-darwin64/include/leptonica/gplot.h -> /Users/zyoung/dev/SwiftyTesseract/SwiftyTesseract/SwiftyTesseract/ios/include/leptonica/gplot.h
/Users/zyoung/dev/SwiftyTesseract/SwiftyTesseract/SwiftyTesseract/leptonica-1.78.0/ios/arm-apple-darwin64/include/leptonica/list.h -> /Users/zyoung/dev/SwiftyTesseract/SwiftyTesseract/SwiftyTesseract/ios/include/leptonica/list.h
/Users/zyoung/dev/SwiftyTesseract/SwiftyTesseract/SwiftyTesseract/leptonica-1.78.0/ios/arm-apple-darwin64/include/leptonica/rbtree.h -> /Users/zyoung/dev/SwiftyTesseract/SwiftyTesseract/SwiftyTesseract/ios/include/leptonica/rbtree.h
/Users/zyoung/dev/SwiftyTesseract/SwiftyTesseract/SwiftyTesseract/leptonica-1.78.0/ios/arm-apple-darwin64/include/leptonica/stringcode.h -> /Users/zyoung/dev/SwiftyTesseract/SwiftyTesseract/SwiftyTesseract/ios/include/leptonica/stringcode.h
/Users/zyoung/dev/SwiftyTesseract/SwiftyTesseract/SwiftyTesseract/leptonica-1.78.0/ios/arm-apple-darwin64/include/leptonica/array.h -> /Users/zyoung/dev/SwiftyTesseract/SwiftyTesseract/SwiftyTesseract/ios/include/leptonica/array.h
/Users/zyoung/dev/SwiftyTesseract/SwiftyTesseract/SwiftyTesseract/leptonica-1.78.0/ios/arm-apple-darwin64/include/leptonica/ptra.h -> /Users/zyoung/dev/SwiftyTesseract/SwiftyTesseract/SwiftyTesseract/ios/include/leptonica/ptra.h
/Users/zyoung/dev/SwiftyTesseract/SwiftyTesseract/SwiftyTesseract/leptonica-1.78.0/ios/arm-apple-darwin64/include/leptonica/stack.h -> /Users/zyoung/dev/SwiftyTesseract/SwiftyTesseract/SwiftyTesseract/ios/include/leptonica/stack.h
/Users/zyoung/dev/SwiftyTesseract/SwiftyTesseract/SwiftyTesseract/leptonica-1.78.0/ios/arm-apple-darwin64/include/leptonica/heap.h -> /Users/zyoung/dev/SwiftyTesseract/SwiftyTesseract/SwiftyTesseract/ios/include/leptonica/heap.h
/Users/zyoung/dev/SwiftyTesseract/SwiftyTesseract/SwiftyTesseract/leptonica-1.78.0/ios/arm-apple-darwin64/include/leptonica/watershed.h -> /Users/zyoung/dev/SwiftyTesseract/SwiftyTesseract/SwiftyTesseract/ios/include/leptonica/watershed.h
/Users/zyoung/dev/SwiftyTesseract/SwiftyTesseract/SwiftyTesseract/leptonica-1.78.0/ios/arm-apple-darwin64/include/leptonica/ccbord.h -> /Users/zyoung/dev/SwiftyTesseract/SwiftyTesseract/SwiftyTesseract/ios/include/leptonica/ccbord.h
/Users/zyoung/dev/SwiftyTesseract/SwiftyTesseract/SwiftyTesseract/leptonica-1.78.0/ios/arm-apple-darwin64/include/leptonica/alltypes.h -> /Users/zyoung/dev/SwiftyTesseract/SwiftyTesseract/SwiftyTesseract/ios/include/leptonica/alltypes.h
/Users/zyoung/dev/SwiftyTesseract/SwiftyTesseract/SwiftyTesseract/leptonica-1.78.0/ios/arm-apple-darwin64/include/leptonica/leptwin.h -> /Users/zyoung/dev/SwiftyTesseract/SwiftyTesseract/SwiftyTesseract/ios/include/leptonica/leptwin.h
/Users/zyoung/dev/SwiftyTesseract/SwiftyTesseract/SwiftyTesseract/leptonica-1.78.0/ios/arm-apple-darwin64/include/leptonica/queue.h -> /Users/zyoung/dev/SwiftyTesseract/SwiftyTesseract/SwiftyTesseract/ios/include/leptonica/queue.h
/Users/zyoung/dev/SwiftyTesseract/SwiftyTesseract/SwiftyTesseract/leptonica-1.78.0/ios/arm-apple-darwin64/include/leptonica/bmfdata.h -> /Users/zyoung/dev/SwiftyTesseract/SwiftyTesseract/SwiftyTesseract/ios/include/leptonica/bmfdata.h
/Users/zyoung/dev/SwiftyTesseract/SwiftyTesseract/SwiftyTesseract/leptonica-1.78.0/ios/arm-apple-darwin64/include/leptonica/pix.h -> /Users/zyoung/dev/SwiftyTesseract/SwiftyTesseract/SwiftyTesseract/ios/include/leptonica/pix.h
/Users/zyoung/dev/SwiftyTesseract/SwiftyTesseract/SwiftyTesseract/leptonica-1.78.0/ios/arm-apple-darwin64/include/leptonica/arrayaccess.h -> /Users/zyoung/dev/SwiftyTesseract/SwiftyTesseract/SwiftyTesseract/ios/include/leptonica/arrayaccess.h
curl -LO https://github.com/tesseract-ocr/tesseract/archive/4.1.0.zip && unzip -a 4.1.0.zip
  % Total    % Received % Xferd  Average Speed   Time    Time     Time  Current
                                 Dload  Upload   Total   Spent    Left  Speed
  0     0    0     0    0     0      0      0 --:--:-- --:--:-- --:--:--     0  0     0    0     0    0     0      0      0 --:--:-- --:--:-- --:--:--     0100   127  100   127    0     0    456      0 --:--:-- --:--:-- --:--:--   455
100 1170k    0 1170k    0     0  1166k      0 --:--:--  0:00:01 --:--:-- 1166k100 2489k    0 2489k    0     0  1730k      0 --:--:--  0:00:01 --:--:-- 3038k
Archive:  4.1.0.zip
5280bbcade4e2dec5eef439a6e189504c2eadcd9
   creating: tesseract-4.1.0/
  inflating: tesseract-4.1.0/.clang-format  [text]  
   creating: tesseract-4.1.0/.github/
  inflating: tesseract-4.1.0/.github/ISSUE_TEMPLATE.md  [text]  
  inflating: tesseract-4.1.0/.gitignore  [text]  
  inflating: tesseract-4.1.0/.gitmodules  [text]  
  inflating: tesseract-4.1.0/.lgtm.yml  [text]  
  inflating: tesseract-4.1.0/.travis.yml  [text]  
  inflating: tesseract-4.1.0/AUTHORS  [text]  
  inflating: tesseract-4.1.0/CMakeLists.txt  [text]  
  inflating: tesseract-4.1.0/CONTRIBUTING.md  [text]  
  inflating: tesseract-4.1.0/ChangeLog  [text]  
  inflating: tesseract-4.1.0/Dockerfile  [text]  
  inflating: tesseract-4.1.0/INSTALL  [text]  
  inflating: tesseract-4.1.0/INSTALL.GIT.md  [text]  
  inflating: tesseract-4.1.0/LICENSE  [text]  
  inflating: tesseract-4.1.0/Makefile.am  [text]  
  inflating: tesseract-4.1.0/README.md  [text]  
 extracting: tesseract-4.1.0/VERSION  [text]  
   creating: tesseract-4.1.0/abseil/
  inflating: tesseract-4.1.0/appveyor.yml  [text]  
  inflating: tesseract-4.1.0/autogen.sh  [text]  
   creating: tesseract-4.1.0/cmake/
  inflating: tesseract-4.1.0/cmake/AddCompilerFlag.cmake  [text]  
  inflating: tesseract-4.1.0/cmake/BuildFunctions.cmake  [text]  
  inflating: tesseract-4.1.0/cmake/CheckCCompilerFlag.cmake  [text]  
  inflating: tesseract-4.1.0/cmake/CheckCXXCompilerFlag.cmake  [text]  
  inflating: tesseract-4.1.0/cmake/Configure.cmake  [text]  
  inflating: tesseract-4.1.0/cmake/OptimizeForArchitecture.cmake  [text]  
  inflating: tesseract-4.1.0/cmake/SourceGroups.cmake  [text]  
   creating: tesseract-4.1.0/cmake/templates/
  inflating: tesseract-4.1.0/cmake/templates/TesseractConfig-version.cmake.in  [text]  
  inflating: tesseract-4.1.0/cmake/templates/TesseractConfig.cmake.in  [text]  
  inflating: tesseract-4.1.0/cmake/templates/cmake_uninstall.cmake.in  [text]  
  inflating: tesseract-4.1.0/configure.ac  [text]  
  inflating: tesseract-4.1.0/cppan.yml  [text]  
   creating: tesseract-4.1.0/doc/
  inflating: tesseract-4.1.0/doc/Doxyfile  [text]  
  inflating: tesseract-4.1.0/doc/Makefile.am  [text]  
  inflating: tesseract-4.1.0/doc/ambiguous_words.1.asc  [text]  
  inflating: tesseract-4.1.0/doc/classifier_tester.1.asc  [text]  
  inflating: tesseract-4.1.0/doc/cntraining.1.asc  [text]  
  inflating: tesseract-4.1.0/doc/combine_lang_model.1.asc  [text]  
  inflating: tesseract-4.1.0/doc/combine_tessdata.1.asc  [text]  
  inflating: tesseract-4.1.0/doc/dawg2wordlist.1.asc  [text]  
  inflating: tesseract-4.1.0/doc/generate_manpages.sh  [text]  
  inflating: tesseract-4.1.0/doc/lstmeval.1.asc  [text]  
  inflating: tesseract-4.1.0/doc/lstmtraining.1.asc  [text]  
  inflating: tesseract-4.1.0/doc/merge_unicharsets.1.asc  [text]  
  inflating: tesseract-4.1.0/doc/mftraining.1.asc  [text]  
  inflating: tesseract-4.1.0/doc/set_unicharset_properties.1.asc  [text]  
  inflating: tesseract-4.1.0/doc/shapeclustering.1.asc  [text]  
  inflating: tesseract-4.1.0/doc/tesseract.1.asc  [text]  
  inflating: tesseract-4.1.0/doc/tesseract.bib  [text]  
  inflating: tesseract-4.1.0/doc/text2image.1.asc  [text]  
  inflating: tesseract-4.1.0/doc/unicharambigs.5.asc  [text]  
  inflating: tesseract-4.1.0/doc/unicharset.5.asc  [text]  
  inflating: tesseract-4.1.0/doc/unicharset_extractor.1.asc  [text]  
  inflating: tesseract-4.1.0/doc/wordlist2dawg.1.asc  [text]  
 extracting: tesseract-4.1.0/docker-compose.yml  [text]  
   creating: tesseract-4.1.0/googletest/
   creating: tesseract-4.1.0/java/
  inflating: tesseract-4.1.0/java/Makefile.am  [text]  
  inflating: tesseract-4.1.0/java/Manifest.txt  [text]  
   creating: tesseract-4.1.0/java/com/
 extracting: tesseract-4.1.0/java/com/Makefile.am  [text]  
   creating: tesseract-4.1.0/java/com/google/
 extracting: tesseract-4.1.0/java/com/google/Makefile.am  [text]  
   creating: tesseract-4.1.0/java/com/google/scrollview/
  inflating: tesseract-4.1.0/java/com/google/scrollview/Makefile.am  [text]  
  inflating: tesseract-4.1.0/java/com/google/scrollview/ScrollView.java  [text]  
   creating: tesseract-4.1.0/java/com/google/scrollview/events/
  inflating: tesseract-4.1.0/java/com/google/scrollview/events/Makefile.am  [text]  
  inflating: tesseract-4.1.0/java/com/google/scrollview/events/SVEvent.java  [text]  
  inflating: tesseract-4.1.0/java/com/google/scrollview/events/SVEventHandler.java  [text]  
  inflating: tesseract-4.1.0/java/com/google/scrollview/events/SVEventType.java  [text]  
   creating: tesseract-4.1.0/java/com/google/scrollview/ui/
  inflating: tesseract-4.1.0/java/com/google/scrollview/ui/Makefile.am  [text]  
  inflating: tesseract-4.1.0/java/com/google/scrollview/ui/SVAbstractMenuItem.java  [text]  
  inflating: tesseract-4.1.0/java/com/google/scrollview/ui/SVCheckboxMenuItem.java  [text]  
  inflating: tesseract-4.1.0/java/com/google/scrollview/ui/SVEmptyMenuItem.java  [text]  
  inflating: tesseract-4.1.0/java/com/google/scrollview/ui/SVImageHandler.java  [text]  
  inflating: tesseract-4.1.0/java/com/google/scrollview/ui/SVMenuBar.java  [text]  
  inflating: tesseract-4.1.0/java/com/google/scrollview/ui/SVMenuItem.java  [text]  
  inflating: tesseract-4.1.0/java/com/google/scrollview/ui/SVPopupMenu.java  [text]  
  inflating: tesseract-4.1.0/java/com/google/scrollview/ui/SVSubMenuItem.java  [text]  
  inflating: tesseract-4.1.0/java/com/google/scrollview/ui/SVWindow.java  [text]  
   creating: tesseract-4.1.0/m4/
  inflating: tesseract-4.1.0/m4/ax_check_compile_flag.m4  [text]  
  inflating: tesseract-4.1.0/m4/ax_split_version.m4  [text]  
   creating: tesseract-4.1.0/snap/
  inflating: tesseract-4.1.0/snap/snapcraft.yaml  [text]  
   creating: tesseract-4.1.0/src/
   creating: tesseract-4.1.0/src/api/
  inflating: tesseract-4.1.0/src/api/Makefile.am  [text]  
  inflating: tesseract-4.1.0/src/api/altorenderer.cpp  [text]  
  inflating: tesseract-4.1.0/src/api/apitypes.h  [text]  
  inflating: tesseract-4.1.0/src/api/baseapi.cpp  [text]  
  inflating: tesseract-4.1.0/src/api/baseapi.h  [text]  
  inflating: tesseract-4.1.0/src/api/capi.cpp  [text]  
  inflating: tesseract-4.1.0/src/api/capi.h  [text]  
  inflating: tesseract-4.1.0/src/api/hocrrenderer.cpp  [text]  
  inflating: tesseract-4.1.0/src/api/lstmboxrenderer.cpp  [text]  
  inflating: tesseract-4.1.0/src/api/pdfrenderer.cpp  [text]  
  inflating: tesseract-4.1.0/src/api/renderer.cpp  [text]  
  inflating: tesseract-4.1.0/src/api/renderer.h  [text]  
  inflating: tesseract-4.1.0/src/api/tess_version.h.in  [text]  
  inflating: tesseract-4.1.0/src/api/tesseractmain.cpp  [text]  
  inflating: tesseract-4.1.0/src/api/wordstrboxrenderer.cpp  [text]  
   creating: tesseract-4.1.0/src/arch/
  inflating: tesseract-4.1.0/src/arch/Makefile.am  [text]  
  inflating: tesseract-4.1.0/src/arch/dotproduct.cpp  [text]  
  inflating: tesseract-4.1.0/src/arch/dotproduct.h  [text]  
  inflating: tesseract-4.1.0/src/arch/dotproductavx.cpp  [text]  
  inflating: tesseract-4.1.0/src/arch/dotproductavx.h  [text]  
  inflating: tesseract-4.1.0/src/arch/dotproductsse.cpp  [text]  
  inflating: tesseract-4.1.0/src/arch/dotproductsse.h  [text]  
  inflating: tesseract-4.1.0/src/arch/intsimdmatrix.cpp  [text]  
  inflating: tesseract-4.1.0/src/arch/intsimdmatrix.h  [text]  
  inflating: tesseract-4.1.0/src/arch/intsimdmatrixavx2.cpp  [text]  
  inflating: tesseract-4.1.0/src/arch/intsimdmatrixsse.cpp  [text]  
  inflating: tesseract-4.1.0/src/arch/simddetect.cpp  [text]  
  inflating: tesseract-4.1.0/src/arch/simddetect.h  [text]  
   creating: tesseract-4.1.0/src/ccmain/
  inflating: tesseract-4.1.0/src/ccmain/Makefile.am  [text]  
  inflating: tesseract-4.1.0/src/ccmain/adaptions.cpp  [text]  
  inflating: tesseract-4.1.0/src/ccmain/applybox.cpp  [text]  
  inflating: tesseract-4.1.0/src/ccmain/control.cpp  [text]  
  inflating: tesseract-4.1.0/src/ccmain/control.h  [text]  
  inflating: tesseract-4.1.0/src/ccmain/docqual.cpp  [text]  
  inflating: tesseract-4.1.0/src/ccmain/docqual.h  [text]  
  inflating: tesseract-4.1.0/src/ccmain/equationdetect.cpp  [text]  
  inflating: tesseract-4.1.0/src/ccmain/equationdetect.h  [text]  
  inflating: tesseract-4.1.0/src/ccmain/fixspace.cpp  [text]  
  inflating: tesseract-4.1.0/src/ccmain/fixspace.h  [text]  
  inflating: tesseract-4.1.0/src/ccmain/fixxht.cpp  [text]  
  inflating: tesseract-4.1.0/src/ccmain/linerec.cpp  [text]  
  inflating: tesseract-4.1.0/src/ccmain/ltrresultiterator.cpp  [text]  
  inflating: tesseract-4.1.0/src/ccmain/ltrresultiterator.h  [text]  
  inflating: tesseract-4.1.0/src/ccmain/mutableiterator.cpp  [text]  
  inflating: tesseract-4.1.0/src/ccmain/mutableiterator.h  [text]  
  inflating: tesseract-4.1.0/src/ccmain/osdetect.cpp  [text]  
  inflating: tesseract-4.1.0/src/ccmain/osdetect.h  [text]  
  inflating: tesseract-4.1.0/src/ccmain/output.cpp  [text]  
  inflating: tesseract-4.1.0/src/ccmain/output.h  [text]  
  inflating: tesseract-4.1.0/src/ccmain/pageiterator.cpp  [text]  
  inflating: tesseract-4.1.0/src/ccmain/pageiterator.h  [text]  
  inflating: tesseract-4.1.0/src/ccmain/pagesegmain.cpp  [text]  
  inflating: tesseract-4.1.0/src/ccmain/pagewalk.cpp  [text]  
  inflating: tesseract-4.1.0/src/ccmain/par_control.cpp  [text]  
  inflating: tesseract-4.1.0/src/ccmain/paragraphs.cpp  [text]  
  inflating: tesseract-4.1.0/src/ccmain/paragraphs.h  [text]  
  inflating: tesseract-4.1.0/src/ccmain/paragraphs_internal.h  [text]  
  inflating: tesseract-4.1.0/src/ccmain/paramsd.cpp  [text]  
  inflating: tesseract-4.1.0/src/ccmain/paramsd.h  [text]  
  inflating: tesseract-4.1.0/src/ccmain/pgedit.cpp  [text]  
  inflating: tesseract-4.1.0/src/ccmain/pgedit.h  [text]  
  inflating: tesseract-4.1.0/src/ccmain/recogtraining.cpp  [text]  
  inflating: tesseract-4.1.0/src/ccmain/reject.cpp  [text]  
  inflating: tesseract-4.1.0/src/ccmain/reject.h  [text]  
  inflating: tesseract-4.1.0/src/ccmain/resultiterator.cpp  [text]  
  inflating: tesseract-4.1.0/src/ccmain/resultiterator.h  [text]  
  inflating: tesseract-4.1.0/src/ccmain/superscript.cpp  [text]  
  inflating: tesseract-4.1.0/src/ccmain/tessbox.cpp  [text]  
  inflating: tesseract-4.1.0/src/ccmain/tessedit.cpp  [text]  
  inflating: tesseract-4.1.0/src/ccmain/tesseractclass.cpp  [text]  
  inflating: tesseract-4.1.0/src/ccmain/tesseractclass.h  [text]  
  inflating: tesseract-4.1.0/src/ccmain/tessvars.cpp  [text]  
  inflating: tesseract-4.1.0/src/ccmain/tessvars.h  [text]  
  inflating: tesseract-4.1.0/src/ccmain/tfacepp.cpp  [text]  
  inflating: tesseract-4.1.0/src/ccmain/thresholder.cpp  [text]  
  inflating: tesseract-4.1.0/src/ccmain/thresholder.h  [text]  
  inflating: tesseract-4.1.0/src/ccmain/werdit.cpp  [text]  
  inflating: tesseract-4.1.0/src/ccmain/werdit.h  [text]  
   creating: tesseract-4.1.0/src/ccstruct/
  inflating: tesseract-4.1.0/src/ccstruct/Makefile.am  [text]  
  inflating: tesseract-4.1.0/src/ccstruct/blamer.cpp  [text]  
  inflating: tesseract-4.1.0/src/ccstruct/blamer.h  [text]  
  inflating: tesseract-4.1.0/src/ccstruct/blobbox.cpp  [text]  
  inflating: tesseract-4.1.0/src/ccstruct/blobbox.h  [text]  
  inflating: tesseract-4.1.0/src/ccstruct/blobs.cpp  [text]  
  inflating: tesseract-4.1.0/src/ccstruct/blobs.h  [text]  
  inflating: tesseract-4.1.0/src/ccstruct/blread.cpp  [text]  
  inflating: tesseract-4.1.0/src/ccstruct/blread.h  [text]  
  inflating: tesseract-4.1.0/src/ccstruct/boxread.cpp  [text]  
  inflating: tesseract-4.1.0/src/ccstruct/boxread.h  [text]  
  inflating: tesseract-4.1.0/src/ccstruct/boxword.cpp  [text]  
  inflating: tesseract-4.1.0/src/ccstruct/boxword.h  [text]  
  inflating: tesseract-4.1.0/src/ccstruct/ccstruct.cpp  [text]  
  inflating: tesseract-4.1.0/src/ccstruct/ccstruct.h  [text]  
  inflating: tesseract-4.1.0/src/ccstruct/coutln.cpp  [text]  
  inflating: tesseract-4.1.0/src/ccstruct/coutln.h  [text]  
  inflating: tesseract-4.1.0/src/ccstruct/crakedge.h  [text]  
  inflating: tesseract-4.1.0/src/ccstruct/debugpixa.h  [text]  
  inflating: tesseract-4.1.0/src/ccstruct/detlinefit.cpp  [text]  
  inflating: tesseract-4.1.0/src/ccstruct/detlinefit.h  [text]  
  inflating: tesseract-4.1.0/src/ccstruct/dppoint.cpp  [text]  
  inflating: tesseract-4.1.0/src/ccstruct/dppoint.h  [text]  
  inflating: tesseract-4.1.0/src/ccstruct/fontinfo.cpp  [text]  
  inflating: tesseract-4.1.0/src/ccstruct/fontinfo.h  [text]  
  inflating: tesseract-4.1.0/src/ccstruct/imagedata.cpp  [text]  
  inflating: tesseract-4.1.0/src/ccstruct/imagedata.h  [text]  
  inflating: tesseract-4.1.0/src/ccstruct/linlsq.cpp  [text]  
  inflating: tesseract-4.1.0/src/ccstruct/linlsq.h  [text]  
  inflating: tesseract-4.1.0/src/ccstruct/matrix.cpp  [text]  
  inflating: tesseract-4.1.0/src/ccstruct/matrix.h  [text]  
  inflating: tesseract-4.1.0/src/ccstruct/mod128.cpp  [text]  
  inflating: tesseract-4.1.0/src/ccstruct/mod128.h  [text]  
  inflating: tesseract-4.1.0/src/ccstruct/normalis.cpp  [text]  
  inflating: tesseract-4.1.0/src/ccstruct/normalis.h  [text]  
  inflating: tesseract-4.1.0/src/ccstruct/ocrblock.cpp  [text]  
  inflating: tesseract-4.1.0/src/ccstruct/ocrblock.h  [text]  
  inflating: tesseract-4.1.0/src/ccstruct/ocrpara.cpp  [text]  
  inflating: tesseract-4.1.0/src/ccstruct/ocrpara.h  [text]  
  inflating: tesseract-4.1.0/src/ccstruct/ocrrow.cpp  [text]  
  inflating: tesseract-4.1.0/src/ccstruct/ocrrow.h  [text]  
  inflating: tesseract-4.1.0/src/ccstruct/otsuthr.cpp  [text]  
  inflating: tesseract-4.1.0/src/ccstruct/otsuthr.h  [text]  
  inflating: tesseract-4.1.0/src/ccstruct/pageres.cpp  [text]  
  inflating: tesseract-4.1.0/src/ccstruct/pageres.h  [text]  
  inflating: tesseract-4.1.0/src/ccstruct/params_training_featdef.cpp  [text]  
  inflating: tesseract-4.1.0/src/ccstruct/params_training_featdef.h  [text]  
  inflating: tesseract-4.1.0/src/ccstruct/pdblock.cpp  [text]  
  inflating: tesseract-4.1.0/src/ccstruct/pdblock.h  [text]  
  inflating: tesseract-4.1.0/src/ccstruct/points.cpp  [text]  
  inflating: tesseract-4.1.0/src/ccstruct/points.h  [text]  
  inflating: tesseract-4.1.0/src/ccstruct/polyaprx.cpp  [text]  
  inflating: tesseract-4.1.0/src/ccstruct/polyaprx.h  [text]  
  inflating: tesseract-4.1.0/src/ccstruct/polyblk.cpp  [text]  
  inflating: tesseract-4.1.0/src/ccstruct/polyblk.h  [text]  
  inflating: tesseract-4.1.0/src/ccstruct/publictypes.cpp  [text]  
  inflating: tesseract-4.1.0/src/ccstruct/publictypes.h  [text]  
  inflating: tesseract-4.1.0/src/ccstruct/quadlsq.cpp  [text]  
  inflating: tesseract-4.1.0/src/ccstruct/quadlsq.h  [text]  
  inflating: tesseract-4.1.0/src/ccstruct/quadratc.h  [text]  
  inflating: tesseract-4.1.0/src/ccstruct/quspline.cpp  [text]  
  inflating: tesseract-4.1.0/src/ccstruct/quspline.h  [text]  
  inflating: tesseract-4.1.0/src/ccstruct/ratngs.cpp  [text]  
  inflating: tesseract-4.1.0/src/ccstruct/ratngs.h  [text]  
  inflating: tesseract-4.1.0/src/ccstruct/rect.cpp  [text]  
  inflating: tesseract-4.1.0/src/ccstruct/rect.h  [text]  
  inflating: tesseract-4.1.0/src/ccstruct/rejctmap.cpp  [text]  
  inflating: tesseract-4.1.0/src/ccstruct/rejctmap.h  [text]  
  inflating: tesseract-4.1.0/src/ccstruct/seam.cpp  [text]  
  inflating: tesseract-4.1.0/src/ccstruct/seam.h  [text]  
  inflating: tesseract-4.1.0/src/ccstruct/split.cpp  [text]  
  inflating: tesseract-4.1.0/src/ccstruct/split.h  [text]  
  inflating: tesseract-4.1.0/src/ccstruct/statistc.cpp  [text]  
  inflating: tesseract-4.1.0/src/ccstruct/statistc.h  [text]  
  inflating: tesseract-4.1.0/src/ccstruct/stepblob.cpp  [text]  
  inflating: tesseract-4.1.0/src/ccstruct/stepblob.h  [text]  
  inflating: tesseract-4.1.0/src/ccstruct/vecfuncs.cpp  [text]  
  inflating: tesseract-4.1.0/src/ccstruct/vecfuncs.h  [text]  
  inflating: tesseract-4.1.0/src/ccstruct/werd.cpp  [text]  
  inflating: tesseract-4.1.0/src/ccstruct/werd.h  [text]  
   creating: tesseract-4.1.0/src/ccutil/
  inflating: tesseract-4.1.0/src/ccutil/Makefile.am  [text]  
  inflating: tesseract-4.1.0/src/ccutil/ambigs.cpp  [text]  
  inflating: tesseract-4.1.0/src/ccutil/ambigs.h  [text]  
  inflating: tesseract-4.1.0/src/ccutil/basedir.cpp  [text]  
  inflating: tesseract-4.1.0/src/ccutil/basedir.h  [text]  
  inflating: tesseract-4.1.0/src/ccutil/bits16.h  [text]  
  inflating: tesseract-4.1.0/src/ccutil/bitvector.cpp  [text]  
  inflating: tesseract-4.1.0/src/ccutil/bitvector.h  [text]  
  inflating: tesseract-4.1.0/src/ccutil/ccutil.cpp  [text]  
  inflating: tesseract-4.1.0/src/ccutil/ccutil.h  [text]  
  inflating: tesseract-4.1.0/src/ccutil/clst.cpp  [text]  
  inflating: tesseract-4.1.0/src/ccutil/clst.h  [text]  
  inflating: tesseract-4.1.0/src/ccutil/doubleptr.h  [text]  
  inflating: tesseract-4.1.0/src/ccutil/elst.cpp  [text]  
  inflating: tesseract-4.1.0/src/ccutil/elst.h  [text]  
  inflating: tesseract-4.1.0/src/ccutil/elst2.cpp  [text]  
  inflating: tesseract-4.1.0/src/ccutil/elst2.h  [text]  
  inflating: tesseract-4.1.0/src/ccutil/errcode.cpp  [text]  
  inflating: tesseract-4.1.0/src/ccutil/errcode.h  [text]  
  inflating: tesseract-4.1.0/src/ccutil/fileerr.h  [text]  
  inflating: tesseract-4.1.0/src/ccutil/fileio.cpp  [text]  
  inflating: tesseract-4.1.0/src/ccutil/fileio.h  [text]  
  inflating: tesseract-4.1.0/src/ccutil/genericheap.h  [text]  
  inflating: tesseract-4.1.0/src/ccutil/genericvector.h  [text]  
  inflating: tesseract-4.1.0/src/ccutil/globaloc.cpp  [text]  
  inflating: tesseract-4.1.0/src/ccutil/globaloc.h  [text]  
  inflating: tesseract-4.1.0/src/ccutil/helpers.h  [text]  
  inflating: tesseract-4.1.0/src/ccutil/host.h  [text]  
  inflating: tesseract-4.1.0/src/ccutil/indexmapbidi.cpp  [text]  
  inflating: tesseract-4.1.0/src/ccutil/indexmapbidi.h  [text]  
  inflating: tesseract-4.1.0/src/ccutil/kdpair.h  [text]  
  inflating: tesseract-4.1.0/src/ccutil/lsterr.h  [text]  
  inflating: tesseract-4.1.0/src/ccutil/mainblk.cpp  [text]  
  inflating: tesseract-4.1.0/src/ccutil/object_cache.h  [text]  
  inflating: tesseract-4.1.0/src/ccutil/ocrclass.h  [text]  
  inflating: tesseract-4.1.0/src/ccutil/params.cpp  [text]  
  inflating: tesseract-4.1.0/src/ccutil/params.h  [text]  
  inflating: tesseract-4.1.0/src/ccutil/platform.h  [text]  
  inflating: tesseract-4.1.0/src/ccutil/qrsequence.h  [text]  
  inflating: tesseract-4.1.0/src/ccutil/scanutils.cpp  [text]  
  inflating: tesseract-4.1.0/src/ccutil/scanutils.h  [text]  
  inflating: tesseract-4.1.0/src/ccutil/serialis.cpp  [text]  
  inflating: tesseract-4.1.0/src/ccutil/serialis.h  [text]  
  inflating: tesseract-4.1.0/src/ccutil/sorthelper.h  [text]  
  inflating: tesseract-4.1.0/src/ccutil/strngs.cpp  [text]  
  inflating: tesseract-4.1.0/src/ccutil/strngs.h  [text]  
  inflating: tesseract-4.1.0/src/ccutil/tesscallback.h  [text]  
  inflating: tesseract-4.1.0/src/ccutil/tessdatamanager.cpp  [text]  
  inflating: tesseract-4.1.0/src/ccutil/tessdatamanager.h  [text]  
  inflating: tesseract-4.1.0/src/ccutil/tprintf.cpp  [text]  
  inflating: tesseract-4.1.0/src/ccutil/tprintf.h  [text]  
  inflating: tesseract-4.1.0/src/ccutil/unichar.cpp  [text]  
  inflating: tesseract-4.1.0/src/ccutil/unichar.h  [text]  
  inflating: tesseract-4.1.0/src/ccutil/unicharcompress.cpp  [text]  
  inflating: tesseract-4.1.0/src/ccutil/unicharcompress.h  [text]  
  inflating: tesseract-4.1.0/src/ccutil/unicharmap.cpp  [text]  
  inflating: tesseract-4.1.0/src/ccutil/unicharmap.h  [text]  
  inflating: tesseract-4.1.0/src/ccutil/unicharset.cpp  [text]  
  inflating: tesseract-4.1.0/src/ccutil/unicharset.h  [text]  
  inflating: tesseract-4.1.0/src/ccutil/unicity_table.h  [text]  
  inflating: tesseract-4.1.0/src/ccutil/unicodes.cpp  [text]  
  inflating: tesseract-4.1.0/src/ccutil/unicodes.h  [text]  
  inflating: tesseract-4.1.0/src/ccutil/universalambigs.cpp  [text]  
  inflating: tesseract-4.1.0/src/ccutil/universalambigs.h  [text]  
   creating: tesseract-4.1.0/src/classify/
  inflating: tesseract-4.1.0/src/classify/Makefile.am  [text]  
  inflating: tesseract-4.1.0/src/classify/adaptive.cpp  [text]  
  inflating: tesseract-4.1.0/src/classify/adaptive.h  [text]  
  inflating: tesseract-4.1.0/src/classify/adaptmatch.cpp  [text]  
  inflating: tesseract-4.1.0/src/classify/blobclass.cpp  [text]  
  inflating: tesseract-4.1.0/src/classify/blobclass.h  [text]  
  inflating: tesseract-4.1.0/src/classify/classify.cpp  [text]  
  inflating: tesseract-4.1.0/src/classify/classify.h  [text]  
  inflating: tesseract-4.1.0/src/classify/cluster.cpp  [text]  
  inflating: tesseract-4.1.0/src/classify/cluster.h  [text]  
  inflating: tesseract-4.1.0/src/classify/clusttool.cpp  [text]  
  inflating: tesseract-4.1.0/src/classify/clusttool.h  [text]  
  inflating: tesseract-4.1.0/src/classify/cutoffs.cpp  [text]  
  inflating: tesseract-4.1.0/src/classify/errorcounter.cpp  [text]  
  inflating: tesseract-4.1.0/src/classify/errorcounter.h  [text]  
  inflating: tesseract-4.1.0/src/classify/featdefs.cpp  [text]  
  inflating: tesseract-4.1.0/src/classify/featdefs.h  [text]  
  inflating: tesseract-4.1.0/src/classify/float2int.cpp  [text]  
  inflating: tesseract-4.1.0/src/classify/float2int.h  [text]  
  inflating: tesseract-4.1.0/src/classify/fpoint.cpp  [text]  
  inflating: tesseract-4.1.0/src/classify/fpoint.h  [text]  
  inflating: tesseract-4.1.0/src/classify/intfeaturedist.cpp  [text]  
  inflating: tesseract-4.1.0/src/classify/intfeaturedist.h  [text]  
  inflating: tesseract-4.1.0/src/classify/intfeaturemap.cpp  [text]  
  inflating: tesseract-4.1.0/src/classify/intfeaturemap.h  [text]  
  inflating: tesseract-4.1.0/src/classify/intfeaturespace.cpp  [text]  
  inflating: tesseract-4.1.0/src/classify/intfeaturespace.h  [text]  
  inflating: tesseract-4.1.0/src/classify/intfx.cpp  [text]  
  inflating: tesseract-4.1.0/src/classify/intfx.h  [text]  
  inflating: tesseract-4.1.0/src/classify/intmatcher.cpp  [text]  
  inflating: tesseract-4.1.0/src/classify/intmatcher.h  [text]  
  inflating: tesseract-4.1.0/src/classify/intproto.cpp  [text]  
  inflating: tesseract-4.1.0/src/classify/intproto.h  [text]  
  inflating: tesseract-4.1.0/src/classify/kdtree.cpp  [text]  
  inflating: tesseract-4.1.0/src/classify/kdtree.h  [text]  
  inflating: tesseract-4.1.0/src/classify/mastertrainer.cpp  [text]  
  inflating: tesseract-4.1.0/src/classify/mastertrainer.h  [text]  
  inflating: tesseract-4.1.0/src/classify/mf.cpp  [text]  
  inflating: tesseract-4.1.0/src/classify/mf.h  [text]  
  inflating: tesseract-4.1.0/src/classify/mfdefs.cpp  [text]  
  inflating: tesseract-4.1.0/src/classify/mfdefs.h  [text]  
  inflating: tesseract-4.1.0/src/classify/mfoutline.cpp  [text]  
  inflating: tesseract-4.1.0/src/classify/mfoutline.h  [text]  
  inflating: tesseract-4.1.0/src/classify/mfx.cpp  [text]  
  inflating: tesseract-4.1.0/src/classify/mfx.h  [text]  
  inflating: tesseract-4.1.0/src/classify/normfeat.cpp  [text]  
  inflating: tesseract-4.1.0/src/classify/normfeat.h  [text]  
  inflating: tesseract-4.1.0/src/classify/normmatch.cpp  [text]  
  inflating: tesseract-4.1.0/src/classify/normmatch.h  [text]  
  inflating: tesseract-4.1.0/src/classify/ocrfeatures.cpp  [text]  
  inflating: tesseract-4.1.0/src/classify/ocrfeatures.h  [text]  
  inflating: tesseract-4.1.0/src/classify/outfeat.cpp  [text]  
  inflating: tesseract-4.1.0/src/classify/outfeat.h  [text]  
  inflating: tesseract-4.1.0/src/classify/picofeat.cpp  [text]  
  inflating: tesseract-4.1.0/src/classify/picofeat.h  [text]  
  inflating: tesseract-4.1.0/src/classify/protos.cpp  [text]  
  inflating: tesseract-4.1.0/src/classify/protos.h  [text]  
  inflating: tesseract-4.1.0/src/classify/sampleiterator.cpp  [text]  
  inflating: tesseract-4.1.0/src/classify/sampleiterator.h  [text]  
  inflating: tesseract-4.1.0/src/classify/shapeclassifier.cpp  [text]  
  inflating: tesseract-4.1.0/src/classify/shapeclassifier.h  [text]  
  inflating: tesseract-4.1.0/src/classify/shapetable.cpp  [text]  
  inflating: tesseract-4.1.0/src/classify/shapetable.h  [text]  
  inflating: tesseract-4.1.0/src/classify/tessclassifier.cpp  [text]  
  inflating: tesseract-4.1.0/src/classify/tessclassifier.h  [text]  
  inflating: tesseract-4.1.0/src/classify/trainingsample.cpp  [text]  
  inflating: tesseract-4.1.0/src/classify/trainingsample.h  [text]  
  inflating: tesseract-4.1.0/src/classify/trainingsampleset.cpp  [text]  
  inflating: tesseract-4.1.0/src/classify/trainingsampleset.h  [text]  
   creating: tesseract-4.1.0/src/cutil/
  inflating: tesseract-4.1.0/src/cutil/Makefile.am  [text]  
  inflating: tesseract-4.1.0/src/cutil/bitvec.cpp  [text]  
  inflating: tesseract-4.1.0/src/cutil/bitvec.h  [text]  
  inflating: tesseract-4.1.0/src/cutil/callcpp.cpp  [text]  
  inflating: tesseract-4.1.0/src/cutil/callcpp.h  [text]  
  inflating: tesseract-4.1.0/src/cutil/cutil_class.cpp  [text]  
  inflating: tesseract-4.1.0/src/cutil/cutil_class.h  [text]  
  inflating: tesseract-4.1.0/src/cutil/emalloc.cpp  [text]  
  inflating: tesseract-4.1.0/src/cutil/emalloc.h  [text]  
  inflating: tesseract-4.1.0/src/cutil/oldlist.cpp  [text]  
  inflating: tesseract-4.1.0/src/cutil/oldlist.h  [text]  
  inflating: tesseract-4.1.0/src/cutil/structures.cpp  [text]  
  inflating: tesseract-4.1.0/src/cutil/structures.h  [text]  
   creating: tesseract-4.1.0/src/dict/
  inflating: tesseract-4.1.0/src/dict/Makefile.am  [text]  
  inflating: tesseract-4.1.0/src/dict/context.cpp  [text]  
  inflating: tesseract-4.1.0/src/dict/dawg.cpp  [text]  
  inflating: tesseract-4.1.0/src/dict/dawg.h  [text]  
  inflating: tesseract-4.1.0/src/dict/dawg_cache.cpp  [text]  
  inflating: tesseract-4.1.0/src/dict/dawg_cache.h  [text]  
  inflating: tesseract-4.1.0/src/dict/dict.cpp  [text]  
  inflating: tesseract-4.1.0/src/dict/dict.h  [text]  
  inflating: tesseract-4.1.0/src/dict/hyphen.cpp  [text]  
  inflating: tesseract-4.1.0/src/dict/matchdefs.h  [text]  
  inflating: tesseract-4.1.0/src/dict/permdawg.cpp  [text]  
  inflating: tesseract-4.1.0/src/dict/stopper.cpp  [text]  
  inflating: tesseract-4.1.0/src/dict/stopper.h  [text]  
  inflating: tesseract-4.1.0/src/dict/trie.cpp  [text]  
  inflating: tesseract-4.1.0/src/dict/trie.h  [text]  
   creating: tesseract-4.1.0/src/lstm/
  inflating: tesseract-4.1.0/src/lstm/Makefile.am  [text]  
  inflating: tesseract-4.1.0/src/lstm/convolve.cpp  [text]  
  inflating: tesseract-4.1.0/src/lstm/convolve.h  [text]  
  inflating: tesseract-4.1.0/src/lstm/ctc.cpp  [text]  
  inflating: tesseract-4.1.0/src/lstm/ctc.h  [text]  
  inflating: tesseract-4.1.0/src/lstm/fullyconnected.cpp  [text]  
  inflating: tesseract-4.1.0/src/lstm/fullyconnected.h  [text]  
  inflating: tesseract-4.1.0/src/lstm/functions.cpp  [text]  
  inflating: tesseract-4.1.0/src/lstm/functions.h  [text]  
  inflating: tesseract-4.1.0/src/lstm/input.cpp  [text]  
  inflating: tesseract-4.1.0/src/lstm/input.h  [text]  
  inflating: tesseract-4.1.0/src/lstm/lstm.cpp  [text]  
  inflating: tesseract-4.1.0/src/lstm/lstm.h  [text]  
  inflating: tesseract-4.1.0/src/lstm/lstmrecognizer.cpp  [text]  
  inflating: tesseract-4.1.0/src/lstm/lstmrecognizer.h  [text]  
  inflating: tesseract-4.1.0/src/lstm/lstmtrainer.cpp  [text]  
  inflating: tesseract-4.1.0/src/lstm/lstmtrainer.h  [text]  
  inflating: tesseract-4.1.0/src/lstm/maxpool.cpp  [text]  
  inflating: tesseract-4.1.0/src/lstm/maxpool.h  [text]  
  inflating: tesseract-4.1.0/src/lstm/network.cpp  [text]  
  inflating: tesseract-4.1.0/src/lstm/network.h  [text]  
  inflating: tesseract-4.1.0/src/lstm/networkbuilder.cpp  [text]  
  inflating: tesseract-4.1.0/src/lstm/networkbuilder.h  [text]  
  inflating: tesseract-4.1.0/src/lstm/networkio.cpp  [text]  
  inflating: tesseract-4.1.0/src/lstm/networkio.h  [text]  
  inflating: tesseract-4.1.0/src/lstm/networkscratch.h  [text]  
  inflating: tesseract-4.1.0/src/lstm/parallel.cpp  [text]  
  inflating: tesseract-4.1.0/src/lstm/parallel.h  [text]  
  inflating: tesseract-4.1.0/src/lstm/plumbing.cpp  [text]  
  inflating: tesseract-4.1.0/src/lstm/plumbing.h  [text]  
  inflating: tesseract-4.1.0/src/lstm/recodebeam.cpp  [text]  
  inflating: tesseract-4.1.0/src/lstm/recodebeam.h  [text]  
  inflating: tesseract-4.1.0/src/lstm/reconfig.cpp  [text]  
  inflating: tesseract-4.1.0/src/lstm/reconfig.h  [text]  
  inflating: tesseract-4.1.0/src/lstm/reversed.cpp  [text]  
  inflating: tesseract-4.1.0/src/lstm/reversed.h  [text]  
  inflating: tesseract-4.1.0/src/lstm/series.cpp  [text]  
  inflating: tesseract-4.1.0/src/lstm/series.h  [text]  
  inflating: tesseract-4.1.0/src/lstm/static_shape.h  [text]  
  inflating: tesseract-4.1.0/src/lstm/stridemap.cpp  [text]  
  inflating: tesseract-4.1.0/src/lstm/stridemap.h  [text]  
  inflating: tesseract-4.1.0/src/lstm/tfnetwork.cpp  [text]  
  inflating: tesseract-4.1.0/src/lstm/tfnetwork.h  [text]  
  inflating: tesseract-4.1.0/src/lstm/tfnetwork.pb.cc  [text]  
  inflating: tesseract-4.1.0/src/lstm/tfnetwork.pb.h  [text]  
  inflating: tesseract-4.1.0/src/lstm/tfnetwork.proto  [text]  
  inflating: tesseract-4.1.0/src/lstm/weightmatrix.cpp  [text]  
  inflating: tesseract-4.1.0/src/lstm/weightmatrix.h  [text]  
   creating: tesseract-4.1.0/src/opencl/
  inflating: tesseract-4.1.0/src/opencl/Makefile.am  [text]  
  inflating: tesseract-4.1.0/src/opencl/oclkernels.h  [text]  
  inflating: tesseract-4.1.0/src/opencl/openclwrapper.cpp  [text]  
  inflating: tesseract-4.1.0/src/opencl/openclwrapper.h  [text]  
   creating: tesseract-4.1.0/src/textord/
  inflating: tesseract-4.1.0/src/textord/Makefile.am  [text]  
  inflating: tesseract-4.1.0/src/textord/alignedblob.cpp  [text]  
  inflating: tesseract-4.1.0/src/textord/alignedblob.h  [text]  
  inflating: tesseract-4.1.0/src/textord/baselinedetect.cpp  [text]  
  inflating: tesseract-4.1.0/src/textord/baselinedetect.h  [text]  
  inflating: tesseract-4.1.0/src/textord/bbgrid.cpp  [text]  
  inflating: tesseract-4.1.0/src/textord/bbgrid.h  [text]  
  inflating: tesseract-4.1.0/src/textord/blkocc.cpp  [text]  
  inflating: tesseract-4.1.0/src/textord/blkocc.h  [text]  
  inflating: tesseract-4.1.0/src/textord/blobgrid.cpp  [text]  
  inflating: tesseract-4.1.0/src/textord/blobgrid.h  [text]  
  inflating: tesseract-4.1.0/src/textord/ccnontextdetect.cpp  [text]  
  inflating: tesseract-4.1.0/src/textord/ccnontextdetect.h  [text]  
  inflating: tesseract-4.1.0/src/textord/cjkpitch.cpp  [text]  
  inflating: tesseract-4.1.0/src/textord/cjkpitch.h  [text]  
  inflating: tesseract-4.1.0/src/textord/colfind.cpp  [text]  
  inflating: tesseract-4.1.0/src/textord/colfind.h  [text]  
  inflating: tesseract-4.1.0/src/textord/colpartition.cpp  [text]  
  inflating: tesseract-4.1.0/src/textord/colpartition.h  [text]  
  inflating: tesseract-4.1.0/src/textord/colpartitiongrid.cpp  [text]  
  inflating: tesseract-4.1.0/src/textord/colpartitiongrid.h  [text]  
  inflating: tesseract-4.1.0/src/textord/colpartitionset.cpp  [text]  
  inflating: tesseract-4.1.0/src/textord/colpartitionset.h  [text]  
  inflating: tesseract-4.1.0/src/textord/devanagari_processing.cpp  [text]  
  inflating: tesseract-4.1.0/src/textord/devanagari_processing.h  [text]  
  inflating: tesseract-4.1.0/src/textord/drawedg.cpp  [text]  
  inflating: tesseract-4.1.0/src/textord/drawedg.h  [text]  
  inflating: tesseract-4.1.0/src/textord/drawtord.cpp  [text]  
  inflating: tesseract-4.1.0/src/textord/drawtord.h  [text]  
  inflating: tesseract-4.1.0/src/textord/edgblob.cpp  [text]  
  inflating: tesseract-4.1.0/src/textord/edgblob.h  [text]  
  inflating: tesseract-4.1.0/src/textord/edgloop.cpp  [text]  
  inflating: tesseract-4.1.0/src/textord/edgloop.h  [text]  
  inflating: tesseract-4.1.0/src/textord/equationdetectbase.cpp  [text]  
  inflating: tesseract-4.1.0/src/textord/equationdetectbase.h  [text]  
  inflating: tesseract-4.1.0/src/textord/fpchop.cpp  [text]  
  inflating: tesseract-4.1.0/src/textord/fpchop.h  [text]  
  inflating: tesseract-4.1.0/src/textord/gap_map.cpp  [text]  
  inflating: tesseract-4.1.0/src/textord/gap_map.h  [text]  
  inflating: tesseract-4.1.0/src/textord/imagefind.cpp  [text]  
  inflating: tesseract-4.1.0/src/textord/imagefind.h  [text]  
  inflating: tesseract-4.1.0/src/textord/linefind.cpp  [text]  
  inflating: tesseract-4.1.0/src/textord/linefind.h  [text]  
  inflating: tesseract-4.1.0/src/textord/makerow.cpp  [text]  
  inflating: tesseract-4.1.0/src/textord/makerow.h  [text]  
  inflating: tesseract-4.1.0/src/textord/oldbasel.cpp  [text]  
  inflating: tesseract-4.1.0/src/textord/oldbasel.h  [text]  
  inflating: tesseract-4.1.0/src/textord/pithsync.cpp  [text]  
  inflating: tesseract-4.1.0/src/textord/pithsync.h  [text]  
  inflating: tesseract-4.1.0/src/textord/pitsync1.cpp  [text]  
  inflating: tesseract-4.1.0/src/textord/pitsync1.h  [text]  
  inflating: tesseract-4.1.0/src/textord/scanedg.cpp  [text]  
  inflating: tesseract-4.1.0/src/textord/scanedg.h  [text]  
  inflating: tesseract-4.1.0/src/textord/sortflts.cpp  [text]  
  inflating: tesseract-4.1.0/src/textord/sortflts.h  [text]  
  inflating: tesseract-4.1.0/src/textord/strokewidth.cpp  [text]  
  inflating: tesseract-4.1.0/src/textord/strokewidth.h  [text]  
  inflating: tesseract-4.1.0/src/textord/tabfind.cpp  [text]  
  inflating: tesseract-4.1.0/src/textord/tabfind.h  [text]  
  inflating: tesseract-4.1.0/src/textord/tablefind.cpp  [text]  
  inflating: tesseract-4.1.0/src/textord/tablefind.h  [text]  
  inflating: tesseract-4.1.0/src/textord/tablerecog.cpp  [text]  
  inflating: tesseract-4.1.0/src/textord/tablerecog.h  [text]  
  inflating: tesseract-4.1.0/src/textord/tabvector.cpp  [text]  
  inflating: tesseract-4.1.0/src/textord/tabvector.h  [text]  
  inflating: tesseract-4.1.0/src/textord/textlineprojection.cpp  [text]  
  inflating: tesseract-4.1.0/src/textord/textlineprojection.h  [text]  
  inflating: tesseract-4.1.0/src/textord/textord.cpp  [text]  
  inflating: tesseract-4.1.0/src/textord/textord.h  [text]  
  inflating: tesseract-4.1.0/src/textord/topitch.cpp  [text]  
  inflating: tesseract-4.1.0/src/textord/topitch.h  [text]  
  inflating: tesseract-4.1.0/src/textord/tordmain.cpp  [text]  
  inflating: tesseract-4.1.0/src/textord/tordmain.h  [text]  
  inflating: tesseract-4.1.0/src/textord/tospace.cpp  [text]  
  inflating: tesseract-4.1.0/src/textord/tovars.cpp  [text]  
  inflating: tesseract-4.1.0/src/textord/tovars.h  [text]  
  inflating: tesseract-4.1.0/src/textord/underlin.cpp  [text]  
  inflating: tesseract-4.1.0/src/textord/underlin.h  [text]  
  inflating: tesseract-4.1.0/src/textord/wordseg.cpp  [text]  
  inflating: tesseract-4.1.0/src/textord/wordseg.h  [text]  
  inflating: tesseract-4.1.0/src/textord/workingpartset.cpp  [text]  
  inflating: tesseract-4.1.0/src/textord/workingpartset.h  [text]  
   creating: tesseract-4.1.0/src/training/
  inflating: tesseract-4.1.0/src/training/CMakeLists.txt  [text]  
  inflating: tesseract-4.1.0/src/training/Makefile.am  [text]  
  inflating: tesseract-4.1.0/src/training/ambiguous_words.cpp  [text]  
  inflating: tesseract-4.1.0/src/training/boxchar.cpp  [text]  
  inflating: tesseract-4.1.0/src/training/boxchar.h  [text]  
  inflating: tesseract-4.1.0/src/training/classifier_tester.cpp  [text]  
  inflating: tesseract-4.1.0/src/training/cntraining.cpp  [text]  
  inflating: tesseract-4.1.0/src/training/combine_lang_model.cpp  [text]  
  inflating: tesseract-4.1.0/src/training/combine_tessdata.cpp  [text]  
  inflating: tesseract-4.1.0/src/training/commandlineflags.cpp  [text]  
  inflating: tesseract-4.1.0/src/training/commandlineflags.h  [text]  
  inflating: tesseract-4.1.0/src/training/commontraining.cpp  [text]  
  inflating: tesseract-4.1.0/src/training/commontraining.h  [text]  
  inflating: tesseract-4.1.0/src/training/dawg2wordlist.cpp  [text]  
  inflating: tesseract-4.1.0/src/training/degradeimage.cpp  [text]  
  inflating: tesseract-4.1.0/src/training/degradeimage.h  [text]  
  inflating: tesseract-4.1.0/src/training/icuerrorcode.cpp  [text]  
  inflating: tesseract-4.1.0/src/training/icuerrorcode.h  [text]  
  inflating: tesseract-4.1.0/src/training/lang_model_helpers.cpp  [text]  
  inflating: tesseract-4.1.0/src/training/lang_model_helpers.h  [text]  
  inflating: tesseract-4.1.0/src/training/language-specific.sh  [text]  
  inflating: tesseract-4.1.0/src/training/language_specific.py  [text]  
  inflating: tesseract-4.1.0/src/training/ligature_table.cpp  [text]  
  inflating: tesseract-4.1.0/src/training/ligature_table.h  [text]  
  inflating: tesseract-4.1.0/src/training/lstmeval.cpp  [text]  
  inflating: tesseract-4.1.0/src/training/lstmtester.cpp  [text]  
  inflating: tesseract-4.1.0/src/training/lstmtester.h  [text]  
  inflating: tesseract-4.1.0/src/training/lstmtraining.cpp  [text]  
  inflating: tesseract-4.1.0/src/training/merge_unicharsets.cpp  [text]  
  inflating: tesseract-4.1.0/src/training/mergenf.cpp  [text]  
  inflating: tesseract-4.1.0/src/training/mergenf.h  [text]  
  inflating: tesseract-4.1.0/src/training/mftraining.cpp  [text]  
  inflating: tesseract-4.1.0/src/training/normstrngs.cpp  [text]  
  inflating: tesseract-4.1.0/src/training/normstrngs.h  [text]  
  inflating: tesseract-4.1.0/src/training/pango_font_info.cpp  [text]  
  inflating: tesseract-4.1.0/src/training/pango_font_info.h  [text]  
  inflating: tesseract-4.1.0/src/training/set_unicharset_properties.cpp  [text]  
  inflating: tesseract-4.1.0/src/training/shapeclustering.cpp  [text]  
  inflating: tesseract-4.1.0/src/training/stringrenderer.cpp  [text]  
  inflating: tesseract-4.1.0/src/training/stringrenderer.h  [text]  
  inflating: tesseract-4.1.0/src/training/tessopt.cpp  [text]  
  inflating: tesseract-4.1.0/src/training/tessopt.h  [text]  
  inflating: tesseract-4.1.0/src/training/tesstrain.py  [text]  
  inflating: tesseract-4.1.0/src/training/tesstrain.sh  [text]  
  inflating: tesseract-4.1.0/src/training/tesstrain_utils.py  [text]  
  inflating: tesseract-4.1.0/src/training/tesstrain_utils.sh  [text]  
  inflating: tesseract-4.1.0/src/training/text2image.cpp  [text]  
  inflating: tesseract-4.1.0/src/training/tlog.cpp  [text]  
  inflating: tesseract-4.1.0/src/training/tlog.h  [text]  
  inflating: tesseract-4.1.0/src/training/unicharset_extractor.cpp  [text]  
  inflating: tesseract-4.1.0/src/training/unicharset_training_utils.cpp  [text]  
  inflating: tesseract-4.1.0/src/training/unicharset_training_utils.h  [text]  
  inflating: tesseract-4.1.0/src/training/util.h  [text]  
  inflating: tesseract-4.1.0/src/training/validate_grapheme.cpp  [text]  
  inflating: tesseract-4.1.0/src/training/validate_grapheme.h  [text]  
  inflating: tesseract-4.1.0/src/training/validate_indic.cpp  [text]  
  inflating: tesseract-4.1.0/src/training/validate_indic.h  [text]  
  inflating: tesseract-4.1.0/src/training/validate_javanese.cpp  [text]  
  inflating: tesseract-4.1.0/src/training/validate_javanese.h  [text]  
  inflating: tesseract-4.1.0/src/training/validate_khmer.cpp  [text]  
  inflating: tesseract-4.1.0/src/training/validate_khmer.h  [text]  
  inflating: tesseract-4.1.0/src/training/validate_myanmar.cpp  [text]  
  inflating: tesseract-4.1.0/src/training/validate_myanmar.h  [text]  
  inflating: tesseract-4.1.0/src/training/validator.cpp  [text]  
  inflating: tesseract-4.1.0/src/training/validator.h  [text]  
  inflating: tesseract-4.1.0/src/training/wordlist2dawg.cpp  [text]  
   creating: tesseract-4.1.0/src/viewer/
  inflating: tesseract-4.1.0/src/viewer/Makefile.am  [text]  
  inflating: tesseract-4.1.0/src/viewer/scrollview.cpp  [text]  
  inflating: tesseract-4.1.0/src/viewer/scrollview.h  [text]  
  inflating: tesseract-4.1.0/src/viewer/svmnode.cpp  [text]  
  inflating: tesseract-4.1.0/src/viewer/svmnode.h  [text]  
  inflating: tesseract-4.1.0/src/viewer/svpaint.cpp  [text]  
  inflating: tesseract-4.1.0/src/viewer/svutil.cpp  [text]  
  inflating: tesseract-4.1.0/src/viewer/svutil.h  [text]  
   creating: tesseract-4.1.0/src/vs2010/
   creating: tesseract-4.1.0/src/vs2010/tesseract/
  inflating: tesseract-4.1.0/src/vs2010/tesseract/libtesseract.rc.in  [text]  
  inflating: tesseract-4.1.0/src/vs2010/tesseract/resource.h  [text]  
  inflating: tesseract-4.1.0/src/vs2010/tesseract/tesseract.rc.in  [text]  
   creating: tesseract-4.1.0/src/wordrec/
  inflating: tesseract-4.1.0/src/wordrec/Makefile.am  [text]  
  inflating: tesseract-4.1.0/src/wordrec/associate.cpp  [text]  
  inflating: tesseract-4.1.0/src/wordrec/associate.h  [text]  
  inflating: tesseract-4.1.0/src/wordrec/chop.cpp  [text]  
  inflating: tesseract-4.1.0/src/wordrec/chop.h  [text]  
  inflating: tesseract-4.1.0/src/wordrec/chopper.cpp  [text]  
  inflating: tesseract-4.1.0/src/wordrec/drawfx.cpp  [text]  
  inflating: tesseract-4.1.0/src/wordrec/drawfx.h  [text]  
  inflating: tesseract-4.1.0/src/wordrec/findseam.cpp  [text]  
  inflating: tesseract-4.1.0/src/wordrec/findseam.h  [text]  
  inflating: tesseract-4.1.0/src/wordrec/gradechop.cpp  [text]  
  inflating: tesseract-4.1.0/src/wordrec/language_model.cpp  [text]  
  inflating: tesseract-4.1.0/src/wordrec/language_model.h  [text]  
  inflating: tesseract-4.1.0/src/wordrec/lm_consistency.cpp  [text]  
  inflating: tesseract-4.1.0/src/wordrec/lm_consistency.h  [text]  
  inflating: tesseract-4.1.0/src/wordrec/lm_pain_points.cpp  [text]  
  inflating: tesseract-4.1.0/src/wordrec/lm_pain_points.h  [text]  
  inflating: tesseract-4.1.0/src/wordrec/lm_state.cpp  [text]  
  inflating: tesseract-4.1.0/src/wordrec/lm_state.h  [text]  
  inflating: tesseract-4.1.0/src/wordrec/measure.h  [text]  
  inflating: tesseract-4.1.0/src/wordrec/outlines.cpp  [text]  
  inflating: tesseract-4.1.0/src/wordrec/outlines.h  [text]  
  inflating: tesseract-4.1.0/src/wordrec/params_model.cpp  [text]  
  inflating: tesseract-4.1.0/src/wordrec/params_model.h  [text]  
  inflating: tesseract-4.1.0/src/wordrec/pieces.cpp  [text]  
  inflating: tesseract-4.1.0/src/wordrec/plotedges.cpp  [text]  
  inflating: tesseract-4.1.0/src/wordrec/plotedges.h  [text]  
  inflating: tesseract-4.1.0/src/wordrec/render.cpp  [text]  
  inflating: tesseract-4.1.0/src/wordrec/render.h  [text]  
  inflating: tesseract-4.1.0/src/wordrec/segsearch.cpp  [text]  
  inflating: tesseract-4.1.0/src/wordrec/tface.cpp  [text]  
  inflating: tesseract-4.1.0/src/wordrec/wordclass.cpp  [text]  
  inflating: tesseract-4.1.0/src/wordrec/wordrec.cpp  [text]  
  inflating: tesseract-4.1.0/src/wordrec/wordrec.h  [text]  
  inflating: tesseract-4.1.0/sw.cpp  [text]  
   creating: tesseract-4.1.0/tessdata/
  inflating: tesseract-4.1.0/tessdata/Makefile.am  [text]  
   creating: tesseract-4.1.0/tessdata/configs/
  inflating: tesseract-4.1.0/tessdata/configs/Makefile.am  [text]  
 extracting: tesseract-4.1.0/tessdata/configs/alto  [text]  
  inflating: tesseract-4.1.0/tessdata/configs/ambigs.train  [text]  
 extracting: tesseract-4.1.0/tessdata/configs/api_config  [text]  
  inflating: tesseract-4.1.0/tessdata/configs/bazaar  [text]  
  inflating: tesseract-4.1.0/tessdata/configs/bigram  [text]  
  inflating: tesseract-4.1.0/tessdata/configs/box.train  [text]  
  inflating: tesseract-4.1.0/tessdata/configs/box.train.stderr  [text]  
 extracting: tesseract-4.1.0/tessdata/configs/digits  [text]  
 extracting: tesseract-4.1.0/tessdata/configs/get.images  [text]  
  inflating: tesseract-4.1.0/tessdata/configs/hocr  [text]  
  inflating: tesseract-4.1.0/tessdata/configs/inter  [text]  
  inflating: tesseract-4.1.0/tessdata/configs/kannada  [text]  
  inflating: tesseract-4.1.0/tessdata/configs/linebox  [text]  
 extracting: tesseract-4.1.0/tessdata/configs/logfile  [text]  
  inflating: tesseract-4.1.0/tessdata/configs/lstm.train  [text]  
 extracting: tesseract-4.1.0/tessdata/configs/lstmbox  [text]  
  inflating: tesseract-4.1.0/tessdata/configs/lstmdebug  [text]  
 extracting: tesseract-4.1.0/tessdata/configs/makebox  [text]  
 extracting: tesseract-4.1.0/tessdata/configs/pdf  [text]  
 extracting: tesseract-4.1.0/tessdata/configs/quiet  [text]  
  inflating: tesseract-4.1.0/tessdata/configs/rebox  [text]  
  inflating: tesseract-4.1.0/tessdata/configs/strokewidth  [text]  
 extracting: tesseract-4.1.0/tessdata/configs/tsv  [text]  
  inflating: tesseract-4.1.0/tessdata/configs/txt  [text]  
  inflating: tesseract-4.1.0/tessdata/configs/unlv  [text]  
 extracting: tesseract-4.1.0/tessdata/configs/wordstrbox  [text]  
  inflating: tesseract-4.1.0/tessdata/eng.user-patterns  [text]  
 extracting: tesseract-4.1.0/tessdata/eng.user-words  [text]  
  inflating: tesseract-4.1.0/tessdata/pdf.ttf  [binary]
   creating: tesseract-4.1.0/tessdata/tessconfigs/
  inflating: tesseract-4.1.0/tessdata/tessconfigs/Makefile.am  [text]  
  inflating: tesseract-4.1.0/tessdata/tessconfigs/batch  [text]  
  inflating: tesseract-4.1.0/tessdata/tessconfigs/batch.nochop  [text]  
  inflating: tesseract-4.1.0/tessdata/tessconfigs/matdemo  [text]  
  inflating: tesseract-4.1.0/tessdata/tessconfigs/msdemo  [text]  
 extracting: tesseract-4.1.0/tessdata/tessconfigs/nobatch  [text]  
  inflating: tesseract-4.1.0/tessdata/tessconfigs/segdemo  [text]  
  inflating: tesseract-4.1.0/tesseract.pc.cmake  [text]  
  inflating: tesseract-4.1.0/tesseract.pc.in  [text]  
   creating: tesseract-4.1.0/test/
   creating: tesseract-4.1.0/unittest/
  inflating: tesseract-4.1.0/unittest/Makefile.am  [text]  
  inflating: tesseract-4.1.0/unittest/README.md  [text]  
  inflating: tesseract-4.1.0/unittest/apiexample_test.cc  [text]  
  inflating: tesseract-4.1.0/unittest/applybox_test.cc  [text]  
  inflating: tesseract-4.1.0/unittest/baseapi_test.cc  [text]  
  inflating: tesseract-4.1.0/unittest/baseapi_thread_test.cc  [text]  
  inflating: tesseract-4.1.0/unittest/bitvector_test.cc  [text]  
  inflating: tesseract-4.1.0/unittest/cleanapi_test.cc  [text]  
  inflating: tesseract-4.1.0/unittest/colpartition_test.cc  [text]  
  inflating: tesseract-4.1.0/unittest/commandlineflags_test.cc  [text]  
  inflating: tesseract-4.1.0/unittest/cycletimer.h  [text]  
  inflating: tesseract-4.1.0/unittest/dawg_test.cc  [text]  
  inflating: tesseract-4.1.0/unittest/denorm_test.cc  [text]  
  inflating: tesseract-4.1.0/unittest/equationdetect_test.cc  [text]  
  inflating: tesseract-4.1.0/unittest/fileio_test.cc  [text]  
   creating: tesseract-4.1.0/unittest/fuzzers/
  inflating: tesseract-4.1.0/unittest/fuzzers/fuzzer-api.cpp  [text]  
  inflating: tesseract-4.1.0/unittest/heap_test.cc  [text]  
  inflating: tesseract-4.1.0/unittest/imagedata_test.cc  [text]  
  inflating: tesseract-4.1.0/unittest/include_gunit.h  [text]  
  inflating: tesseract-4.1.0/unittest/indexmapbidi_test.cc  [text]  
  inflating: tesseract-4.1.0/unittest/intfeaturemap_test.cc  [text]  
  inflating: tesseract-4.1.0/unittest/intsimdmatrix_test.cc  [text]  
  inflating: tesseract-4.1.0/unittest/lang_model_test.cc  [text]  
  inflating: tesseract-4.1.0/unittest/layout_test.cc  [text]  
  inflating: tesseract-4.1.0/unittest/ligature_table_test.cc  [text]  
  inflating: tesseract-4.1.0/unittest/linlsq_test.cc  [text]  
  inflating: tesseract-4.1.0/unittest/loadlang_test.cc  [text]  
  inflating: tesseract-4.1.0/unittest/log.h  [text]  
  inflating: tesseract-4.1.0/unittest/lstm_recode_test.cc  [text]  
  inflating: tesseract-4.1.0/unittest/lstm_squashed_test.cc  [text]  
  inflating: tesseract-4.1.0/unittest/lstm_test.cc  [text]  
  inflating: tesseract-4.1.0/unittest/lstm_test.h  [text]  
  inflating: tesseract-4.1.0/unittest/lstmtrainer_test.cc  [text]  
  inflating: tesseract-4.1.0/unittest/mastertrainer_test.cc  [text]  
  inflating: tesseract-4.1.0/unittest/matrix_test.cc  [text]  
  inflating: tesseract-4.1.0/unittest/networkio_test.cc  [text]  
  inflating: tesseract-4.1.0/unittest/normstrngs_test.cc  [text]  
  inflating: tesseract-4.1.0/unittest/normstrngs_test.h  [text]  
  inflating: tesseract-4.1.0/unittest/nthitem_test.cc  [text]  
  inflating: tesseract-4.1.0/unittest/osd_test.cc  [text]  
  inflating: tesseract-4.1.0/unittest/pagesegmode_test.cc  [text]  
  inflating: tesseract-4.1.0/unittest/pango_font_info_test.cc  [text]  
  inflating: tesseract-4.1.0/unittest/paragraphs_test.cc  [text]  
  inflating: tesseract-4.1.0/unittest/params_model_test.cc  [text]  
  inflating: tesseract-4.1.0/unittest/progress_test.cc  [text]  
  inflating: tesseract-4.1.0/unittest/qrsequence_test.cc  [text]  
  inflating: tesseract-4.1.0/unittest/recodebeam_test.cc  [text]  
  inflating: tesseract-4.1.0/unittest/rect_test.cc  [text]  
  inflating: tesseract-4.1.0/unittest/resultiterator_test.cc  [text]  
  inflating: tesseract-4.1.0/unittest/scanutils_test.cc  [text]  
  inflating: tesseract-4.1.0/unittest/shapetable_test.cc  [text]  
  inflating: tesseract-4.1.0/unittest/stats_test.cc  [text]  
  inflating: tesseract-4.1.0/unittest/stridemap_test.cc  [text]  
  inflating: tesseract-4.1.0/unittest/stringrenderer_test.cc  [text]  
  inflating: tesseract-4.1.0/unittest/tablefind_test.cc  [text]  
  inflating: tesseract-4.1.0/unittest/tablerecog_test.cc  [text]  
  inflating: tesseract-4.1.0/unittest/tabvector_test.cc  [text]  
  inflating: tesseract-4.1.0/unittest/tatweel_test.cc  [text]  
  inflating: tesseract-4.1.0/unittest/textlineprojection_test.cc  [text]  
  inflating: tesseract-4.1.0/unittest/tfile_test.cc  [text]  
  inflating: tesseract-4.1.0/unittest/unichar_test.cc  [text]  
  inflating: tesseract-4.1.0/unittest/unicharcompress_test.cc  [text]  
  inflating: tesseract-4.1.0/unittest/unicharset_test.cc  [text]  
  inflating: tesseract-4.1.0/unittest/validate_grapheme_test.cc  [text]  
  inflating: tesseract-4.1.0/unittest/validate_indic_test.cc  [text]  
  inflating: tesseract-4.1.0/unittest/validate_khmer_test.cc  [text]  
  inflating: tesseract-4.1.0/unittest/validate_myanmar_test.cc  [text]  
  inflating: tesseract-4.1.0/unittest/validator_test.cc  [text]  
cd /Users/zyoung/dev/SwiftyTesseract/SwiftyTesseract/SwiftyTesseract/tesseract-4.1.0 && ./autogen.sh 2> /dev/null
Running aclocal
Running /Users/zyoung/dev/tesseract-build/Root/bin/libtoolize
libtoolize: putting auxiliary files in AC_CONFIG_AUX_DIR, 'config'.
libtoolize: copying file 'config/ltmain.sh'
libtoolize: putting macros in AC_CONFIG_MACRO_DIRS, 'm4'.
libtoolize: copying file 'm4/libtool.m4'
libtoolize: copying file 'm4/ltoptions.m4'
libtoolize: copying file 'm4/ltsugar.m4'
libtoolize: copying file 'm4/ltversion.m4'
libtoolize: copying file 'm4/lt~obsolete.m4'
Running autoheader
Running automake --add-missing --copy
Running autoconf

All done.
To build the software now, do something like:

$ ./configure [--enable-debug] [...other options]
export LIBS="-lz -lpng -ljpeg -ltiff" ; \
	export SDKROOT="/Applications/Xcode.app/Contents/Developer/Platforms/iPhoneOS.platform/Developer/SDKs/iPhoneOS13.4.sdk" ; \
	export CFLAGS="-I/Users/zyoung/dev/SwiftyTesseract/SwiftyTesseract/SwiftyTesseract/tesseract-4.1.0/ios/arm-apple-darwin64/ -arch arm64 -pipe -no-cpp-precomp -isysroot $SDKROOT -miphoneos-version-min="11.0" -O2 -fembed-bitcode" ; \
	export CPPFLAGS=$CFLAGS ; \
	export CXXFLAGS="-I/Users/zyoung/dev/SwiftyTesseract/SwiftyTesseract/SwiftyTesseract/tesseract-4.1.0/ios/arm-apple-darwin64/ -arch arm64 -pipe -no-cpp-precomp -isysroot $SDKROOT -miphoneos-version-min="11.0" -O2 -Wno-deprecated-register"; \
	export LDFLAGS="-L$SDKROOT/usr/lib/ -L/Users/zyoung/dev/SwiftyTesseract/SwiftyTesseract/SwiftyTesseract/ios/lib -L/Users/zyoung/dev/SwiftyTesseract/SwiftyTesseract/SwiftyTesseract/leptonica-1.78.0/ios/arm-apple-darwin64/src/.libs" ; \
	export LIBLEPT_HEADERSDIR=/Users/zyoung/dev/SwiftyTesseract/SwiftyTesseract/SwiftyTesseract/tesseract-4.1.0/ios/arm-apple-darwin64/ ; \
	export PKG_CONFIG_PATH=/Users/zyoung/dev/SwiftyTesseract/SwiftyTesseract/SwiftyTesseract/leptonica-1.78.0/ios/arm-apple-darwin64/ ; \
	export CXX="""`xcode-select -p`"/usr/bin/g++" --target=arm-apple-darwin64" ; \
	export CXX_FOR_BUILD="""`xcode-select -p`"/usr/bin/g++" --target=arm-apple-darwin64" ; \
	export CC="""`xcode-select -p`"/usr/bin/gcc" --target=arm-apple-darwin64" ; \
	mkdir -p /Users/zyoung/dev/SwiftyTesseract/SwiftyTesseract/SwiftyTesseract/tesseract-4.1.0/ios/arm-apple-darwin64 ; \
	cd /Users/zyoung/dev/SwiftyTesseract/SwiftyTesseract/SwiftyTesseract/tesseract-4.1.0/ios/arm-apple-darwin64 ; \
	ln -s /Users/zyoung/dev/SwiftyTesseract/SwiftyTesseract/SwiftyTesseract/leptonica-1.78.0/src/ leptonica ; \
	../../configure CXX="""`xcode-select -p`"/usr/bin/g++" --target=arm-apple-darwin64" CC="""`xcode-select -p`"/usr/bin/gcc" --target=arm-apple-darwin64" --host=arm-apple-darwin64 --prefix=`pwd` --enable-shared=no --disable-graphics
checking whether the C++ compiler works... yes
checking for C++ compiler default output file name... a.out
checking for suffix of executables... 
checking whether we are cross compiling... yes
checking for suffix of object files... o
checking whether we are using the GNU C++ compiler... yes
checking whether /Applications/Xcode.app/Contents/Developer/usr/bin/g++ --target=arm-apple-darwin64 accepts -g... yes
checking for a BSD-compatible install... /usr/bin/install -c
checking whether build environment is sane... yes
checking for arm-apple-darwin64-strip... no
checking for strip... strip
configure: WARNING: using cross tools not prefixed with host triplet
checking for a thread-safe mkdir -p... ../../config/install-sh -c -d
checking for gawk... no
checking for mawk... no
checking for nawk... no
checking for awk... awk
checking whether make sets $(MAKE)... yes
checking whether make supports the include directive... yes (GNU style)
checking whether make supports nested variables... yes
checking dependency style of /Applications/Xcode.app/Contents/Developer/usr/bin/g++ --target=arm-apple-darwin64... gcc3
checking for a sed that does not truncate output... /usr/bin/sed
checking Major version... 4
checking Minor version... 1
checking Point version... 0
checking build system type... x86_64-apple-darwin19.4.0
checking host system type... arm-apple-darwin64
checking whether C++ compiler accepts -Werror=unused-command-line-argument... yes
checking whether C++ compiler accepts -mavx... no
checking whether C++ compiler accepts -mavx2... no
checking whether C++ compiler accepts -msse4.1... no
checking whether C++ compiler accepts -march=native... no
checking --enable-graphics argument... no
checking --enable-legacy argument... 
checking for /Applications/Xcode.app/Contents/Developer/usr/bin/g++ --target=arm-apple-darwin64 option to support OpenMP... unsupported
checking how to run the C++ preprocessor... /Applications/Xcode.app/Contents/Developer/usr/bin/g++ --target=arm-apple-darwin64 -E
checking for grep that handles long lines and -e... /usr/bin/grep
checking for egrep... /usr/bin/grep -E
checking for ANSI C header files... yes
checking for sys/types.h... yes
checking for sys/stat.h... yes
checking for stdlib.h... yes
checking for string.h... yes
checking for memory.h... yes
checking for strings.h... yes
checking for inttypes.h... yes
checking for stdint.h... yes
checking for unistd.h... yes
checking tiffio.h usability... no
checking tiffio.h presence... no
checking for tiffio.h... no
checking --enable-opencl argument... 
checking tensorflow/core/framework/graph.pb.h usability... no
checking tensorflow/core/framework/graph.pb.h presence... no
checking for tensorflow/core/framework/graph.pb.h... no
checking for OpenCL framework
checking if -framework OpenCL works... no
checking --enable-visibility argument... 
checking whether to use tessdata-prefix... yes
checking whether to enable debugging... 
checking whether byte ordering is bigendian... no
checking how to print strings... printf
checking for arm-apple-darwin64-gcc... /Applications/Xcode.app/Contents/Developer/usr/bin/gcc --target=arm-apple-darwin64
checking whether we are using the GNU C compiler... yes
checking whether /Applications/Xcode.app/Contents/Developer/usr/bin/gcc --target=arm-apple-darwin64 accepts -g... yes
checking for /Applications/Xcode.app/Contents/Developer/usr/bin/gcc --target=arm-apple-darwin64 option to accept ISO C89... none needed
checking whether /Applications/Xcode.app/Contents/Developer/usr/bin/gcc --target=arm-apple-darwin64 understands -c and -o together... yes
checking dependency style of /Applications/Xcode.app/Contents/Developer/usr/bin/gcc --target=arm-apple-darwin64... gcc3
checking for a sed that does not truncate output... (cached) /usr/bin/sed
checking for fgrep... /usr/bin/grep -F
checking for ld used by /Applications/Xcode.app/Contents/Developer/usr/bin/gcc --target=arm-apple-darwin64... /Applications/Xcode.app/Contents/Developer/Toolchains/XcodeDefault.xctoolchain/usr/bin/ld
checking if the linker (/Applications/Xcode.app/Contents/Developer/Toolchains/XcodeDefault.xctoolchain/usr/bin/ld) is GNU ld... no
checking for BSD- or MS-compatible name lister (nm)... no
checking for arm-apple-darwin64-dumpbin... no
checking for arm-apple-darwin64-link... no
checking for dumpbin... no
checking for link... link -dump
checking the name lister (nm) interface... BSD nm
checking whether ln -s works... yes
checking the maximum length of command line arguments... 196608
checking how to convert x86_64-apple-darwin19.4.0 file names to arm-apple-darwin64 format... func_convert_file_noop
checking how to convert x86_64-apple-darwin19.4.0 file names to toolchain format... func_convert_file_noop
checking for /Applications/Xcode.app/Contents/Developer/Toolchains/XcodeDefault.xctoolchain/usr/bin/ld option to reload object files... -r
checking for arm-apple-darwin64-objdump... no
checking for objdump... objdump
checking how to recognize dependent libraries... pass_all
checking for arm-apple-darwin64-dlltool... no
checking for dlltool... no
checking how to associate runtime and link libraries... printf %s\n
checking for arm-apple-darwin64-ar... no
checking for ar... ar
checking for archiver @FILE support... no
checking for arm-apple-darwin64-strip... strip
checking for arm-apple-darwin64-ranlib... no
checking for ranlib... ranlib
checking command to parse nm output from /Applications/Xcode.app/Contents/Developer/usr/bin/gcc --target=arm-apple-darwin64 object... ok
checking for sysroot... no
checking for a working dd... /bin/dd
checking how to truncate binary pipes... /bin/dd bs=4096 count=1
checking for arm-apple-darwin64-mt... no
checking for mt... no
checking if : is a manifest tool... no
checking for arm-apple-darwin64-dsymutil... no
checking for dsymutil... dsymutil
checking for arm-apple-darwin64-nmedit... no
checking for nmedit... nmedit
checking for arm-apple-darwin64-lipo... no
checking for lipo... lipo
checking for arm-apple-darwin64-otool... no
checking for otool... otool
checking for arm-apple-darwin64-otool64... no
checking for otool64... no
checking for -single_module linker flag... yes
checking for -exported_symbols_list linker flag... yes
checking for -force_load linker flag... yes
checking for dlfcn.h... yes
checking for objdir... .libs
checking if /Applications/Xcode.app/Contents/Developer/usr/bin/gcc --target=arm-apple-darwin64 supports -fno-rtti -fno-exceptions... yes
checking for /Applications/Xcode.app/Contents/Developer/usr/bin/gcc --target=arm-apple-darwin64 option to produce PIC... -fno-common -DPIC
checking if /Applications/Xcode.app/Contents/Developer/usr/bin/gcc --target=arm-apple-darwin64 PIC flag -fno-common -DPIC works... yes
checking if /Applications/Xcode.app/Contents/Developer/usr/bin/gcc --target=arm-apple-darwin64 static flag -static works... no
checking if /Applications/Xcode.app/Contents/Developer/usr/bin/gcc --target=arm-apple-darwin64 supports -c -o file.o... yes
checking if /Applications/Xcode.app/Contents/Developer/usr/bin/gcc --target=arm-apple-darwin64 supports -c -o file.o... (cached) yes
checking whether the /Applications/Xcode.app/Contents/Developer/usr/bin/gcc --target=arm-apple-darwin64 linker (/Applications/Xcode.app/Contents/Developer/Toolchains/XcodeDefault.xctoolchain/usr/bin/ld) supports shared libraries... yes
checking dynamic linker characteristics... darwin64 dyld
checking how to hardcode library paths into programs... immediate
checking whether stripping libraries is possible... yes
checking if libtool supports shared libraries... yes
checking whether to build shared libraries... no
checking whether to build static libraries... yes
checking how to run the C++ preprocessor... /Applications/Xcode.app/Contents/Developer/usr/bin/g++ --target=arm-apple-darwin64 -E
checking for ld used by /Applications/Xcode.app/Contents/Developer/usr/bin/g++ --target=arm-apple-darwin64... /Applications/Xcode.app/Contents/Developer/Toolchains/XcodeDefault.xctoolchain/usr/bin/ld
checking if the linker (/Applications/Xcode.app/Contents/Developer/Toolchains/XcodeDefault.xctoolchain/usr/bin/ld) is GNU ld... no
checking whether the /Applications/Xcode.app/Contents/Developer/usr/bin/g++ --target=arm-apple-darwin64 linker (/Applications/Xcode.app/Contents/Developer/Toolchains/XcodeDefault.xctoolchain/usr/bin/ld) supports shared libraries... yes
checking for /Applications/Xcode.app/Contents/Developer/usr/bin/g++ --target=arm-apple-darwin64 option to produce PIC... -fno-common -DPIC
checking if /Applications/Xcode.app/Contents/Developer/usr/bin/g++ --target=arm-apple-darwin64 PIC flag -fno-common -DPIC works... yes
checking if /Applications/Xcode.app/Contents/Developer/usr/bin/g++ --target=arm-apple-darwin64 static flag -static works... no
checking if /Applications/Xcode.app/Contents/Developer/usr/bin/g++ --target=arm-apple-darwin64 supports -c -o file.o... yes
checking if /Applications/Xcode.app/Contents/Developer/usr/bin/g++ --target=arm-apple-darwin64 supports -c -o file.o... (cached) yes
checking whether the /Applications/Xcode.app/Contents/Developer/usr/bin/g++ --target=arm-apple-darwin64 linker (/Applications/Xcode.app/Contents/Developer/Toolchains/XcodeDefault.xctoolchain/usr/bin/ld) supports shared libraries... yes
checking dynamic linker characteristics... darwin64 dyld
checking how to hardcode library paths into programs... immediate
checking if compiling with clang... yes
checking whether C++ compiler accepts -std=c++11... yes
checking whether C++ compiler accepts -std=c++14... yes
checking whether C++ compiler accepts -std=c++17... yes
checking for library containing pthread_create... none required
checking for ANSI C header files... (cached) yes
checking whether time.h and sys/time.h may both be included... yes
checking for sys/wait.h that is POSIX.1 compatible... yes
checking sys/ipc.h usability... yes
checking sys/ipc.h presence... yes
checking for sys/ipc.h... yes
checking sys/shm.h usability... yes
checking sys/shm.h presence... yes
checking for sys/shm.h... yes
checking limits.h usability... yes
checking limits.h presence... yes
checking for limits.h... yes
checking malloc.h usability... no
checking malloc.h presence... no
checking for malloc.h... no
checking for stdbool.h that conforms to C99... no
checking for _Bool... no
checking for asciidoc... false
checking for xsltproc... true
checking for wchar_t... yes
checking for long long int... yes
checking for off_t... yes
checking for mbstate_t... yes
checking for arm-apple-darwin64-pkg-config... no
checking for pkg-config... /Users/zyoung/dev/tesseract-build/Root/bin/pkg-config
checking pkg-config is at least version 0.9.0... yes
checking for lept >= 1.74... yes
checking for libarchive... no
checking for icu-uc >= 52.1... no
checking for icu-i18n >= 52.1... no
configure: WARNING: icu 52.1 or higher is required, but was not found.
configure: WARNING: Training tools WILL NOT be built.
configure: WARNING: Try to install libicu-devel package.
checking for pango >= 1.22.0... no
configure: WARNING: pango 1.22.0 or higher is required, but was not found.
configure: WARNING: Training tools WILL NOT be built.
configure: WARNING: Try to install libpango1.0-dev package.
checking for cairo... no
configure: WARNING: Training tools WILL NOT be built because of missing cairo library.
configure: WARNING: Try to install libcairo-dev?? package.
checking that generated files are newer than configure... done
configure: creating ./config.status
config.status: creating Makefile
config.status: creating tesseract.pc
config.status: creating src/api/Makefile
config.status: creating src/api/tess_version.h
config.status: creating src/arch/Makefile
config.status: creating src/ccmain/Makefile
config.status: creating src/opencl/Makefile
config.status: creating src/ccstruct/Makefile
config.status: creating src/ccutil/Makefile
config.status: creating src/classify/Makefile
config.status: creating src/cutil/Makefile
config.status: creating src/dict/Makefile
config.status: creating src/lstm/Makefile
config.status: creating src/textord/Makefile
config.status: creating src/viewer/Makefile
config.status: creating src/wordrec/Makefile
config.status: creating tessdata/Makefile
config.status: creating tessdata/configs/Makefile
config.status: creating tessdata/tessconfigs/Makefile
config.status: creating unittest/Makefile
config.status: creating java/Makefile
config.status: creating java/com/Makefile
config.status: creating java/com/google/Makefile
config.status: creating java/com/google/scrollview/Makefile
config.status: creating java/com/google/scrollview/events/Makefile
config.status: creating java/com/google/scrollview/ui/Makefile
config.status: creating doc/Makefile
config.status: creating config_auto.h
config.status: executing depfiles commands
config.status: executing libtool commands

Configuration is done.
You can now build and install tesseract by running:

$ make
$ sudo make install
$ sudo ldconfig

Documentation will not be built because asciidoc or xsltproc is missing.

You can not build training tools because of missing dependency.
Check configure output for details.

export LIBS="-lz -lpng -ljpeg -ltiff" ; \
	export SDKROOT="/Applications/Xcode.app/Contents/Developer/Platforms/iPhoneSimulator.platform/Developer/SDKs/iPhoneSimulator13.4.sdk" ; \
	export CFLAGS="-I/Users/zyoung/dev/SwiftyTesseract/SwiftyTesseract/SwiftyTesseract/tesseract-4.1.0/ios/x86_64-apple-darwin/ -arch x86_64 -pipe -no-cpp-precomp -isysroot $SDKROOT -mios-simulator-version-min="11.0" -O2 -fembed-bitcode" ; \
	export CPPFLAGS=$CFLAGS ; \
	export CXXFLAGS="-I/Users/zyoung/dev/SwiftyTesseract/SwiftyTesseract/SwiftyTesseract/tesseract-4.1.0/ios/x86_64-apple-darwin/ -arch x86_64 -pipe -no-cpp-precomp -isysroot $SDKROOT -mios-simulator-version-min="11.0" -O2 -Wno-deprecated-register"; \
	export LDFLAGS="-L$SDKROOT/usr/lib/ -L/Users/zyoung/dev/SwiftyTesseract/SwiftyTesseract/SwiftyTesseract/ios/lib -L/Users/zyoung/dev/SwiftyTesseract/SwiftyTesseract/SwiftyTesseract/leptonica-1.78.0/ios/x86_64-apple-darwin/src/.libs" ; \
	export LIBLEPT_HEADERSDIR=/Users/zyoung/dev/SwiftyTesseract/SwiftyTesseract/SwiftyTesseract/tesseract-4.1.0/ios/x86_64-apple-darwin/ ; \
	export PKG_CONFIG_PATH=/Users/zyoung/dev/SwiftyTesseract/SwiftyTesseract/SwiftyTesseract/leptonica-1.78.0/ios/x86_64-apple-darwin/ ; \
	export CXX="""`xcode-select -p`"/usr/bin/g++" --target=x86_64-apple-darwin" ; \
	export CXX_FOR_BUILD="""`xcode-select -p`"/usr/bin/g++" --target=x86_64-apple-darwin" ; \
	export CC="""`xcode-select -p`"/usr/bin/gcc" --target=x86_64-apple-darwin" ; \
	mkdir -p /Users/zyoung/dev/SwiftyTesseract/SwiftyTesseract/SwiftyTesseract/tesseract-4.1.0/ios/x86_64-apple-darwin ; \
	cd /Users/zyoung/dev/SwiftyTesseract/SwiftyTesseract/SwiftyTesseract/tesseract-4.1.0/ios/x86_64-apple-darwin ; \
	ln -s /Users/zyoung/dev/SwiftyTesseract/SwiftyTesseract/SwiftyTesseract/leptonica-1.78.0/src/ leptonica ; \
	../../configure CXX="""`xcode-select -p`"/usr/bin/g++" --target=x86_64-apple-darwin" CC="""`xcode-select -p`"/usr/bin/gcc" --target=x86_64-apple-darwin" --host=x86_64-apple-darwin --prefix=`pwd` --enable-shared=no --disable-graphics
checking whether the C++ compiler works... yes
checking for C++ compiler default output file name... a.out
checking for suffix of executables... 
checking whether we are cross compiling... yes
checking for suffix of object files... o
checking whether we are using the GNU C++ compiler... yes
checking whether /Applications/Xcode.app/Contents/Developer/usr/bin/g++ --target=x86_64-apple-darwin accepts -g... yes
checking for a BSD-compatible install... /usr/bin/install -c
checking whether build environment is sane... yes
checking for x86_64-apple-darwin-strip... no
checking for strip... strip
configure: WARNING: using cross tools not prefixed with host triplet
checking for a thread-safe mkdir -p... ../../config/install-sh -c -d
checking for gawk... no
checking for mawk... no
checking for nawk... no
checking for awk... awk
checking whether make sets $(MAKE)... yes
checking whether make supports the include directive... yes (GNU style)
checking whether make supports nested variables... yes
checking dependency style of /Applications/Xcode.app/Contents/Developer/usr/bin/g++ --target=x86_64-apple-darwin... gcc3
checking for a sed that does not truncate output... /usr/bin/sed
checking Major version... 4
checking Minor version... 1
checking Point version... 0
checking build system type... x86_64-apple-darwin19.4.0
checking host system type... x86_64-apple-darwin
checking whether C++ compiler accepts -Werror=unused-command-line-argument... yes
checking whether C++ compiler accepts -mavx... yes
checking whether C++ compiler accepts -mavx2... yes
checking whether C++ compiler accepts -msse4.1... yes
checking whether C++ compiler accepts -march=native... yes
checking --enable-graphics argument... no
checking --enable-legacy argument... 
checking for /Applications/Xcode.app/Contents/Developer/usr/bin/g++ --target=x86_64-apple-darwin option to support OpenMP... unsupported
checking how to run the C++ preprocessor... /Applications/Xcode.app/Contents/Developer/usr/bin/g++ --target=x86_64-apple-darwin -E
checking for grep that handles long lines and -e... /usr/bin/grep
checking for egrep... /usr/bin/grep -E
checking for ANSI C header files... yes
checking for sys/types.h... yes
checking for sys/stat.h... yes
checking for stdlib.h... yes
checking for string.h... yes
checking for memory.h... yes
checking for strings.h... yes
checking for inttypes.h... yes
checking for stdint.h... yes
checking for unistd.h... yes
checking tiffio.h usability... no
checking tiffio.h presence... no
checking for tiffio.h... no
checking --enable-opencl argument... 
checking tensorflow/core/framework/graph.pb.h usability... no
checking tensorflow/core/framework/graph.pb.h presence... no
checking for tensorflow/core/framework/graph.pb.h... no
checking for OpenCL framework
checking if -framework OpenCL works... no
checking --enable-visibility argument... 
checking whether to use tessdata-prefix... yes
checking whether to enable debugging... 
checking whether byte ordering is bigendian... no
checking how to print strings... printf
checking for x86_64-apple-darwin-gcc... /Applications/Xcode.app/Contents/Developer/usr/bin/gcc --target=x86_64-apple-darwin
checking whether we are using the GNU C compiler... yes
checking whether /Applications/Xcode.app/Contents/Developer/usr/bin/gcc --target=x86_64-apple-darwin accepts -g... yes
checking for /Applications/Xcode.app/Contents/Developer/usr/bin/gcc --target=x86_64-apple-darwin option to accept ISO C89... none needed
checking whether /Applications/Xcode.app/Contents/Developer/usr/bin/gcc --target=x86_64-apple-darwin understands -c and -o together... yes
checking dependency style of /Applications/Xcode.app/Contents/Developer/usr/bin/gcc --target=x86_64-apple-darwin... gcc3
checking for a sed that does not truncate output... (cached) /usr/bin/sed
checking for fgrep... /usr/bin/grep -F
checking for ld used by /Applications/Xcode.app/Contents/Developer/usr/bin/gcc --target=x86_64-apple-darwin... /Applications/Xcode.app/Contents/Developer/Toolchains/XcodeDefault.xctoolchain/usr/bin/ld
checking if the linker (/Applications/Xcode.app/Contents/Developer/Toolchains/XcodeDefault.xctoolchain/usr/bin/ld) is GNU ld... no
checking for BSD- or MS-compatible name lister (nm)... no
checking for x86_64-apple-darwin-dumpbin... no
checking for x86_64-apple-darwin-link... no
checking for dumpbin... no
checking for link... link -dump
checking the name lister (nm) interface... BSD nm
checking whether ln -s works... yes
checking the maximum length of command line arguments... 196608
checking how to convert x86_64-apple-darwin19.4.0 file names to x86_64-apple-darwin format... func_convert_file_noop
checking how to convert x86_64-apple-darwin19.4.0 file names to toolchain format... func_convert_file_noop
checking for /Applications/Xcode.app/Contents/Developer/Toolchains/XcodeDefault.xctoolchain/usr/bin/ld option to reload object files... -r
checking for x86_64-apple-darwin-objdump... no
checking for objdump... objdump
checking how to recognize dependent libraries... pass_all
checking for x86_64-apple-darwin-dlltool... no
checking for dlltool... no
checking how to associate runtime and link libraries... printf %s\n
checking for x86_64-apple-darwin-ar... no
checking for ar... ar
checking for archiver @FILE support... no
checking for x86_64-apple-darwin-strip... strip
checking for x86_64-apple-darwin-ranlib... no
checking for ranlib... ranlib
checking command to parse nm output from /Applications/Xcode.app/Contents/Developer/usr/bin/gcc --target=x86_64-apple-darwin object... ok
checking for sysroot... no
checking for a working dd... /bin/dd
checking how to truncate binary pipes... /bin/dd bs=4096 count=1
checking for x86_64-apple-darwin-mt... no
checking for mt... no
checking if : is a manifest tool... no
checking for x86_64-apple-darwin-dsymutil... no
checking for dsymutil... dsymutil
checking for x86_64-apple-darwin-nmedit... no
checking for nmedit... nmedit
checking for x86_64-apple-darwin-lipo... no
checking for lipo... lipo
checking for x86_64-apple-darwin-otool... no
checking for otool... otool
checking for x86_64-apple-darwin-otool64... no
checking for otool64... no
checking for -single_module linker flag... yes
checking for -exported_symbols_list linker flag... yes
checking for -force_load linker flag... yes
checking for dlfcn.h... yes
checking for objdir... .libs
checking if /Applications/Xcode.app/Contents/Developer/usr/bin/gcc --target=x86_64-apple-darwin supports -fno-rtti -fno-exceptions... yes
checking for /Applications/Xcode.app/Contents/Developer/usr/bin/gcc --target=x86_64-apple-darwin option to produce PIC... -fno-common -DPIC
checking if /Applications/Xcode.app/Contents/Developer/usr/bin/gcc --target=x86_64-apple-darwin PIC flag -fno-common -DPIC works... yes
checking if /Applications/Xcode.app/Contents/Developer/usr/bin/gcc --target=x86_64-apple-darwin static flag -static works... no
checking if /Applications/Xcode.app/Contents/Developer/usr/bin/gcc --target=x86_64-apple-darwin supports -c -o file.o... yes
checking if /Applications/Xcode.app/Contents/Developer/usr/bin/gcc --target=x86_64-apple-darwin supports -c -o file.o... (cached) yes
checking whether the /Applications/Xcode.app/Contents/Developer/usr/bin/gcc --target=x86_64-apple-darwin linker (/Applications/Xcode.app/Contents/Developer/Toolchains/XcodeDefault.xctoolchain/usr/bin/ld) supports shared libraries... yes
checking dynamic linker characteristics... darwin dyld
checking how to hardcode library paths into programs... immediate
checking whether stripping libraries is possible... yes
checking if libtool supports shared libraries... yes
checking whether to build shared libraries... no
checking whether to build static libraries... yes
checking how to run the C++ preprocessor... /Applications/Xcode.app/Contents/Developer/usr/bin/g++ --target=x86_64-apple-darwin -E
checking for ld used by /Applications/Xcode.app/Contents/Developer/usr/bin/g++ --target=x86_64-apple-darwin... /Applications/Xcode.app/Contents/Developer/Toolchains/XcodeDefault.xctoolchain/usr/bin/ld
checking if the linker (/Applications/Xcode.app/Contents/Developer/Toolchains/XcodeDefault.xctoolchain/usr/bin/ld) is GNU ld... no
checking whether the /Applications/Xcode.app/Contents/Developer/usr/bin/g++ --target=x86_64-apple-darwin linker (/Applications/Xcode.app/Contents/Developer/Toolchains/XcodeDefault.xctoolchain/usr/bin/ld) supports shared libraries... yes
checking for /Applications/Xcode.app/Contents/Developer/usr/bin/g++ --target=x86_64-apple-darwin option to produce PIC... -fno-common -DPIC
checking if /Applications/Xcode.app/Contents/Developer/usr/bin/g++ --target=x86_64-apple-darwin PIC flag -fno-common -DPIC works... yes
checking if /Applications/Xcode.app/Contents/Developer/usr/bin/g++ --target=x86_64-apple-darwin static flag -static works... no
checking if /Applications/Xcode.app/Contents/Developer/usr/bin/g++ --target=x86_64-apple-darwin supports -c -o file.o... yes
checking if /Applications/Xcode.app/Contents/Developer/usr/bin/g++ --target=x86_64-apple-darwin supports -c -o file.o... (cached) yes
checking whether the /Applications/Xcode.app/Contents/Developer/usr/bin/g++ --target=x86_64-apple-darwin linker (/Applications/Xcode.app/Contents/Developer/Toolchains/XcodeDefault.xctoolchain/usr/bin/ld) supports shared libraries... yes
checking dynamic linker characteristics... darwin dyld
checking how to hardcode library paths into programs... immediate
checking if compiling with clang... yes
checking whether C++ compiler accepts -std=c++11... yes
checking whether C++ compiler accepts -std=c++14... yes
checking whether C++ compiler accepts -std=c++17... yes
checking for library containing pthread_create... none required
checking for ANSI C header files... (cached) yes
checking whether time.h and sys/time.h may both be included... yes
checking for sys/wait.h that is POSIX.1 compatible... yes
checking sys/ipc.h usability... yes
checking sys/ipc.h presence... yes
checking for sys/ipc.h... yes
checking sys/shm.h usability... yes
checking sys/shm.h presence... yes
checking for sys/shm.h... yes
checking limits.h usability... yes
checking limits.h presence... yes
checking for limits.h... yes
checking malloc.h usability... no
checking malloc.h presence... no
checking for malloc.h... no
checking for stdbool.h that conforms to C99... no
checking for _Bool... no
checking for asciidoc... false
checking for xsltproc... true
checking for wchar_t... yes
checking for long long int... yes
checking for off_t... yes
checking for mbstate_t... yes
checking for x86_64-apple-darwin-pkg-config... no
checking for pkg-config... /Users/zyoung/dev/tesseract-build/Root/bin/pkg-config
checking pkg-config is at least version 0.9.0... yes
checking for lept >= 1.74... yes
checking for libarchive... no
checking for icu-uc >= 52.1... no
checking for icu-i18n >= 52.1... no
configure: WARNING: icu 52.1 or higher is required, but was not found.
configure: WARNING: Training tools WILL NOT be built.
configure: WARNING: Try to install libicu-devel package.
checking for pango >= 1.22.0... no
configure: WARNING: pango 1.22.0 or higher is required, but was not found.
configure: WARNING: Training tools WILL NOT be built.
configure: WARNING: Try to install libpango1.0-dev package.
checking for cairo... no
configure: WARNING: Training tools WILL NOT be built because of missing cairo library.
configure: WARNING: Try to install libcairo-dev?? package.
checking that generated files are newer than configure... done
configure: creating ./config.status
config.status: creating Makefile
config.status: creating tesseract.pc
config.status: creating src/api/Makefile
config.status: creating src/api/tess_version.h
config.status: creating src/arch/Makefile
config.status: creating src/ccmain/Makefile
config.status: creating src/opencl/Makefile
config.status: creating src/ccstruct/Makefile
config.status: creating src/ccutil/Makefile
config.status: creating src/classify/Makefile
config.status: creating src/cutil/Makefile
config.status: creating src/dict/Makefile
config.status: creating src/lstm/Makefile
config.status: creating src/textord/Makefile
config.status: creating src/viewer/Makefile
config.status: creating src/wordrec/Makefile
config.status: creating tessdata/Makefile
config.status: creating tessdata/configs/Makefile
config.status: creating tessdata/tessconfigs/Makefile
config.status: creating unittest/Makefile
config.status: creating java/Makefile
config.status: creating java/com/Makefile
config.status: creating java/com/google/Makefile
config.status: creating java/com/google/scrollview/Makefile
config.status: creating java/com/google/scrollview/events/Makefile
config.status: creating java/com/google/scrollview/ui/Makefile
config.status: creating doc/Makefile
config.status: creating config_auto.h
config.status: executing depfiles commands
config.status: executing libtool commands

Configuration is done.
You can now build and install tesseract by running:

$ make
$ sudo make install
$ sudo ldconfig

Documentation will not be built because asciidoc or xsltproc is missing.

You can not build training tools because of missing dependency.
Check configure output for details.

cd /Users/zyoung/dev/SwiftyTesseract/SwiftyTesseract/SwiftyTesseract/tesseract-4.1.0/ios/arm-apple-darwin64 && /Applications/Xcode.app/Contents/Developer/usr/bin/make -sj8 && /Applications/Xcode.app/Contents/Developer/usr/bin/make install
Making all in src/arch
libtool: compile:  /Applications/Xcode.app/Contents/Developer/usr/bin/g++ --target=arm-apple-darwin64 -DHAVE_CONFIG_H -I. -I../../../../src/arch -I../.. -DNDEBUG -I../../../../src/ccstruct -I../../../../src/ccutil -I../../../../src/viewer -I/Users/zyoung/dev/SwiftyTesseract/SwiftyTesseract/SwiftyTesseract/tesseract-4.1.0/ios/arm-apple-darwin64/ -arch arm64 -pipe -no-cpp-precomp -isysroot /Applications/Xcode.app/Contents/Developer/Platforms/iPhoneOS.platform/Developer/SDKs/iPhoneOS13.4.sdk -miphoneos-version-min=11.0 -O2 -fembed-bitcode -I/Users/zyoung/dev/SwiftyTesseract/SwiftyTesseract/SwiftyTesseract/leptonica-1.78.0/ios/arm-apple-darwin64/include/leptonica -I/Users/zyoung/dev/SwiftyTesseract/SwiftyTesseract/SwiftyTesseract/tesseract-4.1.0/ios/arm-apple-darwin64/ -arch arm64 -pipe -no-cpp-precomp -isysroot /Applications/Xcode.app/Contents/Developer/Platforms/iPhoneOS.platform/Developer/SDKs/iPhoneOS13.4.sdk -miphoneos-version-min=11.0 -O2 -Wno-deprecated-register -std=c++17 -MT libtesseract_arch_la-simddetect.lo -MD -MP -MF .deps/libtesseract_arch_la-simddetect.Tpo -c ../../../../src/arch/simddetect.cpp -o libtesseract_arch_la-simddetect.o
libtool: compile:  /Applications/Xcode.app/Contents/Developer/usr/bin/g++ --target=arm-apple-darwin64 -DHAVE_CONFIG_H -I. -I../../../../src/arch -I../.. -DNDEBUG -I../../../../src/ccstruct -I../../../../src/ccutil -I../../../../src/viewer -I/Users/zyoung/dev/SwiftyTesseract/SwiftyTesseract/SwiftyTesseract/tesseract-4.1.0/ios/arm-apple-darwin64/ -arch arm64 -pipe -no-cpp-precomp -isysroot /Applications/Xcode.app/Contents/Developer/Platforms/iPhoneOS.platform/Developer/SDKs/iPhoneOS13.4.sdk -miphoneos-version-min=11.0 -O2 -fembed-bitcode -I/Users/zyoung/dev/SwiftyTesseract/SwiftyTesseract/SwiftyTesseract/leptonica-1.78.0/ios/arm-apple-darwin64/include/leptonica -I/Users/zyoung/dev/SwiftyTesseract/SwiftyTesseract/SwiftyTesseract/tesseract-4.1.0/ios/arm-apple-darwin64/ -arch arm64 -pipe -no-cpp-precomp -isysroot /Applications/Xcode.app/Contents/Developer/Platforms/iPhoneOS.platform/Developer/SDKs/iPhoneOS13.4.sdk -miphoneos-version-min=11.0 -O2 -Wno-deprecated-register -std=c++17 -MT libtesseract_arch_la-intsimdmatrix.lo -MD -MP -MF .deps/libtesseract_arch_la-intsimdmatrix.Tpo -c ../../../../src/arch/intsimdmatrix.cpp -o libtesseract_arch_la-intsimdmatrix.o
libtool: compile:  /Applications/Xcode.app/Contents/Developer/usr/bin/g++ --target=arm-apple-darwin64 -DHAVE_CONFIG_H -I. -I../../../../src/arch -I../.. -DNDEBUG -I../../../../src/ccstruct -I../../../../src/ccutil -I../../../../src/viewer -I/Users/zyoung/dev/SwiftyTesseract/SwiftyTesseract/SwiftyTesseract/tesseract-4.1.0/ios/arm-apple-darwin64/ -arch arm64 -pipe -no-cpp-precomp -isysroot /Applications/Xcode.app/Contents/Developer/Platforms/iPhoneOS.platform/Developer/SDKs/iPhoneOS13.4.sdk -miphoneos-version-min=11.0 -O2 -fembed-bitcode -I/Users/zyoung/dev/SwiftyTesseract/SwiftyTesseract/SwiftyTesseract/leptonica-1.78.0/ios/arm-apple-darwin64/include/leptonica -O3 -ffast-math -I/Users/zyoung/dev/SwiftyTesseract/SwiftyTesseract/SwiftyTesseract/tesseract-4.1.0/ios/arm-apple-darwin64/ -arch arm64 -pipe -no-cpp-precomp -isysroot /Applications/Xcode.app/Contents/Developer/Platforms/iPhoneOS.platform/Developer/SDKs/iPhoneOS13.4.sdk -miphoneos-version-min=11.0 -O2 -Wno-deprecated-register -std=c++17 -MT libtesseract_native_la-dotproduct.lo -MD -MP -MF .deps/libtesseract_native_la-dotproduct.Tpo -c ../../../../src/arch/dotproduct.cpp -o libtesseract_native_la-dotproduct.o
libtool: link: ar cru .libs/libtesseract_native.a  libtesseract_native_la-dotproduct.o
libtool: link: ranlib .libs/libtesseract_native.a
libtool: link: ( cd ".libs" && rm -f "libtesseract_native.la" && ln -s "../libtesseract_native.la" "libtesseract_native.la" )
libtool: link: ar cru .libs/libtesseract_arch.a  libtesseract_arch_la-intsimdmatrix.o libtesseract_arch_la-simddetect.o
libtool: link: ranlib .libs/libtesseract_arch.a
libtool: link: ( cd ".libs" && rm -f "libtesseract_arch.la" && ln -s "../libtesseract_arch.la" "libtesseract_arch.la" )
Making all in src/ccutil
libtool: compile:  /Applications/Xcode.app/Contents/Developer/usr/bin/g++ --target=arm-apple-darwin64 -DHAVE_CONFIG_H -I. -I../../../../src/ccutil -I../.. -I/Users/zyoung/dev/SwiftyTesseract/SwiftyTesseract/SwiftyTesseract/tesseract-4.1.0/ios/arm-apple-darwin64/ -arch arm64 -pipe -no-cpp-precomp -isysroot /Applications/Xcode.app/Contents/Developer/Platforms/iPhoneOS.platform/Developer/SDKs/iPhoneOS13.4.sdk -miphoneos-version-min=11.0 -O2 -fembed-bitcode -I/Users/zyoung/dev/SwiftyTesseract/SwiftyTesseract/SwiftyTesseract/leptonica-1.78.0/ios/arm-apple-darwin64/include/leptonica -DTESSDATA_PREFIX=/Users/zyoung/dev/SwiftyTesseract/SwiftyTesseract/SwiftyTesseract/tesseract-4.1.0/ios/arm-apple-darwin64/share -I/Users/zyoung/dev/SwiftyTesseract/SwiftyTesseract/SwiftyTesseract/tesseract-4.1.0/ios/arm-apple-darwin64/ -arch arm64 -pipe -no-cpp-precomp -isysroot /Applications/Xcode.app/Contents/Developer/Platforms/iPhoneOS.platform/Developer/SDKs/iPhoneOS13.4.sdk -miphoneos-version-min=11.0 -O2 -Wno-deprecated-register -std=c++17 -MT ccutil.lo -MD -MP -MF .deps/ccutil.Tpo -c ../../../../src/ccutil/ccutil.cpp -o ccutil.o
libtool: compile:  /Applications/Xcode.app/Contents/Developer/usr/bin/g++ --target=arm-apple-darwin64 -DHAVE_CONFIG_H -I. -I../../../../src/ccutil -I../.. -I/Users/zyoung/dev/SwiftyTesseract/SwiftyTesseract/SwiftyTesseract/tesseract-4.1.0/ios/arm-apple-darwin64/ -arch arm64 -pipe -no-cpp-precomp -isysroot /Applications/Xcode.app/Contents/Developer/Platforms/iPhoneOS.platform/Developer/SDKs/iPhoneOS13.4.sdk -miphoneos-version-min=11.0 -O2 -fembed-bitcode -I/Users/zyoung/dev/SwiftyTesseract/SwiftyTesseract/SwiftyTesseract/leptonica-1.78.0/ios/arm-apple-darwin64/include/leptonica -DTESSDATA_PREFIX=/Users/zyoung/dev/SwiftyTesseract/SwiftyTesseract/SwiftyTesseract/tesseract-4.1.0/ios/arm-apple-darwin64/share -I/Users/zyoung/dev/SwiftyTesseract/SwiftyTesseract/SwiftyTesseract/tesseract-4.1.0/ios/arm-apple-darwin64/ -arch arm64 -pipe -no-cpp-precomp -isysroot /Applications/Xcode.app/Contents/Developer/Platforms/iPhoneOS.platform/Developer/SDKs/iPhoneOS13.4.sdk -miphoneos-version-min=11.0 -O2 -Wno-deprecated-register -std=c++17 -MT basedir.lo -MD -MP -MF .deps/basedir.Tpo -c ../../../../src/ccutil/basedir.cpp -o basedir.o
libtool: compile:  /Applications/Xcode.app/Contents/Developer/usr/bin/g++ --target=arm-apple-darwin64 -DHAVE_CONFIG_H -I. -I../../../../src/ccutil -I../.. -I/Users/zyoung/dev/SwiftyTesseract/SwiftyTesseract/SwiftyTesseract/tesseract-4.1.0/ios/arm-apple-darwin64/ -arch arm64 -pipe -no-cpp-precomp -isysroot /Applications/Xcode.app/Contents/Developer/Platforms/iPhoneOS.platform/Developer/SDKs/iPhoneOS13.4.sdk -miphoneos-version-min=11.0 -O2 -fembed-bitcode -I/Users/zyoung/dev/SwiftyTesseract/SwiftyTesseract/SwiftyTesseract/leptonica-1.78.0/ios/arm-apple-darwin64/include/leptonica -DTESSDATA_PREFIX=/Users/zyoung/dev/SwiftyTesseract/SwiftyTesseract/SwiftyTesseract/tesseract-4.1.0/ios/arm-apple-darwin64/share -I/Users/zyoung/dev/SwiftyTesseract/SwiftyTesseract/SwiftyTesseract/tesseract-4.1.0/ios/arm-apple-darwin64/ -arch arm64 -pipe -no-cpp-precomp -isysroot /Applications/Xcode.app/Contents/Developer/Platforms/iPhoneOS.platform/Developer/SDKs/iPhoneOS13.4.sdk -miphoneos-version-min=11.0 -O2 -Wno-deprecated-register -std=c++17 -MT elst.lo -MD -MP -MF .deps/elst.Tpo -c ../../../../src/ccutil/elst.cpp -o elst.o
libtool: compile:  /Applications/Xcode.app/Contents/Developer/usr/bin/g++ --target=arm-apple-darwin64 -DHAVE_CONFIG_H -I. -I../../../../src/ccutil -I../.. -I/Users/zyoung/dev/SwiftyTesseract/SwiftyTesseract/SwiftyTesseract/tesseract-4.1.0/ios/arm-apple-darwin64/ -arch arm64 -pipe -no-cpp-precomp -isysroot /Applications/Xcode.app/Contents/Developer/Platforms/iPhoneOS.platform/Developer/SDKs/iPhoneOS13.4.sdk -miphoneos-version-min=11.0 -O2 -fembed-bitcode -I/Users/zyoung/dev/SwiftyTesseract/SwiftyTesseract/SwiftyTesseract/leptonica-1.78.0/ios/arm-apple-darwin64/include/leptonica -DTESSDATA_PREFIX=/Users/zyoung/dev/SwiftyTesseract/SwiftyTesseract/SwiftyTesseract/tesseract-4.1.0/ios/arm-apple-darwin64/share -I/Users/zyoung/dev/SwiftyTesseract/SwiftyTesseract/SwiftyTesseract/tesseract-4.1.0/ios/arm-apple-darwin64/ -arch arm64 -pipe -no-cpp-precomp -isysroot /Applications/Xcode.app/Contents/Developer/Platforms/iPhoneOS.platform/Developer/SDKs/iPhoneOS13.4.sdk -miphoneos-version-min=11.0 -O2 -Wno-deprecated-register -std=c++17 -MT bitvector.lo -MD -MP -MF .deps/bitvector.Tpo -c ../../../../src/ccutil/bitvector.cpp -o bitvector.o
libtool: compile:  /Applications/Xcode.app/Contents/Developer/usr/bin/g++ --target=arm-apple-darwin64 -DHAVE_CONFIG_H -I. -I../../../../src/ccutil -I../.. -I/Users/zyoung/dev/SwiftyTesseract/SwiftyTesseract/SwiftyTesseract/tesseract-4.1.0/ios/arm-apple-darwin64/ -arch arm64 -pipe -no-cpp-precomp -isysroot /Applications/Xcode.app/Contents/Developer/Platforms/iPhoneOS.platform/Developer/SDKs/iPhoneOS13.4.sdk -miphoneos-version-min=11.0 -O2 -fembed-bitcode -I/Users/zyoung/dev/SwiftyTesseract/SwiftyTesseract/SwiftyTesseract/leptonica-1.78.0/ios/arm-apple-darwin64/include/leptonica -DTESSDATA_PREFIX=/Users/zyoung/dev/SwiftyTesseract/SwiftyTesseract/SwiftyTesseract/tesseract-4.1.0/ios/arm-apple-darwin64/share -I/Users/zyoung/dev/SwiftyTesseract/SwiftyTesseract/SwiftyTesseract/tesseract-4.1.0/ios/arm-apple-darwin64/ -arch arm64 -pipe -no-cpp-precomp -isysroot /Applications/Xcode.app/Contents/Developer/Platforms/iPhoneOS.platform/Developer/SDKs/iPhoneOS13.4.sdk -miphoneos-version-min=11.0 -O2 -Wno-deprecated-register -std=c++17 -MT clst.lo -MD -MP -MF .deps/clst.Tpo -c ../../../../src/ccutil/clst.cpp -o clst.o
libtool: compile:  /Applications/Xcode.app/Contents/Developer/usr/bin/g++ --target=arm-apple-darwin64 -DHAVE_CONFIG_H -I. -I../../../../src/ccutil -I../.. -I/Users/zyoung/dev/SwiftyTesseract/SwiftyTesseract/SwiftyTesseract/tesseract-4.1.0/ios/arm-apple-darwin64/ -arch arm64 -pipe -no-cpp-precomp -isysroot /Applications/Xcode.app/Contents/Developer/Platforms/iPhoneOS.platform/Developer/SDKs/iPhoneOS13.4.sdk -miphoneos-version-min=11.0 -O2 -fembed-bitcode -I/Users/zyoung/dev/SwiftyTesseract/SwiftyTesseract/SwiftyTesseract/leptonica-1.78.0/ios/arm-apple-darwin64/include/leptonica -DTESSDATA_PREFIX=/Users/zyoung/dev/SwiftyTesseract/SwiftyTesseract/SwiftyTesseract/tesseract-4.1.0/ios/arm-apple-darwin64/share -I/Users/zyoung/dev/SwiftyTesseract/SwiftyTesseract/SwiftyTesseract/tesseract-4.1.0/ios/arm-apple-darwin64/ -arch arm64 -pipe -no-cpp-precomp -isysroot /Applications/Xcode.app/Contents/Developer/Platforms/iPhoneOS.platform/Developer/SDKs/iPhoneOS13.4.sdk -miphoneos-version-min=11.0 -O2 -Wno-deprecated-register -std=c++17 -MT elst2.lo -MD -MP -MF .deps/elst2.Tpo -c ../../../../src/ccutil/elst2.cpp -o elst2.o
libtool: compile:  /Applications/Xcode.app/Contents/Developer/usr/bin/g++ --target=arm-apple-darwin64 -DHAVE_CONFIG_H -I. -I../../../../src/ccutil -I../.. -I/Users/zyoung/dev/SwiftyTesseract/SwiftyTesseract/SwiftyTesseract/tesseract-4.1.0/ios/arm-apple-darwin64/ -arch arm64 -pipe -no-cpp-precomp -isysroot /Applications/Xcode.app/Contents/Developer/Platforms/iPhoneOS.platform/Developer/SDKs/iPhoneOS13.4.sdk -miphoneos-version-min=11.0 -O2 -fembed-bitcode -I/Users/zyoung/dev/SwiftyTesseract/SwiftyTesseract/SwiftyTesseract/leptonica-1.78.0/ios/arm-apple-darwin64/include/leptonica -DTESSDATA_PREFIX=/Users/zyoung/dev/SwiftyTesseract/SwiftyTesseract/SwiftyTesseract/tesseract-4.1.0/ios/arm-apple-darwin64/share -I/Users/zyoung/dev/SwiftyTesseract/SwiftyTesseract/SwiftyTesseract/tesseract-4.1.0/ios/arm-apple-darwin64/ -arch arm64 -pipe -no-cpp-precomp -isysroot /Applications/Xcode.app/Contents/Developer/Platforms/iPhoneOS.platform/Developer/SDKs/iPhoneOS13.4.sdk -miphoneos-version-min=11.0 -O2 -Wno-deprecated-register -std=c++17 -MT ambigs.lo -MD -MP -MF .deps/ambigs.Tpo -c ../../../../src/ccutil/ambigs.cpp -o ambigs.o
libtool: compile:  /Applications/Xcode.app/Contents/Developer/usr/bin/g++ --target=arm-apple-darwin64 -DHAVE_CONFIG_H -I. -I../../../../src/ccutil -I../.. -I/Users/zyoung/dev/SwiftyTesseract/SwiftyTesseract/SwiftyTesseract/tesseract-4.1.0/ios/arm-apple-darwin64/ -arch arm64 -pipe -no-cpp-precomp -isysroot /Applications/Xcode.app/Contents/Developer/Platforms/iPhoneOS.platform/Developer/SDKs/iPhoneOS13.4.sdk -miphoneos-version-min=11.0 -O2 -fembed-bitcode -I/Users/zyoung/dev/SwiftyTesseract/SwiftyTesseract/SwiftyTesseract/leptonica-1.78.0/ios/arm-apple-darwin64/include/leptonica -DTESSDATA_PREFIX=/Users/zyoung/dev/SwiftyTesseract/SwiftyTesseract/SwiftyTesseract/tesseract-4.1.0/ios/arm-apple-darwin64/share -I/Users/zyoung/dev/SwiftyTesseract/SwiftyTesseract/SwiftyTesseract/tesseract-4.1.0/ios/arm-apple-darwin64/ -arch arm64 -pipe -no-cpp-precomp -isysroot /Applications/Xcode.app/Contents/Developer/Platforms/iPhoneOS.platform/Developer/SDKs/iPhoneOS13.4.sdk -miphoneos-version-min=11.0 -O2 -Wno-deprecated-register -std=c++17 -MT errcode.lo -MD -MP -MF .deps/errcode.Tpo -c ../../../../src/ccutil/errcode.cpp -o errcode.o
libtool: compile:  /Applications/Xcode.app/Contents/Developer/usr/bin/g++ --target=arm-apple-darwin64 -DHAVE_CONFIG_H -I. -I../../../../src/ccutil -I../.. -I/Users/zyoung/dev/SwiftyTesseract/SwiftyTesseract/SwiftyTesseract/tesseract-4.1.0/ios/arm-apple-darwin64/ -arch arm64 -pipe -no-cpp-precomp -isysroot /Applications/Xcode.app/Contents/Developer/Platforms/iPhoneOS.platform/Developer/SDKs/iPhoneOS13.4.sdk -miphoneos-version-min=11.0 -O2 -fembed-bitcode -I/Users/zyoung/dev/SwiftyTesseract/SwiftyTesseract/SwiftyTesseract/leptonica-1.78.0/ios/arm-apple-darwin64/include/leptonica -DTESSDATA_PREFIX=/Users/zyoung/dev/SwiftyTesseract/SwiftyTesseract/SwiftyTesseract/tesseract-4.1.0/ios/arm-apple-darwin64/share -I/Users/zyoung/dev/SwiftyTesseract/SwiftyTesseract/SwiftyTesseract/tesseract-4.1.0/ios/arm-apple-darwin64/ -arch arm64 -pipe -no-cpp-precomp -isysroot /Applications/Xcode.app/Contents/Developer/Platforms/iPhoneOS.platform/Developer/SDKs/iPhoneOS13.4.sdk -miphoneos-version-min=11.0 -O2 -Wno-deprecated-register -std=c++17 -MT fileio.lo -MD -MP -MF .deps/fileio.Tpo -c ../../../../src/ccutil/fileio.cpp -o fileio.o
libtool: compile:  /Applications/Xcode.app/Contents/Developer/usr/bin/g++ --target=arm-apple-darwin64 -DHAVE_CONFIG_H -I. -I../../../../src/ccutil -I../.. -I/Users/zyoung/dev/SwiftyTesseract/SwiftyTesseract/SwiftyTesseract/tesseract-4.1.0/ios/arm-apple-darwin64/ -arch arm64 -pipe -no-cpp-precomp -isysroot /Applications/Xcode.app/Contents/Developer/Platforms/iPhoneOS.platform/Developer/SDKs/iPhoneOS13.4.sdk -miphoneos-version-min=11.0 -O2 -fembed-bitcode -I/Users/zyoung/dev/SwiftyTesseract/SwiftyTesseract/SwiftyTesseract/leptonica-1.78.0/ios/arm-apple-darwin64/include/leptonica -DTESSDATA_PREFIX=/Users/zyoung/dev/SwiftyTesseract/SwiftyTesseract/SwiftyTesseract/tesseract-4.1.0/ios/arm-apple-darwin64/share -I/Users/zyoung/dev/SwiftyTesseract/SwiftyTesseract/SwiftyTesseract/tesseract-4.1.0/ios/arm-apple-darwin64/ -arch arm64 -pipe -no-cpp-precomp -isysroot /Applications/Xcode.app/Contents/Developer/Platforms/iPhoneOS.platform/Developer/SDKs/iPhoneOS13.4.sdk -miphoneos-version-min=11.0 -O2 -Wno-deprecated-register -std=c++17 -MT globaloc.lo -MD -MP -MF .deps/globaloc.Tpo -c ../../../../src/ccutil/globaloc.cpp -o globaloc.o
libtool: compile:  /Applications/Xcode.app/Contents/Developer/usr/bin/g++ --target=arm-apple-darwin64 -DHAVE_CONFIG_H -I. -I../../../../src/ccutil -I../.. -I/Users/zyoung/dev/SwiftyTesseract/SwiftyTesseract/SwiftyTesseract/tesseract-4.1.0/ios/arm-apple-darwin64/ -arch arm64 -pipe -no-cpp-precomp -isysroot /Applications/Xcode.app/Contents/Developer/Platforms/iPhoneOS.platform/Developer/SDKs/iPhoneOS13.4.sdk -miphoneos-version-min=11.0 -O2 -fembed-bitcode -I/Users/zyoung/dev/SwiftyTesseract/SwiftyTesseract/SwiftyTesseract/leptonica-1.78.0/ios/arm-apple-darwin64/include/leptonica -DTESSDATA_PREFIX=/Users/zyoung/dev/SwiftyTesseract/SwiftyTesseract/SwiftyTesseract/tesseract-4.1.0/ios/arm-apple-darwin64/share -I/Users/zyoung/dev/SwiftyTesseract/SwiftyTesseract/SwiftyTesseract/tesseract-4.1.0/ios/arm-apple-darwin64/ -arch arm64 -pipe -no-cpp-precomp -isysroot /Applications/Xcode.app/Contents/Developer/Platforms/iPhoneOS.platform/Developer/SDKs/iPhoneOS13.4.sdk -miphoneos-version-min=11.0 -O2 -Wno-deprecated-register -std=c++17 -MT indexmapbidi.lo -MD -MP -MF .deps/indexmapbidi.Tpo -c ../../../../src/ccutil/indexmapbidi.cpp -o indexmapbidi.o
libtool: compile:  /Applications/Xcode.app/Contents/Developer/usr/bin/g++ --target=arm-apple-darwin64 -DHAVE_CONFIG_H -I. -I../../../../src/ccutil -I../.. -I/Users/zyoung/dev/SwiftyTesseract/SwiftyTesseract/SwiftyTesseract/tesseract-4.1.0/ios/arm-apple-darwin64/ -arch arm64 -pipe -no-cpp-precomp -isysroot /Applications/Xcode.app/Contents/Developer/Platforms/iPhoneOS.platform/Developer/SDKs/iPhoneOS13.4.sdk -miphoneos-version-min=11.0 -O2 -fembed-bitcode -I/Users/zyoung/dev/SwiftyTesseract/SwiftyTesseract/SwiftyTesseract/leptonica-1.78.0/ios/arm-apple-darwin64/include/leptonica -DTESSDATA_PREFIX=/Users/zyoung/dev/SwiftyTesseract/SwiftyTesseract/SwiftyTesseract/tesseract-4.1.0/ios/arm-apple-darwin64/share -I/Users/zyoung/dev/SwiftyTesseract/SwiftyTesseract/SwiftyTesseract/tesseract-4.1.0/ios/arm-apple-darwin64/ -arch arm64 -pipe -no-cpp-precomp -isysroot /Applications/Xcode.app/Contents/Developer/Platforms/iPhoneOS.platform/Developer/SDKs/iPhoneOS13.4.sdk -miphoneos-version-min=11.0 -O2 -Wno-deprecated-register -std=c++17 -MT mainblk.lo -MD -MP -MF .deps/mainblk.Tpo -c ../../../../src/ccutil/mainblk.cpp -o mainblk.o
libtool: compile:  /Applications/Xcode.app/Contents/Developer/usr/bin/g++ --target=arm-apple-darwin64 -DHAVE_CONFIG_H -I. -I../../../../src/ccutil -I../.. -I/Users/zyoung/dev/SwiftyTesseract/SwiftyTesseract/SwiftyTesseract/tesseract-4.1.0/ios/arm-apple-darwin64/ -arch arm64 -pipe -no-cpp-precomp -isysroot /Applications/Xcode.app/Contents/Developer/Platforms/iPhoneOS.platform/Developer/SDKs/iPhoneOS13.4.sdk -miphoneos-version-min=11.0 -O2 -fembed-bitcode -I/Users/zyoung/dev/SwiftyTesseract/SwiftyTesseract/SwiftyTesseract/leptonica-1.78.0/ios/arm-apple-darwin64/include/leptonica -DTESSDATA_PREFIX=/Users/zyoung/dev/SwiftyTesseract/SwiftyTesseract/SwiftyTesseract/tesseract-4.1.0/ios/arm-apple-darwin64/share -I/Users/zyoung/dev/SwiftyTesseract/SwiftyTesseract/SwiftyTesseract/tesseract-4.1.0/ios/arm-apple-darwin64/ -arch arm64 -pipe -no-cpp-precomp -isysroot /Applications/Xcode.app/Contents/Developer/Platforms/iPhoneOS.platform/Developer/SDKs/iPhoneOS13.4.sdk -miphoneos-version-min=11.0 -O2 -Wno-deprecated-register -std=c++17 -MT serialis.lo -MD -MP -MF .deps/serialis.Tpo -c ../../../../src/ccutil/serialis.cpp -o serialis.o
libtool: compile:  /Applications/Xcode.app/Contents/Developer/usr/bin/g++ --target=arm-apple-darwin64 -DHAVE_CONFIG_H -I. -I../../../../src/ccutil -I../.. -I/Users/zyoung/dev/SwiftyTesseract/SwiftyTesseract/SwiftyTesseract/tesseract-4.1.0/ios/arm-apple-darwin64/ -arch arm64 -pipe -no-cpp-precomp -isysroot /Applications/Xcode.app/Contents/Developer/Platforms/iPhoneOS.platform/Developer/SDKs/iPhoneOS13.4.sdk -miphoneos-version-min=11.0 -O2 -fembed-bitcode -I/Users/zyoung/dev/SwiftyTesseract/SwiftyTesseract/SwiftyTesseract/leptonica-1.78.0/ios/arm-apple-darwin64/include/leptonica -DTESSDATA_PREFIX=/Users/zyoung/dev/SwiftyTesseract/SwiftyTesseract/SwiftyTesseract/tesseract-4.1.0/ios/arm-apple-darwin64/share -I/Users/zyoung/dev/SwiftyTesseract/SwiftyTesseract/SwiftyTesseract/tesseract-4.1.0/ios/arm-apple-darwin64/ -arch arm64 -pipe -no-cpp-precomp -isysroot /Applications/Xcode.app/Contents/Developer/Platforms/iPhoneOS.platform/Developer/SDKs/iPhoneOS13.4.sdk -miphoneos-version-min=11.0 -O2 -Wno-deprecated-register -std=c++17 -MT strngs.lo -MD -MP -MF .deps/strngs.Tpo -c ../../../../src/ccutil/strngs.cpp -o strngs.o
libtool: compile:  /Applications/Xcode.app/Contents/Developer/usr/bin/g++ --target=arm-apple-darwin64 -DHAVE_CONFIG_H -I. -I../../../../src/ccutil -I../.. -I/Users/zyoung/dev/SwiftyTesseract/SwiftyTesseract/SwiftyTesseract/tesseract-4.1.0/ios/arm-apple-darwin64/ -arch arm64 -pipe -no-cpp-precomp -isysroot /Applications/Xcode.app/Contents/Developer/Platforms/iPhoneOS.platform/Developer/SDKs/iPhoneOS13.4.sdk -miphoneos-version-min=11.0 -O2 -fembed-bitcode -I/Users/zyoung/dev/SwiftyTesseract/SwiftyTesseract/SwiftyTesseract/leptonica-1.78.0/ios/arm-apple-darwin64/include/leptonica -DTESSDATA_PREFIX=/Users/zyoung/dev/SwiftyTesseract/SwiftyTesseract/SwiftyTesseract/tesseract-4.1.0/ios/arm-apple-darwin64/share -I/Users/zyoung/dev/SwiftyTesseract/SwiftyTesseract/SwiftyTesseract/tesseract-4.1.0/ios/arm-apple-darwin64/ -arch arm64 -pipe -no-cpp-precomp -isysroot /Applications/Xcode.app/Contents/Developer/Platforms/iPhoneOS.platform/Developer/SDKs/iPhoneOS13.4.sdk -miphoneos-version-min=11.0 -O2 -Wno-deprecated-register -std=c++17 -MT scanutils.lo -MD -MP -MF .deps/scanutils.Tpo -c ../../../../src/ccutil/scanutils.cpp -o scanutils.o
libtool: compile:  /Applications/Xcode.app/Contents/Developer/usr/bin/g++ --target=arm-apple-darwin64 -DHAVE_CONFIG_H -I. -I../../../../src/ccutil -I../.. -I/Users/zyoung/dev/SwiftyTesseract/SwiftyTesseract/SwiftyTesseract/tesseract-4.1.0/ios/arm-apple-darwin64/ -arch arm64 -pipe -no-cpp-precomp -isysroot /Applications/Xcode.app/Contents/Developer/Platforms/iPhoneOS.platform/Developer/SDKs/iPhoneOS13.4.sdk -miphoneos-version-min=11.0 -O2 -fembed-bitcode -I/Users/zyoung/dev/SwiftyTesseract/SwiftyTesseract/SwiftyTesseract/leptonica-1.78.0/ios/arm-apple-darwin64/include/leptonica -DTESSDATA_PREFIX=/Users/zyoung/dev/SwiftyTesseract/SwiftyTesseract/SwiftyTesseract/tesseract-4.1.0/ios/arm-apple-darwin64/share -I/Users/zyoung/dev/SwiftyTesseract/SwiftyTesseract/SwiftyTesseract/tesseract-4.1.0/ios/arm-apple-darwin64/ -arch arm64 -pipe -no-cpp-precomp -isysroot /Applications/Xcode.app/Contents/Developer/Platforms/iPhoneOS.platform/Developer/SDKs/iPhoneOS13.4.sdk -miphoneos-version-min=11.0 -O2 -Wno-deprecated-register -std=c++17 -MT tessdatamanager.lo -MD -MP -MF .deps/tessdatamanager.Tpo -c ../../../../src/ccutil/tessdatamanager.cpp -o tessdatamanager.o
libtool: compile:  /Applications/Xcode.app/Contents/Developer/usr/bin/g++ --target=arm-apple-darwin64 -DHAVE_CONFIG_H -I. -I../../../../src/ccutil -I../.. -I/Users/zyoung/dev/SwiftyTesseract/SwiftyTesseract/SwiftyTesseract/tesseract-4.1.0/ios/arm-apple-darwin64/ -arch arm64 -pipe -no-cpp-precomp -isysroot /Applications/Xcode.app/Contents/Developer/Platforms/iPhoneOS.platform/Developer/SDKs/iPhoneOS13.4.sdk -miphoneos-version-min=11.0 -O2 -fembed-bitcode -I/Users/zyoung/dev/SwiftyTesseract/SwiftyTesseract/SwiftyTesseract/leptonica-1.78.0/ios/arm-apple-darwin64/include/leptonica -DTESSDATA_PREFIX=/Users/zyoung/dev/SwiftyTesseract/SwiftyTesseract/SwiftyTesseract/tesseract-4.1.0/ios/arm-apple-darwin64/share -I/Users/zyoung/dev/SwiftyTesseract/SwiftyTesseract/SwiftyTesseract/tesseract-4.1.0/ios/arm-apple-darwin64/ -arch arm64 -pipe -no-cpp-precomp -isysroot /Applications/Xcode.app/Contents/Developer/Platforms/iPhoneOS.platform/Developer/SDKs/iPhoneOS13.4.sdk -miphoneos-version-min=11.0 -O2 -Wno-deprecated-register -std=c++17 -MT tprintf.lo -MD -MP -MF .deps/tprintf.Tpo -c ../../../../src/ccutil/tprintf.cpp -o tprintf.o
libtool: compile:  /Applications/Xcode.app/Contents/Developer/usr/bin/g++ --target=arm-apple-darwin64 -DHAVE_CONFIG_H -I. -I../../../../src/ccutil -I../.. -I/Users/zyoung/dev/SwiftyTesseract/SwiftyTesseract/SwiftyTesseract/tesseract-4.1.0/ios/arm-apple-darwin64/ -arch arm64 -pipe -no-cpp-precomp -isysroot /Applications/Xcode.app/Contents/Developer/Platforms/iPhoneOS.platform/Developer/SDKs/iPhoneOS13.4.sdk -miphoneos-version-min=11.0 -O2 -fembed-bitcode -I/Users/zyoung/dev/SwiftyTesseract/SwiftyTesseract/SwiftyTesseract/leptonica-1.78.0/ios/arm-apple-darwin64/include/leptonica -DTESSDATA_PREFIX=/Users/zyoung/dev/SwiftyTesseract/SwiftyTesseract/SwiftyTesseract/tesseract-4.1.0/ios/arm-apple-darwin64/share -I/Users/zyoung/dev/SwiftyTesseract/SwiftyTesseract/SwiftyTesseract/tesseract-4.1.0/ios/arm-apple-darwin64/ -arch arm64 -pipe -no-cpp-precomp -isysroot /Applications/Xcode.app/Contents/Developer/Platforms/iPhoneOS.platform/Developer/SDKs/iPhoneOS13.4.sdk -miphoneos-version-min=11.0 -O2 -Wno-deprecated-register -std=c++17 -MT unichar.lo -MD -MP -MF .deps/unichar.Tpo -c ../../../../src/ccutil/unichar.cpp -o unichar.o
libtool: compile:  /Applications/Xcode.app/Contents/Developer/usr/bin/g++ --target=arm-apple-darwin64 -DHAVE_CONFIG_H -I. -I../../../../src/ccutil -I../.. -I/Users/zyoung/dev/SwiftyTesseract/SwiftyTesseract/SwiftyTesseract/tesseract-4.1.0/ios/arm-apple-darwin64/ -arch arm64 -pipe -no-cpp-precomp -isysroot /Applications/Xcode.app/Contents/Developer/Platforms/iPhoneOS.platform/Developer/SDKs/iPhoneOS13.4.sdk -miphoneos-version-min=11.0 -O2 -fembed-bitcode -I/Users/zyoung/dev/SwiftyTesseract/SwiftyTesseract/SwiftyTesseract/leptonica-1.78.0/ios/arm-apple-darwin64/include/leptonica -DTESSDATA_PREFIX=/Users/zyoung/dev/SwiftyTesseract/SwiftyTesseract/SwiftyTesseract/tesseract-4.1.0/ios/arm-apple-darwin64/share -I/Users/zyoung/dev/SwiftyTesseract/SwiftyTesseract/SwiftyTesseract/tesseract-4.1.0/ios/arm-apple-darwin64/ -arch arm64 -pipe -no-cpp-precomp -isysroot /Applications/Xcode.app/Contents/Developer/Platforms/iPhoneOS.platform/Developer/SDKs/iPhoneOS13.4.sdk -miphoneos-version-min=11.0 -O2 -Wno-deprecated-register -std=c++17 -MT unicharcompress.lo -MD -MP -MF .deps/unicharcompress.Tpo -c ../../../../src/ccutil/unicharcompress.cpp -o unicharcompress.o
libtool: compile:  /Applications/Xcode.app/Contents/Developer/usr/bin/g++ --target=arm-apple-darwin64 -DHAVE_CONFIG_H -I. -I../../../../src/ccutil -I../.. -I/Users/zyoung/dev/SwiftyTesseract/SwiftyTesseract/SwiftyTesseract/tesseract-4.1.0/ios/arm-apple-darwin64/ -arch arm64 -pipe -no-cpp-precomp -isysroot /Applications/Xcode.app/Contents/Developer/Platforms/iPhoneOS.platform/Developer/SDKs/iPhoneOS13.4.sdk -miphoneos-version-min=11.0 -O2 -fembed-bitcode -I/Users/zyoung/dev/SwiftyTesseract/SwiftyTesseract/SwiftyTesseract/leptonica-1.78.0/ios/arm-apple-darwin64/include/leptonica -DTESSDATA_PREFIX=/Users/zyoung/dev/SwiftyTesseract/SwiftyTesseract/SwiftyTesseract/tesseract-4.1.0/ios/arm-apple-darwin64/share -I/Users/zyoung/dev/SwiftyTesseract/SwiftyTesseract/SwiftyTesseract/tesseract-4.1.0/ios/arm-apple-darwin64/ -arch arm64 -pipe -no-cpp-precomp -isysroot /Applications/Xcode.app/Contents/Developer/Platforms/iPhoneOS.platform/Developer/SDKs/iPhoneOS13.4.sdk -miphoneos-version-min=11.0 -O2 -Wno-deprecated-register -std=c++17 -MT unicharmap.lo -MD -MP -MF .deps/unicharmap.Tpo -c ../../../../src/ccutil/unicharmap.cpp -o unicharmap.o
libtool: compile:  /Applications/Xcode.app/Contents/Developer/usr/bin/g++ --target=arm-apple-darwin64 -DHAVE_CONFIG_H -I. -I../../../../src/ccutil -I../.. -I/Users/zyoung/dev/SwiftyTesseract/SwiftyTesseract/SwiftyTesseract/tesseract-4.1.0/ios/arm-apple-darwin64/ -arch arm64 -pipe -no-cpp-precomp -isysroot /Applications/Xcode.app/Contents/Developer/Platforms/iPhoneOS.platform/Developer/SDKs/iPhoneOS13.4.sdk -miphoneos-version-min=11.0 -O2 -fembed-bitcode -I/Users/zyoung/dev/SwiftyTesseract/SwiftyTesseract/SwiftyTesseract/leptonica-1.78.0/ios/arm-apple-darwin64/include/leptonica -DTESSDATA_PREFIX=/Users/zyoung/dev/SwiftyTesseract/SwiftyTesseract/SwiftyTesseract/tesseract-4.1.0/ios/arm-apple-darwin64/share -I/Users/zyoung/dev/SwiftyTesseract/SwiftyTesseract/SwiftyTesseract/tesseract-4.1.0/ios/arm-apple-darwin64/ -arch arm64 -pipe -no-cpp-precomp -isysroot /Applications/Xcode.app/Contents/Developer/Platforms/iPhoneOS.platform/Developer/SDKs/iPhoneOS13.4.sdk -miphoneos-version-min=11.0 -O2 -Wno-deprecated-register -std=c++17 -MT unicharset.lo -MD -MP -MF .deps/unicharset.Tpo -c ../../../../src/ccutil/unicharset.cpp -o unicharset.o
libtool: compile:  /Applications/Xcode.app/Contents/Developer/usr/bin/g++ --target=arm-apple-darwin64 -DHAVE_CONFIG_H -I. -I../../../../src/ccutil -I../.. -I/Users/zyoung/dev/SwiftyTesseract/SwiftyTesseract/SwiftyTesseract/tesseract-4.1.0/ios/arm-apple-darwin64/ -arch arm64 -pipe -no-cpp-precomp -isysroot /Applications/Xcode.app/Contents/Developer/Platforms/iPhoneOS.platform/Developer/SDKs/iPhoneOS13.4.sdk -miphoneos-version-min=11.0 -O2 -fembed-bitcode -I/Users/zyoung/dev/SwiftyTesseract/SwiftyTesseract/SwiftyTesseract/leptonica-1.78.0/ios/arm-apple-darwin64/include/leptonica -DTESSDATA_PREFIX=/Users/zyoung/dev/SwiftyTesseract/SwiftyTesseract/SwiftyTesseract/tesseract-4.1.0/ios/arm-apple-darwin64/share -I/Users/zyoung/dev/SwiftyTesseract/SwiftyTesseract/SwiftyTesseract/tesseract-4.1.0/ios/arm-apple-darwin64/ -arch arm64 -pipe -no-cpp-precomp -isysroot /Applications/Xcode.app/Contents/Developer/Platforms/iPhoneOS.platform/Developer/SDKs/iPhoneOS13.4.sdk -miphoneos-version-min=11.0 -O2 -Wno-deprecated-register -std=c++17 -MT unicodes.lo -MD -MP -MF .deps/unicodes.Tpo -c ../../../../src/ccutil/unicodes.cpp -o unicodes.o
libtool: compile:  /Applications/Xcode.app/Contents/Developer/usr/bin/g++ --target=arm-apple-darwin64 -DHAVE_CONFIG_H -I. -I../../../../src/ccutil -I../.. -I/Users/zyoung/dev/SwiftyTesseract/SwiftyTesseract/SwiftyTesseract/tesseract-4.1.0/ios/arm-apple-darwin64/ -arch arm64 -pipe -no-cpp-precomp -isysroot /Applications/Xcode.app/Contents/Developer/Platforms/iPhoneOS.platform/Developer/SDKs/iPhoneOS13.4.sdk -miphoneos-version-min=11.0 -O2 -fembed-bitcode -I/Users/zyoung/dev/SwiftyTesseract/SwiftyTesseract/SwiftyTesseract/leptonica-1.78.0/ios/arm-apple-darwin64/include/leptonica -DTESSDATA_PREFIX=/Users/zyoung/dev/SwiftyTesseract/SwiftyTesseract/SwiftyTesseract/tesseract-4.1.0/ios/arm-apple-darwin64/share -I/Users/zyoung/dev/SwiftyTesseract/SwiftyTesseract/SwiftyTesseract/tesseract-4.1.0/ios/arm-apple-darwin64/ -arch arm64 -pipe -no-cpp-precomp -isysroot /Applications/Xcode.app/Contents/Developer/Platforms/iPhoneOS.platform/Developer/SDKs/iPhoneOS13.4.sdk -miphoneos-version-min=11.0 -O2 -Wno-deprecated-register -std=c++17 -MT params.lo -MD -MP -MF .deps/params.Tpo -c ../../../../src/ccutil/params.cpp -o params.o
libtool: compile:  /Applications/Xcode.app/Contents/Developer/usr/bin/g++ --target=arm-apple-darwin64 -DHAVE_CONFIG_H -I. -I../../../../src/ccutil -I../.. -I/Users/zyoung/dev/SwiftyTesseract/SwiftyTesseract/SwiftyTesseract/tesseract-4.1.0/ios/arm-apple-darwin64/ -arch arm64 -pipe -no-cpp-precomp -isysroot /Applications/Xcode.app/Contents/Developer/Platforms/iPhoneOS.platform/Developer/SDKs/iPhoneOS13.4.sdk -miphoneos-version-min=11.0 -O2 -fembed-bitcode -I/Users/zyoung/dev/SwiftyTesseract/SwiftyTesseract/SwiftyTesseract/leptonica-1.78.0/ios/arm-apple-darwin64/include/leptonica -DTESSDATA_PREFIX=/Users/zyoung/dev/SwiftyTesseract/SwiftyTesseract/SwiftyTesseract/tesseract-4.1.0/ios/arm-apple-darwin64/share -I/Users/zyoung/dev/SwiftyTesseract/SwiftyTesseract/SwiftyTesseract/tesseract-4.1.0/ios/arm-apple-darwin64/ -arch arm64 -pipe -no-cpp-precomp -isysroot /Applications/Xcode.app/Contents/Developer/Platforms/iPhoneOS.platform/Developer/SDKs/iPhoneOS13.4.sdk -miphoneos-version-min=11.0 -O2 -Wno-deprecated-register -std=c++17 -MT universalambigs.lo -MD -MP -MF .deps/universalambigs.Tpo -c ../../../../src/ccutil/universalambigs.cpp -o universalambigs.o
libtool: link: ar cru .libs/libtesseract_ccutil.a  ambigs.o basedir.o bitvector.o ccutil.o clst.o elst2.o elst.o errcode.o fileio.o globaloc.o indexmapbidi.o mainblk.o serialis.o strngs.o scanutils.o tessdatamanager.o tprintf.o unichar.o unicharcompress.o unicharmap.o unicharset.o unicodes.o params.o universalambigs.o
libtool: link: ranlib .libs/libtesseract_ccutil.a
libtool: link: ( cd ".libs" && rm -f "libtesseract_ccutil.la" && ln -s "../libtesseract_ccutil.la" "libtesseract_ccutil.la" )
Making all in src/viewer
libtool: compile:  /Applications/Xcode.app/Contents/Developer/usr/bin/g++ --target=arm-apple-darwin64 -DHAVE_CONFIG_H -I. -I../../../../src/viewer -I../.. -DNDEBUG -I../../../../src/ccutil -I/Users/zyoung/dev/SwiftyTesseract/SwiftyTesseract/SwiftyTesseract/tesseract-4.1.0/ios/arm-apple-darwin64/ -arch arm64 -pipe -no-cpp-precomp -isysroot /Applications/Xcode.app/Contents/Developer/Platforms/iPhoneOS.platform/Developer/SDKs/iPhoneOS13.4.sdk -miphoneos-version-min=11.0 -O2 -fembed-bitcode -I/Users/zyoung/dev/SwiftyTesseract/SwiftyTesseract/SwiftyTesseract/leptonica-1.78.0/ios/arm-apple-darwin64/include/leptonica -I/Users/zyoung/dev/SwiftyTesseract/SwiftyTesseract/SwiftyTesseract/tesseract-4.1.0/ios/arm-apple-darwin64/ -arch arm64 -pipe -no-cpp-precomp -isysroot /Applications/Xcode.app/Contents/Developer/Platforms/iPhoneOS.platform/Developer/SDKs/iPhoneOS13.4.sdk -miphoneos-version-min=11.0 -O2 -Wno-deprecated-register -std=c++17 -MT svmnode.lo -MD -MP -MF .deps/svmnode.Tpo -c ../../../../src/viewer/svmnode.cpp -o svmnode.o
libtool: compile:  /Applications/Xcode.app/Contents/Developer/usr/bin/g++ --target=arm-apple-darwin64 -DHAVE_CONFIG_H -I. -I../../../../src/viewer -I../.. -DNDEBUG -I../../../../src/ccutil -I/Users/zyoung/dev/SwiftyTesseract/SwiftyTesseract/SwiftyTesseract/tesseract-4.1.0/ios/arm-apple-darwin64/ -arch arm64 -pipe -no-cpp-precomp -isysroot /Applications/Xcode.app/Contents/Developer/Platforms/iPhoneOS.platform/Developer/SDKs/iPhoneOS13.4.sdk -miphoneos-version-min=11.0 -O2 -fembed-bitcode -I/Users/zyoung/dev/SwiftyTesseract/SwiftyTesseract/SwiftyTesseract/leptonica-1.78.0/ios/arm-apple-darwin64/include/leptonica -I/Users/zyoung/dev/SwiftyTesseract/SwiftyTesseract/SwiftyTesseract/tesseract-4.1.0/ios/arm-apple-darwin64/ -arch arm64 -pipe -no-cpp-precomp -isysroot /Applications/Xcode.app/Contents/Developer/Platforms/iPhoneOS.platform/Developer/SDKs/iPhoneOS13.4.sdk -miphoneos-version-min=11.0 -O2 -Wno-deprecated-register -std=c++17 -MT scrollview.lo -MD -MP -MF .deps/scrollview.Tpo -c ../../../../src/viewer/scrollview.cpp -o scrollview.o
libtool: compile:  /Applications/Xcode.app/Contents/Developer/usr/bin/g++ --target=arm-apple-darwin64 -DHAVE_CONFIG_H -I. -I../../../../src/viewer -I../.. -DNDEBUG -I../../../../src/ccutil -I/Users/zyoung/dev/SwiftyTesseract/SwiftyTesseract/SwiftyTesseract/tesseract-4.1.0/ios/arm-apple-darwin64/ -arch arm64 -pipe -no-cpp-precomp -isysroot /Applications/Xcode.app/Contents/Developer/Platforms/iPhoneOS.platform/Developer/SDKs/iPhoneOS13.4.sdk -miphoneos-version-min=11.0 -O2 -fembed-bitcode -I/Users/zyoung/dev/SwiftyTesseract/SwiftyTesseract/SwiftyTesseract/leptonica-1.78.0/ios/arm-apple-darwin64/include/leptonica -I/Users/zyoung/dev/SwiftyTesseract/SwiftyTesseract/SwiftyTesseract/tesseract-4.1.0/ios/arm-apple-darwin64/ -arch arm64 -pipe -no-cpp-precomp -isysroot /Applications/Xcode.app/Contents/Developer/Platforms/iPhoneOS.platform/Developer/SDKs/iPhoneOS13.4.sdk -miphoneos-version-min=11.0 -O2 -Wno-deprecated-register -std=c++17 -MT svutil.lo -MD -MP -MF .deps/svutil.Tpo -c ../../../../src/viewer/svutil.cpp -o svutil.o
libtool: link: ar cru .libs/libtesseract_viewer.a  scrollview.o svmnode.o svutil.o
libtool: link: ranlib .libs/libtesseract_viewer.a
libtool: link: ( cd ".libs" && rm -f "libtesseract_viewer.la" && ln -s "../libtesseract_viewer.la" "libtesseract_viewer.la" )
Making all in src/cutil
libtool: compile:  /Applications/Xcode.app/Contents/Developer/usr/bin/g++ --target=arm-apple-darwin64 -DHAVE_CONFIG_H -I. -I../../../../src/cutil -I../.. -DNDEBUG -I../../../../src/ccutil -I../../../../src/viewer -I/Users/zyoung/dev/SwiftyTesseract/SwiftyTesseract/SwiftyTesseract/tesseract-4.1.0/ios/arm-apple-darwin64/ -arch arm64 -pipe -no-cpp-precomp -isysroot /Applications/Xcode.app/Contents/Developer/Platforms/iPhoneOS.platform/Developer/SDKs/iPhoneOS13.4.sdk -miphoneos-version-min=11.0 -O2 -fembed-bitcode -I/Users/zyoung/dev/SwiftyTesseract/SwiftyTesseract/SwiftyTesseract/leptonica-1.78.0/ios/arm-apple-darwin64/include/leptonica -I/Users/zyoung/dev/SwiftyTesseract/SwiftyTesseract/SwiftyTesseract/tesseract-4.1.0/ios/arm-apple-darwin64/ -arch arm64 -pipe -no-cpp-precomp -isysroot /Applications/Xcode.app/Contents/Developer/Platforms/iPhoneOS.platform/Developer/SDKs/iPhoneOS13.4.sdk -miphoneos-version-min=11.0 -O2 -Wno-deprecated-register -std=c++17 -MT structures.lo -MD -MP -MF .deps/structures.Tpo -c ../../../../src/cutil/structures.cpp -o structures.o
libtool: compile:  /Applications/Xcode.app/Contents/Developer/usr/bin/g++ --target=arm-apple-darwin64 -DHAVE_CONFIG_H -I. -I../../../../src/cutil -I../.. -DNDEBUG -I../../../../src/ccutil -I../../../../src/viewer -I/Users/zyoung/dev/SwiftyTesseract/SwiftyTesseract/SwiftyTesseract/tesseract-4.1.0/ios/arm-apple-darwin64/ -arch arm64 -pipe -no-cpp-precomp -isysroot /Applications/Xcode.app/Contents/Developer/Platforms/iPhoneOS.platform/Developer/SDKs/iPhoneOS13.4.sdk -miphoneos-version-min=11.0 -O2 -fembed-bitcode -I/Users/zyoung/dev/SwiftyTesseract/SwiftyTesseract/SwiftyTesseract/leptonica-1.78.0/ios/arm-apple-darwin64/include/leptonica -I/Users/zyoung/dev/SwiftyTesseract/SwiftyTesseract/SwiftyTesseract/tesseract-4.1.0/ios/arm-apple-darwin64/ -arch arm64 -pipe -no-cpp-precomp -isysroot /Applications/Xcode.app/Contents/Developer/Platforms/iPhoneOS.platform/Developer/SDKs/iPhoneOS13.4.sdk -miphoneos-version-min=11.0 -O2 -Wno-deprecated-register -std=c++17 -MT oldlist.lo -MD -MP -MF .deps/oldlist.Tpo -c ../../../../src/cutil/oldlist.cpp -o oldlist.o
libtool: compile:  /Applications/Xcode.app/Contents/Developer/usr/bin/g++ --target=arm-apple-darwin64 -DHAVE_CONFIG_H -I. -I../../../../src/cutil -I../.. -DNDEBUG -I../../../../src/ccutil -I../../../../src/viewer -I/Users/zyoung/dev/SwiftyTesseract/SwiftyTesseract/SwiftyTesseract/tesseract-4.1.0/ios/arm-apple-darwin64/ -arch arm64 -pipe -no-cpp-precomp -isysroot /Applications/Xcode.app/Contents/Developer/Platforms/iPhoneOS.platform/Developer/SDKs/iPhoneOS13.4.sdk -miphoneos-version-min=11.0 -O2 -fembed-bitcode -I/Users/zyoung/dev/SwiftyTesseract/SwiftyTesseract/SwiftyTesseract/leptonica-1.78.0/ios/arm-apple-darwin64/include/leptonica -I/Users/zyoung/dev/SwiftyTesseract/SwiftyTesseract/SwiftyTesseract/tesseract-4.1.0/ios/arm-apple-darwin64/ -arch arm64 -pipe -no-cpp-precomp -isysroot /Applications/Xcode.app/Contents/Developer/Platforms/iPhoneOS.platform/Developer/SDKs/iPhoneOS13.4.sdk -miphoneos-version-min=11.0 -O2 -Wno-deprecated-register -std=c++17 -MT cutil_class.lo -MD -MP -MF .deps/cutil_class.Tpo -c ../../../../src/cutil/cutil_class.cpp -o cutil_class.o
libtool: compile:  /Applications/Xcode.app/Contents/Developer/usr/bin/g++ --target=arm-apple-darwin64 -DHAVE_CONFIG_H -I. -I../../../../src/cutil -I../.. -DNDEBUG -I../../../../src/ccutil -I../../../../src/viewer -I/Users/zyoung/dev/SwiftyTesseract/SwiftyTesseract/SwiftyTesseract/tesseract-4.1.0/ios/arm-apple-darwin64/ -arch arm64 -pipe -no-cpp-precomp -isysroot /Applications/Xcode.app/Contents/Developer/Platforms/iPhoneOS.platform/Developer/SDKs/iPhoneOS13.4.sdk -miphoneos-version-min=11.0 -O2 -fembed-bitcode -I/Users/zyoung/dev/SwiftyTesseract/SwiftyTesseract/SwiftyTesseract/leptonica-1.78.0/ios/arm-apple-darwin64/include/leptonica -I/Users/zyoung/dev/SwiftyTesseract/SwiftyTesseract/SwiftyTesseract/tesseract-4.1.0/ios/arm-apple-darwin64/ -arch arm64 -pipe -no-cpp-precomp -isysroot /Applications/Xcode.app/Contents/Developer/Platforms/iPhoneOS.platform/Developer/SDKs/iPhoneOS13.4.sdk -miphoneos-version-min=11.0 -O2 -Wno-deprecated-register -std=c++17 -MT callcpp.lo -MD -MP -MF .deps/callcpp.Tpo -c ../../../../src/cutil/callcpp.cpp -o callcpp.o
libtool: compile:  /Applications/Xcode.app/Contents/Developer/usr/bin/g++ --target=arm-apple-darwin64 -DHAVE_CONFIG_H -I. -I../../../../src/cutil -I../.. -DNDEBUG -I../../../../src/ccutil -I../../../../src/viewer -I/Users/zyoung/dev/SwiftyTesseract/SwiftyTesseract/SwiftyTesseract/tesseract-4.1.0/ios/arm-apple-darwin64/ -arch arm64 -pipe -no-cpp-precomp -isysroot /Applications/Xcode.app/Contents/Developer/Platforms/iPhoneOS.platform/Developer/SDKs/iPhoneOS13.4.sdk -miphoneos-version-min=11.0 -O2 -fembed-bitcode -I/Users/zyoung/dev/SwiftyTesseract/SwiftyTesseract/SwiftyTesseract/leptonica-1.78.0/ios/arm-apple-darwin64/include/leptonica -I/Users/zyoung/dev/SwiftyTesseract/SwiftyTesseract/SwiftyTesseract/tesseract-4.1.0/ios/arm-apple-darwin64/ -arch arm64 -pipe -no-cpp-precomp -isysroot /Applications/Xcode.app/Contents/Developer/Platforms/iPhoneOS.platform/Developer/SDKs/iPhoneOS13.4.sdk -miphoneos-version-min=11.0 -O2 -Wno-deprecated-register -std=c++17 -MT emalloc.lo -MD -MP -MF .deps/emalloc.Tpo -c ../../../../src/cutil/emalloc.cpp -o emalloc.o
libtool: compile:  /Applications/Xcode.app/Contents/Developer/usr/bin/g++ --target=arm-apple-darwin64 -DHAVE_CONFIG_H -I. -I../../../../src/cutil -I../.. -DNDEBUG -I../../../../src/ccutil -I../../../../src/viewer -I/Users/zyoung/dev/SwiftyTesseract/SwiftyTesseract/SwiftyTesseract/tesseract-4.1.0/ios/arm-apple-darwin64/ -arch arm64 -pipe -no-cpp-precomp -isysroot /Applications/Xcode.app/Contents/Developer/Platforms/iPhoneOS.platform/Developer/SDKs/iPhoneOS13.4.sdk -miphoneos-version-min=11.0 -O2 -fembed-bitcode -I/Users/zyoung/dev/SwiftyTesseract/SwiftyTesseract/SwiftyTesseract/leptonica-1.78.0/ios/arm-apple-darwin64/include/leptonica -I/Users/zyoung/dev/SwiftyTesseract/SwiftyTesseract/SwiftyTesseract/tesseract-4.1.0/ios/arm-apple-darwin64/ -arch arm64 -pipe -no-cpp-precomp -isysroot /Applications/Xcode.app/Contents/Developer/Platforms/iPhoneOS.platform/Developer/SDKs/iPhoneOS13.4.sdk -miphoneos-version-min=11.0 -O2 -Wno-deprecated-register -std=c++17 -MT bitvec.lo -MD -MP -MF .deps/bitvec.Tpo -c ../../../../src/cutil/bitvec.cpp -o bitvec.o
libtool: link: ar cru .libs/libtesseract_cutil.a  bitvec.o callcpp.o cutil_class.o emalloc.o oldlist.o structures.o
libtool: link: ranlib .libs/libtesseract_cutil.a
libtool: link: ( cd ".libs" && rm -f "libtesseract_cutil.la" && ln -s "../libtesseract_cutil.la" "libtesseract_cutil.la" )
Making all in src/opencl
libtool: compile:  /Applications/Xcode.app/Contents/Developer/usr/bin/g++ --target=arm-apple-darwin64 -DHAVE_CONFIG_H -I. -I../../../../src/opencl -I../.. -DNDEBUG -I../../../../src/ccutil -I../../../../src/ccstruct -I../../../../src/ccmain -I/Users/zyoung/dev/SwiftyTesseract/SwiftyTesseract/SwiftyTesseract/tesseract-4.1.0/ios/arm-apple-darwin64/ -arch arm64 -pipe -no-cpp-precomp -isysroot /Applications/Xcode.app/Contents/Developer/Platforms/iPhoneOS.platform/Developer/SDKs/iPhoneOS13.4.sdk -miphoneos-version-min=11.0 -O2 -fembed-bitcode -I/Users/zyoung/dev/SwiftyTesseract/SwiftyTesseract/SwiftyTesseract/leptonica-1.78.0/ios/arm-apple-darwin64/include/leptonica -I/Users/zyoung/dev/SwiftyTesseract/SwiftyTesseract/SwiftyTesseract/tesseract-4.1.0/ios/arm-apple-darwin64/ -arch arm64 -pipe -no-cpp-precomp -isysroot /Applications/Xcode.app/Contents/Developer/Platforms/iPhoneOS.platform/Developer/SDKs/iPhoneOS13.4.sdk -miphoneos-version-min=11.0 -O2 -Wno-deprecated-register -std=c++17 -MT openclwrapper.lo -MD -MP -MF .deps/openclwrapper.Tpo -c ../../../../src/opencl/openclwrapper.cpp -o openclwrapper.o
libtool: link: ar cru .libs/libtesseract_opencl.a  openclwrapper.o
libtool: link: ranlib .libs/libtesseract_opencl.a
libtool: link: ( cd ".libs" && rm -f "libtesseract_opencl.la" && ln -s "../libtesseract_opencl.la" "libtesseract_opencl.la" )
Making all in src/ccstruct
libtool: compile:  /Applications/Xcode.app/Contents/Developer/usr/bin/g++ --target=arm-apple-darwin64 -DHAVE_CONFIG_H -I. -I../../../../src/ccstruct -I../.. -DNDEBUG -I../../../../src/ccutil -I../../../../src/cutil -I../../../../src/viewer -I../../../../src/opencl -I/Users/zyoung/dev/SwiftyTesseract/SwiftyTesseract/SwiftyTesseract/tesseract-4.1.0/ios/arm-apple-darwin64/ -arch arm64 -pipe -no-cpp-precomp -isysroot /Applications/Xcode.app/Contents/Developer/Platforms/iPhoneOS.platform/Developer/SDKs/iPhoneOS13.4.sdk -miphoneos-version-min=11.0 -O2 -fembed-bitcode -I/Users/zyoung/dev/SwiftyTesseract/SwiftyTesseract/SwiftyTesseract/leptonica-1.78.0/ios/arm-apple-darwin64/include/leptonica -I/Users/zyoung/dev/SwiftyTesseract/SwiftyTesseract/SwiftyTesseract/tesseract-4.1.0/ios/arm-apple-darwin64/ -arch arm64 -pipe -no-cpp-precomp -isysroot /Applications/Xcode.app/Contents/Developer/Platforms/iPhoneOS.platform/Developer/SDKs/iPhoneOS13.4.sdk -miphoneos-version-min=11.0 -O2 -Wno-deprecated-register -std=c++17 -MT blobbox.lo -MD -MP -MF .deps/blobbox.Tpo -c ../../../../src/ccstruct/blobbox.cpp -o blobbox.o
libtool: compile:  /Applications/Xcode.app/Contents/Developer/usr/bin/g++ --target=arm-apple-darwin64 -DHAVE_CONFIG_H -I. -I../../../../src/ccstruct -I../.. -DNDEBUG -I../../../../src/ccutil -I../../../../src/cutil -I../../../../src/viewer -I../../../../src/opencl -I/Users/zyoung/dev/SwiftyTesseract/SwiftyTesseract/SwiftyTesseract/tesseract-4.1.0/ios/arm-apple-darwin64/ -arch arm64 -pipe -no-cpp-precomp -isysroot /Applications/Xcode.app/Contents/Developer/Platforms/iPhoneOS.platform/Developer/SDKs/iPhoneOS13.4.sdk -miphoneos-version-min=11.0 -O2 -fembed-bitcode -I/Users/zyoung/dev/SwiftyTesseract/SwiftyTesseract/SwiftyTesseract/leptonica-1.78.0/ios/arm-apple-darwin64/include/leptonica -I/Users/zyoung/dev/SwiftyTesseract/SwiftyTesseract/SwiftyTesseract/tesseract-4.1.0/ios/arm-apple-darwin64/ -arch arm64 -pipe -no-cpp-precomp -isysroot /Applications/Xcode.app/Contents/Developer/Platforms/iPhoneOS.platform/Developer/SDKs/iPhoneOS13.4.sdk -miphoneos-version-min=11.0 -O2 -Wno-deprecated-register -std=c++17 -MT blamer.lo -MD -MP -MF .deps/blamer.Tpo -c ../../../../src/ccstruct/blamer.cpp -o blamer.o
libtool: compile:  /Applications/Xcode.app/Contents/Developer/usr/bin/g++ --target=arm-apple-darwin64 -DHAVE_CONFIG_H -I. -I../../../../src/ccstruct -I../.. -DNDEBUG -I../../../../src/ccutil -I../../../../src/cutil -I../../../../src/viewer -I../../../../src/opencl -I/Users/zyoung/dev/SwiftyTesseract/SwiftyTesseract/SwiftyTesseract/tesseract-4.1.0/ios/arm-apple-darwin64/ -arch arm64 -pipe -no-cpp-precomp -isysroot /Applications/Xcode.app/Contents/Developer/Platforms/iPhoneOS.platform/Developer/SDKs/iPhoneOS13.4.sdk -miphoneos-version-min=11.0 -O2 -fembed-bitcode -I/Users/zyoung/dev/SwiftyTesseract/SwiftyTesseract/SwiftyTesseract/leptonica-1.78.0/ios/arm-apple-darwin64/include/leptonica -I/Users/zyoung/dev/SwiftyTesseract/SwiftyTesseract/SwiftyTesseract/tesseract-4.1.0/ios/arm-apple-darwin64/ -arch arm64 -pipe -no-cpp-precomp -isysroot /Applications/Xcode.app/Contents/Developer/Platforms/iPhoneOS.platform/Developer/SDKs/iPhoneOS13.4.sdk -miphoneos-version-min=11.0 -O2 -Wno-deprecated-register -std=c++17 -MT blobs.lo -MD -MP -MF .deps/blobs.Tpo -c ../../../../src/ccstruct/blobs.cpp -o blobs.o
libtool: compile:  /Applications/Xcode.app/Contents/Developer/usr/bin/g++ --target=arm-apple-darwin64 -DHAVE_CONFIG_H -I. -I../../../../src/ccstruct -I../.. -DNDEBUG -I../../../../src/ccutil -I../../../../src/cutil -I../../../../src/viewer -I../../../../src/opencl -I/Users/zyoung/dev/SwiftyTesseract/SwiftyTesseract/SwiftyTesseract/tesseract-4.1.0/ios/arm-apple-darwin64/ -arch arm64 -pipe -no-cpp-precomp -isysroot /Applications/Xcode.app/Contents/Developer/Platforms/iPhoneOS.platform/Developer/SDKs/iPhoneOS13.4.sdk -miphoneos-version-min=11.0 -O2 -fembed-bitcode -I/Users/zyoung/dev/SwiftyTesseract/SwiftyTesseract/SwiftyTesseract/leptonica-1.78.0/ios/arm-apple-darwin64/include/leptonica -I/Users/zyoung/dev/SwiftyTesseract/SwiftyTesseract/SwiftyTesseract/tesseract-4.1.0/ios/arm-apple-darwin64/ -arch arm64 -pipe -no-cpp-precomp -isysroot /Applications/Xcode.app/Contents/Developer/Platforms/iPhoneOS.platform/Developer/SDKs/iPhoneOS13.4.sdk -miphoneos-version-min=11.0 -O2 -Wno-deprecated-register -std=c++17 -MT blread.lo -MD -MP -MF .deps/blread.Tpo -c ../../../../src/ccstruct/blread.cpp -o blread.o
libtool: compile:  /Applications/Xcode.app/Contents/Developer/usr/bin/g++ --target=arm-apple-darwin64 -DHAVE_CONFIG_H -I. -I../../../../src/ccstruct -I../.. -DNDEBUG -I../../../../src/ccutil -I../../../../src/cutil -I../../../../src/viewer -I../../../../src/opencl -I/Users/zyoung/dev/SwiftyTesseract/SwiftyTesseract/SwiftyTesseract/tesseract-4.1.0/ios/arm-apple-darwin64/ -arch arm64 -pipe -no-cpp-precomp -isysroot /Applications/Xcode.app/Contents/Developer/Platforms/iPhoneOS.platform/Developer/SDKs/iPhoneOS13.4.sdk -miphoneos-version-min=11.0 -O2 -fembed-bitcode -I/Users/zyoung/dev/SwiftyTesseract/SwiftyTesseract/SwiftyTesseract/leptonica-1.78.0/ios/arm-apple-darwin64/include/leptonica -I/Users/zyoung/dev/SwiftyTesseract/SwiftyTesseract/SwiftyTesseract/tesseract-4.1.0/ios/arm-apple-darwin64/ -arch arm64 -pipe -no-cpp-precomp -isysroot /Applications/Xcode.app/Contents/Developer/Platforms/iPhoneOS.platform/Developer/SDKs/iPhoneOS13.4.sdk -miphoneos-version-min=11.0 -O2 -Wno-deprecated-register -std=c++17 -MT coutln.lo -MD -MP -MF .deps/coutln.Tpo -c ../../../../src/ccstruct/coutln.cpp -o coutln.o
libtool: compile:  /Applications/Xcode.app/Contents/Developer/usr/bin/g++ --target=arm-apple-darwin64 -DHAVE_CONFIG_H -I. -I../../../../src/ccstruct -I../.. -DNDEBUG -I../../../../src/ccutil -I../../../../src/cutil -I../../../../src/viewer -I../../../../src/opencl -I/Users/zyoung/dev/SwiftyTesseract/SwiftyTesseract/SwiftyTesseract/tesseract-4.1.0/ios/arm-apple-darwin64/ -arch arm64 -pipe -no-cpp-precomp -isysroot /Applications/Xcode.app/Contents/Developer/Platforms/iPhoneOS.platform/Developer/SDKs/iPhoneOS13.4.sdk -miphoneos-version-min=11.0 -O2 -fembed-bitcode -I/Users/zyoung/dev/SwiftyTesseract/SwiftyTesseract/SwiftyTesseract/leptonica-1.78.0/ios/arm-apple-darwin64/include/leptonica -I/Users/zyoung/dev/SwiftyTesseract/SwiftyTesseract/SwiftyTesseract/tesseract-4.1.0/ios/arm-apple-darwin64/ -arch arm64 -pipe -no-cpp-precomp -isysroot /Applications/Xcode.app/Contents/Developer/Platforms/iPhoneOS.platform/Developer/SDKs/iPhoneOS13.4.sdk -miphoneos-version-min=11.0 -O2 -Wno-deprecated-register -std=c++17 -MT boxword.lo -MD -MP -MF .deps/boxword.Tpo -c ../../../../src/ccstruct/boxword.cpp -o boxword.o
libtool: compile:  /Applications/Xcode.app/Contents/Developer/usr/bin/g++ --target=arm-apple-darwin64 -DHAVE_CONFIG_H -I. -I../../../../src/ccstruct -I../.. -DNDEBUG -I../../../../src/ccutil -I../../../../src/cutil -I../../../../src/viewer -I../../../../src/opencl -I/Users/zyoung/dev/SwiftyTesseract/SwiftyTesseract/SwiftyTesseract/tesseract-4.1.0/ios/arm-apple-darwin64/ -arch arm64 -pipe -no-cpp-precomp -isysroot /Applications/Xcode.app/Contents/Developer/Platforms/iPhoneOS.platform/Developer/SDKs/iPhoneOS13.4.sdk -miphoneos-version-min=11.0 -O2 -fembed-bitcode -I/Users/zyoung/dev/SwiftyTesseract/SwiftyTesseract/SwiftyTesseract/leptonica-1.78.0/ios/arm-apple-darwin64/include/leptonica -I/Users/zyoung/dev/SwiftyTesseract/SwiftyTesseract/SwiftyTesseract/tesseract-4.1.0/ios/arm-apple-darwin64/ -arch arm64 -pipe -no-cpp-precomp -isysroot /Applications/Xcode.app/Contents/Developer/Platforms/iPhoneOS.platform/Developer/SDKs/iPhoneOS13.4.sdk -miphoneos-version-min=11.0 -O2 -Wno-deprecated-register -std=c++17 -MT ccstruct.lo -MD -MP -MF .deps/ccstruct.Tpo -c ../../../../src/ccstruct/ccstruct.cpp -o ccstruct.o
libtool: compile:  /Applications/Xcode.app/Contents/Developer/usr/bin/g++ --target=arm-apple-darwin64 -DHAVE_CONFIG_H -I. -I../../../../src/ccstruct -I../.. -DNDEBUG -I../../../../src/ccutil -I../../../../src/cutil -I../../../../src/viewer -I../../../../src/opencl -I/Users/zyoung/dev/SwiftyTesseract/SwiftyTesseract/SwiftyTesseract/tesseract-4.1.0/ios/arm-apple-darwin64/ -arch arm64 -pipe -no-cpp-precomp -isysroot /Applications/Xcode.app/Contents/Developer/Platforms/iPhoneOS.platform/Developer/SDKs/iPhoneOS13.4.sdk -miphoneos-version-min=11.0 -O2 -fembed-bitcode -I/Users/zyoung/dev/SwiftyTesseract/SwiftyTesseract/SwiftyTesseract/leptonica-1.78.0/ios/arm-apple-darwin64/include/leptonica -I/Users/zyoung/dev/SwiftyTesseract/SwiftyTesseract/SwiftyTesseract/tesseract-4.1.0/ios/arm-apple-darwin64/ -arch arm64 -pipe -no-cpp-precomp -isysroot /Applications/Xcode.app/Contents/Developer/Platforms/iPhoneOS.platform/Developer/SDKs/iPhoneOS13.4.sdk -miphoneos-version-min=11.0 -O2 -Wno-deprecated-register -std=c++17 -MT boxread.lo -MD -MP -MF .deps/boxread.Tpo -c ../../../../src/ccstruct/boxread.cpp -o boxread.o
libtool: compile:  /Applications/Xcode.app/Contents/Developer/usr/bin/g++ --target=arm-apple-darwin64 -DHAVE_CONFIG_H -I. -I../../../../src/ccstruct -I../.. -DNDEBUG -I../../../../src/ccutil -I../../../../src/cutil -I../../../../src/viewer -I../../../../src/opencl -I/Users/zyoung/dev/SwiftyTesseract/SwiftyTesseract/SwiftyTesseract/tesseract-4.1.0/ios/arm-apple-darwin64/ -arch arm64 -pipe -no-cpp-precomp -isysroot /Applications/Xcode.app/Contents/Developer/Platforms/iPhoneOS.platform/Developer/SDKs/iPhoneOS13.4.sdk -miphoneos-version-min=11.0 -O2 -fembed-bitcode -I/Users/zyoung/dev/SwiftyTesseract/SwiftyTesseract/SwiftyTesseract/leptonica-1.78.0/ios/arm-apple-darwin64/include/leptonica -I/Users/zyoung/dev/SwiftyTesseract/SwiftyTesseract/SwiftyTesseract/tesseract-4.1.0/ios/arm-apple-darwin64/ -arch arm64 -pipe -no-cpp-precomp -isysroot /Applications/Xcode.app/Contents/Developer/Platforms/iPhoneOS.platform/Developer/SDKs/iPhoneOS13.4.sdk -miphoneos-version-min=11.0 -O2 -Wno-deprecated-register -std=c++17 -MT detlinefit.lo -MD -MP -MF .deps/detlinefit.Tpo -c ../../../../src/ccstruct/detlinefit.cpp -o detlinefit.o
libtool: compile:  /Applications/Xcode.app/Contents/Developer/usr/bin/g++ --target=arm-apple-darwin64 -DHAVE_CONFIG_H -I. -I../../../../src/ccstruct -I../.. -DNDEBUG -I../../../../src/ccutil -I../../../../src/cutil -I../../../../src/viewer -I../../../../src/opencl -I/Users/zyoung/dev/SwiftyTesseract/SwiftyTesseract/SwiftyTesseract/tesseract-4.1.0/ios/arm-apple-darwin64/ -arch arm64 -pipe -no-cpp-precomp -isysroot /Applications/Xcode.app/Contents/Developer/Platforms/iPhoneOS.platform/Developer/SDKs/iPhoneOS13.4.sdk -miphoneos-version-min=11.0 -O2 -fembed-bitcode -I/Users/zyoung/dev/SwiftyTesseract/SwiftyTesseract/SwiftyTesseract/leptonica-1.78.0/ios/arm-apple-darwin64/include/leptonica -I/Users/zyoung/dev/SwiftyTesseract/SwiftyTesseract/SwiftyTesseract/tesseract-4.1.0/ios/arm-apple-darwin64/ -arch arm64 -pipe -no-cpp-precomp -isysroot /Applications/Xcode.app/Contents/Developer/Platforms/iPhoneOS.platform/Developer/SDKs/iPhoneOS13.4.sdk -miphoneos-version-min=11.0 -O2 -Wno-deprecated-register -std=c++17 -MT dppoint.lo -MD -MP -MF .deps/dppoint.Tpo -c ../../../../src/ccstruct/dppoint.cpp -o dppoint.o
libtool: compile:  /Applications/Xcode.app/Contents/Developer/usr/bin/g++ --target=arm-apple-darwin64 -DHAVE_CONFIG_H -I. -I../../../../src/ccstruct -I../.. -DNDEBUG -I../../../../src/ccutil -I../../../../src/cutil -I../../../../src/viewer -I../../../../src/opencl -I/Users/zyoung/dev/SwiftyTesseract/SwiftyTesseract/SwiftyTesseract/tesseract-4.1.0/ios/arm-apple-darwin64/ -arch arm64 -pipe -no-cpp-precomp -isysroot /Applications/Xcode.app/Contents/Developer/Platforms/iPhoneOS.platform/Developer/SDKs/iPhoneOS13.4.sdk -miphoneos-version-min=11.0 -O2 -fembed-bitcode -I/Users/zyoung/dev/SwiftyTesseract/SwiftyTesseract/SwiftyTesseract/leptonica-1.78.0/ios/arm-apple-darwin64/include/leptonica -I/Users/zyoung/dev/SwiftyTesseract/SwiftyTesseract/SwiftyTesseract/tesseract-4.1.0/ios/arm-apple-darwin64/ -arch arm64 -pipe -no-cpp-precomp -isysroot /Applications/Xcode.app/Contents/Developer/Platforms/iPhoneOS.platform/Developer/SDKs/iPhoneOS13.4.sdk -miphoneos-version-min=11.0 -O2 -Wno-deprecated-register -std=c++17 -MT fontinfo.lo -MD -MP -MF .deps/fontinfo.Tpo -c ../../../../src/ccstruct/fontinfo.cpp -o fontinfo.o
libtool: compile:  /Applications/Xcode.app/Contents/Developer/usr/bin/g++ --target=arm-apple-darwin64 -DHAVE_CONFIG_H -I. -I../../../../src/ccstruct -I../.. -DNDEBUG -I../../../../src/ccutil -I../../../../src/cutil -I../../../../src/viewer -I../../../../src/opencl -I/Users/zyoung/dev/SwiftyTesseract/SwiftyTesseract/SwiftyTesseract/tesseract-4.1.0/ios/arm-apple-darwin64/ -arch arm64 -pipe -no-cpp-precomp -isysroot /Applications/Xcode.app/Contents/Developer/Platforms/iPhoneOS.platform/Developer/SDKs/iPhoneOS13.4.sdk -miphoneos-version-min=11.0 -O2 -fembed-bitcode -I/Users/zyoung/dev/SwiftyTesseract/SwiftyTesseract/SwiftyTesseract/leptonica-1.78.0/ios/arm-apple-darwin64/include/leptonica -I/Users/zyoung/dev/SwiftyTesseract/SwiftyTesseract/SwiftyTesseract/tesseract-4.1.0/ios/arm-apple-darwin64/ -arch arm64 -pipe -no-cpp-precomp -isysroot /Applications/Xcode.app/Contents/Developer/Platforms/iPhoneOS.platform/Developer/SDKs/iPhoneOS13.4.sdk -miphoneos-version-min=11.0 -O2 -Wno-deprecated-register -std=c++17 -MT imagedata.lo -MD -MP -MF .deps/imagedata.Tpo -c ../../../../src/ccstruct/imagedata.cpp -o imagedata.o
libtool: compile:  /Applications/Xcode.app/Contents/Developer/usr/bin/g++ --target=arm-apple-darwin64 -DHAVE_CONFIG_H -I. -I../../../../src/ccstruct -I../.. -DNDEBUG -I../../../../src/ccutil -I../../../../src/cutil -I../../../../src/viewer -I../../../../src/opencl -I/Users/zyoung/dev/SwiftyTesseract/SwiftyTesseract/SwiftyTesseract/tesseract-4.1.0/ios/arm-apple-darwin64/ -arch arm64 -pipe -no-cpp-precomp -isysroot /Applications/Xcode.app/Contents/Developer/Platforms/iPhoneOS.platform/Developer/SDKs/iPhoneOS13.4.sdk -miphoneos-version-min=11.0 -O2 -fembed-bitcode -I/Users/zyoung/dev/SwiftyTesseract/SwiftyTesseract/SwiftyTesseract/leptonica-1.78.0/ios/arm-apple-darwin64/include/leptonica -I/Users/zyoung/dev/SwiftyTesseract/SwiftyTesseract/SwiftyTesseract/tesseract-4.1.0/ios/arm-apple-darwin64/ -arch arm64 -pipe -no-cpp-precomp -isysroot /Applications/Xcode.app/Contents/Developer/Platforms/iPhoneOS.platform/Developer/SDKs/iPhoneOS13.4.sdk -miphoneos-version-min=11.0 -O2 -Wno-deprecated-register -std=c++17 -MT linlsq.lo -MD -MP -MF .deps/linlsq.Tpo -c ../../../../src/ccstruct/linlsq.cpp -o linlsq.o
libtool: compile:  /Applications/Xcode.app/Contents/Developer/usr/bin/g++ --target=arm-apple-darwin64 -DHAVE_CONFIG_H -I. -I../../../../src/ccstruct -I../.. -DNDEBUG -I../../../../src/ccutil -I../../../../src/cutil -I../../../../src/viewer -I../../../../src/opencl -I/Users/zyoung/dev/SwiftyTesseract/SwiftyTesseract/SwiftyTesseract/tesseract-4.1.0/ios/arm-apple-darwin64/ -arch arm64 -pipe -no-cpp-precomp -isysroot /Applications/Xcode.app/Contents/Developer/Platforms/iPhoneOS.platform/Developer/SDKs/iPhoneOS13.4.sdk -miphoneos-version-min=11.0 -O2 -fembed-bitcode -I/Users/zyoung/dev/SwiftyTesseract/SwiftyTesseract/SwiftyTesseract/leptonica-1.78.0/ios/arm-apple-darwin64/include/leptonica -I/Users/zyoung/dev/SwiftyTesseract/SwiftyTesseract/SwiftyTesseract/tesseract-4.1.0/ios/arm-apple-darwin64/ -arch arm64 -pipe -no-cpp-precomp -isysroot /Applications/Xcode.app/Contents/Developer/Platforms/iPhoneOS.platform/Developer/SDKs/iPhoneOS13.4.sdk -miphoneos-version-min=11.0 -O2 -Wno-deprecated-register -std=c++17 -MT mod128.lo -MD -MP -MF .deps/mod128.Tpo -c ../../../../src/ccstruct/mod128.cpp -o mod128.o
libtool: compile:  /Applications/Xcode.app/Contents/Developer/usr/bin/g++ --target=arm-apple-darwin64 -DHAVE_CONFIG_H -I. -I../../../../src/ccstruct -I../.. -DNDEBUG -I../../../../src/ccutil -I../../../../src/cutil -I../../../../src/viewer -I../../../../src/opencl -I/Users/zyoung/dev/SwiftyTesseract/SwiftyTesseract/SwiftyTesseract/tesseract-4.1.0/ios/arm-apple-darwin64/ -arch arm64 -pipe -no-cpp-precomp -isysroot /Applications/Xcode.app/Contents/Developer/Platforms/iPhoneOS.platform/Developer/SDKs/iPhoneOS13.4.sdk -miphoneos-version-min=11.0 -O2 -fembed-bitcode -I/Users/zyoung/dev/SwiftyTesseract/SwiftyTesseract/SwiftyTesseract/leptonica-1.78.0/ios/arm-apple-darwin64/include/leptonica -I/Users/zyoung/dev/SwiftyTesseract/SwiftyTesseract/SwiftyTesseract/tesseract-4.1.0/ios/arm-apple-darwin64/ -arch arm64 -pipe -no-cpp-precomp -isysroot /Applications/Xcode.app/Contents/Developer/Platforms/iPhoneOS.platform/Developer/SDKs/iPhoneOS13.4.sdk -miphoneos-version-min=11.0 -O2 -Wno-deprecated-register -std=c++17 -MT matrix.lo -MD -MP -MF .deps/matrix.Tpo -c ../../../../src/ccstruct/matrix.cpp -o matrix.o
libtool: compile:  /Applications/Xcode.app/Contents/Developer/usr/bin/g++ --target=arm-apple-darwin64 -DHAVE_CONFIG_H -I. -I../../../../src/ccstruct -I../.. -DNDEBUG -I../../../../src/ccutil -I../../../../src/cutil -I../../../../src/viewer -I../../../../src/opencl -I/Users/zyoung/dev/SwiftyTesseract/SwiftyTesseract/SwiftyTesseract/tesseract-4.1.0/ios/arm-apple-darwin64/ -arch arm64 -pipe -no-cpp-precomp -isysroot /Applications/Xcode.app/Contents/Developer/Platforms/iPhoneOS.platform/Developer/SDKs/iPhoneOS13.4.sdk -miphoneos-version-min=11.0 -O2 -fembed-bitcode -I/Users/zyoung/dev/SwiftyTesseract/SwiftyTesseract/SwiftyTesseract/leptonica-1.78.0/ios/arm-apple-darwin64/include/leptonica -I/Users/zyoung/dev/SwiftyTesseract/SwiftyTesseract/SwiftyTesseract/tesseract-4.1.0/ios/arm-apple-darwin64/ -arch arm64 -pipe -no-cpp-precomp -isysroot /Applications/Xcode.app/Contents/Developer/Platforms/iPhoneOS.platform/Developer/SDKs/iPhoneOS13.4.sdk -miphoneos-version-min=11.0 -O2 -Wno-deprecated-register -std=c++17 -MT normalis.lo -MD -MP -MF .deps/normalis.Tpo -c ../../../../src/ccstruct/normalis.cpp -o normalis.o
libtool: compile:  /Applications/Xcode.app/Contents/Developer/usr/bin/g++ --target=arm-apple-darwin64 -DHAVE_CONFIG_H -I. -I../../../../src/ccstruct -I../.. -DNDEBUG -I../../../../src/ccutil -I../../../../src/cutil -I../../../../src/viewer -I../../../../src/opencl -I/Users/zyoung/dev/SwiftyTesseract/SwiftyTesseract/SwiftyTesseract/tesseract-4.1.0/ios/arm-apple-darwin64/ -arch arm64 -pipe -no-cpp-precomp -isysroot /Applications/Xcode.app/Contents/Developer/Platforms/iPhoneOS.platform/Developer/SDKs/iPhoneOS13.4.sdk -miphoneos-version-min=11.0 -O2 -fembed-bitcode -I/Users/zyoung/dev/SwiftyTesseract/SwiftyTesseract/SwiftyTesseract/leptonica-1.78.0/ios/arm-apple-darwin64/include/leptonica -I/Users/zyoung/dev/SwiftyTesseract/SwiftyTesseract/SwiftyTesseract/tesseract-4.1.0/ios/arm-apple-darwin64/ -arch arm64 -pipe -no-cpp-precomp -isysroot /Applications/Xcode.app/Contents/Developer/Platforms/iPhoneOS.platform/Developer/SDKs/iPhoneOS13.4.sdk -miphoneos-version-min=11.0 -O2 -Wno-deprecated-register -std=c++17 -MT ocrblock.lo -MD -MP -MF .deps/ocrblock.Tpo -c ../../../../src/ccstruct/ocrblock.cpp -o ocrblock.o
libtool: compile:  /Applications/Xcode.app/Contents/Developer/usr/bin/g++ --target=arm-apple-darwin64 -DHAVE_CONFIG_H -I. -I../../../../src/ccstruct -I../.. -DNDEBUG -I../../../../src/ccutil -I../../../../src/cutil -I../../../../src/viewer -I../../../../src/opencl -I/Users/zyoung/dev/SwiftyTesseract/SwiftyTesseract/SwiftyTesseract/tesseract-4.1.0/ios/arm-apple-darwin64/ -arch arm64 -pipe -no-cpp-precomp -isysroot /Applications/Xcode.app/Contents/Developer/Platforms/iPhoneOS.platform/Developer/SDKs/iPhoneOS13.4.sdk -miphoneos-version-min=11.0 -O2 -fembed-bitcode -I/Users/zyoung/dev/SwiftyTesseract/SwiftyTesseract/SwiftyTesseract/leptonica-1.78.0/ios/arm-apple-darwin64/include/leptonica -I/Users/zyoung/dev/SwiftyTesseract/SwiftyTesseract/SwiftyTesseract/tesseract-4.1.0/ios/arm-apple-darwin64/ -arch arm64 -pipe -no-cpp-precomp -isysroot /Applications/Xcode.app/Contents/Developer/Platforms/iPhoneOS.platform/Developer/SDKs/iPhoneOS13.4.sdk -miphoneos-version-min=11.0 -O2 -Wno-deprecated-register -std=c++17 -MT ocrpara.lo -MD -MP -MF .deps/ocrpara.Tpo -c ../../../../src/ccstruct/ocrpara.cpp -o ocrpara.o
libtool: compile:  /Applications/Xcode.app/Contents/Developer/usr/bin/g++ --target=arm-apple-darwin64 -DHAVE_CONFIG_H -I. -I../../../../src/ccstruct -I../.. -DNDEBUG -I../../../../src/ccutil -I../../../../src/cutil -I../../../../src/viewer -I../../../../src/opencl -I/Users/zyoung/dev/SwiftyTesseract/SwiftyTesseract/SwiftyTesseract/tesseract-4.1.0/ios/arm-apple-darwin64/ -arch arm64 -pipe -no-cpp-precomp -isysroot /Applications/Xcode.app/Contents/Developer/Platforms/iPhoneOS.platform/Developer/SDKs/iPhoneOS13.4.sdk -miphoneos-version-min=11.0 -O2 -fembed-bitcode -I/Users/zyoung/dev/SwiftyTesseract/SwiftyTesseract/SwiftyTesseract/leptonica-1.78.0/ios/arm-apple-darwin64/include/leptonica -I/Users/zyoung/dev/SwiftyTesseract/SwiftyTesseract/SwiftyTesseract/tesseract-4.1.0/ios/arm-apple-darwin64/ -arch arm64 -pipe -no-cpp-precomp -isysroot /Applications/Xcode.app/Contents/Developer/Platforms/iPhoneOS.platform/Developer/SDKs/iPhoneOS13.4.sdk -miphoneos-version-min=11.0 -O2 -Wno-deprecated-register -std=c++17 -MT ocrrow.lo -MD -MP -MF .deps/ocrrow.Tpo -c ../../../../src/ccstruct/ocrrow.cpp -o ocrrow.o
libtool: compile:  /Applications/Xcode.app/Contents/Developer/usr/bin/g++ --target=arm-apple-darwin64 -DHAVE_CONFIG_H -I. -I../../../../src/ccstruct -I../.. -DNDEBUG -I../../../../src/ccutil -I../../../../src/cutil -I../../../../src/viewer -I../../../../src/opencl -I/Users/zyoung/dev/SwiftyTesseract/SwiftyTesseract/SwiftyTesseract/tesseract-4.1.0/ios/arm-apple-darwin64/ -arch arm64 -pipe -no-cpp-precomp -isysroot /Applications/Xcode.app/Contents/Developer/Platforms/iPhoneOS.platform/Developer/SDKs/iPhoneOS13.4.sdk -miphoneos-version-min=11.0 -O2 -fembed-bitcode -I/Users/zyoung/dev/SwiftyTesseract/SwiftyTesseract/SwiftyTesseract/leptonica-1.78.0/ios/arm-apple-darwin64/include/leptonica -I/Users/zyoung/dev/SwiftyTesseract/SwiftyTesseract/SwiftyTesseract/tesseract-4.1.0/ios/arm-apple-darwin64/ -arch arm64 -pipe -no-cpp-precomp -isysroot /Applications/Xcode.app/Contents/Developer/Platforms/iPhoneOS.platform/Developer/SDKs/iPhoneOS13.4.sdk -miphoneos-version-min=11.0 -O2 -Wno-deprecated-register -std=c++17 -MT otsuthr.lo -MD -MP -MF .deps/otsuthr.Tpo -c ../../../../src/ccstruct/otsuthr.cpp -o otsuthr.o
libtool: compile:  /Applications/Xcode.app/Contents/Developer/usr/bin/g++ --target=arm-apple-darwin64 -DHAVE_CONFIG_H -I. -I../../../../src/ccstruct -I../.. -DNDEBUG -I../../../../src/ccutil -I../../../../src/cutil -I../../../../src/viewer -I../../../../src/opencl -I/Users/zyoung/dev/SwiftyTesseract/SwiftyTesseract/SwiftyTesseract/tesseract-4.1.0/ios/arm-apple-darwin64/ -arch arm64 -pipe -no-cpp-precomp -isysroot /Applications/Xcode.app/Contents/Developer/Platforms/iPhoneOS.platform/Developer/SDKs/iPhoneOS13.4.sdk -miphoneos-version-min=11.0 -O2 -fembed-bitcode -I/Users/zyoung/dev/SwiftyTesseract/SwiftyTesseract/SwiftyTesseract/leptonica-1.78.0/ios/arm-apple-darwin64/include/leptonica -I/Users/zyoung/dev/SwiftyTesseract/SwiftyTesseract/SwiftyTesseract/tesseract-4.1.0/ios/arm-apple-darwin64/ -arch arm64 -pipe -no-cpp-precomp -isysroot /Applications/Xcode.app/Contents/Developer/Platforms/iPhoneOS.platform/Developer/SDKs/iPhoneOS13.4.sdk -miphoneos-version-min=11.0 -O2 -Wno-deprecated-register -std=c++17 -MT pageres.lo -MD -MP -MF .deps/pageres.Tpo -c ../../../../src/ccstruct/pageres.cpp -o pageres.o
libtool: compile:  /Applications/Xcode.app/Contents/Developer/usr/bin/g++ --target=arm-apple-darwin64 -DHAVE_CONFIG_H -I. -I../../../../src/ccstruct -I../.. -DNDEBUG -I../../../../src/ccutil -I../../../../src/cutil -I../../../../src/viewer -I../../../../src/opencl -I/Users/zyoung/dev/SwiftyTesseract/SwiftyTesseract/SwiftyTesseract/tesseract-4.1.0/ios/arm-apple-darwin64/ -arch arm64 -pipe -no-cpp-precomp -isysroot /Applications/Xcode.app/Contents/Developer/Platforms/iPhoneOS.platform/Developer/SDKs/iPhoneOS13.4.sdk -miphoneos-version-min=11.0 -O2 -fembed-bitcode -I/Users/zyoung/dev/SwiftyTesseract/SwiftyTesseract/SwiftyTesseract/leptonica-1.78.0/ios/arm-apple-darwin64/include/leptonica -I/Users/zyoung/dev/SwiftyTesseract/SwiftyTesseract/SwiftyTesseract/tesseract-4.1.0/ios/arm-apple-darwin64/ -arch arm64 -pipe -no-cpp-precomp -isysroot /Applications/Xcode.app/Contents/Developer/Platforms/iPhoneOS.platform/Developer/SDKs/iPhoneOS13.4.sdk -miphoneos-version-min=11.0 -O2 -Wno-deprecated-register -std=c++17 -MT pdblock.lo -MD -MP -MF .deps/pdblock.Tpo -c ../../../../src/ccstruct/pdblock.cpp -o pdblock.o
libtool: compile:  /Applications/Xcode.app/Contents/Developer/usr/bin/g++ --target=arm-apple-darwin64 -DHAVE_CONFIG_H -I. -I../../../../src/ccstruct -I../.. -DNDEBUG -I../../../../src/ccutil -I../../../../src/cutil -I../../../../src/viewer -I../../../../src/opencl -I/Users/zyoung/dev/SwiftyTesseract/SwiftyTesseract/SwiftyTesseract/tesseract-4.1.0/ios/arm-apple-darwin64/ -arch arm64 -pipe -no-cpp-precomp -isysroot /Applications/Xcode.app/Contents/Developer/Platforms/iPhoneOS.platform/Developer/SDKs/iPhoneOS13.4.sdk -miphoneos-version-min=11.0 -O2 -fembed-bitcode -I/Users/zyoung/dev/SwiftyTesseract/SwiftyTesseract/SwiftyTesseract/leptonica-1.78.0/ios/arm-apple-darwin64/include/leptonica -I/Users/zyoung/dev/SwiftyTesseract/SwiftyTesseract/SwiftyTesseract/tesseract-4.1.0/ios/arm-apple-darwin64/ -arch arm64 -pipe -no-cpp-precomp -isysroot /Applications/Xcode.app/Contents/Developer/Platforms/iPhoneOS.platform/Developer/SDKs/iPhoneOS13.4.sdk -miphoneos-version-min=11.0 -O2 -Wno-deprecated-register -std=c++17 -MT points.lo -MD -MP -MF .deps/points.Tpo -c ../../../../src/ccstruct/points.cpp -o points.o
libtool: compile:  /Applications/Xcode.app/Contents/Developer/usr/bin/g++ --target=arm-apple-darwin64 -DHAVE_CONFIG_H -I. -I../../../../src/ccstruct -I../.. -DNDEBUG -I../../../../src/ccutil -I../../../../src/cutil -I../../../../src/viewer -I../../../../src/opencl -I/Users/zyoung/dev/SwiftyTesseract/SwiftyTesseract/SwiftyTesseract/tesseract-4.1.0/ios/arm-apple-darwin64/ -arch arm64 -pipe -no-cpp-precomp -isysroot /Applications/Xcode.app/Contents/Developer/Platforms/iPhoneOS.platform/Developer/SDKs/iPhoneOS13.4.sdk -miphoneos-version-min=11.0 -O2 -fembed-bitcode -I/Users/zyoung/dev/SwiftyTesseract/SwiftyTesseract/SwiftyTesseract/leptonica-1.78.0/ios/arm-apple-darwin64/include/leptonica -I/Users/zyoung/dev/SwiftyTesseract/SwiftyTesseract/SwiftyTesseract/tesseract-4.1.0/ios/arm-apple-darwin64/ -arch arm64 -pipe -no-cpp-precomp -isysroot /Applications/Xcode.app/Contents/Developer/Platforms/iPhoneOS.platform/Developer/SDKs/iPhoneOS13.4.sdk -miphoneos-version-min=11.0 -O2 -Wno-deprecated-register -std=c++17 -MT polyaprx.lo -MD -MP -MF .deps/polyaprx.Tpo -c ../../../../src/ccstruct/polyaprx.cpp -o polyaprx.o
libtool: compile:  /Applications/Xcode.app/Contents/Developer/usr/bin/g++ --target=arm-apple-darwin64 -DHAVE_CONFIG_H -I. -I../../../../src/ccstruct -I../.. -DNDEBUG -I../../../../src/ccutil -I../../../../src/cutil -I../../../../src/viewer -I../../../../src/opencl -I/Users/zyoung/dev/SwiftyTesseract/SwiftyTesseract/SwiftyTesseract/tesseract-4.1.0/ios/arm-apple-darwin64/ -arch arm64 -pipe -no-cpp-precomp -isysroot /Applications/Xcode.app/Contents/Developer/Platforms/iPhoneOS.platform/Developer/SDKs/iPhoneOS13.4.sdk -miphoneos-version-min=11.0 -O2 -fembed-bitcode -I/Users/zyoung/dev/SwiftyTesseract/SwiftyTesseract/SwiftyTesseract/leptonica-1.78.0/ios/arm-apple-darwin64/include/leptonica -I/Users/zyoung/dev/SwiftyTesseract/SwiftyTesseract/SwiftyTesseract/tesseract-4.1.0/ios/arm-apple-darwin64/ -arch arm64 -pipe -no-cpp-precomp -isysroot /Applications/Xcode.app/Contents/Developer/Platforms/iPhoneOS.platform/Developer/SDKs/iPhoneOS13.4.sdk -miphoneos-version-min=11.0 -O2 -Wno-deprecated-register -std=c++17 -MT polyblk.lo -MD -MP -MF .deps/polyblk.Tpo -c ../../../../src/ccstruct/polyblk.cpp -o polyblk.o
libtool: compile:  /Applications/Xcode.app/Contents/Developer/usr/bin/g++ --target=arm-apple-darwin64 -DHAVE_CONFIG_H -I. -I../../../../src/ccstruct -I../.. -DNDEBUG -I../../../../src/ccutil -I../../../../src/cutil -I../../../../src/viewer -I../../../../src/opencl -I/Users/zyoung/dev/SwiftyTesseract/SwiftyTesseract/SwiftyTesseract/tesseract-4.1.0/ios/arm-apple-darwin64/ -arch arm64 -pipe -no-cpp-precomp -isysroot /Applications/Xcode.app/Contents/Developer/Platforms/iPhoneOS.platform/Developer/SDKs/iPhoneOS13.4.sdk -miphoneos-version-min=11.0 -O2 -fembed-bitcode -I/Users/zyoung/dev/SwiftyTesseract/SwiftyTesseract/SwiftyTesseract/leptonica-1.78.0/ios/arm-apple-darwin64/include/leptonica -I/Users/zyoung/dev/SwiftyTesseract/SwiftyTesseract/SwiftyTesseract/tesseract-4.1.0/ios/arm-apple-darwin64/ -arch arm64 -pipe -no-cpp-precomp -isysroot /Applications/Xcode.app/Contents/Developer/Platforms/iPhoneOS.platform/Developer/SDKs/iPhoneOS13.4.sdk -miphoneos-version-min=11.0 -O2 -Wno-deprecated-register -std=c++17 -MT params_training_featdef.lo -MD -MP -MF .deps/params_training_featdef.Tpo -c ../../../../src/ccstruct/params_training_featdef.cpp -o params_training_featdef.o
libtool: compile:  /Applications/Xcode.app/Contents/Developer/usr/bin/g++ --target=arm-apple-darwin64 -DHAVE_CONFIG_H -I. -I../../../../src/ccstruct -I../.. -DNDEBUG -I../../../../src/ccutil -I../../../../src/cutil -I../../../../src/viewer -I../../../../src/opencl -I/Users/zyoung/dev/SwiftyTesseract/SwiftyTesseract/SwiftyTesseract/tesseract-4.1.0/ios/arm-apple-darwin64/ -arch arm64 -pipe -no-cpp-precomp -isysroot /Applications/Xcode.app/Contents/Developer/Platforms/iPhoneOS.platform/Developer/SDKs/iPhoneOS13.4.sdk -miphoneos-version-min=11.0 -O2 -fembed-bitcode -I/Users/zyoung/dev/SwiftyTesseract/SwiftyTesseract/SwiftyTesseract/leptonica-1.78.0/ios/arm-apple-darwin64/include/leptonica -I/Users/zyoung/dev/SwiftyTesseract/SwiftyTesseract/SwiftyTesseract/tesseract-4.1.0/ios/arm-apple-darwin64/ -arch arm64 -pipe -no-cpp-precomp -isysroot /Applications/Xcode.app/Contents/Developer/Platforms/iPhoneOS.platform/Developer/SDKs/iPhoneOS13.4.sdk -miphoneos-version-min=11.0 -O2 -Wno-deprecated-register -std=c++17 -MT publictypes.lo -MD -MP -MF .deps/publictypes.Tpo -c ../../../../src/ccstruct/publictypes.cpp -o publictypes.o
libtool: compile:  /Applications/Xcode.app/Contents/Developer/usr/bin/g++ --target=arm-apple-darwin64 -DHAVE_CONFIG_H -I. -I../../../../src/ccstruct -I../.. -DNDEBUG -I../../../../src/ccutil -I../../../../src/cutil -I../../../../src/viewer -I../../../../src/opencl -I/Users/zyoung/dev/SwiftyTesseract/SwiftyTesseract/SwiftyTesseract/tesseract-4.1.0/ios/arm-apple-darwin64/ -arch arm64 -pipe -no-cpp-precomp -isysroot /Applications/Xcode.app/Contents/Developer/Platforms/iPhoneOS.platform/Developer/SDKs/iPhoneOS13.4.sdk -miphoneos-version-min=11.0 -O2 -fembed-bitcode -I/Users/zyoung/dev/SwiftyTesseract/SwiftyTesseract/SwiftyTesseract/leptonica-1.78.0/ios/arm-apple-darwin64/include/leptonica -I/Users/zyoung/dev/SwiftyTesseract/SwiftyTesseract/SwiftyTesseract/tesseract-4.1.0/ios/arm-apple-darwin64/ -arch arm64 -pipe -no-cpp-precomp -isysroot /Applications/Xcode.app/Contents/Developer/Platforms/iPhoneOS.platform/Developer/SDKs/iPhoneOS13.4.sdk -miphoneos-version-min=11.0 -O2 -Wno-deprecated-register -std=c++17 -MT quadlsq.lo -MD -MP -MF .deps/quadlsq.Tpo -c ../../../../src/ccstruct/quadlsq.cpp -o quadlsq.o
libtool: compile:  /Applications/Xcode.app/Contents/Developer/usr/bin/g++ --target=arm-apple-darwin64 -DHAVE_CONFIG_H -I. -I../../../../src/ccstruct -I../.. -DNDEBUG -I../../../../src/ccutil -I../../../../src/cutil -I../../../../src/viewer -I../../../../src/opencl -I/Users/zyoung/dev/SwiftyTesseract/SwiftyTesseract/SwiftyTesseract/tesseract-4.1.0/ios/arm-apple-darwin64/ -arch arm64 -pipe -no-cpp-precomp -isysroot /Applications/Xcode.app/Contents/Developer/Platforms/iPhoneOS.platform/Developer/SDKs/iPhoneOS13.4.sdk -miphoneos-version-min=11.0 -O2 -fembed-bitcode -I/Users/zyoung/dev/SwiftyTesseract/SwiftyTesseract/SwiftyTesseract/leptonica-1.78.0/ios/arm-apple-darwin64/include/leptonica -I/Users/zyoung/dev/SwiftyTesseract/SwiftyTesseract/SwiftyTesseract/tesseract-4.1.0/ios/arm-apple-darwin64/ -arch arm64 -pipe -no-cpp-precomp -isysroot /Applications/Xcode.app/Contents/Developer/Platforms/iPhoneOS.platform/Developer/SDKs/iPhoneOS13.4.sdk -miphoneos-version-min=11.0 -O2 -Wno-deprecated-register -std=c++17 -MT quspline.lo -MD -MP -MF .deps/quspline.Tpo -c ../../../../src/ccstruct/quspline.cpp -o quspline.o
libtool: compile:  /Applications/Xcode.app/Contents/Developer/usr/bin/g++ --target=arm-apple-darwin64 -DHAVE_CONFIG_H -I. -I../../../../src/ccstruct -I../.. -DNDEBUG -I../../../../src/ccutil -I../../../../src/cutil -I../../../../src/viewer -I../../../../src/opencl -I/Users/zyoung/dev/SwiftyTesseract/SwiftyTesseract/SwiftyTesseract/tesseract-4.1.0/ios/arm-apple-darwin64/ -arch arm64 -pipe -no-cpp-precomp -isysroot /Applications/Xcode.app/Contents/Developer/Platforms/iPhoneOS.platform/Developer/SDKs/iPhoneOS13.4.sdk -miphoneos-version-min=11.0 -O2 -fembed-bitcode -I/Users/zyoung/dev/SwiftyTesseract/SwiftyTesseract/SwiftyTesseract/leptonica-1.78.0/ios/arm-apple-darwin64/include/leptonica -I/Users/zyoung/dev/SwiftyTesseract/SwiftyTesseract/SwiftyTesseract/tesseract-4.1.0/ios/arm-apple-darwin64/ -arch arm64 -pipe -no-cpp-precomp -isysroot /Applications/Xcode.app/Contents/Developer/Platforms/iPhoneOS.platform/Developer/SDKs/iPhoneOS13.4.sdk -miphoneos-version-min=11.0 -O2 -Wno-deprecated-register -std=c++17 -MT ratngs.lo -MD -MP -MF .deps/ratngs.Tpo -c ../../../../src/ccstruct/ratngs.cpp -o ratngs.o
libtool: compile:  /Applications/Xcode.app/Contents/Developer/usr/bin/g++ --target=arm-apple-darwin64 -DHAVE_CONFIG_H -I. -I../../../../src/ccstruct -I../.. -DNDEBUG -I../../../../src/ccutil -I../../../../src/cutil -I../../../../src/viewer -I../../../../src/opencl -I/Users/zyoung/dev/SwiftyTesseract/SwiftyTesseract/SwiftyTesseract/tesseract-4.1.0/ios/arm-apple-darwin64/ -arch arm64 -pipe -no-cpp-precomp -isysroot /Applications/Xcode.app/Contents/Developer/Platforms/iPhoneOS.platform/Developer/SDKs/iPhoneOS13.4.sdk -miphoneos-version-min=11.0 -O2 -fembed-bitcode -I/Users/zyoung/dev/SwiftyTesseract/SwiftyTesseract/SwiftyTesseract/leptonica-1.78.0/ios/arm-apple-darwin64/include/leptonica -I/Users/zyoung/dev/SwiftyTesseract/SwiftyTesseract/SwiftyTesseract/tesseract-4.1.0/ios/arm-apple-darwin64/ -arch arm64 -pipe -no-cpp-precomp -isysroot /Applications/Xcode.app/Contents/Developer/Platforms/iPhoneOS.platform/Developer/SDKs/iPhoneOS13.4.sdk -miphoneos-version-min=11.0 -O2 -Wno-deprecated-register -std=c++17 -MT rect.lo -MD -MP -MF .deps/rect.Tpo -c ../../../../src/ccstruct/rect.cpp -o rect.o
libtool: compile:  /Applications/Xcode.app/Contents/Developer/usr/bin/g++ --target=arm-apple-darwin64 -DHAVE_CONFIG_H -I. -I../../../../src/ccstruct -I../.. -DNDEBUG -I../../../../src/ccutil -I../../../../src/cutil -I../../../../src/viewer -I../../../../src/opencl -I/Users/zyoung/dev/SwiftyTesseract/SwiftyTesseract/SwiftyTesseract/tesseract-4.1.0/ios/arm-apple-darwin64/ -arch arm64 -pipe -no-cpp-precomp -isysroot /Applications/Xcode.app/Contents/Developer/Platforms/iPhoneOS.platform/Developer/SDKs/iPhoneOS13.4.sdk -miphoneos-version-min=11.0 -O2 -fembed-bitcode -I/Users/zyoung/dev/SwiftyTesseract/SwiftyTesseract/SwiftyTesseract/leptonica-1.78.0/ios/arm-apple-darwin64/include/leptonica -I/Users/zyoung/dev/SwiftyTesseract/SwiftyTesseract/SwiftyTesseract/tesseract-4.1.0/ios/arm-apple-darwin64/ -arch arm64 -pipe -no-cpp-precomp -isysroot /Applications/Xcode.app/Contents/Developer/Platforms/iPhoneOS.platform/Developer/SDKs/iPhoneOS13.4.sdk -miphoneos-version-min=11.0 -O2 -Wno-deprecated-register -std=c++17 -MT rejctmap.lo -MD -MP -MF .deps/rejctmap.Tpo -c ../../../../src/ccstruct/rejctmap.cpp -o rejctmap.o
libtool: compile:  /Applications/Xcode.app/Contents/Developer/usr/bin/g++ --target=arm-apple-darwin64 -DHAVE_CONFIG_H -I. -I../../../../src/ccstruct -I../.. -DNDEBUG -I../../../../src/ccutil -I../../../../src/cutil -I../../../../src/viewer -I../../../../src/opencl -I/Users/zyoung/dev/SwiftyTesseract/SwiftyTesseract/SwiftyTesseract/tesseract-4.1.0/ios/arm-apple-darwin64/ -arch arm64 -pipe -no-cpp-precomp -isysroot /Applications/Xcode.app/Contents/Developer/Platforms/iPhoneOS.platform/Developer/SDKs/iPhoneOS13.4.sdk -miphoneos-version-min=11.0 -O2 -fembed-bitcode -I/Users/zyoung/dev/SwiftyTesseract/SwiftyTesseract/SwiftyTesseract/leptonica-1.78.0/ios/arm-apple-darwin64/include/leptonica -I/Users/zyoung/dev/SwiftyTesseract/SwiftyTesseract/SwiftyTesseract/tesseract-4.1.0/ios/arm-apple-darwin64/ -arch arm64 -pipe -no-cpp-precomp -isysroot /Applications/Xcode.app/Contents/Developer/Platforms/iPhoneOS.platform/Developer/SDKs/iPhoneOS13.4.sdk -miphoneos-version-min=11.0 -O2 -Wno-deprecated-register -std=c++17 -MT seam.lo -MD -MP -MF .deps/seam.Tpo -c ../../../../src/ccstruct/seam.cpp -o seam.o
libtool: compile:  /Applications/Xcode.app/Contents/Developer/usr/bin/g++ --target=arm-apple-darwin64 -DHAVE_CONFIG_H -I. -I../../../../src/ccstruct -I../.. -DNDEBUG -I../../../../src/ccutil -I../../../../src/cutil -I../../../../src/viewer -I../../../../src/opencl -I/Users/zyoung/dev/SwiftyTesseract/SwiftyTesseract/SwiftyTesseract/tesseract-4.1.0/ios/arm-apple-darwin64/ -arch arm64 -pipe -no-cpp-precomp -isysroot /Applications/Xcode.app/Contents/Developer/Platforms/iPhoneOS.platform/Developer/SDKs/iPhoneOS13.4.sdk -miphoneos-version-min=11.0 -O2 -fembed-bitcode -I/Users/zyoung/dev/SwiftyTesseract/SwiftyTesseract/SwiftyTesseract/leptonica-1.78.0/ios/arm-apple-darwin64/include/leptonica -I/Users/zyoung/dev/SwiftyTesseract/SwiftyTesseract/SwiftyTesseract/tesseract-4.1.0/ios/arm-apple-darwin64/ -arch arm64 -pipe -no-cpp-precomp -isysroot /Applications/Xcode.app/Contents/Developer/Platforms/iPhoneOS.platform/Developer/SDKs/iPhoneOS13.4.sdk -miphoneos-version-min=11.0 -O2 -Wno-deprecated-register -std=c++17 -MT split.lo -MD -MP -MF .deps/split.Tpo -c ../../../../src/ccstruct/split.cpp -o split.o
libtool: compile:  /Applications/Xcode.app/Contents/Developer/usr/bin/g++ --target=arm-apple-darwin64 -DHAVE_CONFIG_H -I. -I../../../../src/ccstruct -I../.. -DNDEBUG -I../../../../src/ccutil -I../../../../src/cutil -I../../../../src/viewer -I../../../../src/opencl -I/Users/zyoung/dev/SwiftyTesseract/SwiftyTesseract/SwiftyTesseract/tesseract-4.1.0/ios/arm-apple-darwin64/ -arch arm64 -pipe -no-cpp-precomp -isysroot /Applications/Xcode.app/Contents/Developer/Platforms/iPhoneOS.platform/Developer/SDKs/iPhoneOS13.4.sdk -miphoneos-version-min=11.0 -O2 -fembed-bitcode -I/Users/zyoung/dev/SwiftyTesseract/SwiftyTesseract/SwiftyTesseract/leptonica-1.78.0/ios/arm-apple-darwin64/include/leptonica -I/Users/zyoung/dev/SwiftyTesseract/SwiftyTesseract/SwiftyTesseract/tesseract-4.1.0/ios/arm-apple-darwin64/ -arch arm64 -pipe -no-cpp-precomp -isysroot /Applications/Xcode.app/Contents/Developer/Platforms/iPhoneOS.platform/Developer/SDKs/iPhoneOS13.4.sdk -miphoneos-version-min=11.0 -O2 -Wno-deprecated-register -std=c++17 -MT statistc.lo -MD -MP -MF .deps/statistc.Tpo -c ../../../../src/ccstruct/statistc.cpp -o statistc.o
libtool: compile:  /Applications/Xcode.app/Contents/Developer/usr/bin/g++ --target=arm-apple-darwin64 -DHAVE_CONFIG_H -I. -I../../../../src/ccstruct -I../.. -DNDEBUG -I../../../../src/ccutil -I../../../../src/cutil -I../../../../src/viewer -I../../../../src/opencl -I/Users/zyoung/dev/SwiftyTesseract/SwiftyTesseract/SwiftyTesseract/tesseract-4.1.0/ios/arm-apple-darwin64/ -arch arm64 -pipe -no-cpp-precomp -isysroot /Applications/Xcode.app/Contents/Developer/Platforms/iPhoneOS.platform/Developer/SDKs/iPhoneOS13.4.sdk -miphoneos-version-min=11.0 -O2 -fembed-bitcode -I/Users/zyoung/dev/SwiftyTesseract/SwiftyTesseract/SwiftyTesseract/leptonica-1.78.0/ios/arm-apple-darwin64/include/leptonica -I/Users/zyoung/dev/SwiftyTesseract/SwiftyTesseract/SwiftyTesseract/tesseract-4.1.0/ios/arm-apple-darwin64/ -arch arm64 -pipe -no-cpp-precomp -isysroot /Applications/Xcode.app/Contents/Developer/Platforms/iPhoneOS.platform/Developer/SDKs/iPhoneOS13.4.sdk -miphoneos-version-min=11.0 -O2 -Wno-deprecated-register -std=c++17 -MT stepblob.lo -MD -MP -MF .deps/stepblob.Tpo -c ../../../../src/ccstruct/stepblob.cpp -o stepblob.o
libtool: compile:  /Applications/Xcode.app/Contents/Developer/usr/bin/g++ --target=arm-apple-darwin64 -DHAVE_CONFIG_H -I. -I../../../../src/ccstruct -I../.. -DNDEBUG -I../../../../src/ccutil -I../../../../src/cutil -I../../../../src/viewer -I../../../../src/opencl -I/Users/zyoung/dev/SwiftyTesseract/SwiftyTesseract/SwiftyTesseract/tesseract-4.1.0/ios/arm-apple-darwin64/ -arch arm64 -pipe -no-cpp-precomp -isysroot /Applications/Xcode.app/Contents/Developer/Platforms/iPhoneOS.platform/Developer/SDKs/iPhoneOS13.4.sdk -miphoneos-version-min=11.0 -O2 -fembed-bitcode -I/Users/zyoung/dev/SwiftyTesseract/SwiftyTesseract/SwiftyTesseract/leptonica-1.78.0/ios/arm-apple-darwin64/include/leptonica -I/Users/zyoung/dev/SwiftyTesseract/SwiftyTesseract/SwiftyTesseract/tesseract-4.1.0/ios/arm-apple-darwin64/ -arch arm64 -pipe -no-cpp-precomp -isysroot /Applications/Xcode.app/Contents/Developer/Platforms/iPhoneOS.platform/Developer/SDKs/iPhoneOS13.4.sdk -miphoneos-version-min=11.0 -O2 -Wno-deprecated-register -std=c++17 -MT vecfuncs.lo -MD -MP -MF .deps/vecfuncs.Tpo -c ../../../../src/ccstruct/vecfuncs.cpp -o vecfuncs.o
libtool: compile:  /Applications/Xcode.app/Contents/Developer/usr/bin/g++ --target=arm-apple-darwin64 -DHAVE_CONFIG_H -I. -I../../../../src/ccstruct -I../.. -DNDEBUG -I../../../../src/ccutil -I../../../../src/cutil -I../../../../src/viewer -I../../../../src/opencl -I/Users/zyoung/dev/SwiftyTesseract/SwiftyTesseract/SwiftyTesseract/tesseract-4.1.0/ios/arm-apple-darwin64/ -arch arm64 -pipe -no-cpp-precomp -isysroot /Applications/Xcode.app/Contents/Developer/Platforms/iPhoneOS.platform/Developer/SDKs/iPhoneOS13.4.sdk -miphoneos-version-min=11.0 -O2 -fembed-bitcode -I/Users/zyoung/dev/SwiftyTesseract/SwiftyTesseract/SwiftyTesseract/leptonica-1.78.0/ios/arm-apple-darwin64/include/leptonica -I/Users/zyoung/dev/SwiftyTesseract/SwiftyTesseract/SwiftyTesseract/tesseract-4.1.0/ios/arm-apple-darwin64/ -arch arm64 -pipe -no-cpp-precomp -isysroot /Applications/Xcode.app/Contents/Developer/Platforms/iPhoneOS.platform/Developer/SDKs/iPhoneOS13.4.sdk -miphoneos-version-min=11.0 -O2 -Wno-deprecated-register -std=c++17 -MT werd.lo -MD -MP -MF .deps/werd.Tpo -c ../../../../src/ccstruct/werd.cpp -o werd.o
libtool: link: ar cru .libs/libtesseract_ccstruct.a  blamer.o blobbox.o blobs.o blread.o boxread.o boxword.o ccstruct.o coutln.o detlinefit.o dppoint.o fontinfo.o imagedata.o linlsq.o matrix.o mod128.o normalis.o ocrblock.o ocrpara.o ocrrow.o otsuthr.o pageres.o pdblock.o points.o polyaprx.o polyblk.o params_training_featdef.o publictypes.o quadlsq.o quspline.o ratngs.o rect.o rejctmap.o seam.o split.o statistc.o stepblob.o vecfuncs.o werd.o
libtool: link: ranlib .libs/libtesseract_ccstruct.a
libtool: link: ( cd ".libs" && rm -f "libtesseract_ccstruct.la" && ln -s "../libtesseract_ccstruct.la" "libtesseract_ccstruct.la" )
Making all in src/dict
libtool: compile:  /Applications/Xcode.app/Contents/Developer/usr/bin/g++ --target=arm-apple-darwin64 -DHAVE_CONFIG_H -I. -I../../../../src/dict -I../.. -DNDEBUG -I../../../../src/cutil -I../../../../src/ccutil -I../../../../src/ccstruct -I../../../../src/viewer -I/Users/zyoung/dev/SwiftyTesseract/SwiftyTesseract/SwiftyTesseract/tesseract-4.1.0/ios/arm-apple-darwin64/ -arch arm64 -pipe -no-cpp-precomp -isysroot /Applications/Xcode.app/Contents/Developer/Platforms/iPhoneOS.platform/Developer/SDKs/iPhoneOS13.4.sdk -miphoneos-version-min=11.0 -O2 -fembed-bitcode -I/Users/zyoung/dev/SwiftyTesseract/SwiftyTesseract/SwiftyTesseract/leptonica-1.78.0/ios/arm-apple-darwin64/include/leptonica -I/Users/zyoung/dev/SwiftyTesseract/SwiftyTesseract/SwiftyTesseract/tesseract-4.1.0/ios/arm-apple-darwin64/ -arch arm64 -pipe -no-cpp-precomp -isysroot /Applications/Xcode.app/Contents/Developer/Platforms/iPhoneOS.platform/Developer/SDKs/iPhoneOS13.4.sdk -miphoneos-version-min=11.0 -O2 -Wno-deprecated-register -std=c++17 -MT dawg_cache.lo -MD -MP -MF .deps/dawg_cache.Tpo -c ../../../../src/dict/dawg_cache.cpp -o dawg_cache.o
libtool: compile:  /Applications/Xcode.app/Contents/Developer/usr/bin/g++ --target=arm-apple-darwin64 -DHAVE_CONFIG_H -I. -I../../../../src/dict -I../.. -DNDEBUG -I../../../../src/cutil -I../../../../src/ccutil -I../../../../src/ccstruct -I../../../../src/viewer -I/Users/zyoung/dev/SwiftyTesseract/SwiftyTesseract/SwiftyTesseract/tesseract-4.1.0/ios/arm-apple-darwin64/ -arch arm64 -pipe -no-cpp-precomp -isysroot /Applications/Xcode.app/Contents/Developer/Platforms/iPhoneOS.platform/Developer/SDKs/iPhoneOS13.4.sdk -miphoneos-version-min=11.0 -O2 -fembed-bitcode -I/Users/zyoung/dev/SwiftyTesseract/SwiftyTesseract/SwiftyTesseract/leptonica-1.78.0/ios/arm-apple-darwin64/include/leptonica -I/Users/zyoung/dev/SwiftyTesseract/SwiftyTesseract/SwiftyTesseract/tesseract-4.1.0/ios/arm-apple-darwin64/ -arch arm64 -pipe -no-cpp-precomp -isysroot /Applications/Xcode.app/Contents/Developer/Platforms/iPhoneOS.platform/Developer/SDKs/iPhoneOS13.4.sdk -miphoneos-version-min=11.0 -O2 -Wno-deprecated-register -std=c++17 -MT dict.lo -MD -MP -MF .deps/dict.Tpo -c ../../../../src/dict/dict.cpp -o dict.o
libtool: compile:  /Applications/Xcode.app/Contents/Developer/usr/bin/g++ --target=arm-apple-darwin64 -DHAVE_CONFIG_H -I. -I../../../../src/dict -I../.. -DNDEBUG -I../../../../src/cutil -I../../../../src/ccutil -I../../../../src/ccstruct -I../../../../src/viewer -I/Users/zyoung/dev/SwiftyTesseract/SwiftyTesseract/SwiftyTesseract/tesseract-4.1.0/ios/arm-apple-darwin64/ -arch arm64 -pipe -no-cpp-precomp -isysroot /Applications/Xcode.app/Contents/Developer/Platforms/iPhoneOS.platform/Developer/SDKs/iPhoneOS13.4.sdk -miphoneos-version-min=11.0 -O2 -fembed-bitcode -I/Users/zyoung/dev/SwiftyTesseract/SwiftyTesseract/SwiftyTesseract/leptonica-1.78.0/ios/arm-apple-darwin64/include/leptonica -I/Users/zyoung/dev/SwiftyTesseract/SwiftyTesseract/SwiftyTesseract/tesseract-4.1.0/ios/arm-apple-darwin64/ -arch arm64 -pipe -no-cpp-precomp -isysroot /Applications/Xcode.app/Contents/Developer/Platforms/iPhoneOS.platform/Developer/SDKs/iPhoneOS13.4.sdk -miphoneos-version-min=11.0 -O2 -Wno-deprecated-register -std=c++17 -MT hyphen.lo -MD -MP -MF .deps/hyphen.Tpo -c ../../../../src/dict/hyphen.cpp -o hyphen.o
libtool: compile:  /Applications/Xcode.app/Contents/Developer/usr/bin/g++ --target=arm-apple-darwin64 -DHAVE_CONFIG_H -I. -I../../../../src/dict -I../.. -DNDEBUG -I../../../../src/cutil -I../../../../src/ccutil -I../../../../src/ccstruct -I../../../../src/viewer -I/Users/zyoung/dev/SwiftyTesseract/SwiftyTesseract/SwiftyTesseract/tesseract-4.1.0/ios/arm-apple-darwin64/ -arch arm64 -pipe -no-cpp-precomp -isysroot /Applications/Xcode.app/Contents/Developer/Platforms/iPhoneOS.platform/Developer/SDKs/iPhoneOS13.4.sdk -miphoneos-version-min=11.0 -O2 -fembed-bitcode -I/Users/zyoung/dev/SwiftyTesseract/SwiftyTesseract/SwiftyTesseract/leptonica-1.78.0/ios/arm-apple-darwin64/include/leptonica -I/Users/zyoung/dev/SwiftyTesseract/SwiftyTesseract/SwiftyTesseract/tesseract-4.1.0/ios/arm-apple-darwin64/ -arch arm64 -pipe -no-cpp-precomp -isysroot /Applications/Xcode.app/Contents/Developer/Platforms/iPhoneOS.platform/Developer/SDKs/iPhoneOS13.4.sdk -miphoneos-version-min=11.0 -O2 -Wno-deprecated-register -std=c++17 -MT trie.lo -MD -MP -MF .deps/trie.Tpo -c ../../../../src/dict/trie.cpp -o trie.o
libtool: compile:  /Applications/Xcode.app/Contents/Developer/usr/bin/g++ --target=arm-apple-darwin64 -DHAVE_CONFIG_H -I. -I../../../../src/dict -I../.. -DNDEBUG -I../../../../src/cutil -I../../../../src/ccutil -I../../../../src/ccstruct -I../../../../src/viewer -I/Users/zyoung/dev/SwiftyTesseract/SwiftyTesseract/SwiftyTesseract/tesseract-4.1.0/ios/arm-apple-darwin64/ -arch arm64 -pipe -no-cpp-precomp -isysroot /Applications/Xcode.app/Contents/Developer/Platforms/iPhoneOS.platform/Developer/SDKs/iPhoneOS13.4.sdk -miphoneos-version-min=11.0 -O2 -fembed-bitcode -I/Users/zyoung/dev/SwiftyTesseract/SwiftyTesseract/SwiftyTesseract/leptonica-1.78.0/ios/arm-apple-darwin64/include/leptonica -I/Users/zyoung/dev/SwiftyTesseract/SwiftyTesseract/SwiftyTesseract/tesseract-4.1.0/ios/arm-apple-darwin64/ -arch arm64 -pipe -no-cpp-precomp -isysroot /Applications/Xcode.app/Contents/Developer/Platforms/iPhoneOS.platform/Developer/SDKs/iPhoneOS13.4.sdk -miphoneos-version-min=11.0 -O2 -Wno-deprecated-register -std=c++17 -MT context.lo -MD -MP -MF .deps/context.Tpo -c ../../../../src/dict/context.cpp -o context.o
libtool: compile:  /Applications/Xcode.app/Contents/Developer/usr/bin/g++ --target=arm-apple-darwin64 -DHAVE_CONFIG_H -I. -I../../../../src/dict -I../.. -DNDEBUG -I../../../../src/cutil -I../../../../src/ccutil -I../../../../src/ccstruct -I../../../../src/viewer -I/Users/zyoung/dev/SwiftyTesseract/SwiftyTesseract/SwiftyTesseract/tesseract-4.1.0/ios/arm-apple-darwin64/ -arch arm64 -pipe -no-cpp-precomp -isysroot /Applications/Xcode.app/Contents/Developer/Platforms/iPhoneOS.platform/Developer/SDKs/iPhoneOS13.4.sdk -miphoneos-version-min=11.0 -O2 -fembed-bitcode -I/Users/zyoung/dev/SwiftyTesseract/SwiftyTesseract/SwiftyTesseract/leptonica-1.78.0/ios/arm-apple-darwin64/include/leptonica -I/Users/zyoung/dev/SwiftyTesseract/SwiftyTesseract/SwiftyTesseract/tesseract-4.1.0/ios/arm-apple-darwin64/ -arch arm64 -pipe -no-cpp-precomp -isysroot /Applications/Xcode.app/Contents/Developer/Platforms/iPhoneOS.platform/Developer/SDKs/iPhoneOS13.4.sdk -miphoneos-version-min=11.0 -O2 -Wno-deprecated-register -std=c++17 -MT stopper.lo -MD -MP -MF .deps/stopper.Tpo -c ../../../../src/dict/stopper.cpp -o stopper.o
libtool: compile:  /Applications/Xcode.app/Contents/Developer/usr/bin/g++ --target=arm-apple-darwin64 -DHAVE_CONFIG_H -I. -I../../../../src/dict -I../.. -DNDEBUG -I../../../../src/cutil -I../../../../src/ccutil -I../../../../src/ccstruct -I../../../../src/viewer -I/Users/zyoung/dev/SwiftyTesseract/SwiftyTesseract/SwiftyTesseract/tesseract-4.1.0/ios/arm-apple-darwin64/ -arch arm64 -pipe -no-cpp-precomp -isysroot /Applications/Xcode.app/Contents/Developer/Platforms/iPhoneOS.platform/Developer/SDKs/iPhoneOS13.4.sdk -miphoneos-version-min=11.0 -O2 -fembed-bitcode -I/Users/zyoung/dev/SwiftyTesseract/SwiftyTesseract/SwiftyTesseract/leptonica-1.78.0/ios/arm-apple-darwin64/include/leptonica -I/Users/zyoung/dev/SwiftyTesseract/SwiftyTesseract/SwiftyTesseract/tesseract-4.1.0/ios/arm-apple-darwin64/ -arch arm64 -pipe -no-cpp-precomp -isysroot /Applications/Xcode.app/Contents/Developer/Platforms/iPhoneOS.platform/Developer/SDKs/iPhoneOS13.4.sdk -miphoneos-version-min=11.0 -O2 -Wno-deprecated-register -std=c++17 -MT dawg.lo -MD -MP -MF .deps/dawg.Tpo -c ../../../../src/dict/dawg.cpp -o dawg.o
libtool: compile:  /Applications/Xcode.app/Contents/Developer/usr/bin/g++ --target=arm-apple-darwin64 -DHAVE_CONFIG_H -I. -I../../../../src/dict -I../.. -DNDEBUG -I../../../../src/cutil -I../../../../src/ccutil -I../../../../src/ccstruct -I../../../../src/viewer -I/Users/zyoung/dev/SwiftyTesseract/SwiftyTesseract/SwiftyTesseract/tesseract-4.1.0/ios/arm-apple-darwin64/ -arch arm64 -pipe -no-cpp-precomp -isysroot /Applications/Xcode.app/Contents/Developer/Platforms/iPhoneOS.platform/Developer/SDKs/iPhoneOS13.4.sdk -miphoneos-version-min=11.0 -O2 -fembed-bitcode -I/Users/zyoung/dev/SwiftyTesseract/SwiftyTesseract/SwiftyTesseract/leptonica-1.78.0/ios/arm-apple-darwin64/include/leptonica -I/Users/zyoung/dev/SwiftyTesseract/SwiftyTesseract/SwiftyTesseract/tesseract-4.1.0/ios/arm-apple-darwin64/ -arch arm64 -pipe -no-cpp-precomp -isysroot /Applications/Xcode.app/Contents/Developer/Platforms/iPhoneOS.platform/Developer/SDKs/iPhoneOS13.4.sdk -miphoneos-version-min=11.0 -O2 -Wno-deprecated-register -std=c++17 -MT permdawg.lo -MD -MP -MF .deps/permdawg.Tpo -c ../../../../src/dict/permdawg.cpp -o permdawg.o
libtool: link: ar cru .libs/libtesseract_dict.a  context.o dawg.o dawg_cache.o dict.o hyphen.o permdawg.o stopper.o trie.o
libtool: link: ranlib .libs/libtesseract_dict.a
libtool: link: ( cd ".libs" && rm -f "libtesseract_dict.la" && ln -s "../libtesseract_dict.la" "libtesseract_dict.la" )
Making all in src/classify
libtool: compile:  /Applications/Xcode.app/Contents/Developer/usr/bin/g++ --target=arm-apple-darwin64 -DHAVE_CONFIG_H -I. -I../../../../src/classify -I../.. -DNDEBUG -I../../../../src/cutil -I../../../../src/ccutil -I../../../../src/ccstruct -I../../../../src/dict -I../../../../src/viewer -I/Users/zyoung/dev/SwiftyTesseract/SwiftyTesseract/SwiftyTesseract/tesseract-4.1.0/ios/arm-apple-darwin64/ -arch arm64 -pipe -no-cpp-precomp -isysroot /Applications/Xcode.app/Contents/Developer/Platforms/iPhoneOS.platform/Developer/SDKs/iPhoneOS13.4.sdk -miphoneos-version-min=11.0 -O2 -fembed-bitcode -I/Users/zyoung/dev/SwiftyTesseract/SwiftyTesseract/SwiftyTesseract/leptonica-1.78.0/ios/arm-apple-darwin64/include/leptonica -I/Users/zyoung/dev/SwiftyTesseract/SwiftyTesseract/SwiftyTesseract/tesseract-4.1.0/ios/arm-apple-darwin64/ -arch arm64 -pipe -no-cpp-precomp -isysroot /Applications/Xcode.app/Contents/Developer/Platforms/iPhoneOS.platform/Developer/SDKs/iPhoneOS13.4.sdk -miphoneos-version-min=11.0 -O2 -Wno-deprecated-register -std=c++17 -MT blobclass.lo -MD -MP -MF .deps/blobclass.Tpo -c ../../../../src/classify/blobclass.cpp -o blobclass.o
libtool: compile:  /Applications/Xcode.app/Contents/Developer/usr/bin/g++ --target=arm-apple-darwin64 -DHAVE_CONFIG_H -I. -I../../../../src/classify -I../.. -DNDEBUG -I../../../../src/cutil -I../../../../src/ccutil -I../../../../src/ccstruct -I../../../../src/dict -I../../../../src/viewer -I/Users/zyoung/dev/SwiftyTesseract/SwiftyTesseract/SwiftyTesseract/tesseract-4.1.0/ios/arm-apple-darwin64/ -arch arm64 -pipe -no-cpp-precomp -isysroot /Applications/Xcode.app/Contents/Developer/Platforms/iPhoneOS.platform/Developer/SDKs/iPhoneOS13.4.sdk -miphoneos-version-min=11.0 -O2 -fembed-bitcode -I/Users/zyoung/dev/SwiftyTesseract/SwiftyTesseract/SwiftyTesseract/leptonica-1.78.0/ios/arm-apple-darwin64/include/leptonica -I/Users/zyoung/dev/SwiftyTesseract/SwiftyTesseract/SwiftyTesseract/tesseract-4.1.0/ios/arm-apple-darwin64/ -arch arm64 -pipe -no-cpp-precomp -isysroot /Applications/Xcode.app/Contents/Developer/Platforms/iPhoneOS.platform/Developer/SDKs/iPhoneOS13.4.sdk -miphoneos-version-min=11.0 -O2 -Wno-deprecated-register -std=c++17 -MT adaptive.lo -MD -MP -MF .deps/adaptive.Tpo -c ../../../../src/classify/adaptive.cpp -o adaptive.o
libtool: compile:  /Applications/Xcode.app/Contents/Developer/usr/bin/g++ --target=arm-apple-darwin64 -DHAVE_CONFIG_H -I. -I../../../../src/classify -I../.. -DNDEBUG -I../../../../src/cutil -I../../../../src/ccutil -I../../../../src/ccstruct -I../../../../src/dict -I../../../../src/viewer -I/Users/zyoung/dev/SwiftyTesseract/SwiftyTesseract/SwiftyTesseract/tesseract-4.1.0/ios/arm-apple-darwin64/ -arch arm64 -pipe -no-cpp-precomp -isysroot /Applications/Xcode.app/Contents/Developer/Platforms/iPhoneOS.platform/Developer/SDKs/iPhoneOS13.4.sdk -miphoneos-version-min=11.0 -O2 -fembed-bitcode -I/Users/zyoung/dev/SwiftyTesseract/SwiftyTesseract/SwiftyTesseract/leptonica-1.78.0/ios/arm-apple-darwin64/include/leptonica -I/Users/zyoung/dev/SwiftyTesseract/SwiftyTesseract/SwiftyTesseract/tesseract-4.1.0/ios/arm-apple-darwin64/ -arch arm64 -pipe -no-cpp-precomp -isysroot /Applications/Xcode.app/Contents/Developer/Platforms/iPhoneOS.platform/Developer/SDKs/iPhoneOS13.4.sdk -miphoneos-version-min=11.0 -O2 -Wno-deprecated-register -std=c++17 -MT classify.lo -MD -MP -MF .deps/classify.Tpo -c ../../../../src/classify/classify.cpp -o classify.o
libtool: compile:  /Applications/Xcode.app/Contents/Developer/usr/bin/g++ --target=arm-apple-darwin64 -DHAVE_CONFIG_H -I. -I../../../../src/classify -I../.. -DNDEBUG -I../../../../src/cutil -I../../../../src/ccutil -I../../../../src/ccstruct -I../../../../src/dict -I../../../../src/viewer -I/Users/zyoung/dev/SwiftyTesseract/SwiftyTesseract/SwiftyTesseract/tesseract-4.1.0/ios/arm-apple-darwin64/ -arch arm64 -pipe -no-cpp-precomp -isysroot /Applications/Xcode.app/Contents/Developer/Platforms/iPhoneOS.platform/Developer/SDKs/iPhoneOS13.4.sdk -miphoneos-version-min=11.0 -O2 -fembed-bitcode -I/Users/zyoung/dev/SwiftyTesseract/SwiftyTesseract/SwiftyTesseract/leptonica-1.78.0/ios/arm-apple-darwin64/include/leptonica -I/Users/zyoung/dev/SwiftyTesseract/SwiftyTesseract/SwiftyTesseract/tesseract-4.1.0/ios/arm-apple-darwin64/ -arch arm64 -pipe -no-cpp-precomp -isysroot /Applications/Xcode.app/Contents/Developer/Platforms/iPhoneOS.platform/Developer/SDKs/iPhoneOS13.4.sdk -miphoneos-version-min=11.0 -O2 -Wno-deprecated-register -std=c++17 -MT adaptmatch.lo -MD -MP -MF .deps/adaptmatch.Tpo -c ../../../../src/classify/adaptmatch.cpp -o adaptmatch.o
libtool: compile:  /Applications/Xcode.app/Contents/Developer/usr/bin/g++ --target=arm-apple-darwin64 -DHAVE_CONFIG_H -I. -I../../../../src/classify -I../.. -DNDEBUG -I../../../../src/cutil -I../../../../src/ccutil -I../../../../src/ccstruct -I../../../../src/dict -I../../../../src/viewer -I/Users/zyoung/dev/SwiftyTesseract/SwiftyTesseract/SwiftyTesseract/tesseract-4.1.0/ios/arm-apple-darwin64/ -arch arm64 -pipe -no-cpp-precomp -isysroot /Applications/Xcode.app/Contents/Developer/Platforms/iPhoneOS.platform/Developer/SDKs/iPhoneOS13.4.sdk -miphoneos-version-min=11.0 -O2 -fembed-bitcode -I/Users/zyoung/dev/SwiftyTesseract/SwiftyTesseract/SwiftyTesseract/leptonica-1.78.0/ios/arm-apple-darwin64/include/leptonica -I/Users/zyoung/dev/SwiftyTesseract/SwiftyTesseract/SwiftyTesseract/tesseract-4.1.0/ios/arm-apple-darwin64/ -arch arm64 -pipe -no-cpp-precomp -isysroot /Applications/Xcode.app/Contents/Developer/Platforms/iPhoneOS.platform/Developer/SDKs/iPhoneOS13.4.sdk -miphoneos-version-min=11.0 -O2 -Wno-deprecated-register -std=c++17 -MT cluster.lo -MD -MP -MF .deps/cluster.Tpo -c ../../../../src/classify/cluster.cpp -o cluster.o
libtool: compile:  /Applications/Xcode.app/Contents/Developer/usr/bin/g++ --target=arm-apple-darwin64 -DHAVE_CONFIG_H -I. -I../../../../src/classify -I../.. -DNDEBUG -I../../../../src/cutil -I../../../../src/ccutil -I../../../../src/ccstruct -I../../../../src/dict -I../../../../src/viewer -I/Users/zyoung/dev/SwiftyTesseract/SwiftyTesseract/SwiftyTesseract/tesseract-4.1.0/ios/arm-apple-darwin64/ -arch arm64 -pipe -no-cpp-precomp -isysroot /Applications/Xcode.app/Contents/Developer/Platforms/iPhoneOS.platform/Developer/SDKs/iPhoneOS13.4.sdk -miphoneos-version-min=11.0 -O2 -fembed-bitcode -I/Users/zyoung/dev/SwiftyTesseract/SwiftyTesseract/SwiftyTesseract/leptonica-1.78.0/ios/arm-apple-darwin64/include/leptonica -I/Users/zyoung/dev/SwiftyTesseract/SwiftyTesseract/SwiftyTesseract/tesseract-4.1.0/ios/arm-apple-darwin64/ -arch arm64 -pipe -no-cpp-precomp -isysroot /Applications/Xcode.app/Contents/Developer/Platforms/iPhoneOS.platform/Developer/SDKs/iPhoneOS13.4.sdk -miphoneos-version-min=11.0 -O2 -Wno-deprecated-register -std=c++17 -MT cutoffs.lo -MD -MP -MF .deps/cutoffs.Tpo -c ../../../../src/classify/cutoffs.cpp -o cutoffs.o
libtool: compile:  /Applications/Xcode.app/Contents/Developer/usr/bin/g++ --target=arm-apple-darwin64 -DHAVE_CONFIG_H -I. -I../../../../src/classify -I../.. -DNDEBUG -I../../../../src/cutil -I../../../../src/ccutil -I../../../../src/ccstruct -I../../../../src/dict -I../../../../src/viewer -I/Users/zyoung/dev/SwiftyTesseract/SwiftyTesseract/SwiftyTesseract/tesseract-4.1.0/ios/arm-apple-darwin64/ -arch arm64 -pipe -no-cpp-precomp -isysroot /Applications/Xcode.app/Contents/Developer/Platforms/iPhoneOS.platform/Developer/SDKs/iPhoneOS13.4.sdk -miphoneos-version-min=11.0 -O2 -fembed-bitcode -I/Users/zyoung/dev/SwiftyTesseract/SwiftyTesseract/SwiftyTesseract/leptonica-1.78.0/ios/arm-apple-darwin64/include/leptonica -I/Users/zyoung/dev/SwiftyTesseract/SwiftyTesseract/SwiftyTesseract/tesseract-4.1.0/ios/arm-apple-darwin64/ -arch arm64 -pipe -no-cpp-precomp -isysroot /Applications/Xcode.app/Contents/Developer/Platforms/iPhoneOS.platform/Developer/SDKs/iPhoneOS13.4.sdk -miphoneos-version-min=11.0 -O2 -Wno-deprecated-register -std=c++17 -MT errorcounter.lo -MD -MP -MF .deps/errorcounter.Tpo -c ../../../../src/classify/errorcounter.cpp -o errorcounter.o
libtool: compile:  /Applications/Xcode.app/Contents/Developer/usr/bin/g++ --target=arm-apple-darwin64 -DHAVE_CONFIG_H -I. -I../../../../src/classify -I../.. -DNDEBUG -I../../../../src/cutil -I../../../../src/ccutil -I../../../../src/ccstruct -I../../../../src/dict -I../../../../src/viewer -I/Users/zyoung/dev/SwiftyTesseract/SwiftyTesseract/SwiftyTesseract/tesseract-4.1.0/ios/arm-apple-darwin64/ -arch arm64 -pipe -no-cpp-precomp -isysroot /Applications/Xcode.app/Contents/Developer/Platforms/iPhoneOS.platform/Developer/SDKs/iPhoneOS13.4.sdk -miphoneos-version-min=11.0 -O2 -fembed-bitcode -I/Users/zyoung/dev/SwiftyTesseract/SwiftyTesseract/SwiftyTesseract/leptonica-1.78.0/ios/arm-apple-darwin64/include/leptonica -I/Users/zyoung/dev/SwiftyTesseract/SwiftyTesseract/SwiftyTesseract/tesseract-4.1.0/ios/arm-apple-darwin64/ -arch arm64 -pipe -no-cpp-precomp -isysroot /Applications/Xcode.app/Contents/Developer/Platforms/iPhoneOS.platform/Developer/SDKs/iPhoneOS13.4.sdk -miphoneos-version-min=11.0 -O2 -Wno-deprecated-register -std=c++17 -MT clusttool.lo -MD -MP -MF .deps/clusttool.Tpo -c ../../../../src/classify/clusttool.cpp -o clusttool.o
libtool: compile:  /Applications/Xcode.app/Contents/Developer/usr/bin/g++ --target=arm-apple-darwin64 -DHAVE_CONFIG_H -I. -I../../../../src/classify -I../.. -DNDEBUG -I../../../../src/cutil -I../../../../src/ccutil -I../../../../src/ccstruct -I../../../../src/dict -I../../../../src/viewer -I/Users/zyoung/dev/SwiftyTesseract/SwiftyTesseract/SwiftyTesseract/tesseract-4.1.0/ios/arm-apple-darwin64/ -arch arm64 -pipe -no-cpp-precomp -isysroot /Applications/Xcode.app/Contents/Developer/Platforms/iPhoneOS.platform/Developer/SDKs/iPhoneOS13.4.sdk -miphoneos-version-min=11.0 -O2 -fembed-bitcode -I/Users/zyoung/dev/SwiftyTesseract/SwiftyTesseract/SwiftyTesseract/leptonica-1.78.0/ios/arm-apple-darwin64/include/leptonica -I/Users/zyoung/dev/SwiftyTesseract/SwiftyTesseract/SwiftyTesseract/tesseract-4.1.0/ios/arm-apple-darwin64/ -arch arm64 -pipe -no-cpp-precomp -isysroot /Applications/Xcode.app/Contents/Developer/Platforms/iPhoneOS.platform/Developer/SDKs/iPhoneOS13.4.sdk -miphoneos-version-min=11.0 -O2 -Wno-deprecated-register -std=c++17 -MT featdefs.lo -MD -MP -MF .deps/featdefs.Tpo -c ../../../../src/classify/featdefs.cpp -o featdefs.o
libtool: compile:  /Applications/Xcode.app/Contents/Developer/usr/bin/g++ --target=arm-apple-darwin64 -DHAVE_CONFIG_H -I. -I../../../../src/classify -I../.. -DNDEBUG -I../../../../src/cutil -I../../../../src/ccutil -I../../../../src/ccstruct -I../../../../src/dict -I../../../../src/viewer -I/Users/zyoung/dev/SwiftyTesseract/SwiftyTesseract/SwiftyTesseract/tesseract-4.1.0/ios/arm-apple-darwin64/ -arch arm64 -pipe -no-cpp-precomp -isysroot /Applications/Xcode.app/Contents/Developer/Platforms/iPhoneOS.platform/Developer/SDKs/iPhoneOS13.4.sdk -miphoneos-version-min=11.0 -O2 -fembed-bitcode -I/Users/zyoung/dev/SwiftyTesseract/SwiftyTesseract/SwiftyTesseract/leptonica-1.78.0/ios/arm-apple-darwin64/include/leptonica -I/Users/zyoung/dev/SwiftyTesseract/SwiftyTesseract/SwiftyTesseract/tesseract-4.1.0/ios/arm-apple-darwin64/ -arch arm64 -pipe -no-cpp-precomp -isysroot /Applications/Xcode.app/Contents/Developer/Platforms/iPhoneOS.platform/Developer/SDKs/iPhoneOS13.4.sdk -miphoneos-version-min=11.0 -O2 -Wno-deprecated-register -std=c++17 -MT float2int.lo -MD -MP -MF .deps/float2int.Tpo -c ../../../../src/classify/float2int.cpp -o float2int.o
libtool: compile:  /Applications/Xcode.app/Contents/Developer/usr/bin/g++ --target=arm-apple-darwin64 -DHAVE_CONFIG_H -I. -I../../../../src/classify -I../.. -DNDEBUG -I../../../../src/cutil -I../../../../src/ccutil -I../../../../src/ccstruct -I../../../../src/dict -I../../../../src/viewer -I/Users/zyoung/dev/SwiftyTesseract/SwiftyTesseract/SwiftyTesseract/tesseract-4.1.0/ios/arm-apple-darwin64/ -arch arm64 -pipe -no-cpp-precomp -isysroot /Applications/Xcode.app/Contents/Developer/Platforms/iPhoneOS.platform/Developer/SDKs/iPhoneOS13.4.sdk -miphoneos-version-min=11.0 -O2 -fembed-bitcode -I/Users/zyoung/dev/SwiftyTesseract/SwiftyTesseract/SwiftyTesseract/leptonica-1.78.0/ios/arm-apple-darwin64/include/leptonica -I/Users/zyoung/dev/SwiftyTesseract/SwiftyTesseract/SwiftyTesseract/tesseract-4.1.0/ios/arm-apple-darwin64/ -arch arm64 -pipe -no-cpp-precomp -isysroot /Applications/Xcode.app/Contents/Developer/Platforms/iPhoneOS.platform/Developer/SDKs/iPhoneOS13.4.sdk -miphoneos-version-min=11.0 -O2 -Wno-deprecated-register -std=c++17 -MT fpoint.lo -MD -MP -MF .deps/fpoint.Tpo -c ../../../../src/classify/fpoint.cpp -o fpoint.o
libtool: compile:  /Applications/Xcode.app/Contents/Developer/usr/bin/g++ --target=arm-apple-darwin64 -DHAVE_CONFIG_H -I. -I../../../../src/classify -I../.. -DNDEBUG -I../../../../src/cutil -I../../../../src/ccutil -I../../../../src/ccstruct -I../../../../src/dict -I../../../../src/viewer -I/Users/zyoung/dev/SwiftyTesseract/SwiftyTesseract/SwiftyTesseract/tesseract-4.1.0/ios/arm-apple-darwin64/ -arch arm64 -pipe -no-cpp-precomp -isysroot /Applications/Xcode.app/Contents/Developer/Platforms/iPhoneOS.platform/Developer/SDKs/iPhoneOS13.4.sdk -miphoneos-version-min=11.0 -O2 -fembed-bitcode -I/Users/zyoung/dev/SwiftyTesseract/SwiftyTesseract/SwiftyTesseract/leptonica-1.78.0/ios/arm-apple-darwin64/include/leptonica -I/Users/zyoung/dev/SwiftyTesseract/SwiftyTesseract/SwiftyTesseract/tesseract-4.1.0/ios/arm-apple-darwin64/ -arch arm64 -pipe -no-cpp-precomp -isysroot /Applications/Xcode.app/Contents/Developer/Platforms/iPhoneOS.platform/Developer/SDKs/iPhoneOS13.4.sdk -miphoneos-version-min=11.0 -O2 -Wno-deprecated-register -std=c++17 -MT intfeaturedist.lo -MD -MP -MF .deps/intfeaturedist.Tpo -c ../../../../src/classify/intfeaturedist.cpp -o intfeaturedist.o
libtool: compile:  /Applications/Xcode.app/Contents/Developer/usr/bin/g++ --target=arm-apple-darwin64 -DHAVE_CONFIG_H -I. -I../../../../src/classify -I../.. -DNDEBUG -I../../../../src/cutil -I../../../../src/ccutil -I../../../../src/ccstruct -I../../../../src/dict -I../../../../src/viewer -I/Users/zyoung/dev/SwiftyTesseract/SwiftyTesseract/SwiftyTesseract/tesseract-4.1.0/ios/arm-apple-darwin64/ -arch arm64 -pipe -no-cpp-precomp -isysroot /Applications/Xcode.app/Contents/Developer/Platforms/iPhoneOS.platform/Developer/SDKs/iPhoneOS13.4.sdk -miphoneos-version-min=11.0 -O2 -fembed-bitcode -I/Users/zyoung/dev/SwiftyTesseract/SwiftyTesseract/SwiftyTesseract/leptonica-1.78.0/ios/arm-apple-darwin64/include/leptonica -I/Users/zyoung/dev/SwiftyTesseract/SwiftyTesseract/SwiftyTesseract/tesseract-4.1.0/ios/arm-apple-darwin64/ -arch arm64 -pipe -no-cpp-precomp -isysroot /Applications/Xcode.app/Contents/Developer/Platforms/iPhoneOS.platform/Developer/SDKs/iPhoneOS13.4.sdk -miphoneos-version-min=11.0 -O2 -Wno-deprecated-register -std=c++17 -MT intfeaturemap.lo -MD -MP -MF .deps/intfeaturemap.Tpo -c ../../../../src/classify/intfeaturemap.cpp -o intfeaturemap.o
libtool: compile:  /Applications/Xcode.app/Contents/Developer/usr/bin/g++ --target=arm-apple-darwin64 -DHAVE_CONFIG_H -I. -I../../../../src/classify -I../.. -DNDEBUG -I../../../../src/cutil -I../../../../src/ccutil -I../../../../src/ccstruct -I../../../../src/dict -I../../../../src/viewer -I/Users/zyoung/dev/SwiftyTesseract/SwiftyTesseract/SwiftyTesseract/tesseract-4.1.0/ios/arm-apple-darwin64/ -arch arm64 -pipe -no-cpp-precomp -isysroot /Applications/Xcode.app/Contents/Developer/Platforms/iPhoneOS.platform/Developer/SDKs/iPhoneOS13.4.sdk -miphoneos-version-min=11.0 -O2 -fembed-bitcode -I/Users/zyoung/dev/SwiftyTesseract/SwiftyTesseract/SwiftyTesseract/leptonica-1.78.0/ios/arm-apple-darwin64/include/leptonica -I/Users/zyoung/dev/SwiftyTesseract/SwiftyTesseract/SwiftyTesseract/tesseract-4.1.0/ios/arm-apple-darwin64/ -arch arm64 -pipe -no-cpp-precomp -isysroot /Applications/Xcode.app/Contents/Developer/Platforms/iPhoneOS.platform/Developer/SDKs/iPhoneOS13.4.sdk -miphoneos-version-min=11.0 -O2 -Wno-deprecated-register -std=c++17 -MT intfeaturespace.lo -MD -MP -MF .deps/intfeaturespace.Tpo -c ../../../../src/classify/intfeaturespace.cpp -o intfeaturespace.o
libtool: compile:  /Applications/Xcode.app/Contents/Developer/usr/bin/g++ --target=arm-apple-darwin64 -DHAVE_CONFIG_H -I. -I../../../../src/classify -I../.. -DNDEBUG -I../../../../src/cutil -I../../../../src/ccutil -I../../../../src/ccstruct -I../../../../src/dict -I../../../../src/viewer -I/Users/zyoung/dev/SwiftyTesseract/SwiftyTesseract/SwiftyTesseract/tesseract-4.1.0/ios/arm-apple-darwin64/ -arch arm64 -pipe -no-cpp-precomp -isysroot /Applications/Xcode.app/Contents/Developer/Platforms/iPhoneOS.platform/Developer/SDKs/iPhoneOS13.4.sdk -miphoneos-version-min=11.0 -O2 -fembed-bitcode -I/Users/zyoung/dev/SwiftyTesseract/SwiftyTesseract/SwiftyTesseract/leptonica-1.78.0/ios/arm-apple-darwin64/include/leptonica -I/Users/zyoung/dev/SwiftyTesseract/SwiftyTesseract/SwiftyTesseract/tesseract-4.1.0/ios/arm-apple-darwin64/ -arch arm64 -pipe -no-cpp-precomp -isysroot /Applications/Xcode.app/Contents/Developer/Platforms/iPhoneOS.platform/Developer/SDKs/iPhoneOS13.4.sdk -miphoneos-version-min=11.0 -O2 -Wno-deprecated-register -std=c++17 -MT intfx.lo -MD -MP -MF .deps/intfx.Tpo -c ../../../../src/classify/intfx.cpp -o intfx.o
libtool: compile:  /Applications/Xcode.app/Contents/Developer/usr/bin/g++ --target=arm-apple-darwin64 -DHAVE_CONFIG_H -I. -I../../../../src/classify -I../.. -DNDEBUG -I../../../../src/cutil -I../../../../src/ccutil -I../../../../src/ccstruct -I../../../../src/dict -I../../../../src/viewer -I/Users/zyoung/dev/SwiftyTesseract/SwiftyTesseract/SwiftyTesseract/tesseract-4.1.0/ios/arm-apple-darwin64/ -arch arm64 -pipe -no-cpp-precomp -isysroot /Applications/Xcode.app/Contents/Developer/Platforms/iPhoneOS.platform/Developer/SDKs/iPhoneOS13.4.sdk -miphoneos-version-min=11.0 -O2 -fembed-bitcode -I/Users/zyoung/dev/SwiftyTesseract/SwiftyTesseract/SwiftyTesseract/leptonica-1.78.0/ios/arm-apple-darwin64/include/leptonica -I/Users/zyoung/dev/SwiftyTesseract/SwiftyTesseract/SwiftyTesseract/tesseract-4.1.0/ios/arm-apple-darwin64/ -arch arm64 -pipe -no-cpp-precomp -isysroot /Applications/Xcode.app/Contents/Developer/Platforms/iPhoneOS.platform/Developer/SDKs/iPhoneOS13.4.sdk -miphoneos-version-min=11.0 -O2 -Wno-deprecated-register -std=c++17 -MT intmatcher.lo -MD -MP -MF .deps/intmatcher.Tpo -c ../../../../src/classify/intmatcher.cpp -o intmatcher.o
libtool: compile:  /Applications/Xcode.app/Contents/Developer/usr/bin/g++ --target=arm-apple-darwin64 -DHAVE_CONFIG_H -I. -I../../../../src/classify -I../.. -DNDEBUG -I../../../../src/cutil -I../../../../src/ccutil -I../../../../src/ccstruct -I../../../../src/dict -I../../../../src/viewer -I/Users/zyoung/dev/SwiftyTesseract/SwiftyTesseract/SwiftyTesseract/tesseract-4.1.0/ios/arm-apple-darwin64/ -arch arm64 -pipe -no-cpp-precomp -isysroot /Applications/Xcode.app/Contents/Developer/Platforms/iPhoneOS.platform/Developer/SDKs/iPhoneOS13.4.sdk -miphoneos-version-min=11.0 -O2 -fembed-bitcode -I/Users/zyoung/dev/SwiftyTesseract/SwiftyTesseract/SwiftyTesseract/leptonica-1.78.0/ios/arm-apple-darwin64/include/leptonica -I/Users/zyoung/dev/SwiftyTesseract/SwiftyTesseract/SwiftyTesseract/tesseract-4.1.0/ios/arm-apple-darwin64/ -arch arm64 -pipe -no-cpp-precomp -isysroot /Applications/Xcode.app/Contents/Developer/Platforms/iPhoneOS.platform/Developer/SDKs/iPhoneOS13.4.sdk -miphoneos-version-min=11.0 -O2 -Wno-deprecated-register -std=c++17 -MT intproto.lo -MD -MP -MF .deps/intproto.Tpo -c ../../../../src/classify/intproto.cpp -o intproto.o
libtool: compile:  /Applications/Xcode.app/Contents/Developer/usr/bin/g++ --target=arm-apple-darwin64 -DHAVE_CONFIG_H -I. -I../../../../src/classify -I../.. -DNDEBUG -I../../../../src/cutil -I../../../../src/ccutil -I../../../../src/ccstruct -I../../../../src/dict -I../../../../src/viewer -I/Users/zyoung/dev/SwiftyTesseract/SwiftyTesseract/SwiftyTesseract/tesseract-4.1.0/ios/arm-apple-darwin64/ -arch arm64 -pipe -no-cpp-precomp -isysroot /Applications/Xcode.app/Contents/Developer/Platforms/iPhoneOS.platform/Developer/SDKs/iPhoneOS13.4.sdk -miphoneos-version-min=11.0 -O2 -fembed-bitcode -I/Users/zyoung/dev/SwiftyTesseract/SwiftyTesseract/SwiftyTesseract/leptonica-1.78.0/ios/arm-apple-darwin64/include/leptonica -I/Users/zyoung/dev/SwiftyTesseract/SwiftyTesseract/SwiftyTesseract/tesseract-4.1.0/ios/arm-apple-darwin64/ -arch arm64 -pipe -no-cpp-precomp -isysroot /Applications/Xcode.app/Contents/Developer/Platforms/iPhoneOS.platform/Developer/SDKs/iPhoneOS13.4.sdk -miphoneos-version-min=11.0 -O2 -Wno-deprecated-register -std=c++17 -MT mastertrainer.lo -MD -MP -MF .deps/mastertrainer.Tpo -c ../../../../src/classify/mastertrainer.cpp -o mastertrainer.o
libtool: compile:  /Applications/Xcode.app/Contents/Developer/usr/bin/g++ --target=arm-apple-darwin64 -DHAVE_CONFIG_H -I. -I../../../../src/classify -I../.. -DNDEBUG -I../../../../src/cutil -I../../../../src/ccutil -I../../../../src/ccstruct -I../../../../src/dict -I../../../../src/viewer -I/Users/zyoung/dev/SwiftyTesseract/SwiftyTesseract/SwiftyTesseract/tesseract-4.1.0/ios/arm-apple-darwin64/ -arch arm64 -pipe -no-cpp-precomp -isysroot /Applications/Xcode.app/Contents/Developer/Platforms/iPhoneOS.platform/Developer/SDKs/iPhoneOS13.4.sdk -miphoneos-version-min=11.0 -O2 -fembed-bitcode -I/Users/zyoung/dev/SwiftyTesseract/SwiftyTesseract/SwiftyTesseract/leptonica-1.78.0/ios/arm-apple-darwin64/include/leptonica -I/Users/zyoung/dev/SwiftyTesseract/SwiftyTesseract/SwiftyTesseract/tesseract-4.1.0/ios/arm-apple-darwin64/ -arch arm64 -pipe -no-cpp-precomp -isysroot /Applications/Xcode.app/Contents/Developer/Platforms/iPhoneOS.platform/Developer/SDKs/iPhoneOS13.4.sdk -miphoneos-version-min=11.0 -O2 -Wno-deprecated-register -std=c++17 -MT kdtree.lo -MD -MP -MF .deps/kdtree.Tpo -c ../../../../src/classify/kdtree.cpp -o kdtree.o
libtool: compile:  /Applications/Xcode.app/Contents/Developer/usr/bin/g++ --target=arm-apple-darwin64 -DHAVE_CONFIG_H -I. -I../../../../src/classify -I../.. -DNDEBUG -I../../../../src/cutil -I../../../../src/ccutil -I../../../../src/ccstruct -I../../../../src/dict -I../../../../src/viewer -I/Users/zyoung/dev/SwiftyTesseract/SwiftyTesseract/SwiftyTesseract/tesseract-4.1.0/ios/arm-apple-darwin64/ -arch arm64 -pipe -no-cpp-precomp -isysroot /Applications/Xcode.app/Contents/Developer/Platforms/iPhoneOS.platform/Developer/SDKs/iPhoneOS13.4.sdk -miphoneos-version-min=11.0 -O2 -fembed-bitcode -I/Users/zyoung/dev/SwiftyTesseract/SwiftyTesseract/SwiftyTesseract/leptonica-1.78.0/ios/arm-apple-darwin64/include/leptonica -I/Users/zyoung/dev/SwiftyTesseract/SwiftyTesseract/SwiftyTesseract/tesseract-4.1.0/ios/arm-apple-darwin64/ -arch arm64 -pipe -no-cpp-precomp -isysroot /Applications/Xcode.app/Contents/Developer/Platforms/iPhoneOS.platform/Developer/SDKs/iPhoneOS13.4.sdk -miphoneos-version-min=11.0 -O2 -Wno-deprecated-register -std=c++17 -MT mf.lo -MD -MP -MF .deps/mf.Tpo -c ../../../../src/classify/mf.cpp -o mf.o
libtool: compile:  /Applications/Xcode.app/Contents/Developer/usr/bin/g++ --target=arm-apple-darwin64 -DHAVE_CONFIG_H -I. -I../../../../src/classify -I../.. -DNDEBUG -I../../../../src/cutil -I../../../../src/ccutil -I../../../../src/ccstruct -I../../../../src/dict -I../../../../src/viewer -I/Users/zyoung/dev/SwiftyTesseract/SwiftyTesseract/SwiftyTesseract/tesseract-4.1.0/ios/arm-apple-darwin64/ -arch arm64 -pipe -no-cpp-precomp -isysroot /Applications/Xcode.app/Contents/Developer/Platforms/iPhoneOS.platform/Developer/SDKs/iPhoneOS13.4.sdk -miphoneos-version-min=11.0 -O2 -fembed-bitcode -I/Users/zyoung/dev/SwiftyTesseract/SwiftyTesseract/SwiftyTesseract/leptonica-1.78.0/ios/arm-apple-darwin64/include/leptonica -I/Users/zyoung/dev/SwiftyTesseract/SwiftyTesseract/SwiftyTesseract/tesseract-4.1.0/ios/arm-apple-darwin64/ -arch arm64 -pipe -no-cpp-precomp -isysroot /Applications/Xcode.app/Contents/Developer/Platforms/iPhoneOS.platform/Developer/SDKs/iPhoneOS13.4.sdk -miphoneos-version-min=11.0 -O2 -Wno-deprecated-register -std=c++17 -MT mfdefs.lo -MD -MP -MF .deps/mfdefs.Tpo -c ../../../../src/classify/mfdefs.cpp -o mfdefs.o
libtool: compile:  /Applications/Xcode.app/Contents/Developer/usr/bin/g++ --target=arm-apple-darwin64 -DHAVE_CONFIG_H -I. -I../../../../src/classify -I../.. -DNDEBUG -I../../../../src/cutil -I../../../../src/ccutil -I../../../../src/ccstruct -I../../../../src/dict -I../../../../src/viewer -I/Users/zyoung/dev/SwiftyTesseract/SwiftyTesseract/SwiftyTesseract/tesseract-4.1.0/ios/arm-apple-darwin64/ -arch arm64 -pipe -no-cpp-precomp -isysroot /Applications/Xcode.app/Contents/Developer/Platforms/iPhoneOS.platform/Developer/SDKs/iPhoneOS13.4.sdk -miphoneos-version-min=11.0 -O2 -fembed-bitcode -I/Users/zyoung/dev/SwiftyTesseract/SwiftyTesseract/SwiftyTesseract/leptonica-1.78.0/ios/arm-apple-darwin64/include/leptonica -I/Users/zyoung/dev/SwiftyTesseract/SwiftyTesseract/SwiftyTesseract/tesseract-4.1.0/ios/arm-apple-darwin64/ -arch arm64 -pipe -no-cpp-precomp -isysroot /Applications/Xcode.app/Contents/Developer/Platforms/iPhoneOS.platform/Developer/SDKs/iPhoneOS13.4.sdk -miphoneos-version-min=11.0 -O2 -Wno-deprecated-register -std=c++17 -MT mfoutline.lo -MD -MP -MF .deps/mfoutline.Tpo -c ../../../../src/classify/mfoutline.cpp -o mfoutline.o
libtool: compile:  /Applications/Xcode.app/Contents/Developer/usr/bin/g++ --target=arm-apple-darwin64 -DHAVE_CONFIG_H -I. -I../../../../src/classify -I../.. -DNDEBUG -I../../../../src/cutil -I../../../../src/ccutil -I../../../../src/ccstruct -I../../../../src/dict -I../../../../src/viewer -I/Users/zyoung/dev/SwiftyTesseract/SwiftyTesseract/SwiftyTesseract/tesseract-4.1.0/ios/arm-apple-darwin64/ -arch arm64 -pipe -no-cpp-precomp -isysroot /Applications/Xcode.app/Contents/Developer/Platforms/iPhoneOS.platform/Developer/SDKs/iPhoneOS13.4.sdk -miphoneos-version-min=11.0 -O2 -fembed-bitcode -I/Users/zyoung/dev/SwiftyTesseract/SwiftyTesseract/SwiftyTesseract/leptonica-1.78.0/ios/arm-apple-darwin64/include/leptonica -I/Users/zyoung/dev/SwiftyTesseract/SwiftyTesseract/SwiftyTesseract/tesseract-4.1.0/ios/arm-apple-darwin64/ -arch arm64 -pipe -no-cpp-precomp -isysroot /Applications/Xcode.app/Contents/Developer/Platforms/iPhoneOS.platform/Developer/SDKs/iPhoneOS13.4.sdk -miphoneos-version-min=11.0 -O2 -Wno-deprecated-register -std=c++17 -MT mfx.lo -MD -MP -MF .deps/mfx.Tpo -c ../../../../src/classify/mfx.cpp -o mfx.o
libtool: compile:  /Applications/Xcode.app/Contents/Developer/usr/bin/g++ --target=arm-apple-darwin64 -DHAVE_CONFIG_H -I. -I../../../../src/classify -I../.. -DNDEBUG -I../../../../src/cutil -I../../../../src/ccutil -I../../../../src/ccstruct -I../../../../src/dict -I../../../../src/viewer -I/Users/zyoung/dev/SwiftyTesseract/SwiftyTesseract/SwiftyTesseract/tesseract-4.1.0/ios/arm-apple-darwin64/ -arch arm64 -pipe -no-cpp-precomp -isysroot /Applications/Xcode.app/Contents/Developer/Platforms/iPhoneOS.platform/Developer/SDKs/iPhoneOS13.4.sdk -miphoneos-version-min=11.0 -O2 -fembed-bitcode -I/Users/zyoung/dev/SwiftyTesseract/SwiftyTesseract/SwiftyTesseract/leptonica-1.78.0/ios/arm-apple-darwin64/include/leptonica -I/Users/zyoung/dev/SwiftyTesseract/SwiftyTesseract/SwiftyTesseract/tesseract-4.1.0/ios/arm-apple-darwin64/ -arch arm64 -pipe -no-cpp-precomp -isysroot /Applications/Xcode.app/Contents/Developer/Platforms/iPhoneOS.platform/Developer/SDKs/iPhoneOS13.4.sdk -miphoneos-version-min=11.0 -O2 -Wno-deprecated-register -std=c++17 -MT normfeat.lo -MD -MP -MF .deps/normfeat.Tpo -c ../../../../src/classify/normfeat.cpp -o normfeat.o
libtool: compile:  /Applications/Xcode.app/Contents/Developer/usr/bin/g++ --target=arm-apple-darwin64 -DHAVE_CONFIG_H -I. -I../../../../src/classify -I../.. -DNDEBUG -I../../../../src/cutil -I../../../../src/ccutil -I../../../../src/ccstruct -I../../../../src/dict -I../../../../src/viewer -I/Users/zyoung/dev/SwiftyTesseract/SwiftyTesseract/SwiftyTesseract/tesseract-4.1.0/ios/arm-apple-darwin64/ -arch arm64 -pipe -no-cpp-precomp -isysroot /Applications/Xcode.app/Contents/Developer/Platforms/iPhoneOS.platform/Developer/SDKs/iPhoneOS13.4.sdk -miphoneos-version-min=11.0 -O2 -fembed-bitcode -I/Users/zyoung/dev/SwiftyTesseract/SwiftyTesseract/SwiftyTesseract/leptonica-1.78.0/ios/arm-apple-darwin64/include/leptonica -I/Users/zyoung/dev/SwiftyTesseract/SwiftyTesseract/SwiftyTesseract/tesseract-4.1.0/ios/arm-apple-darwin64/ -arch arm64 -pipe -no-cpp-precomp -isysroot /Applications/Xcode.app/Contents/Developer/Platforms/iPhoneOS.platform/Developer/SDKs/iPhoneOS13.4.sdk -miphoneos-version-min=11.0 -O2 -Wno-deprecated-register -std=c++17 -MT normmatch.lo -MD -MP -MF .deps/normmatch.Tpo -c ../../../../src/classify/normmatch.cpp -o normmatch.o
libtool: compile:  /Applications/Xcode.app/Contents/Developer/usr/bin/g++ --target=arm-apple-darwin64 -DHAVE_CONFIG_H -I. -I../../../../src/classify -I../.. -DNDEBUG -I../../../../src/cutil -I../../../../src/ccutil -I../../../../src/ccstruct -I../../../../src/dict -I../../../../src/viewer -I/Users/zyoung/dev/SwiftyTesseract/SwiftyTesseract/SwiftyTesseract/tesseract-4.1.0/ios/arm-apple-darwin64/ -arch arm64 -pipe -no-cpp-precomp -isysroot /Applications/Xcode.app/Contents/Developer/Platforms/iPhoneOS.platform/Developer/SDKs/iPhoneOS13.4.sdk -miphoneos-version-min=11.0 -O2 -fembed-bitcode -I/Users/zyoung/dev/SwiftyTesseract/SwiftyTesseract/SwiftyTesseract/leptonica-1.78.0/ios/arm-apple-darwin64/include/leptonica -I/Users/zyoung/dev/SwiftyTesseract/SwiftyTesseract/SwiftyTesseract/tesseract-4.1.0/ios/arm-apple-darwin64/ -arch arm64 -pipe -no-cpp-precomp -isysroot /Applications/Xcode.app/Contents/Developer/Platforms/iPhoneOS.platform/Developer/SDKs/iPhoneOS13.4.sdk -miphoneos-version-min=11.0 -O2 -Wno-deprecated-register -std=c++17 -MT ocrfeatures.lo -MD -MP -MF .deps/ocrfeatures.Tpo -c ../../../../src/classify/ocrfeatures.cpp -o ocrfeatures.o
libtool: compile:  /Applications/Xcode.app/Contents/Developer/usr/bin/g++ --target=arm-apple-darwin64 -DHAVE_CONFIG_H -I. -I../../../../src/classify -I../.. -DNDEBUG -I../../../../src/cutil -I../../../../src/ccutil -I../../../../src/ccstruct -I../../../../src/dict -I../../../../src/viewer -I/Users/zyoung/dev/SwiftyTesseract/SwiftyTesseract/SwiftyTesseract/tesseract-4.1.0/ios/arm-apple-darwin64/ -arch arm64 -pipe -no-cpp-precomp -isysroot /Applications/Xcode.app/Contents/Developer/Platforms/iPhoneOS.platform/Developer/SDKs/iPhoneOS13.4.sdk -miphoneos-version-min=11.0 -O2 -fembed-bitcode -I/Users/zyoung/dev/SwiftyTesseract/SwiftyTesseract/SwiftyTesseract/leptonica-1.78.0/ios/arm-apple-darwin64/include/leptonica -I/Users/zyoung/dev/SwiftyTesseract/SwiftyTesseract/SwiftyTesseract/tesseract-4.1.0/ios/arm-apple-darwin64/ -arch arm64 -pipe -no-cpp-precomp -isysroot /Applications/Xcode.app/Contents/Developer/Platforms/iPhoneOS.platform/Developer/SDKs/iPhoneOS13.4.sdk -miphoneos-version-min=11.0 -O2 -Wno-deprecated-register -std=c++17 -MT outfeat.lo -MD -MP -MF .deps/outfeat.Tpo -c ../../../../src/classify/outfeat.cpp -o outfeat.o
libtool: compile:  /Applications/Xcode.app/Contents/Developer/usr/bin/g++ --target=arm-apple-darwin64 -DHAVE_CONFIG_H -I. -I../../../../src/classify -I../.. -DNDEBUG -I../../../../src/cutil -I../../../../src/ccutil -I../../../../src/ccstruct -I../../../../src/dict -I../../../../src/viewer -I/Users/zyoung/dev/SwiftyTesseract/SwiftyTesseract/SwiftyTesseract/tesseract-4.1.0/ios/arm-apple-darwin64/ -arch arm64 -pipe -no-cpp-precomp -isysroot /Applications/Xcode.app/Contents/Developer/Platforms/iPhoneOS.platform/Developer/SDKs/iPhoneOS13.4.sdk -miphoneos-version-min=11.0 -O2 -fembed-bitcode -I/Users/zyoung/dev/SwiftyTesseract/SwiftyTesseract/SwiftyTesseract/leptonica-1.78.0/ios/arm-apple-darwin64/include/leptonica -I/Users/zyoung/dev/SwiftyTesseract/SwiftyTesseract/SwiftyTesseract/tesseract-4.1.0/ios/arm-apple-darwin64/ -arch arm64 -pipe -no-cpp-precomp -isysroot /Applications/Xcode.app/Contents/Developer/Platforms/iPhoneOS.platform/Developer/SDKs/iPhoneOS13.4.sdk -miphoneos-version-min=11.0 -O2 -Wno-deprecated-register -std=c++17 -MT picofeat.lo -MD -MP -MF .deps/picofeat.Tpo -c ../../../../src/classify/picofeat.cpp -o picofeat.o
libtool: compile:  /Applications/Xcode.app/Contents/Developer/usr/bin/g++ --target=arm-apple-darwin64 -DHAVE_CONFIG_H -I. -I../../../../src/classify -I../.. -DNDEBUG -I../../../../src/cutil -I../../../../src/ccutil -I../../../../src/ccstruct -I../../../../src/dict -I../../../../src/viewer -I/Users/zyoung/dev/SwiftyTesseract/SwiftyTesseract/SwiftyTesseract/tesseract-4.1.0/ios/arm-apple-darwin64/ -arch arm64 -pipe -no-cpp-precomp -isysroot /Applications/Xcode.app/Contents/Developer/Platforms/iPhoneOS.platform/Developer/SDKs/iPhoneOS13.4.sdk -miphoneos-version-min=11.0 -O2 -fembed-bitcode -I/Users/zyoung/dev/SwiftyTesseract/SwiftyTesseract/SwiftyTesseract/leptonica-1.78.0/ios/arm-apple-darwin64/include/leptonica -I/Users/zyoung/dev/SwiftyTesseract/SwiftyTesseract/SwiftyTesseract/tesseract-4.1.0/ios/arm-apple-darwin64/ -arch arm64 -pipe -no-cpp-precomp -isysroot /Applications/Xcode.app/Contents/Developer/Platforms/iPhoneOS.platform/Developer/SDKs/iPhoneOS13.4.sdk -miphoneos-version-min=11.0 -O2 -Wno-deprecated-register -std=c++17 -MT protos.lo -MD -MP -MF .deps/protos.Tpo -c ../../../../src/classify/protos.cpp -o protos.o
libtool: compile:  /Applications/Xcode.app/Contents/Developer/usr/bin/g++ --target=arm-apple-darwin64 -DHAVE_CONFIG_H -I. -I../../../../src/classify -I../.. -DNDEBUG -I../../../../src/cutil -I../../../../src/ccutil -I../../../../src/ccstruct -I../../../../src/dict -I../../../../src/viewer -I/Users/zyoung/dev/SwiftyTesseract/SwiftyTesseract/SwiftyTesseract/tesseract-4.1.0/ios/arm-apple-darwin64/ -arch arm64 -pipe -no-cpp-precomp -isysroot /Applications/Xcode.app/Contents/Developer/Platforms/iPhoneOS.platform/Developer/SDKs/iPhoneOS13.4.sdk -miphoneos-version-min=11.0 -O2 -fembed-bitcode -I/Users/zyoung/dev/SwiftyTesseract/SwiftyTesseract/SwiftyTesseract/leptonica-1.78.0/ios/arm-apple-darwin64/include/leptonica -I/Users/zyoung/dev/SwiftyTesseract/SwiftyTesseract/SwiftyTesseract/tesseract-4.1.0/ios/arm-apple-darwin64/ -arch arm64 -pipe -no-cpp-precomp -isysroot /Applications/Xcode.app/Contents/Developer/Platforms/iPhoneOS.platform/Developer/SDKs/iPhoneOS13.4.sdk -miphoneos-version-min=11.0 -O2 -Wno-deprecated-register -std=c++17 -MT sampleiterator.lo -MD -MP -MF .deps/sampleiterator.Tpo -c ../../../../src/classify/sampleiterator.cpp -o sampleiterator.o
libtool: compile:  /Applications/Xcode.app/Contents/Developer/usr/bin/g++ --target=arm-apple-darwin64 -DHAVE_CONFIG_H -I. -I../../../../src/classify -I../.. -DNDEBUG -I../../../../src/cutil -I../../../../src/ccutil -I../../../../src/ccstruct -I../../../../src/dict -I../../../../src/viewer -I/Users/zyoung/dev/SwiftyTesseract/SwiftyTesseract/SwiftyTesseract/tesseract-4.1.0/ios/arm-apple-darwin64/ -arch arm64 -pipe -no-cpp-precomp -isysroot /Applications/Xcode.app/Contents/Developer/Platforms/iPhoneOS.platform/Developer/SDKs/iPhoneOS13.4.sdk -miphoneos-version-min=11.0 -O2 -fembed-bitcode -I/Users/zyoung/dev/SwiftyTesseract/SwiftyTesseract/SwiftyTesseract/leptonica-1.78.0/ios/arm-apple-darwin64/include/leptonica -I/Users/zyoung/dev/SwiftyTesseract/SwiftyTesseract/SwiftyTesseract/tesseract-4.1.0/ios/arm-apple-darwin64/ -arch arm64 -pipe -no-cpp-precomp -isysroot /Applications/Xcode.app/Contents/Developer/Platforms/iPhoneOS.platform/Developer/SDKs/iPhoneOS13.4.sdk -miphoneos-version-min=11.0 -O2 -Wno-deprecated-register -std=c++17 -MT shapeclassifier.lo -MD -MP -MF .deps/shapeclassifier.Tpo -c ../../../../src/classify/shapeclassifier.cpp -o shapeclassifier.o
libtool: compile:  /Applications/Xcode.app/Contents/Developer/usr/bin/g++ --target=arm-apple-darwin64 -DHAVE_CONFIG_H -I. -I../../../../src/classify -I../.. -DNDEBUG -I../../../../src/cutil -I../../../../src/ccutil -I../../../../src/ccstruct -I../../../../src/dict -I../../../../src/viewer -I/Users/zyoung/dev/SwiftyTesseract/SwiftyTesseract/SwiftyTesseract/tesseract-4.1.0/ios/arm-apple-darwin64/ -arch arm64 -pipe -no-cpp-precomp -isysroot /Applications/Xcode.app/Contents/Developer/Platforms/iPhoneOS.platform/Developer/SDKs/iPhoneOS13.4.sdk -miphoneos-version-min=11.0 -O2 -fembed-bitcode -I/Users/zyoung/dev/SwiftyTesseract/SwiftyTesseract/SwiftyTesseract/leptonica-1.78.0/ios/arm-apple-darwin64/include/leptonica -I/Users/zyoung/dev/SwiftyTesseract/SwiftyTesseract/SwiftyTesseract/tesseract-4.1.0/ios/arm-apple-darwin64/ -arch arm64 -pipe -no-cpp-precomp -isysroot /Applications/Xcode.app/Contents/Developer/Platforms/iPhoneOS.platform/Developer/SDKs/iPhoneOS13.4.sdk -miphoneos-version-min=11.0 -O2 -Wno-deprecated-register -std=c++17 -MT shapetable.lo -MD -MP -MF .deps/shapetable.Tpo -c ../../../../src/classify/shapetable.cpp -o shapetable.o
libtool: compile:  /Applications/Xcode.app/Contents/Developer/usr/bin/g++ --target=arm-apple-darwin64 -DHAVE_CONFIG_H -I. -I../../../../src/classify -I../.. -DNDEBUG -I../../../../src/cutil -I../../../../src/ccutil -I../../../../src/ccstruct -I../../../../src/dict -I../../../../src/viewer -I/Users/zyoung/dev/SwiftyTesseract/SwiftyTesseract/SwiftyTesseract/tesseract-4.1.0/ios/arm-apple-darwin64/ -arch arm64 -pipe -no-cpp-precomp -isysroot /Applications/Xcode.app/Contents/Developer/Platforms/iPhoneOS.platform/Developer/SDKs/iPhoneOS13.4.sdk -miphoneos-version-min=11.0 -O2 -fembed-bitcode -I/Users/zyoung/dev/SwiftyTesseract/SwiftyTesseract/SwiftyTesseract/leptonica-1.78.0/ios/arm-apple-darwin64/include/leptonica -I/Users/zyoung/dev/SwiftyTesseract/SwiftyTesseract/SwiftyTesseract/tesseract-4.1.0/ios/arm-apple-darwin64/ -arch arm64 -pipe -no-cpp-precomp -isysroot /Applications/Xcode.app/Contents/Developer/Platforms/iPhoneOS.platform/Developer/SDKs/iPhoneOS13.4.sdk -miphoneos-version-min=11.0 -O2 -Wno-deprecated-register -std=c++17 -MT tessclassifier.lo -MD -MP -MF .deps/tessclassifier.Tpo -c ../../../../src/classify/tessclassifier.cpp -o tessclassifier.o
libtool: compile:  /Applications/Xcode.app/Contents/Developer/usr/bin/g++ --target=arm-apple-darwin64 -DHAVE_CONFIG_H -I. -I../../../../src/classify -I../.. -DNDEBUG -I../../../../src/cutil -I../../../../src/ccutil -I../../../../src/ccstruct -I../../../../src/dict -I../../../../src/viewer -I/Users/zyoung/dev/SwiftyTesseract/SwiftyTesseract/SwiftyTesseract/tesseract-4.1.0/ios/arm-apple-darwin64/ -arch arm64 -pipe -no-cpp-precomp -isysroot /Applications/Xcode.app/Contents/Developer/Platforms/iPhoneOS.platform/Developer/SDKs/iPhoneOS13.4.sdk -miphoneos-version-min=11.0 -O2 -fembed-bitcode -I/Users/zyoung/dev/SwiftyTesseract/SwiftyTesseract/SwiftyTesseract/leptonica-1.78.0/ios/arm-apple-darwin64/include/leptonica -I/Users/zyoung/dev/SwiftyTesseract/SwiftyTesseract/SwiftyTesseract/tesseract-4.1.0/ios/arm-apple-darwin64/ -arch arm64 -pipe -no-cpp-precomp -isysroot /Applications/Xcode.app/Contents/Developer/Platforms/iPhoneOS.platform/Developer/SDKs/iPhoneOS13.4.sdk -miphoneos-version-min=11.0 -O2 -Wno-deprecated-register -std=c++17 -MT trainingsample.lo -MD -MP -MF .deps/trainingsample.Tpo -c ../../../../src/classify/trainingsample.cpp -o trainingsample.o
libtool: compile:  /Applications/Xcode.app/Contents/Developer/usr/bin/g++ --target=arm-apple-darwin64 -DHAVE_CONFIG_H -I. -I../../../../src/classify -I../.. -DNDEBUG -I../../../../src/cutil -I../../../../src/ccutil -I../../../../src/ccstruct -I../../../../src/dict -I../../../../src/viewer -I/Users/zyoung/dev/SwiftyTesseract/SwiftyTesseract/SwiftyTesseract/tesseract-4.1.0/ios/arm-apple-darwin64/ -arch arm64 -pipe -no-cpp-precomp -isysroot /Applications/Xcode.app/Contents/Developer/Platforms/iPhoneOS.platform/Developer/SDKs/iPhoneOS13.4.sdk -miphoneos-version-min=11.0 -O2 -fembed-bitcode -I/Users/zyoung/dev/SwiftyTesseract/SwiftyTesseract/SwiftyTesseract/leptonica-1.78.0/ios/arm-apple-darwin64/include/leptonica -I/Users/zyoung/dev/SwiftyTesseract/SwiftyTesseract/SwiftyTesseract/tesseract-4.1.0/ios/arm-apple-darwin64/ -arch arm64 -pipe -no-cpp-precomp -isysroot /Applications/Xcode.app/Contents/Developer/Platforms/iPhoneOS.platform/Developer/SDKs/iPhoneOS13.4.sdk -miphoneos-version-min=11.0 -O2 -Wno-deprecated-register -std=c++17 -MT trainingsampleset.lo -MD -MP -MF .deps/trainingsampleset.Tpo -c ../../../../src/classify/trainingsampleset.cpp -o trainingsampleset.o
libtool: link: ar cru .libs/libtesseract_classify.a  blobclass.o classify.o adaptive.o adaptmatch.o cluster.o clusttool.o cutoffs.o errorcounter.o featdefs.o float2int.o fpoint.o intfeaturedist.o intfeaturemap.o intfeaturespace.o intfx.o intmatcher.o intproto.o kdtree.o mastertrainer.o mf.o mfdefs.o mfoutline.o mfx.o normfeat.o normmatch.o ocrfeatures.o outfeat.o picofeat.o protos.o sampleiterator.o shapeclassifier.o shapetable.o tessclassifier.o trainingsample.o trainingsampleset.o
libtool: link: ranlib .libs/libtesseract_classify.a
libtool: link: ( cd ".libs" && rm -f "libtesseract_classify.la" && ln -s "../libtesseract_classify.la" "libtesseract_classify.la" )
Making all in src/wordrec
libtool: compile:  /Applications/Xcode.app/Contents/Developer/usr/bin/g++ --target=arm-apple-darwin64 -DHAVE_CONFIG_H -I. -I../../../../src/wordrec -I../.. -DNDEBUG -I../../../../src/ccstruct -I../../../../src/ccutil -I../../../../src/cutil -I../../../../src/classify -I../../../../src/dict -I../../../../src/viewer -I/Users/zyoung/dev/SwiftyTesseract/SwiftyTesseract/SwiftyTesseract/tesseract-4.1.0/ios/arm-apple-darwin64/ -arch arm64 -pipe -no-cpp-precomp -isysroot /Applications/Xcode.app/Contents/Developer/Platforms/iPhoneOS.platform/Developer/SDKs/iPhoneOS13.4.sdk -miphoneos-version-min=11.0 -O2 -fembed-bitcode -I/Users/zyoung/dev/SwiftyTesseract/SwiftyTesseract/SwiftyTesseract/leptonica-1.78.0/ios/arm-apple-darwin64/include/leptonica -I/Users/zyoung/dev/SwiftyTesseract/SwiftyTesseract/SwiftyTesseract/tesseract-4.1.0/ios/arm-apple-darwin64/ -arch arm64 -pipe -no-cpp-precomp -isysroot /Applications/Xcode.app/Contents/Developer/Platforms/iPhoneOS.platform/Developer/SDKs/iPhoneOS13.4.sdk -miphoneos-version-min=11.0 -O2 -Wno-deprecated-register -std=c++17 -MT findseam.lo -MD -MP -MF .deps/findseam.Tpo -c ../../../../src/wordrec/findseam.cpp -o findseam.o
libtool: compile:  /Applications/Xcode.app/Contents/Developer/usr/bin/g++ --target=arm-apple-darwin64 -DHAVE_CONFIG_H -I. -I../../../../src/wordrec -I../.. -DNDEBUG -I../../../../src/ccstruct -I../../../../src/ccutil -I../../../../src/cutil -I../../../../src/classify -I../../../../src/dict -I../../../../src/viewer -I/Users/zyoung/dev/SwiftyTesseract/SwiftyTesseract/SwiftyTesseract/tesseract-4.1.0/ios/arm-apple-darwin64/ -arch arm64 -pipe -no-cpp-precomp -isysroot /Applications/Xcode.app/Contents/Developer/Platforms/iPhoneOS.platform/Developer/SDKs/iPhoneOS13.4.sdk -miphoneos-version-min=11.0 -O2 -fembed-bitcode -I/Users/zyoung/dev/SwiftyTesseract/SwiftyTesseract/SwiftyTesseract/leptonica-1.78.0/ios/arm-apple-darwin64/include/leptonica -I/Users/zyoung/dev/SwiftyTesseract/SwiftyTesseract/SwiftyTesseract/tesseract-4.1.0/ios/arm-apple-darwin64/ -arch arm64 -pipe -no-cpp-precomp -isysroot /Applications/Xcode.app/Contents/Developer/Platforms/iPhoneOS.platform/Developer/SDKs/iPhoneOS13.4.sdk -miphoneos-version-min=11.0 -O2 -Wno-deprecated-register -std=c++17 -MT chopper.lo -MD -MP -MF .deps/chopper.Tpo -c ../../../../src/wordrec/chopper.cpp -o chopper.o
libtool: compile:  /Applications/Xcode.app/Contents/Developer/usr/bin/g++ --target=arm-apple-darwin64 -DHAVE_CONFIG_H -I. -I../../../../src/wordrec -I../.. -DNDEBUG -I../../../../src/ccstruct -I../../../../src/ccutil -I../../../../src/cutil -I../../../../src/classify -I../../../../src/dict -I../../../../src/viewer -I/Users/zyoung/dev/SwiftyTesseract/SwiftyTesseract/SwiftyTesseract/tesseract-4.1.0/ios/arm-apple-darwin64/ -arch arm64 -pipe -no-cpp-precomp -isysroot /Applications/Xcode.app/Contents/Developer/Platforms/iPhoneOS.platform/Developer/SDKs/iPhoneOS13.4.sdk -miphoneos-version-min=11.0 -O2 -fembed-bitcode -I/Users/zyoung/dev/SwiftyTesseract/SwiftyTesseract/SwiftyTesseract/leptonica-1.78.0/ios/arm-apple-darwin64/include/leptonica -I/Users/zyoung/dev/SwiftyTesseract/SwiftyTesseract/SwiftyTesseract/tesseract-4.1.0/ios/arm-apple-darwin64/ -arch arm64 -pipe -no-cpp-precomp -isysroot /Applications/Xcode.app/Contents/Developer/Platforms/iPhoneOS.platform/Developer/SDKs/iPhoneOS13.4.sdk -miphoneos-version-min=11.0 -O2 -Wno-deprecated-register -std=c++17 -MT associate.lo -MD -MP -MF .deps/associate.Tpo -c ../../../../src/wordrec/associate.cpp -o associate.o
libtool: compile:  /Applications/Xcode.app/Contents/Developer/usr/bin/g++ --target=arm-apple-darwin64 -DHAVE_CONFIG_H -I. -I../../../../src/wordrec -I../.. -DNDEBUG -I../../../../src/ccstruct -I../../../../src/ccutil -I../../../../src/cutil -I../../../../src/classify -I../../../../src/dict -I../../../../src/viewer -I/Users/zyoung/dev/SwiftyTesseract/SwiftyTesseract/SwiftyTesseract/tesseract-4.1.0/ios/arm-apple-darwin64/ -arch arm64 -pipe -no-cpp-precomp -isysroot /Applications/Xcode.app/Contents/Developer/Platforms/iPhoneOS.platform/Developer/SDKs/iPhoneOS13.4.sdk -miphoneos-version-min=11.0 -O2 -fembed-bitcode -I/Users/zyoung/dev/SwiftyTesseract/SwiftyTesseract/SwiftyTesseract/leptonica-1.78.0/ios/arm-apple-darwin64/include/leptonica -I/Users/zyoung/dev/SwiftyTesseract/SwiftyTesseract/SwiftyTesseract/tesseract-4.1.0/ios/arm-apple-darwin64/ -arch arm64 -pipe -no-cpp-precomp -isysroot /Applications/Xcode.app/Contents/Developer/Platforms/iPhoneOS.platform/Developer/SDKs/iPhoneOS13.4.sdk -miphoneos-version-min=1libtool: compile:  /Applications/Xcode.app/Contents/Developer/usr/bin/g++ --target=arm-apple-darwin64 -DHAVE_CONFIG_H -I. -I../../../../src/wordrec -I../.. -DNDEBUG -I../../../../src/ccstruct -I../../../../src/ccutil -I../../../../src/cutil -I../../../../src/classify -I../../../../src/dict -I../../../../src/viewer -I/Users/zyoung/dev/SwiftyTesseract/SwiftyTesseract/SwiftyTesseract/tesseract-4.1.0/ios/arm-apple-darwin64/ -arch arm64 -pipe -no-cpp-precomp -isysroot /Applications/Xcode.app/Contents/Developer/Platforms/iPhoneOS.platform/Developer/SDKs/iPhoneOS13.4.sdk -miphoneos-version-min=11.0 -O2 -fembed-bitcode -I/Users/zyoung/dev/SwiftyTesseract/SwiftyTesseract/SwiftyTesseract/leptonica-1.78.0/ios/arm-apple-darwin64/include/leptonica -I/Users/zyoung/dev/SwiftyTesseract/SwiftyTesseract/SwiftyTesseract/tesseract-4.1.0/ios/arm-apple-darwin64/ -arch arm64 -pipe -no-cpp-precomp -isysroot /Applications/Xcode.app/Contents/Developer/Platforms/iPhoneOS.platform/Developer/SDKs/iPhoneOS13.4.sdk -miphoneos-version-min=11.0 -O2 -Wno-deprecated-register -std=c++17 -MT chop.lo -MD -MP -MF .deps/chop.Tpo -c ../../../../src/wordrec/chop.cpp -o chop.o
1.0 -O2 -Wno-deprecated-register -std=c++17 -MT drawfx.lo -MD -MP -MF .deps/drawfx.Tpo -c ../../../../src/wordrec/drawfx.cpp -o drawfx.o
libtool: compile:  /Applications/Xcode.app/Contents/Developer/usr/bin/g++ --target=arm-apple-darwin64 -DHAVE_CONFIG_H -I. -I../../../../src/wordrec -I../.. -DNDEBUG -I../../../../src/ccstruct -I../../../../src/ccutil -I../../../../src/cutil -I../../../../src/classify -I../../../../src/dict -I../../../../src/viewer -I/Users/zyoung/dev/SwiftyTesseract/SwiftyTesseract/SwiftyTesseract/tesseract-4.1.0/ios/arm-apple-darwin64/ -arch arm64 -pipe -no-cpp-precomp -isysroot /Applications/Xcode.app/Contents/Developer/Platforms/iPhoneOS.platform/Developer/SDKs/iPhoneOS13.4.sdk -miphoneos-version-min=11.0 -O2 -fembed-bitcode -I/Users/zyoung/dev/SwiftyTesseract/SwiftyTesseract/SwiftyTesseract/leptonica-1.78.0/ios/arm-apple-darwin64/include/leptonica -I/Users/zyoung/dev/SwiftyTesseract/SwiftyTesseract/SwiftyTesseract/tesseract-4.1.0/ios/arm-apple-darwin64/ -arch arm64 -pipe -no-cpp-precomp -isysroot /Applications/Xcode.app/Contents/Developer/Platforms/iPhoneOS.platform/Developer/SDKs/iPhoneOS13.4.sdk -miphoneos-version-min=11.0 -O2 -Wno-deprecated-register -std=c++17 -MT tface.lo -MD -MP -MF .deps/tface.Tpo -c ../../../../src/wordrec/tface.cpp -o tface.o
libtool: compile:  /Applications/Xcode.app/Contents/Developer/usr/bin/g++ --target=arm-apple-darwin64 -DHAVE_CONFIG_H -I. -I../../../../src/wordrec -I../.. -DNDEBUG -I../../../../src/ccstruct -I../../../../src/ccutil -I../../../../src/cutil -I../../../../src/classify -I../../../../src/dict -I../../../../src/viewer -I/Users/zyoung/dev/SwiftyTesseract/SwiftyTesseract/SwiftyTesseract/tesseract-4.1.0/ios/arm-apple-darwin64/ -arch arm64 -pipe -no-cpp-precomp -isysroot /Applications/Xcode.app/Contents/Developer/Platforms/iPhoneOS.platform/Developer/SDKs/iPhoneOS13.4.sdk -miphoneos-version-min=11.0 -O2 -fembed-bitcode -I/Users/zyoung/dev/SwiftyTesseract/SwiftyTesseract/SwiftyTesseract/leptonica-1.78.0/ios/arm-apple-darwin64/include/leptonica -I/Users/zyoung/dev/SwiftyTesseract/SwiftyTesseract/SwiftyTesseract/tesseract-4.1.0/ios/arm-apple-darwin64/ -arch arm64 -pipe -no-cpp-precomp -isysroot /Applications/Xcode.app/Contents/Developer/Platforms/iPhoneOS.platform/Developer/SDKs/iPhoneOS13.4.sdk -miphoneos-version-min=11.0 -O2 -Wno-deprecated-register -std=c++17 -MT gradechop.lo -MD -MP -MF .deps/gradechop.Tpo -c ../../../../src/wordrec/gradechop.cpp -o gradechop.o
libtool: compile:  /Applications/Xcode.app/Contents/Developer/usr/bin/g++ --target=arm-apple-darwin64 -DHAVE_CONFIG_H -I. -I../../../../src/wordrec -I../.. -DNDEBUG -I../../../../src/ccstruct -I../../../../src/ccutil -I../../../../src/cutil -I../../../../src/classify -I../../../../src/dict -I../../../../src/viewer -I/Users/zyoung/dev/SwiftyTesseract/SwiftyTesseract/SwiftyTesseract/tesseract-4.1.0/ios/arm-apple-darwin64/ -arch arm64 -pipe -no-cpp-precomp -isysroot /Applications/Xcode.app/Contents/Developer/Platforms/iPhoneOS.platform/Developer/SDKs/iPhoneOS13.4.sdk -miphoneos-version-min=11.0 -O2 -fembed-bitcode -I/Users/zyoung/dev/SwiftyTesseract/SwiftyTesseract/SwiftyTesseract/leptonica-1.78.0/ios/arm-apple-darwin64/include/leptonica -I/Users/zyoung/dev/SwiftyTesseract/SwiftyTesseract/SwiftyTesseract/tesseract-4.1.0/ios/arm-apple-darwin64/ -arch arm64 -pipe -no-cpp-precomp -isysroot /Applications/Xcode.app/Contents/Developer/Platforms/iPhoneOS.platform/Developer/SDKs/iPhoneOS13.4.sdk -miphoneos-version-min=11.0 -O2 -Wno-deprecated-register -std=c++17 -MT wordrec.lo -MD -MP -MF .deps/wordrec.Tpo -c ../../../../src/wordrec/wordrec.cpp -o wordrec.o
libtool: compile:  /Applications/Xcode.app/Contents/Developer/usr/bin/g++ --target=arm-apple-darwin64 -DHAVE_CONFIG_H -I. -I../../../../src/wordrec -I../.. -DNDEBUG -I../../../../src/ccstruct -I../../../../src/ccutil -I../../../../src/cutil -I../../../../src/classify -I../../../../src/dict -I../../../../src/viewer -I/Users/zyoung/dev/SwiftyTesseract/SwiftyTesseract/SwiftyTesseract/tesseract-4.1.0/ios/arm-apple-darwin64/ -arch arm64 -pipe -no-cpp-precomp -isysroot /Applications/Xcode.app/Contents/Developer/Platforms/iPhoneOS.platform/Developer/SDKs/iPhoneOS13.4.sdk -miphoneos-version-min=11.0 -O2 -fembed-bitcode -I/Users/zyoung/dev/SwiftyTesseract/SwiftyTesseract/SwiftyTesseract/leptonica-1.78.0/ios/arm-apple-darwin64/include/leptonica -I/Users/zyoung/dev/SwiftyTesseract/SwiftyTesseract/SwiftyTesseract/tesseract-4.1.0/ios/arm-apple-darwin64/ -arch arm64 -pipe -no-cpp-precomp -isysroot /Applications/Xcode.app/Contents/Developer/Platforms/iPhoneOS.platform/Developer/SDKs/iPhoneOS13.4.sdk -miphoneos-version-min=11.0 -O2 -Wno-deprecated-register -std=c++17 -MT language_model.lo -MD -MP -MF .deps/language_model.Tpo -c ../../../../src/wordrec/language_model.cpp -o language_model.o
libtool: compile:  /Applications/Xcode.app/Contents/Developer/usr/bin/g++ --target=arm-apple-darwin64 -DHAVE_CONFIG_H -I. -I../../../../src/wordrec -I../.. -DNDEBUG -I../../../../src/ccstruct -I../../../../src/ccutil -I../../../../src/cutil -I../../../../src/classify -I../../../../src/dict -I../../../../src/viewer -I/Users/zyoung/dev/SwiftyTesseract/SwiftyTesseract/SwiftyTesseract/tesseract-4.1.0/ios/arm-apple-darwin64/ -arch arm64 -pipe -no-cpp-precomp -isysroot /Applications/Xcode.app/Contents/Developer/Platforms/iPhoneOS.platform/Developer/SDKs/iPhoneOS13.4.sdk -miphoneos-version-min=11.0 -O2 -fembed-bitcode -I/Users/zyoung/dev/SwiftyTesseract/SwiftyTesseract/SwiftyTesseract/leptonica-1.78.0/ios/arm-apple-darwin64/include/leptonica -I/Users/zyoung/dev/SwiftyTesseract/SwiftyTesseract/SwiftyTesseract/tesseract-4.1.0/ios/arm-apple-darwin64/ -arch arm64 -pipe -no-cpp-precomp -isysroot /Applications/Xcode.app/Contents/Developer/Platforms/iPhoneOS.platform/Developer/SDKs/iPhoneOS13.4.sdk -miphoneos-version-min=11.0 -O2 -Wno-deprecated-register -std=c++17 -MT lm_consistency.lo -MD -MP -MF .deps/lm_consistency.Tpo -c ../../../../src/wordrec/lm_consistency.cpp -o lm_consistency.o
libtool: compile:  /Applications/Xcode.app/Contents/Developer/usr/bin/g++ --target=arm-apple-darwin64 -DHAVE_CONFIG_H -I. -I../../../../src/wordrec -I../.. -DNDEBUG -I../../../../src/ccstruct -I../../../../src/ccutil -I../../../../src/cutil -I../../../../src/classify -I../../../../src/dict -I../../../../src/viewer -I/Users/zyoung/dev/SwiftyTesseract/SwiftyTesseract/SwiftyTesseract/tesseract-4.1.0/ios/arm-apple-darwin64/ -arch arm64 -pipe -no-cpp-precomp -isysroot /Applications/Xcode.app/Contents/Developer/Platforms/iPhoneOS.platform/Developer/SDKs/iPhoneOS13.4.sdk -miphoneos-version-min=11.0 -O2 -fembed-bitcode -I/Users/zyoung/dev/SwiftyTesseract/SwiftyTesseract/SwiftyTesseract/leptonica-1.78.0/ios/arm-apple-darwin64/include/leptonica -I/Users/zyoung/dev/SwiftyTesseract/SwiftyTesseract/SwiftyTesseract/tesseract-4.1.0/ios/arm-apple-darwin64/ -arch arm64 -pipe -no-cpp-precomp -isysroot /Applications/Xcode.app/Contents/Developer/Platforms/iPhoneOS.platform/Developer/SDKs/iPhoneOS13.4.sdk -miphoneos-version-min=11.0 -O2 -Wno-deprecated-register -std=c++17 -MT lm_pain_points.lo -MD -MP -MF .deps/lm_pain_points.Tpo -c ../../../../src/wordrec/lm_pain_points.cpp -o lm_pain_points.o
libtool: compile:  /Applications/Xcode.app/Contents/Developer/usr/bin/g++ --target=arm-apple-darwin64 -DHAVE_CONFIG_H -I. -I../../../../src/wordrec -I../.. -DNDEBUG -I../../../../src/ccstruct -I../../../../src/ccutil -I../../../../src/cutil -I../../../../src/classify -I../../../../src/dict -I../../../../src/viewer -I/Users/zyoung/dev/SwiftyTesseract/SwiftyTesseract/SwiftyTesseract/tesseract-4.1.0/ios/arm-apple-darwin64/ -arch arm64 -pipe -no-cpp-precomp -isysroot /Applications/Xcode.app/Contents/Developer/Platforms/iPhoneOS.platform/Developer/SDKs/iPhoneOS13.4.sdk -miphoneos-version-min=11.0 -O2 -fembed-bitcode -I/Users/zyoung/dev/SwiftyTesseract/SwiftyTesseract/SwiftyTesseract/leptonica-1.78.0/ios/arm-apple-darwin64/include/leptonica -I/Users/zyoung/dev/SwiftyTesseract/SwiftyTesseract/SwiftyTesseract/tesseract-4.1.0/ios/arm-apple-darwin64/ -arch arm64 -pipe -no-cpp-precomp -isysroot /Applications/Xcode.app/Contents/Developer/Platforms/iPhoneOS.platform/Developer/SDKs/iPhoneOS13.4.sdk -miphoneos-version-min=11.0 -O2 -Wno-deprecated-register -std=c++17 -MT outlines.lo -MD -MP -MF .deps/outlines.Tpo -c ../../../../src/wordrec/outlines.cpp -o outlines.o
libtool: compile:  /Applications/Xcode.app/Contents/Developer/usr/bin/g++ --target=arm-apple-darwin64 -DHAVE_CONFIG_H -I. -I../../../../src/wordrec -I../.. -DNDEBUG -I../../../../src/ccstruct -I../../../../src/ccutil -I../../../../src/cutil -I../../../../src/classify -I../../../../src/dict -I../../../../src/viewer -I/Users/zyoung/dev/SwiftyTesseract/SwiftyTesseract/SwiftyTesseract/tesseract-4.1.0/ios/arm-apple-darwin64/ -arch arm64 -pipe -no-cpp-precomp -isysroot /Applications/Xcode.app/Contents/Developer/Platforms/iPhoneOS.platform/Developer/SDKs/iPhoneOS13.4.sdk -miphoneos-version-min=11.0 -O2 -fembed-bitcode -I/Users/zyoung/dev/SwiftyTesseract/SwiftyTesseract/SwiftyTesseract/leptonica-1.78.0/ios/arm-apple-darwin64/include/leptonica -I/Users/zyoung/dev/SwiftyTesseract/SwiftyTesseract/SwiftyTesseract/tesseract-4.1.0/ios/arm-apple-darwin64/ -arch arm64 -pipe -no-cpp-precomp -isysroot /Applications/Xcode.app/Contents/Developer/Platforms/iPhoneOS.platform/Developer/SDKs/iPhoneOS13.4.sdk -miphoneos-version-min=11.0 -O2 -Wno-deprecated-register -std=c++17 -MT lm_state.lo -MD -MP -MF .deps/lm_state.Tpo -c ../../../../src/wordrec/lm_state.cpp -o lm_state.o
libtool: compile:  /Applications/Xcode.app/Contents/Developer/usr/bin/g++ --target=arm-apple-darwin64 -DHAVE_CONFIG_H -I. -I../../../../src/wordrec -I../.. -DNDEBUG -I../../../../src/ccstruct -I../../../../src/ccutil -I../../../../src/cutil -I../../../../src/classify -I../../../../src/dict -I../../../../src/viewer -I/Users/zyoung/dev/SwiftyTesseract/SwiftyTesseract/SwiftyTesseract/tesseract-4.1.0/ios/arm-apple-darwin64/ -arch arm64 -pipe -no-cpp-precomp -isysroot /Applications/Xcode.app/Contents/Developer/Platforms/iPhoneOS.platform/Developer/SDKs/iPhoneOS13.4.sdk -miphoneos-version-min=11.0 -O2 -fembed-bitcode -I/Users/zyoung/dev/SwiftyTesseract/SwiftyTesseract/SwiftyTesseract/leptonica-1.78.0/ios/arm-apple-darwin64/include/leptonica -I/Users/zyoung/dev/SwiftyTesseract/SwiftyTesseract/SwiftyTesseract/tesseract-4.1.0/ios/arm-apple-darwin64/ -arch arm64 -pipe -no-cpp-precomp -isysroot /Applications/Xcode.app/Contents/Developer/Platforms/iPhoneOS.platform/Developer/SDKs/iPhoneOS13.4.sdk -miphoneos-version-min=11.0 -O2 -Wno-deprecated-register -std=c++17 -MT params_model.lo -MD -MP -MF .deps/params_model.Tpo -c ../../../../src/wordrec/params_model.cpp -o params_model.o
libtool: compile:  /Applications/Xcode.app/Contents/Developer/usr/bin/g++ --target=arm-apple-darwin64 -DHAVE_CONFIG_H -I. -I../../../../src/wordrec -I../.. -DNDEBUG -I../../../../src/ccstruct -I../../../../src/ccutil -I../../../../src/cutil -I../../../../src/classify -I../../../../src/dict -I../../../../src/viewer -I/Users/zyoung/dev/SwiftyTesseract/SwiftyTesseract/SwiftyTesseract/tesseract-4.1.0/ios/arm-apple-darwin64/ -arch arm64 -pipe -no-cpp-precomp -isysroot /Applications/Xcode.app/Contents/Developer/Platforms/iPhoneOS.platform/Developer/SDKs/iPhoneOS13.4.sdk -miphoneos-version-min=11.0 -O2 -fembed-bitcode -I/Users/zyoung/dev/SwiftyTesseract/SwiftyTesseract/SwiftyTesseract/leptonica-1.78.0/ios/arm-apple-darwin64/include/leptonica -I/Users/zyoung/dev/SwiftyTesseract/SwiftyTesseract/SwiftyTesseract/tesseract-4.1.0/ios/arm-apple-darwin64/ -arch arm64 -pipe -no-cpp-precomp -isysroot /Applications/Xcode.app/Contents/Developer/Platforms/iPhoneOS.platform/Developer/SDKs/iPhoneOS13.4.sdk -miphoneos-version-min=11.0 -O2 -Wno-deprecated-register -std=c++17 -MT pieces.lo -MD -MP -MF .deps/pieces.Tpo -c ../../../../src/wordrec/pieces.cpp -o pieces.o
libtool: compile:  /Applications/Xcode.app/Contents/Developer/usr/bin/g++ --target=arm-apple-darwin64 -DHAVE_CONFIG_H -I. -I../../../../src/wordrec -I../.. -DNDEBUG -I../../../../src/ccstruct -I../../../../src/ccutil -I../../../../src/cutil -I../../../../src/classify -I../../../../src/dict -I../../../../src/viewer -I/Users/zyoung/dev/SwiftyTesseract/SwiftyTesseract/SwiftyTesseract/tesseract-4.1.0/ios/arm-apple-darwin64/ -arch arm64 -pipe -no-cpp-precomp -isysroot /Applications/Xcode.app/Contents/Developer/Platforms/iPhoneOS.platform/Developer/SDKs/iPhoneOS13.4.sdk -miphoneos-version-min=11.0 -O2 -fembed-bitcode -I/Users/zyoung/dev/SwiftyTesseract/SwiftyTesseract/SwiftyTesseract/leptonica-1.78.0/ios/arm-apple-darwin64/include/leptonica -I/Users/zyoung/dev/SwiftyTesseract/SwiftyTesseract/SwiftyTesseract/tesseract-4.1.0/ios/arm-apple-darwin64/ -arch arm64 -pipe -no-cpp-precomp -isysroot /Applications/Xcode.app/Contents/Developer/Platforms/iPhoneOS.platform/Developer/SDKs/iPhoneOS13.4.sdk -miphoneos-version-min=11.0 -O2 -Wno-deprecated-register -std=c++17 -MT plotedges.lo -MD -MP -MF .deps/plotedges.Tpo -c ../../../../src/wordrec/plotedges.cpp -o plotedges.o
libtool: compile:  /Applications/Xcode.app/Contents/Developer/usr/bin/g++ --target=arm-apple-darwin64 -DHAVE_CONFIG_H -I. -I../../../../src/wordrec -I../.. -DNDEBUG -I../../../../src/ccstruct -I../../../../src/ccutil -I../../../../src/cutil -I../../../../src/classify -I../../../../src/dict -I../../../../src/viewer -I/Users/zyoung/dev/SwiftyTesseract/SwiftyTesseract/SwiftyTesseract/tesseract-4.1.0/ios/arm-apple-darwin64/ -arch arm64 -pipe -no-cpp-precomp -isysroot /Applications/Xcode.app/Contents/Developer/Platforms/iPhoneOS.platform/Developer/SDKs/iPhoneOS13.4.sdk -miphoneos-version-min=11.0 -O2 -fembed-bitcode -I/Users/zyoung/dev/SwiftyTesseract/SwiftyTesseract/SwiftyTesseract/leptonica-1.78.0/ios/arm-apple-darwin64/include/leptonica -I/Users/zyoung/dev/SwiftyTesseract/SwiftyTesseract/SwiftyTesseract/tesseract-4.1.0/ios/arm-apple-darwin64/ -arch arm64 -pipe -no-cpp-precomp -isysroot /Applications/Xcode.app/Contents/Developer/Platforms/iPhoneOS.platform/Developer/SDKs/iPhoneOS13.4.sdk -miphoneos-version-min=11.0 -O2 -Wno-deprecated-register -std=c++17 -MT render.lo -MD -MP -MF .deps/render.Tpo -c ../../../../src/wordrec/render.cpp -o render.o
libtool: compile:  /Applications/Xcode.app/Contents/Developer/usr/bin/g++ --target=arm-apple-darwin64 -DHAVE_CONFIG_H -I. -I../../../../src/wordrec -I../.. -DNDEBUG -I../../../../src/ccstruct -I../../../../src/ccutil -I../../../../src/cutil -I../../../../src/classify -I../../../../src/dict -I../../../../src/viewer -I/Users/zyoung/dev/SwiftyTesseract/SwiftyTesseract/SwiftyTesseract/tesseract-4.1.0/ios/arm-apple-darwin64/ -arch arm64 -pipe -no-cpp-precomp -isysroot /Applications/Xcode.app/Contents/Developer/Platforms/iPhoneOS.platform/Developer/SDKs/iPhoneOS13.4.sdk -miphoneos-version-min=11.0 -O2 -fembed-bitcode -I/Users/zyoung/dev/SwiftyTesseract/SwiftyTesseract/SwiftyTesseract/leptonica-1.78.0/ios/arm-apple-darwin64/include/leptonica -I/Users/zyoung/dev/SwiftyTesseract/SwiftyTesseract/SwiftyTesseract/tesseract-4.1.0/ios/arm-apple-darwin64/ -arch arm64 -pipe -no-cpp-precomp -isysroot /Applications/Xcode.app/Contents/Developer/Platforms/iPhoneOS.platform/Developer/SDKs/iPhoneOS13.4.sdk -miphoneos-version-min=11.0 -O2 -Wno-deprecated-register -std=c++17 -MT segsearch.lo -MD -MP -MF .deps/segsearch.Tpo -c ../../../../src/wordrec/segsearch.cpp -o segsearch.o
libtool: compile:  /Applications/Xcode.app/Contents/Developer/usr/bin/g++ --target=arm-apple-darwin64 -DHAVE_CONFIG_H -I. -I../../../../src/wordrec -I../.. -DNDEBUG -I../../../../src/ccstruct -I../../../../src/ccutil -I../../../../src/cutil -I../../../../src/classify -I../../../../src/dict -I../../../../src/viewer -I/Users/zyoung/dev/SwiftyTesseract/SwiftyTesseract/SwiftyTesseract/tesseract-4.1.0/ios/arm-apple-darwin64/ -arch arm64 -pipe -no-cpp-precomp -isysroot /Applications/Xcode.app/Contents/Developer/Platforms/iPhoneOS.platform/Developer/SDKs/iPhoneOS13.4.sdk -miphoneos-version-min=11.0 -O2 -fembed-bitcode -I/Users/zyoung/dev/SwiftyTesseract/SwiftyTesseract/SwiftyTesseract/leptonica-1.78.0/ios/arm-apple-darwin64/include/leptonica -I/Users/zyoung/dev/SwiftyTesseract/SwiftyTesseract/SwiftyTesseract/tesseract-4.1.0/ios/arm-apple-darwin64/ -arch arm64 -pipe -no-cpp-precomp -isysroot /Applications/Xcode.app/Contents/Developer/Platforms/iPhoneOS.platform/Developer/SDKs/iPhoneOS13.4.sdk -miphoneos-version-min=11.0 -O2 -Wno-deprecated-register -std=c++17 -MT wordclass.lo -MD -MP -MF .deps/wordclass.Tpo -c ../../../../src/wordrec/wordclass.cpp -o wordclass.o
libtool: link: ar cru .libs/libtesseract_wordrec.a  tface.o wordrec.o associate.o chop.o chopper.o drawfx.o findseam.o gradechop.o language_model.o lm_consistency.o lm_pain_points.o lm_state.o outlines.o params_model.o pieces.o plotedges.o render.o segsearch.o wordclass.o
libtool: link: ranlib .libs/libtesseract_wordrec.a
libtool: link: ( cd ".libs" && rm -f "libtesseract_wordrec.la" && ln -s "../libtesseract_wordrec.la" "libtesseract_wordrec.la" )
Making all in src/textord
libtool: compile:  /Applications/Xcode.app/Contents/Developer/usr/bin/g++ --target=arm-apple-darwin64 -DHAVE_CONFIG_H -I. -I../../../../src/textord -I../.. -DNDEBUG -I../../../../src/ccstruct -I../../../../src/ccutil -I../../../../src/viewer -I../../../../src/ccmain -I../../../../src/wordrec -I../../../../src/api -I../../../../src/cutil -I../../../../src/classify -I../../../../src/dict -I../../../../src/opencl -I/Users/zyoung/dev/SwiftyTesseract/SwiftyTesseract/SwiftyTesseract/tesseract-4.1.0/ios/arm-apple-darwin64/ -arch arm64 -pipe -no-cpp-precomp -isysroot /Applications/Xcode.app/Contents/Developer/Platforms/iPhoneOS.platform/Developer/SDKs/iPhoneOS13.4.sdk -miphoneos-version-min=11.0 -O2 -fembed-bitcode -I/Users/zyoung/dev/SwiftyTesseract/SwiftyTesseract/SwiftyTesseract/leptonica-1.78.0/ios/arm-apple-darwin64/include/leptonica -I/Users/zyoung/dev/SwiftyTesseract/SwiftyTesseract/SwiftyTesseract/tesseract-4.1.0/ios/arm-apple-darwin64/ -arch arm64 -pipe -no-cpp-precomp -isysroot /Applications/Xcode.app/Contents/Developer/Platforms/iPhoneOS.platform/Developer/SDKs/iPhoneOS13.4.sdk -miphoneos-version-min=11.0 -O2 -Wno-deprecated-register -std=c++17 -MT alignedblob.lo -MD -MP -MF .deps/alignedblob.Tpo -c ../../../../src/textord/alignedblob.cpp -o alignedblob.o
libtool: compile:  /Applications/Xcode.app/Contents/Developer/usr/bin/g++ --target=arm-apple-darwin64 -DHAVE_CONFIG_H -I. -I../../../../src/textord -I../.. -DNDEBUG -I../../../../src/ccstruct -I../../../../src/ccutil -I../../../../src/viewer -I../../../../src/ccmain -I../../../../src/wordrec -I../../../../src/api -I../../../../src/cutil -I../../../../src/classify -I../../../../src/dict -I../../../../src/opencl -I/Users/zyoung/dev/SwiftyTesseract/SwiftyTesseract/SwiftyTesseract/tesseract-4.1.0/ios/arm-apple-darwin64/ -arch arm64 -pipe -no-cpp-precomp -isysroot /Applications/Xcode.app/Contents/Developer/Platforms/iPhoneOS.platform/Developer/SDKs/iPhoneOS13.4.sdk -miphoneos-version-min=11.0 -O2 -fembed-bitcode -I/Users/zyoung/dev/SwiftyTesseract/SwiftyTesseract/SwiftyTesseract/leptonica-1.78.0/ios/arm-apple-darwin64/include/leptonica -I/Users/zyoung/dev/SwiftyTesseract/SwiftyTesseract/SwiftyTesseract/tesseract-4.1.0/ios/arm-apple-darwin64/ -arch arm64 -pipe -no-cpp-precomp -isysroot /Applications/Xcode.app/Contents/Developer/Platforms/iPhoneOS.platform/Developer/SDKs/iPhoneOS13.4.sdk -miphoneos-version-min=11.0 -O2 -Wno-deprecated-register -std=c++17 -MT colfind.lo -MD -MP -MF .deps/colfind.Tpo -c ../../../../src/textord/colfind.cpp -o colfind.o
libtool: compile:  /Applications/Xcode.app/Contents/Developer/usr/bin/g++ --target=arm-apple-darwin64 -DHAVE_CONFIG_H -I. -I../../../../src/textord -I../.. -DNDEBUG -I../../../../src/ccstruct -I../../../../src/ccutil -I../../../../src/viewer -I../../../../src/ccmain -I../../../../src/wordrec -I../../../../src/api -I../../../../src/cutil -I../../../../src/classify -I../../../../src/dict -I../../../../src/opencl -I/Users/zyoung/dev/SwiftyTesseract/SwiftyTesseract/SwiftyTesseract/tesseract-4.1.0/ios/arm-apple-darwin64/ -arch arm64 -pipe -no-cpp-precomp -isysroot /Applications/Xcode.app/Contents/Developer/Platforms/iPhoneOS.platform/Developer/SDKs/iPhoneOS13.4.sdk -miphoneos-version-min=11.0 -O2 -fembed-bitcode -I/Users/zyoung/dev/SwiftyTesseract/SwiftyTesseract/SwiftyTesseract/leptonica-1.78.0/ios/arm-apple-darwin64/include/leptonica -I/Users/zyoung/dev/SwiftyTesseract/SwiftyTesseract/SwiftyTesseract/tesseract-4.1.0/ios/arm-apple-darwin64/ -arch arm64 -pipe -no-cpp-precomp -isysroot /Applications/Xcode.app/Contents/Developer/Platforms/iPhoneOS.platform/Developer/SDKs/iPhoneOS13.4.sdk -miphoneos-version-min=11.0 -O2 -Wno-deprecated-register -std=c++17 -MT cjkpitch.lo -MD -MP -MF .deps/cjkpitch.Tpo -c ../../../../src/textord/cjkpitch.cpp -o cjkpitch.o
libtool: compile:  /Applications/Xcode.app/Contents/Developer/usr/bin/g++ --target=arm-apple-darwin64 -DHAVE_CONFIG_H -I. -I../../../../src/textord -I../.. -DNDEBUG -I../../../../src/ccstruct -I../../../../src/ccutil -I../../../../src/viewer -I../../../../src/ccmain -I../../../../src/wordrec -I../../../../src/api -I../../../../src/cutil -I../../../../src/classify -I../../../../src/dict -I../../../../src/opencl -I/Users/zyoung/dev/SwiftyTesseract/SwiftyTesseract/SwiftyTesseract/tesseract-4.1.0/ios/arm-apple-darwin64/ -arch arm64 -pipe -no-cpp-precomp -isysroot /Applications/Xcode.app/Contents/Developer/Platforms/iPhoneOS.platform/Developer/SDKs/iPhoneOS13.4.sdk -miphoneos-version-min=11.0 -O2 -fembed-bitcode -I/Users/zyoung/dev/SwiftyTesseract/SwiftyTesseract/SwiftyTesseract/leptonica-1.78.0/ios/arm-apple-darwin64/include/leptonica -I/Users/zyoung/dev/SwiftyTesseract/SwiftyTesseract/SwiftyTesseract/tesseract-4.1.0/ios/arm-apple-darwin64/ -arch arm64 -pipe -no-cpp-precomp -isysroot /Applications/Xcode.app/Contents/Developer/Platforms/iPhoneOS.platform/Developer/SDKs/iPhoneOS13.4.sdk -miphoneos-version-min=11.0 -O2 -Wno-deprecated-register -std=c++17 -MT blkocc.lo -MD -MP -MF .deps/blkocc.Tpo -c ../../../../src/textord/blkocc.cpp -o blkocc.o
libtool: compile:  /Applications/Xcode.app/Contents/Developer/usr/bin/g++ --target=arm-apple-darwin64 -DHAVE_CONFIG_H -I. -I../../../../src/textord -I../.. -DNDEBUG -I../../../../src/ccstruct -I../../../../src/ccutil -I../../../../src/viewer -I../../../../src/ccmain -I../../../../src/wordrec -I../../../../src/api -I../../../../src/cutil -I../../../../src/classify -I../../../../src/dict -I../../../../src/opencl -I/Users/zyoung/dev/SwiftyTesseract/SwiftyTesseract/SwiftyTesseract/tesseract-4.1.0/ios/arm-apple-darwin64/ -arch arm64 -pipe -no-cpp-precomp -isysroot /Applications/Xcode.app/Contents/Developer/Platforms/iPhoneOS.platform/Developer/SDKs/iPhoneOS13.4.sdk -miphoneos-version-min=11.0 -O2 -fembed-bitcode -I/Users/zyoung/dev/SwiftyTesseract/SwiftyTesseract/SwiftyTesseract/leptonica-1.78.0/ios/arm-apple-darwin64/include/leptonica -I/Users/zyoung/dev/SwiftyTesseract/SwiftyTesseract/SwiftyTesseract/tesseract-4.1.0/ios/arm-apple-darwin64/ -arch arm64 -pipe -no-cpp-precomp -isysroot /Applications/Xcode.app/Contents/Developer/Platforms/iPhoneOS.platform/Developer/SDKs/iPhoneOS13.4.sdk -miphoneos-version-min=11.0 -O2 -Wno-deprecated-register -std=c++17 -MT bbgrid.lo -MD -MP -MF .deps/bbgrid.Tpo -c ../../../../src/textord/bbgrid.cpp -o bbgrid.o
libtool: compile:  /Applications/Xcode.app/Contents/Developer/usr/bin/g++ --target=arm-apple-darwin64 -DHAVE_CONFIG_H -I. -I../../../../src/textord -I../.. -DNDEBUG -I../../../../src/ccstruct -I../../../../src/ccutil -I../../../../src/viewer -I../../../../src/ccmain -I../../../../src/wordrec -I../../../../src/api -I../../../../src/cutil -I../../../../src/classify -I../../../../src/dict -I../../../../src/opencl -I/Users/zyoung/dev/SwiftyTesseract/SwiftyTesseract/SwiftyTesseract/tesseract-4.1.0/ios/arm-apple-darwin64/ -arch arm64 -pipe -no-cpp-precomp -isysroot /Applications/Xcode.app/Contents/Developer/Platforms/iPhoneOS.platform/Developer/SDKs/iPhoneOS13.4.sdk -miphoneos-version-min=11.0 -O2 -fembed-bitcode -I/Users/zyoung/dev/SwiftyTesseract/SwiftyTesseract/SwiftyTesseract/leptonica-1.78.0/ios/arm-apple-darwin64/include/leptonica -I/Users/zyoung/dev/SwiftyTesseract/SwiftyTesseract/SwiftyTesseract/tesseract-4.1.0/ios/arm-apple-darwin64/ -arch arm64 -pipe -no-cpp-precomp -isysroot /Applications/Xcode.app/Contents/Developer/Platforms/iPhoneOS.platform/Developer/SDKs/iPhoneOS13.4.sdk -miphoneos-version-min=11.0 -O2 -Wno-deprecated-register -std=c++17 -MT ccnontextdetect.lo -MD -MP -MF .deps/ccnontextdetect.Tpo -c ../../../../src/textord/ccnontextdetect.cpp -o ccnontextdetect.o
libtool: compile:  /Applications/Xcode.app/Contents/Developer/usr/bin/g++ --target=arm-apple-darwin64 -DHAVE_CONFIG_H -I. -I../../../../src/textord -I../.. -DNDEBUG -I../../../../src/ccstruct -I../../../../src/ccutil -I../../../../src/viewer -I../../../../src/ccmain -I../../../../src/wordrec -I../../../../src/api -I../../../../src/cutil -I../../../../src/classify -I../../../../src/dict -I../../../../src/opencl -I/Users/zyoung/dev/SwiftyTesseract/SwiftyTesseract/SwiftyTesseract/tesseract-4.1.0/ios/arm-apple-darwin64/ -arch arm64 -pipe -no-cpp-precomp -isysroot /Applications/Xcode.app/Contents/Developer/Platforms/iPhoneOS.platform/Developer/SDKs/iPhoneOS13.4.sdk -miphoneos-version-min=11.0 -O2 -fembed-bitcode -I/Users/zyoung/dev/SwiftyTesseract/SwiftyTesseract/SwiftyTesseract/leptonica-1.78.0/ios/arm-apple-darwin64/include/leptonica -I/Users/zyoung/dev/SwiftyTesseract/SwiftyTesseract/SwiftyTesseract/tesseract-4.1.0/ios/arm-apple-darwin64/ -arch arm64 -pipe -no-cpp-precomp -isysroot /Applications/Xcode.app/Contents/Developer/Platforms/iPhoneOS.platform/Developer/SDKs/iPhoneOS13.4.sdk -miphoneos-version-min=11.0 -O2 -Wno-deprecated-register -std=c++17 -MT baselinedetect.lo -MD -MP -MF .deps/baselinedetect.Tpo -c ../../../../src/textord/baselinedetect.cpp -o baselinedetect.o
libtool: compile:  /Applications/Xcode.app/Contents/Developer/usr/bin/g++ --target=arm-apple-darwin64 -DHAVE_CONFIG_H -I. -I../../../../src/textord -I../.. -DNDEBUG -I../../../../src/ccstruct -I../../../../src/ccutil -I../../../../src/viewer -I../../../../src/ccmain -I../../../../src/wordrec -I../../../../src/api -I../../../../src/cutil -I../../../../src/classify -I../../../../src/dict -I../../../../src/opencl -I/Users/zyoung/dev/SwiftyTesseract/SwiftyTesseract/SwiftyTesseract/tesseract-4.1.0/ios/arm-apple-darwin64/ -arch arm64 -pipe -no-cpp-precomp -isysroot /Applications/Xcode.app/Contents/Developer/Platforms/iPhoneOS.platform/Developer/SDKs/iPhoneOS13.4.sdk -miphoneos-version-min=11.0 -O2 -fembed-bitcode -I/Users/zyoung/dev/SwiftyTesseract/SwiftyTesseract/SwiftyTesseract/leptonica-1.78.0/ios/arm-apple-darwin64/include/leptonica -I/Users/zyoung/dev/SwiftyTesseract/SwiftyTesseract/SwiftyTesseract/tesseract-4.1.0/ios/arm-apple-darwin64/ -arch arm64 -pipe -no-cpp-precomp -isysroot /Applications/Xcode.app/Contents/Developer/Platforms/iPhoneOS.platform/Developer/SDKs/iPhoneOS13.4.sdk -miphoneos-version-min=11.0 -O2 -Wno-deprecated-register -std=c++17 -MT blobgrid.lo -MD -MP -MF .deps/blobgrid.Tpo -c ../../../../src/textord/blobgrid.cpp -o blobgrid.o
libtool: compile:  /Applications/Xcode.app/Contents/Developer/usr/bin/g++ --target=arm-apple-darwin64 -DHAVE_CONFIG_H -I. -I../../../../src/textord -I../.. -DNDEBUG -I../../../../src/ccstruct -I../../../../src/ccutil -I../../../../src/viewer -I../../../../src/ccmain -I../../../../src/wordrec -I../../../../src/api -I../../../../src/cutil -I../../../../src/classify -I../../../../src/dict -I../../../../src/opencl -I/Users/zyoung/dev/SwiftyTesseract/SwiftyTesseract/SwiftyTesseract/tesseract-4.1.0/ios/arm-apple-darwin64/ -arch arm64 -pipe -no-cpp-precomp -isysroot /Applications/Xcode.app/Contents/Developer/Platforms/iPhoneOS.platform/Developer/SDKs/iPhoneOS13.4.sdk -miphoneos-version-min=11.0 -O2 -fembed-bitcode -I/Users/zyoung/dev/SwiftyTesseract/SwiftyTesseract/SwiftyTesseract/leptonica-1.78.0/ios/arm-apple-darwin64/include/leptonica -I/Users/zyoung/dev/SwiftyTesseract/SwiftyTesseract/SwiftyTesseract/tesseract-4.1.0/ios/arm-apple-darwin64/ -arch arm64 -pipe -no-cpp-precomp -isysroot /Applications/Xcode.app/Contents/Developer/Platforms/iPhoneOS.platform/Developer/SDKs/iPhoneOS13.4.sdk -miphoneos-version-min=11.0 -O2 -Wno-deprecated-register -std=c++17 -MT colpartition.lo -MD -MP -MF .deps/colpartition.Tpo -c ../../../../src/textord/colpartition.cpp -o colpartition.o
libtool: compile:  /Applications/Xcode.app/Contents/Developer/usr/bin/g++ --target=arm-apple-darwin64 -DHAVE_CONFIG_H -I. -I../../../../src/textord -I../.. -DNDEBUG -I../../../../src/ccstruct -I../../../../src/ccutil -I../../../../src/viewer -I../../../../src/ccmain -I../../../../src/wordrec -I../../../../src/api -I../../../../src/cutil -I../../../../src/classify -I../../../../src/dict -I../../../../src/opencl -I/Users/zyoung/dev/SwiftyTesseract/SwiftyTesseract/SwiftyTesseract/tesseract-4.1.0/ios/arm-apple-darwin64/ -arch arm64 -pipe -no-cpp-precomp -isysroot /Applications/Xcode.app/Contents/Developer/Platforms/iPhoneOS.platform/Developer/SDKs/iPhoneOS13.4.sdk -miphoneos-version-min=11.0 -O2 -fembed-bitcode -I/Users/zyoung/dev/SwiftyTesseract/SwiftyTesseract/SwiftyTesseract/leptonica-1.78.0/ios/arm-apple-darwin64/include/leptonica -I/Users/zyoung/dev/SwiftyTesseract/SwiftyTesseract/SwiftyTesseract/tesseract-4.1.0/ios/arm-apple-darwin64/ -arch arm64 -pipe -no-cpp-precomp -isysroot /Applications/Xcode.app/Contents/Developer/Platforms/iPhoneOS.platform/Developer/SDKs/iPhoneOS13.4.sdk -miphoneos-version-min=11.0 -O2 -Wno-deprecated-register -std=c++17 -MT colpartitionset.lo -MD -MP -MF .deps/colpartitionset.Tpo -c ../../../../src/textord/colpartitionset.cpp -o colpartitionset.o
libtool: compile:  /Applications/Xcode.app/Contents/Developer/usr/bin/g++ --target=arm-apple-darwin64 -DHAVE_CONFIG_H -I. -I../../../../src/textord -I../.. -DNDEBUG -I../../../../src/ccstruct -I../../../../src/ccutil -I../../../../src/viewer -I../../../../src/ccmain -I../../../../src/wordrec -I../../../../src/api -I../../../../src/cutil -I../../../../src/classify -I../../../../src/dict -I../../../../src/opencl -I/Users/zyoung/dev/SwiftyTesseract/SwiftyTesseract/SwiftyTesseract/tesseract-4.1.0/ios/arm-apple-darwin64/ -arch arm64 -pipe -no-cpp-precomp -isysroot /Applications/Xcode.app/Contents/Developer/Platforms/iPhoneOS.platform/Developer/SDKs/iPhoneOS13.4.sdk -miphoneos-version-min=11.0 -O2 -fembed-bitcode -I/Users/zyoung/dev/SwiftyTesseract/SwiftyTesseract/SwiftyTesseract/leptonica-1.78.0/ios/arm-apple-darwin64/include/leptonica -I/Users/zyoung/dev/SwiftyTesseract/SwiftyTesseract/SwiftyTesseract/tesseract-4.1.0/ios/arm-apple-darwin64/ -arch arm64 -pipe -no-cpp-precomp -isysroot /Applications/Xcode.app/Contents/Developer/Platforms/iPhoneOS.platform/Developer/SDKs/iPhoneOS13.4.sdk -miphoneos-version-min=11.0 -O2 -Wno-deprecated-register -std=c++17 -MT colpartitiongrid.lo -MD -MP -MF .deps/colpartitiongrid.Tpo -c ../../../../src/textord/colpartitiongrid.cpp -o colpartitiongrid.o
libtool: compile:  /Applications/Xcode.app/Contents/Developer/usr/bin/g++ --target=arm-apple-darwin64 -DHAVE_CONFIG_H -I. -I../../../../src/textord -I../.. -DNDEBUG -I../../../../src/ccstruct -I../../../../src/ccutil -I../../../../src/viewer -I../../../../src/ccmain -I../../../../src/wordrec -I../../../../src/api -I../../../../src/cutil -I../../../../src/classify -I../../../../src/dict -I../../../../src/opencl -I/Users/zyoung/dev/SwiftyTesseract/SwiftyTesseract/SwiftyTesseract/tesseract-4.1.0/ios/arm-apple-darwin64/ -arch arm64 -pipe -no-cpp-precomp -isysroot /Applications/Xcode.app/Contents/Developer/Platforms/iPhoneOS.platform/Developer/SDKs/iPhoneOS13.4.sdk -miphoneos-version-min=11.0 -O2 -fembed-bitcode -I/Users/zyoung/dev/SwiftyTesseract/SwiftyTesseract/SwiftyTesseract/leptonica-1.78.0/ios/arm-apple-darwin64/include/leptonica -I/Users/zyoung/dev/SwiftyTesseract/SwiftyTesseract/SwiftyTesseract/tesseract-4.1.0/ios/arm-apple-darwin64/ -arch arm64 -pipe -no-cpp-precomp -isysroot /Applications/Xcode.app/Contents/Developer/Platforms/iPhoneOS.platform/Developer/SDKs/iPhoneOS13.4.sdk -miphoneos-version-min=11.0 -O2 -Wno-deprecated-register -std=c++17 -MT devanagari_processing.lo -MD -MP -MF .deps/devanagari_processing.Tpo -c ../../../../src/textord/devanagari_processing.cpp -o devanagari_processing.o
libtool: compile:  /Applications/Xcode.app/Contents/Developer/usr/bin/g++ --target=arm-apple-darwin64 -DHAVE_CONFIG_H -I. -I../../../../src/textord -I../.. -DNDEBUG -I../../../../src/ccstruct -I../../../../src/ccutil -I../../../../src/viewer -I../../../../src/ccmain -I../../../../src/wordrec -I../../../../src/api -I../../../../src/cutil -I../../../../src/classify -I../../../../src/dict -I../../../../src/opencl -I/Users/zyoung/dev/SwiftyTesseract/SwiftyTesseract/SwiftyTesseract/tesseract-4.1.0/ios/arm-apple-darwin64/ -arch arm64 -pipe -no-cpp-precomp -isysroot /Applications/Xcode.app/Contents/Developer/Platforms/iPhoneOS.platform/Developer/SDKs/iPhoneOS13.4.sdk -miphoneos-version-min=11.0 -O2 -fembed-bitcode -I/Users/zyoung/dev/SwiftyTesseract/SwiftyTesseract/SwiftyTesseract/leptonica-1.78.0/ios/arm-apple-darwin64/include/leptonica -I/Users/zyoung/dev/SwiftyTesseract/SwiftyTesseract/SwiftyTesseract/tesseract-4.1.0/ios/arm-apple-darwin64/ -arch arm64 -pipe -no-cpp-precomp -isysroot /Applications/Xcode.app/Contents/Developer/Platforms/iPhoneOS.platform/Developer/SDKs/iPhoneOS13.4.sdk -miphoneos-version-min=11.0 -O2 -Wno-deprecated-register -std=c++17 -MT drawedg.lo -MD -MP -MF .deps/drawedg.Tpo -c ../../../../src/textord/drawedg.cpp -o drawedg.o
libtool: compile:  /Applications/Xcode.app/Contents/Developer/usr/bin/g++ --target=arm-apple-darwin64 -DHAVE_CONFIG_H -I. -I../../../../src/textord -I../.. -DNDEBUG -I../../../../src/ccstruct -I../../../../src/ccutil -I../../../../src/viewer -I../../../../src/ccmain -I../../../../src/wordrec -I../../../../src/api -I../../../../src/cutil -I../../../../src/classify -I../../../../src/dict -I../../../../src/opencl -I/Users/zyoung/dev/SwiftyTesseract/SwiftyTesseract/SwiftyTesseract/tesseract-4.1.0/ios/arm-apple-darwin64/ -arch arm64 -pipe -no-cpp-precomp -isysroot /Applications/Xcode.app/Contents/Developer/Platforms/iPhoneOS.platform/Developer/SDKs/iPhoneOS13.4.sdk -miphoneos-version-min=11.0 -O2 -fembed-bitcode -I/Users/zyoung/dev/SwiftyTesseract/SwiftyTesseract/SwiftyTesseract/leptonica-1.78.0/ios/arm-apple-darwin64/include/leptonica -I/Users/zyoung/dev/SwiftyTesseract/SwiftyTesseract/SwiftyTesseract/tesseract-4.1.0/ios/arm-apple-darwin64/ -arch arm64 -pipe -no-cpp-precomp -isysroot /Applications/Xcode.app/Contents/Developer/Platforms/iPhoneOS.platform/Developer/SDKs/iPhoneOS13.4.sdk -miphoneos-version-min=11.0 -O2 -Wno-deprecated-register -std=c++17 -MT drawtord.lo -MD -MP -MF .deps/drawtord.Tpo -c ../../../../src/textord/drawtord.cpp -o drawtord.o
libtool: compile:  /Applications/Xcode.app/Contents/Developer/usr/bin/g++ --target=arm-apple-darwin64 -DHAVE_CONFIG_H -I. -I../../../../src/textord -I../.. -DNDEBUG -I../../../../src/ccstruct -I../../../../src/ccutil -I../../../../src/viewer -I../../../../src/ccmain -I../../../../src/wordrec -I../../../../src/api -I../../../../src/cutil -I../../../../src/classify -I../../../../src/dict -I../../../../src/opencl -I/Users/zyoung/dev/SwiftyTesseract/SwiftyTesseract/SwiftyTesseract/tesseract-4.1.0/ios/arm-apple-darwin64/ -arch arm64 -pipe -no-cpp-precomp -isysroot /Applications/Xcode.app/Contents/Developer/Platforms/iPhoneOS.platform/Developer/SDKs/iPhoneOS13.4.sdk -miphoneos-version-min=11.0 -O2 -fembed-bitcode -I/Users/zyoung/dev/SwiftyTesseract/SwiftyTesseract/SwiftyTesseract/leptonica-1.78.0/ios/arm-apple-darwin64/include/leptonica -I/Users/zyoung/dev/SwiftyTesseract/SwiftyTesseract/SwiftyTesseract/tesseract-4.1.0/ios/arm-apple-darwin64/ -arch arm64 -pipe -no-cpp-precomp -isysroot /Applications/Xcode.app/Contents/Developer/Platforms/iPhoneOS.platform/Developer/SDKs/iPhoneOS13.4.sdk -miphoneos-version-min=11.0 -O2 -Wno-deprecated-register -std=c++17 -MT edgblob.lo -MD -MP -MF .deps/edgblob.Tpo -c ../../../../src/textord/edgblob.cpp -o edgblob.o
libtool: compile:  /Applications/Xcode.app/Contents/Developer/usr/bin/g++ --target=arm-apple-darwin64 -DHAVE_CONFIG_H -I. -I../../../../src/textord -I../.. -DNDEBUG -I../../../../src/ccstruct -I../../../../src/ccutil -I../../../../src/viewer -I../../../../src/ccmain -I../../../../src/wordrec -I../../../../src/api -I../../../../src/cutil -I../../../../src/classify -I../../../../src/dict -I../../../../src/opencl -I/Users/zyoung/dev/SwiftyTesseract/SwiftyTesseract/SwiftyTesseract/tesseract-4.1.0/ios/arm-apple-darwin64/ -arch arm64 -pipe -no-cpp-precomp -isysroot /Applications/Xcode.app/Contents/Developer/Platforms/iPhoneOS.platform/Developer/SDKs/iPhoneOS13.4.sdk -miphoneos-version-min=11.0 -O2 -fembed-bitcode -I/Users/zyoung/dev/SwiftyTesseract/SwiftyTesseract/SwiftyTesseract/leptonica-1.78.0/ios/arm-apple-darwin64/include/leptonica -I/Users/zyoung/dev/SwiftyTesseract/SwiftyTesseract/SwiftyTesseract/tesseract-4.1.0/ios/arm-apple-darwin64/ -arch arm64 -pipe -no-cpp-precomp -isysroot /Applications/Xcode.app/Contents/Developer/Platforms/iPhoneOS.platform/Developer/SDKs/iPhoneOS13.4.sdk -miphoneos-version-min=11.0 -O2 -Wno-deprecated-register -std=c++17 -MT edgloop.lo -MD -MP -MF .deps/edgloop.Tpo -c ../../../../src/textord/edgloop.cpp -o edgloop.o
libtool: compile:  /Applications/Xcode.app/Contents/Developer/usr/bin/g++ --target=arm-apple-darwin64 -DHAVE_CONFIG_H -I. -I../../../../src/textord -I../.. -DNDEBUG -I../../../../src/ccstruct -I../../../../src/ccutil -I../../../../src/viewer -I../../../../src/ccmain -I../../../../src/wordrec -I../../../../src/api -I../../../../src/cutil -I../../../../src/classify -I../../../../src/dict -I../../../../src/opencl -I/Users/zyoung/dev/SwiftyTesseract/SwiftyTesseract/SwiftyTesseract/tesseract-4.1.0/ios/arm-apple-darwin64/ -arch arm64 -pipe -no-cpp-precomp -isysroot /Applications/Xcode.app/Contents/Developer/Platforms/iPhoneOS.platform/Developer/SDKs/iPhoneOS13.4.sdk -miphoneos-version-min=11.0 -O2 -fembed-bitcode -I/Users/zyoung/dev/SwiftyTesseract/SwiftyTesseract/SwiftyTesseract/leptonica-1.78.0/ios/arm-apple-darwin64/include/leptonica -I/Users/zyoung/dev/SwiftyTesseract/SwiftyTesseract/SwiftyTesseract/tesseract-4.1.0/ios/arm-apple-darwin64/ -arch arm64 -pipe -no-cpp-precomp -isysroot /Applications/Xcode.app/Contents/Developer/Platforms/iPhoneOS.platform/Developer/SDKs/iPhoneOS13.4.sdk -miphoneos-version-min=11.0 -O2 -Wno-deprecated-register -std=c++17 -MT equationdetectbase.lo -MD -MP -MF .deps/equationdetectbase.Tpo -c ../../../../src/textord/equationdetectbase.cpp -o equationdetectbase.o
libtool: compile:  /Applications/Xcode.app/Contents/Developer/usr/bin/g++ --target=arm-apple-darwin64 -DHAVE_CONFIG_H -I. -I../../../../src/textord -I../.. -DNDEBUG -I../../../../src/ccstruct -I../../../../src/ccutil -I../../../../src/viewer -I../../../../src/ccmain -I../../../../src/wordrec -I../../../../src/api -I../../../../src/cutil -I../../../../src/classify -I../../../../src/dict -I../../../../src/opencl -I/Users/zyoung/dev/SwiftyTesseract/SwiftyTesseract/SwiftyTesseract/tesseract-4.1.0/ios/arm-apple-darwin64/ -arch arm64 -pipe -no-cpp-precomp -isysroot /Applications/Xcode.app/Contents/Developer/Platforms/iPhoneOS.platform/Developer/SDKs/iPhoneOS13.4.sdk -miphoneos-version-min=11.0 -O2 -fembed-bitcode -I/Users/zyoung/dev/SwiftyTesseract/SwiftyTesseract/SwiftyTesseract/leptonica-1.78.0/ios/arm-apple-darwin64/include/leptonica -I/Users/zyoung/dev/SwiftyTesseract/SwiftyTesseract/SwiftyTesseract/tesseract-4.1.0/ios/arm-apple-darwin64/ -arch arm64 -pipe -no-cpp-precomp -isysroot /Applications/Xcode.app/Contents/Developer/Platforms/iPhoneOS.platform/Developer/SDKs/iPhoneOS13.4.sdk -miphoneos-version-min=11.0 -O2 -Wno-deprecated-register -std=c++17 -MT fpchop.lo -MD -MP -MF .deps/fpchop.Tpo -c ../../../../src/textord/fpchop.cpp -o fpchop.o
libtool: compile:  /Applications/Xcode.app/Contents/Developer/usr/bin/g++ --target=arm-apple-darwin64 -DHAVE_CONFIG_H -I. -I../../../../src/textord -I../.. -DNDEBUG -I../../../../src/ccstruct -I../../../../src/ccutil -I../../../../src/viewer -I../../../../src/ccmain -I../../../../src/wordrec -I../../../../src/api -I../../../../src/cutil -I../../../../src/classify -I../../../../src/dict -I../../../../src/opencl -I/Users/zyoung/dev/SwiftyTesseract/SwiftyTesseract/SwiftyTesseract/tesseract-4.1.0/ios/arm-apple-darwin64/ -arch arm64 -pipe -no-cpp-precomp -isysroot /Applications/Xcode.app/Contents/Developer/Platforms/iPhoneOS.platform/Developer/SDKs/iPhoneOS13.4.sdk -miphoneos-version-min=11.0 -O2 -fembed-bitcode -I/Users/zyoung/dev/SwiftyTesseract/SwiftyTesseract/SwiftyTesseract/leptonica-1.78.0/ios/arm-apple-darwin64/include/leptonica -I/Users/zyoung/dev/SwiftyTesseract/SwiftyTesseract/SwiftyTesseract/tesseract-4.1.0/ios/arm-apple-darwin64/ -arch arm64 -pipe -no-cpp-precomp -isysroot /Applications/Xcode.app/Contents/Developer/Platforms/iPhoneOS.platform/Developer/SDKs/iPhoneOS13.4.sdk -miphoneos-version-min=11.0 -O2 -Wno-deprecated-register -std=c++17 -MT gap_map.lo -MD -MP -MF .deps/gap_map.Tpo -c ../../../../src/textord/gap_map.cpp -o gap_map.o
libtool: compile:  /Applications/Xcode.app/Contents/Developer/usr/bin/g++ --target=arm-apple-darwin64 -DHAVE_CONFIG_H -I. -I../../../../src/textord -I../.. -DNDEBUG -I../../../../src/ccstruct -I../../../../src/ccutil -I../../../../src/viewer -I../../../../src/ccmain -I../../../../src/wordrec -I../../../../src/api -I../../../../src/cutil -I../../../../src/classify -I../../../../src/dict -I../../../../src/opencl -I/Users/zyoung/dev/SwiftyTesseract/SwiftyTesseract/SwiftyTesseract/tesseract-4.1.0/ios/arm-apple-darwin64/ -arch arm64 -pipe -no-cpp-precomp -isysroot /Applications/Xcode.app/Contents/Developer/Platforms/iPhoneOS.platform/Developer/SDKs/iPhoneOS13.4.sdk -miphoneos-version-min=11.0 -O2 -fembed-bitcode -I/Users/zyoung/dev/SwiftyTesseract/SwiftyTesseract/SwiftyTesseract/leptonica-1.78.0/ios/arm-apple-darwin64/include/leptonica -I/Users/zyoung/dev/SwiftyTesseract/SwiftyTesseract/SwiftyTesseract/tesseract-4.1.0/ios/arm-apple-darwin64/ -arch arm64 -pipe -no-cpp-precomp -isysroot /Applications/Xcode.app/Contents/Developer/Platforms/iPhoneOS.platform/Developer/SDKs/iPhoneOS13.4.sdk -miphoneos-version-min=11.0 -O2 -Wno-deprecated-register -std=c++17 -MT imagefind.lo -MD -MP -MF .deps/imagefind.Tpo -c ../../../../src/textord/imagefind.cpp -o imagefind.o
libtool: compile:  /Applications/Xcode.app/Contents/Developer/usr/bin/g++ --target=arm-apple-darwin64 -DHAVE_CONFIG_H -I. -I../../../../src/textord -I../.. -DNDEBUG -I../../../../src/ccstruct -I../../../../src/ccutil -I../../../../src/viewer -I../../../../src/ccmain -I../../../../src/wordrec -I../../../../src/api -I../../../../src/cutil -I../../../../src/classify -I../../../../src/dict -I../../../../src/opencl -I/Users/zyoung/dev/SwiftyTesseract/SwiftyTesseract/SwiftyTesseract/tesseract-4.1.0/ios/arm-apple-darwin64/ -arch arm64 -pipe -no-cpp-precomp -isysroot /Applications/Xcode.app/Contents/Developer/Platforms/iPhoneOS.platform/Developer/SDKs/iPhoneOS13.4.sdk -miphoneos-version-min=11.0 -O2 -fembed-bitcode -I/Users/zyoung/dev/SwiftyTesseract/SwiftyTesseract/SwiftyTesseract/leptonica-1.78.0/ios/arm-apple-darwin64/include/leptonica -I/Users/zyoung/dev/SwiftyTesseract/SwiftyTesseract/SwiftyTesseract/tesseract-4.1.0/ios/arm-apple-darwin64/ -arch arm64 -pipe -no-cpp-precomp -isysroot /Applications/Xcode.app/Contents/Developer/Platforms/iPhoneOS.platform/Developer/SDKs/iPhoneOS13.4.sdk -miphoneos-version-min=11.0 -O2 -Wno-deprecated-register -std=c++17 -MT linefind.lo -MD -MP -MF .deps/linefind.Tpo -c ../../../../src/textord/linefind.cpp -o linefind.o
libtool: compile:  /Applications/Xcode.app/Contents/Developer/usr/bin/g++ --target=arm-apple-darwin64 -DHAVE_CONFIG_H -I. -I../../../../src/textord -I../.. -DNDEBUG -I../../../../src/ccstruct -I../../../../src/ccutil -I../../../../src/viewer -I../../../../src/ccmain -I../../../../src/wordrec -I../../../../src/api -I../../../../src/cutil -I../../../../src/classify -I../../../../src/dict -I../../../../src/opencl -I/Users/zyoung/dev/SwiftyTesseract/SwiftyTesseract/SwiftyTesseract/tesseract-4.1.0/ios/arm-apple-darwin64/ -arch arm64 -pipe -no-cpp-precomp -isysroot /Applications/Xcode.app/Contents/Developer/Platforms/iPhoneOS.platform/Developer/SDKs/iPhoneOS13.4.sdk -miphoneos-version-min=11.0 -O2 -fembed-bitcode -I/Users/zyoung/dev/SwiftyTesseract/SwiftyTesseract/SwiftyTesseract/leptonica-1.78.0/ios/arm-apple-darwin64/include/leptonica -I/Users/zyoung/dev/SwiftyTesseract/SwiftyTesseract/SwiftyTesseract/tesseract-4.1.0/ios/arm-apple-darwin64/ -arch arm64 -pipe -no-cpp-precomp -isysroot /Applications/Xcode.app/Contents/Developer/Platforms/iPhoneOS.platform/Developer/SDKs/iPhoneOS13.4.sdk -miphoneos-version-min=11.0 -O2 -Wno-deprecated-register -std=c++17 -MT makerow.lo -MD -MP -MF .deps/makerow.Tpo -c ../../../../src/textord/makerow.cpp -o makerow.o
libtool: compile:  /Applications/Xcode.app/Contents/Developer/usr/bin/g++ --target=arm-apple-darwin64 -DHAVE_CONFIG_H -I. -I../../../../src/textord -I../.. -DNDEBUG -I../../../../src/ccstruct -I../../../../src/ccutil -I../../../../src/viewer -I../../../../src/ccmain -I../../../../src/wordrec -I../../../../src/api -I../../../../src/cutil -I../../../../src/classify -I../../../../src/dict -I../../../../src/opencl -I/Users/zyoung/dev/SwiftyTesseract/SwiftyTesseract/SwiftyTesseract/tesseract-4.1.0/ios/arm-apple-darwin64/ -arch arm64 -pipe -no-cpp-precomp -isysroot /Applications/Xcode.app/Contents/Developer/Platforms/iPhoneOS.platform/Developer/SDKs/iPhoneOS13.4.sdk -miphoneos-version-min=11.0 -O2 -fembed-bitcode -I/Users/zyoung/dev/SwiftyTesseract/SwiftyTesseract/SwiftyTesseract/leptonica-1.78.0/ios/arm-apple-darwin64/include/leptonica -I/Users/zyoung/dev/SwiftyTesseract/SwiftyTesseract/SwiftyTesseract/tesseract-4.1.0/ios/arm-apple-darwin64/ -arch arm64 -pipe -no-cpp-precomp -isysroot /Applications/Xcode.app/Contents/Developer/Platforms/iPhoneOS.platform/Developer/SDKs/iPhoneOS13.4.sdk -miphoneos-version-min=11.0 -O2 -Wno-deprecated-register -std=c++17 -MT oldbasel.lo -MD -MP -MF .deps/oldbasel.Tpo -c ../../../../src/textord/oldbasel.cpp -o oldbasel.o
libtool: compile:  /Applications/Xcode.app/Contents/Developer/usr/bin/g++ --target=arm-apple-darwin64 -DHAVE_CONFIG_H -I. -I../../../../src/textord -I../.. -DNDEBUG -I../../../../src/ccstruct -I../../../../src/ccutil -I../../../../src/viewer -I../../../../src/ccmain -I../../../../src/wordrec -I../../../../src/api -I../../../../src/cutil -I../../../../src/classify -I../../../../src/dict -I../../../../src/opencl -I/Users/zyoung/dev/SwiftyTesseract/SwiftyTesseract/SwiftyTesseract/tesseract-4.1.0/ios/arm-apple-darwin64/ -arch arm64 -pipe -no-cpp-precomp -isysroot /Applications/Xcode.app/Contents/Developer/Platforms/iPhoneOS.platform/Developer/SDKs/iPhoneOS13.4.sdk -miphoneos-version-min=11.0 -O2 -fembed-bitcode -I/Users/zyoung/dev/SwiftyTesseract/SwiftyTesseract/SwiftyTesseract/leptonica-1.78.0/ios/arm-apple-darwin64/include/leptonica -I/Users/zyoung/dev/SwiftyTesseract/SwiftyTesseract/SwiftyTesseract/tesseract-4.1.0/ios/arm-apple-darwin64/ -arch arm64 -pipe -no-cpp-precomp -isysroot /Applications/Xcode.app/Contents/Developer/Platforms/iPhoneOS.platform/Developer/SDKs/iPhoneOS13.4.sdk -miphoneos-version-min=11.0 -O2 -Wno-deprecated-register -std=c++17 -MT pithsync.lo -MD -MP -MF .deps/pithsync.Tpo -c ../../../../src/textord/pithsync.cpp -o pithsync.o
libtool: compile:  /Applications/Xcode.app/Contents/Developer/usr/bin/g++ --target=arm-apple-darwin64 -DHAVE_CONFIG_H -I. -I../../../../src/textord -I../.. -DNDEBUG -I../../../../src/ccstruct -I../../../../src/ccutil -I../../../../src/viewer -I../../../../src/ccmain -I../../../../src/wordrec -I../../../../src/api -I../../../../src/cutil -I../../../../src/classify -I../../../../src/dict -I../../../../src/opencl -I/Users/zyoung/dev/SwiftyTesseract/SwiftyTesseract/SwiftyTesseract/tesseract-4.1.0/ios/arm-apple-darwin64/ -arch arm64 -pipe -no-cpp-precomp -isysroot /Applications/Xcode.app/Contents/Developer/Platforms/iPhoneOS.platform/Developer/SDKs/iPhoneOS13.4.sdk -miphoneos-version-min=11.0 -O2 -fembed-bitcode -I/Users/zyoung/dev/SwiftyTesseract/SwiftyTesseract/SwiftyTesseract/leptonica-1.78.0/ios/arm-apple-darwin64/include/leptonica -I/Users/zyoung/dev/SwiftyTesseract/SwiftyTesseract/SwiftyTesseract/tesseract-4.1.0/ios/arm-apple-darwin64/ -arch arm64 -pipe -no-cpp-precomp -isysroot /Applications/Xcode.app/Contents/Developer/Platforms/iPhoneOS.platform/Developer/SDKs/iPhoneOS13.4.sdk -miphoneos-version-min=11.0 -O2 -Wno-deprecated-register -std=c++17 -MT pitsync1.lo -MD -MP -MF .deps/pitsync1.Tpo -c ../../../../src/textord/pitsync1.cpp -o pitsync1.o
libtool: compile:  /Applications/Xcode.app/Contents/Developer/usr/bin/g++ --target=arm-apple-darwin64 -DHAVE_CONFIG_H -I. -I../../../../src/textord -I../.. -DNDEBUG -I../../../../src/ccstruct -I../../../../src/ccutil -I../../../../src/viewer -I../../../../src/ccmain -I../../../../src/wordrec -I../../../../src/api -I../../../../src/cutil -I../../../../src/classify -I../../../../src/dict -I../../../../src/opencl -I/Users/zyoung/dev/SwiftyTesseract/SwiftyTesseract/SwiftyTesseract/tesseract-4.1.0/ios/arm-apple-darwin64/ -arch arm64 -pipe -no-cpp-precomp -isysroot /Applications/Xcode.app/Contents/Developer/Platforms/iPhoneOS.platform/Developer/SDKs/iPhoneOS13.4.sdk -miphoneos-version-min=11.0 -O2 -fembed-bitcode -I/Users/zyoung/dev/SwiftyTesseract/SwiftyTesseract/SwiftyTesseract/leptonica-1.78.0/ios/arm-apple-darwin64/include/leptonica -I/Users/zyoung/dev/SwiftyTesseract/SwiftyTesseract/SwiftyTesseract/tesseract-4.1.0/ios/arm-apple-darwin64/ -arch arm64 -pipe -no-cpp-precomp -isysroot /Applications/Xcode.app/Contents/Developer/Platforms/iPhoneOS.platform/Developer/SDKs/iPhoneOS13.4.sdk -miphoneos-version-min=11.0 -O2 -Wno-deprecated-register -std=c++17 -MT scanedg.lo -MD -MP -MF .deps/scanedg.Tpo -c ../../../../src/textord/scanedg.cpp -o scanedg.o
libtool: compile:  /Applications/Xcode.app/Contents/Developer/usr/bin/g++ --target=arm-apple-darwin64 -DHAVE_CONFIG_H -I. -I../../../../src/textord -I../.. -DNDEBUG -I../../../../src/ccstruct -I../../../../src/ccutil -I../../../../src/viewer -I../../../../src/ccmain -I../../../../src/wordrec -I../../../../src/api -I../../../../src/cutil -I../../../../src/classify -I../../../../src/dict -I../../../../src/opencl -I/Users/zyoung/dev/SwiftyTesseract/SwiftyTesseract/SwiftyTesseract/tesseract-4.1.0/ios/arm-apple-darwin64/ -arch arm64 -pipe -no-cpp-precomp -isysroot /Applications/Xcode.app/Contents/Developer/Platforms/iPhoneOS.platform/Developer/SDKs/iPhoneOS13.4.sdk -miphoneos-version-min=11.0 -O2 -fembed-bitcode -I/Users/zyoung/dev/SwiftyTesseract/SwiftyTesseract/SwiftyTesseract/leptonica-1.78.0/ios/arm-apple-darwin64/include/leptonica -I/Users/zyoung/dev/SwiftyTesseract/SwiftyTesseract/SwiftyTesseract/tesseract-4.1.0/ios/arm-apple-darwin64/ -arch arm64 -pipe -no-cpp-precomp -isysroot /Applications/Xcode.app/Contents/Developer/Platforms/iPhoneOS.platform/Developer/SDKs/iPhoneOS13.4.sdk -miphoneos-version-min=11.0 -O2 -Wno-deprecated-register -std=c++17 -MT sortflts.lo -MD -MP -MF .deps/sortflts.Tpo -c ../../../../src/textord/sortflts.cpp -o sortflts.o
libtool: compile:  /Applications/Xcode.app/Contents/Developer/usr/bin/g++ --target=arm-apple-darwin64 -DHAVE_CONFIG_H -I. -I../../../../src/textord -I../.. -DNDEBUG -I../../../../src/ccstruct -I../../../../src/ccutil -I../../../../src/viewer -I../../../../src/ccmain -I../../../../src/wordrec -I../../../../src/api -I../../../../src/cutil -I../../../../src/classify -I../../../../src/dict -I../../../../src/opencl -I/Users/zyoung/dev/SwiftyTesseract/SwiftyTesseract/SwiftyTesseract/tesseract-4.1.0/ios/arm-apple-darwin64/ -arch arm64 -pipe -no-cpp-precomp -isysroot /Applications/Xcode.app/Contents/Developer/Platforms/iPhoneOS.platform/Developer/SDKs/iPhoneOS13.4.sdk -miphoneos-version-min=11.0 -O2 -fembed-bitcode -I/Users/zyoung/dev/SwiftyTesseract/SwiftyTesseract/SwiftyTesseract/leptonica-1.78.0/ios/arm-apple-darwin64/include/leptonica -I/Users/zyoung/dev/SwiftyTesseract/SwiftyTesseract/SwiftyTesseract/tesseract-4.1.0/ios/arm-apple-darwin64/ -arch arm64 -pipe -no-cpp-precomp -isysroot /Applications/Xcode.app/Contents/Developer/Platforms/iPhoneOS.platform/Developer/SDKs/iPhoneOS13.4.sdk -miphoneos-version-min=11.0 -O2 -Wno-deprecated-register -std=c++17 -MT strokewidth.lo -MD -MP -MF .deps/strokewidth.Tpo -c ../../../../src/textord/strokewidth.cpp -o strokewidth.o
libtool: compile:  /Applications/Xcode.app/Contents/Developer/usr/bin/g++ --target=arm-apple-darwin64 -DHAVE_CONFIG_H -I. -I../../../../src/textord -I../.. -DNDEBUG -I../../../../src/ccstruct -I../../../../src/ccutil -I../../../../src/viewer -I../../../../src/ccmain -I../../../../src/wordrec -I../../../../src/api -I../../../../src/cutil -I../../../../src/classify -I../../../../src/dict -I../../../../src/opencl -I/Users/zyoung/dev/SwiftyTesseract/SwiftyTesseract/SwiftyTesseract/tesseract-4.1.0/ios/arm-apple-darwin64/ -arch arm64 -pipe -no-cpp-precomp -isysroot /Applications/Xcode.app/Contents/Developer/Platforms/iPhoneOS.platform/Developer/SDKs/iPhoneOS13.4.sdk -miphoneos-version-min=11.0 -O2 -fembed-bitcode -I/Users/zyoung/dev/SwiftyTesseract/SwiftyTesseract/SwiftyTesseract/leptonica-1.78.0/ios/arm-apple-darwin64/include/leptonica -I/Users/zyoung/dev/SwiftyTesseract/SwiftyTesseract/SwiftyTesseract/tesseract-4.1.0/ios/arm-apple-darwin64/ -arch arm64 -pipe -no-cpp-precomp -isysroot /Applications/Xcode.app/Contents/Developer/Platforms/iPhoneOS.platform/Developer/SDKs/iPhoneOS13.4.sdk -miphoneos-version-min=11.0 -O2 -Wno-deprecated-register -std=c++17 -MT tabfind.lo -MD -MP -MF .deps/tabfind.Tpo -c ../../../../src/textord/tabfind.cpp -o tabfind.o
libtool: compile:  /Applications/Xcode.app/Contents/Developer/usr/bin/g++ --target=arm-apple-darwin64 -DHAVE_CONFIG_H -I. -I../../../../src/textord -I../.. -DNDEBUG -I../../../../src/ccstruct -I../../../../src/ccutil -I../../../../src/viewer -I../../../../src/ccmain -I../../../../src/wordrec -I../../../../src/api -I../../../../src/cutil -I../../../../src/classify -I../../../../src/dict -I../../../../src/opencl -I/Users/zyoung/dev/SwiftyTesseract/SwiftyTesseract/SwiftyTesseract/tesseract-4.1.0/ios/arm-apple-darwin64/ -arch arm64 -pipe -no-cpp-precomp -isysroot /Applications/Xcode.app/Contents/Developer/Platforms/iPhoneOS.platform/Developer/SDKs/iPhoneOS13.4.sdk -miphoneos-version-min=11.0 -O2 -fembed-bitcode -I/Users/zyoung/dev/SwiftyTesseract/SwiftyTesseract/SwiftyTesseract/leptonica-1.78.0/ios/arm-apple-darwin64/include/leptonica -I/Users/zyoung/dev/SwiftyTesseract/SwiftyTesseract/SwiftyTesseract/tesseract-4.1.0/ios/arm-apple-darwin64/ -arch arm64 -pipe -no-cpp-precomp -isysroot /Applications/Xcode.app/Contents/Developer/Platforms/iPhoneOS.platform/Developer/SDKs/iPhoneOS13.4.sdk -miphoneos-version-min=11.0 -O2 -Wno-deprecated-register -std=c++17 -MT tablefind.lo -MD -MP -MF .deps/tablefind.Tpo -c ../../../../src/textord/tablefind.cpp -o tablefind.o
libtool: compile:  /Applications/Xcode.app/Contents/Developer/usr/bin/g++ --target=arm-apple-darwin64 -DHAVE_CONFIG_H -I. -I../../../../src/textord -I../.. -DNDEBUG -I../../../../src/ccstruct -I../../../../src/ccutil -I../../../../src/viewer -I../../../../src/ccmain -I../../../../src/wordrec -I../../../../src/api -I../../../../src/cutil -I../../../../src/classify -I../../../../src/dict -I../../../../src/opencl -I/Users/zyoung/dev/SwiftyTesseract/SwiftyTesseract/SwiftyTesseract/tesseract-4.1.0/ios/arm-apple-darwin64/ -arch arm64 -pipe -no-cpp-precomp -isysroot /Applications/Xcode.app/Contents/Developer/Platforms/iPhoneOS.platform/Developer/SDKs/iPhoneOS13.4.sdk -miphoneos-version-min=11.0 -O2 -fembed-bitcode -I/Users/zyoung/dev/SwiftyTesseract/SwiftyTesseract/SwiftyTesseract/leptonica-1.78.0/ios/arm-apple-darwin64/include/leptonica -I/Users/zyoung/dev/SwiftyTesseract/SwiftyTesseract/SwiftyTesseract/tesseract-4.1.0/ios/arm-apple-darwin64/ -arch arm64 -pipe -no-cpp-precomp -isysroot /Applications/Xcode.app/Contents/Developer/Platforms/iPhoneOS.platform/Developer/SDKs/iPhoneOS13.4.sdk -miphoneos-version-min=11.0 -O2 -Wno-deprecated-register -std=c++17 -MT tabvector.lo -MD -MP -MF .deps/tabvector.Tpo -c ../../../../src/textord/tabvector.cpp -o tabvector.o
libtool: compile:  /Applications/Xcode.app/Contents/Developer/usr/bin/g++ --target=arm-apple-darwin64 -DHAVE_CONFIG_H -I. -I../../../../src/textord -I../.. -DNDEBUG -I../../../../src/ccstruct -I../../../../src/ccutil -I../../../../src/viewer -I../../../../src/ccmain -I../../../../src/wordrec -I../../../../src/api -I../../../../src/cutil -I../../../../src/classify -I../../../../src/dict -I../../../../src/opencl -I/Users/zyoung/dev/SwiftyTesseract/SwiftyTesseract/SwiftyTesseract/tesseract-4.1.0/ios/arm-apple-darwin64/ -arch arm64 -pipe -no-cpp-precomp -isysroot /Applications/Xcode.app/Contents/Developer/Platforms/iPhoneOS.platform/Developer/SDKs/iPhoneOS13.4.sdk -miphoneos-version-min=11.0 -O2 -fembed-bitcode -I/Users/zyoung/dev/SwiftyTesseract/SwiftyTesseract/SwiftyTesseract/leptonica-1.78.0/ios/arm-apple-darwin64/include/leptonica -I/Users/zyoung/dev/SwiftyTesseract/SwiftyTesseract/SwiftyTesseract/tesseract-4.1.0/ios/arm-apple-darwin64/ -arch arm64 -pipe -no-cpp-precomp -isysroot /Applications/Xcode.app/Contents/Developer/Platforms/iPhoneOS.platform/Developer/SDKs/iPhoneOS13.4.sdk -miphoneos-version-min=11.0 -O2 -Wno-deprecated-register -std=c++17 -MT tablerecog.lo -MD -MP -MF .deps/tablerecog.Tpo -c ../../../../src/textord/tablerecog.cpp -o tablerecog.o
libtool: compile:  /Applications/Xcode.app/Contents/Developer/usr/bin/g++ --target=arm-apple-darwin64 -DHAVE_CONFIG_H -I. -I../../../../src/textord -I../.. -DNDEBUG -I../../../../src/ccstruct -I../../../../src/ccutil -I../../../../src/viewer -I../../../../src/ccmain -I../../../../src/wordrec -I../../../../src/api -I../../../../src/cutil -I../../../../src/classify -I../../../../src/dict -I../../../../src/opencl -I/Users/zyoung/dev/SwiftyTesseract/SwiftyTesseract/SwiftyTesseract/tesseract-4.1.0/ios/arm-apple-darwin64/ -arch arm64 -pipe -no-cpp-precomp -isysroot /Applications/Xcode.app/Contents/Developer/Platforms/iPhoneOS.platform/Developer/SDKs/iPhoneOS13.4.sdk -miphoneos-version-min=11.0 -O2 -fembed-bitcode -I/Users/zyoung/dev/SwiftyTesseract/SwiftyTesseract/SwiftyTesseract/leptonica-1.78.0/ios/arm-apple-darwin64/include/leptonica -I/Users/zyoung/dev/SwiftyTesseract/SwiftyTesseract/SwiftyTesseract/tesseract-4.1.0/ios/arm-apple-darwin64/ -arch arm64 -pipe -no-cpp-precomp -isysroot /Applications/Xcode.app/Contents/Developer/Platforms/iPhoneOS.platform/Developer/SDKs/iPhoneOS13.4.sdk -miphoneos-version-min=11.0 -O2 -Wno-deprecated-register -std=c++17 -MT textlineprojection.lo -MD -MP -MF .deps/textlineprojection.Tpo -c ../../../../src/textord/textlineprojection.cpp -o textlineprojection.o
libtool: compile:  /Applications/Xcode.app/Contents/Developer/usr/bin/g++ --target=arm-apple-darwin64 -DHAVE_CONFIG_H -I. -I../../../../src/textord -I../.. -DNDEBUG -I../../../../src/ccstruct -I../../../../src/ccutil -I../../../../src/viewer -I../../../../src/ccmain -I../../../../src/wordrec -I../../../../src/api -I../../../../src/cutil -I../../../../src/classify -I../../../../src/dict -I../../../../src/opencl -I/Users/zyoung/dev/SwiftyTesseract/SwiftyTesseract/SwiftyTesseract/tesseract-4.1.0/ios/arm-apple-darwin64/ -arch arm64 -pipe -no-cpp-precomp -isysroot /Applications/Xcode.app/Contents/Developer/Platforms/iPhoneOS.platform/Developer/SDKs/iPhoneOS13.4.sdk -miphoneos-version-min=11.0 -O2 -fembed-bitcode -I/Users/zyoung/dev/SwiftyTesseract/SwiftyTesseract/SwiftyTesseract/leptonica-1.78.0/ios/arm-apple-darwin64/include/leptonica -I/Users/zyoung/dev/SwiftyTesseract/SwiftyTesseract/SwiftyTesseract/tesseract-4.1.0/ios/arm-apple-darwin64/ -arch arm64 -pipe -no-cpp-precomp -isysroot /Applications/Xcode.app/Contents/Developer/Platforms/iPhoneOS.platform/Developer/SDKs/iPhoneOS13.4.sdk -miphoneos-version-min=11.0 -O2 -Wno-deprecated-register -std=c++17 -MT textord.lo -MD -MP -MF .deps/textord.Tpo -c ../../../../src/textord/textord.cpp -o textord.o
libtool: compile:  /Applications/Xcode.app/Contents/Developer/usr/bin/g++ --target=arm-apple-darwin64 -DHAVE_CONFIG_H -I. -I../../../../src/textord -I../.. -DNDEBUG -I../../../../src/ccstruct -I../../../../src/ccutil -I../../../../src/viewer -I../../../../src/ccmain -I../../../../src/wordrec -I../../../../src/api -I../../../../src/cutil -I../../../../src/classify -I../../../../src/dict -I../../../../src/opencl -I/Users/zyoung/dev/SwiftyTesseract/SwiftyTesseract/SwiftyTesseract/tesseract-4.1.0/ios/arm-apple-darwin64/ -arch arm64 -pipe -no-cpp-precomp -isysroot /Applications/Xcode.app/Contents/Developer/Platforms/iPhoneOS.platform/Developer/SDKs/iPhoneOS13.4.sdk -miphoneos-version-min=11.0 -O2 -fembed-bitcode -I/Users/zyoung/dev/SwiftyTesseract/SwiftyTesseract/SwiftyTesseract/leptonica-1.78.0/ios/arm-apple-darwin64/include/leptonica -I/Users/zyoung/dev/SwiftyTesseract/SwiftyTesseract/SwiftyTesseract/tesseract-4.1.0/ios/arm-apple-darwin64/ -arch arm64 -pipe -no-cpp-precomp -isysroot /Applications/Xcode.app/Contents/Developer/Platforms/iPhoneOS.platform/Developer/SDKs/iPhoneOS13.4.sdk -miphoneos-version-min=11.0 -O2 -Wno-deprecated-register -std=c++17 -MT topitch.lo -MD -MP -MF .deps/topitch.Tpo -c ../../../../src/textord/topitch.cpp -o topitch.o
libtool: compile:  /Applications/Xcode.app/Contents/Developer/usr/bin/g++ --target=arm-apple-darwin64 -DHAVE_CONFIG_H -I. -I../../../../src/textord -I../.. -DNDEBUG -I../../../../src/ccstruct -I../../../../src/ccutil -I../../../../src/viewer -I../../../../src/ccmain -I../../../../src/wordrec -I../../../../src/api -I../../../../src/cutil -I../../../../src/classify -I../../../../src/dict -I../../../../src/opencl -I/Users/zyoung/dev/SwiftyTesseract/SwiftyTesseract/SwiftyTesseract/tesseract-4.1.0/ios/arm-apple-darwin64/ -arch arm64 -pipe -no-cpp-precomp -isysroot /Applications/Xcode.app/Contents/Developer/Platforms/iPhoneOS.platform/Developer/SDKs/iPhoneOS13.4.sdk -miphoneos-version-min=11.0 -O2 -fembed-bitcode -I/Users/zyoung/dev/SwiftyTesseract/SwiftyTesseract/SwiftyTesseract/leptonica-1.78.0/ios/arm-apple-darwin64/include/leptonica -I/Users/zyoung/dev/SwiftyTesseract/SwiftyTesseract/SwiftyTesseract/tesseract-4.1.0/ios/arm-apple-darwin64/ -arch arm64 -pipe -no-cpp-precomp -isysroot /Applications/Xcode.app/Contents/Developer/Platforms/iPhoneOS.platform/Developer/SDKs/iPhoneOS13.4.sdk -miphoneos-version-min=11.0 -O2 -Wno-deprecated-register -std=c++17 -MT tordmain.lo -MD -MP -MF .deps/tordmain.Tpo -c ../../../../src/textord/tordmain.cpp -o tordmain.o
libtool: compile:  /Applications/Xcode.app/Contents/Developer/usr/bin/g++ --target=arm-apple-darwin64 -DHAVE_CONFIG_H -I. -I../../../../src/textord -I../.. -DNDEBUG -I../../../../src/ccstruct -I../../../../src/ccutil -I../../../../src/viewer -I../../../../src/ccmain -I../../../../src/wordrec -I../../../../src/api -I../../../../src/cutil -I../../../../src/classify -I../../../../src/dict -I../../../../src/opencl -I/Users/zyoung/dev/SwiftyTesseract/SwiftyTesseract/SwiftyTesseract/tesseract-4.1.0/ios/arm-apple-darwin64/ -arch arm64 -pipe -no-cpp-precomp -isysroot /Applications/Xcode.app/Contents/Developer/Platforms/iPhoneOS.platform/Developer/SDKs/iPhoneOS13.4.sdk -miphoneos-version-min=11.0 -O2 -fembed-bitcode -I/Users/zyoung/dev/SwiftyTesseract/SwiftyTesseract/SwiftyTesseract/leptonica-1.78.0/ios/arm-apple-darwin64/include/leptonica -I/Users/zyoung/dev/SwiftyTesseract/SwiftyTesseract/SwiftyTesseract/tesseract-4.1.0/ios/arm-apple-darwin64/ -arch arm64 -pipe -no-cpp-precomp -isysroot /Applications/Xcode.app/Contents/Developer/Platforms/iPhoneOS.platform/Developer/SDKs/iPhoneOS13.4.sdk -miphoneos-version-min=11.0 -O2 -Wno-deprecated-register -std=c++17 -MT tospace.lo -MD -MP -MF .deps/tospace.Tpo -c ../../../../src/textord/tospace.cpp -o tospace.o
libtool: compile:  /Applications/Xcode.app/Contents/Developer/usr/bin/g++ --target=arm-apple-darwin64 -DHAVE_CONFIG_H -I. -I../../../../src/textord -I../.. -DNDEBUG -I../../../../src/ccstruct -I../../../../src/ccutil -I../../../../src/viewer -I../../../../src/ccmain -I../../../../src/wordrec -I../../../../src/api -I../../../../src/cutil -I../../../../src/classify -I../../../../src/dict -I../../../../src/opencl -I/Users/zyoung/dev/SwiftyTesseract/SwiftyTesseract/SwiftyTesseract/tesseract-4.1.0/ios/arm-apple-darwin64/ -arch arm64 -pipe -no-cpp-precomp -isysroot /Applications/Xcode.app/Contents/Developer/Platforms/iPhoneOS.platform/Developer/SDKs/iPhoneOS13.4.sdk -miphoneos-version-min=11.0 -O2 -fembed-bitcode -I/Users/zyoung/dev/SwiftyTesseract/SwiftyTesseract/SwiftyTesseract/leptonica-1.78.0/ios/arm-apple-darwin64/include/leptonica -I/Users/zyoung/dev/SwiftyTesseract/SwiftyTesseract/SwiftyTesseract/tesseract-4.1.0/ios/arm-apple-darwin64/ -arch arm64 -pipe -no-cpp-precomp -isysroot /Applications/Xcode.app/Contents/Developer/Platforms/iPhoneOS.platform/Developer/SDKs/iPhoneOS13.4.sdk -miphoneos-version-min=11.0 -O2 -Wno-deprecated-register -std=c++17 -MT tovars.lo -MD -MP -MF .deps/tovars.Tpo -c ../../../../src/textord/tovars.cpp -o tovars.o
libtool: compile:  /Applications/Xcode.app/Contents/Developer/usr/bin/g++ --target=arm-apple-darwin64 -DHAVE_CONFIG_H -I. -I../../../../src/textord -I../.. -DNDEBUG -I../../../../src/ccstruct -I../../../../src/ccutil -I../../../../src/viewer -I../../../../src/ccmain -I../../../../src/wordrec -I../../../../src/api -I../../../../src/cutil -I../../../../src/classify -I../../../../src/dict -I../../../../src/opencl -I/Users/zyoung/dev/SwiftyTesseract/SwiftyTesseract/SwiftyTesseract/tesseract-4.1.0/ios/arm-apple-darwin64/ -arch arm64 -pipe -no-cpp-precomp -isysroot /Applications/Xcode.app/Contents/Developer/Platforms/iPhoneOS.platform/Developer/SDKs/iPhoneOS13.4.sdk -miphoneos-version-min=11.0 -O2 -fembed-bitcode -I/Users/zyoung/dev/SwiftyTesseract/SwiftyTesseract/SwiftyTesseract/leptonica-1.78.0/ios/arm-apple-darwin64/include/leptonica -I/Users/zyoung/dev/SwiftyTesseract/SwiftyTesseract/SwiftyTesseract/tesseract-4.1.0/ios/arm-apple-darwin64/ -arch arm64 -pipe -no-cpp-precomp -isysroot /Applications/Xcode.app/Contents/Developer/Platforms/iPhoneOS.platform/Developer/SDKs/iPhoneOS13.4.sdk -miphoneos-version-min=11.0 -O2 -Wno-deprecated-register -std=c++17 -MT underlin.lo -MD -MP -MF .deps/underlin.Tpo -c ../../../../src/textord/underlin.cpp -o underlin.o
libtool: compile:  /Applications/Xcode.app/Contents/Developer/usr/bin/g++ --target=arm-apple-darwin64 -DHAVE_CONFIG_H -I. -I../../../../src/textord -I../.. -DNDEBUG -I../../../../src/ccstruct -I../../../../src/ccutil -I../../../../src/viewer -I../../../../src/ccmain -I../../../../src/wordrec -I../../../../src/api -I../../../../src/cutil -I../../../../src/classify -I../../../../src/dict -I../../../../src/opencl -I/Users/zyoung/dev/SwiftyTesseract/SwiftyTesseract/SwiftyTesseract/tesseract-4.1.0/ios/arm-apple-darwin64/ -arch arm64 -pipe -no-cpp-precomp -isysroot /Applications/Xcode.app/Contents/Developer/Platforms/iPhoneOS.platform/Developer/SDKs/iPhoneOS13.4.sdk -miphoneos-version-min=11.0 -O2 -fembed-bitcode -I/Users/zyoung/dev/SwiftyTesseract/SwiftyTesseract/SwiftyTesseract/leptonica-1.78.0/ios/arm-apple-darwin64/include/leptonica -I/Users/zyoung/dev/SwiftyTesseract/SwiftyTesseract/SwiftyTesseract/tesseract-4.1.0/ios/arm-apple-darwin64/ -arch arm64 -pipe -no-cpp-precomp -isysroot /Applications/Xcode.app/Contents/Developer/Platforms/iPhoneOS.platform/Developer/SDKs/iPhoneOS13.4.sdk -miphoneos-version-min=11.0 -O2 -Wno-deprecated-register -std=c++17 -MT wordseg.lo -MD -MP -MF .deps/wordseg.Tpo -c ../../../../src/textord/wordseg.cpp -o wordseg.o
libtool: compile:  /Applications/Xcode.app/Contents/Developer/usr/bin/g++ --target=arm-apple-darwin64 -DHAVE_CONFIG_H -I. -I../../../../src/textord -I../.. -DNDEBUG -I../../../../src/ccstruct -I../../../../src/ccutil -I../../../../src/viewer -I../../../../src/ccmain -I../../../../src/wordrec -I../../../../src/api -I../../../../src/cutil -I../../../../src/classify -I../../../../src/dict -I../../../../src/opencl -I/Users/zyoung/dev/SwiftyTesseract/SwiftyTesseract/SwiftyTesseract/tesseract-4.1.0/ios/arm-apple-darwin64/ -arch arm64 -pipe -no-cpp-precomp -isysroot /Applications/Xcode.app/Contents/Developer/Platforms/iPhoneOS.platform/Developer/SDKs/iPhoneOS13.4.sdk -miphoneos-version-min=11.0 -O2 -fembed-bitcode -I/Users/zyoung/dev/SwiftyTesseract/SwiftyTesseract/SwiftyTesseract/leptonica-1.78.0/ios/arm-apple-darwin64/include/leptonica -I/Users/zyoung/dev/SwiftyTesseract/SwiftyTesseract/SwiftyTesseract/tesseract-4.1.0/ios/arm-apple-darwin64/ -arch arm64 -pipe -no-cpp-precomp -isysroot /Applications/Xcode.app/Contents/Developer/Platforms/iPhoneOS.platform/Developer/SDKs/iPhoneOS13.4.sdk -miphoneos-version-min=11.0 -O2 -Wno-deprecated-register -std=c++17 -MT workingpartset.lo -MD -MP -MF .deps/workingpartset.Tpo -c ../../../../src/textord/workingpartset.cpp -o workingpartset.o
libtool: link: ar cru .libs/libtesseract_textord.a  alignedblob.o baselinedetect.o bbgrid.o blkocc.o blobgrid.o ccnontextdetect.o cjkpitch.o colfind.o colpartition.o colpartitionset.o colpartitiongrid.o devanagari_processing.o drawedg.o drawtord.o edgblob.o edgloop.o equationdetectbase.o fpchop.o gap_map.o imagefind.o linefind.o makerow.o oldbasel.o pithsync.o pitsync1.o scanedg.o sortflts.o strokewidth.o tabfind.o tablefind.o tabvector.o tablerecog.o textlineprojection.o textord.o topitch.o tordmain.o tospace.o tovars.o underlin.o wordseg.o workingpartset.o
libtool: link: ranlib .libs/libtesseract_textord.a
libtool: link: ( cd ".libs" && rm -f "libtesseract_textord.la" && ln -s "../libtesseract_textord.la" "libtesseract_textord.la" )
Making all in src/lstm
libtool: compile:  /Applications/Xcode.app/Contents/Developer/usr/bin/g++ --target=arm-apple-darwin64 -DHAVE_CONFIG_H -I. -I../../../../src/lstm -I../.. -DNDEBUG -I../../../../src/ccutil -I../../../../src/cutil -I../../../../src/ccstruct -I../../../../src/arch -I../../../../src/viewer -I../../../../src/classify -I../../../../src/dict -I../../../../src/lstm -I/Users/zyoung/dev/SwiftyTesseract/SwiftyTesseract/SwiftyTesseract/tesseract-4.1.0/ios/arm-apple-darwin64/ -arch arm64 -pipe -no-cpp-precomp -isysroot /Applications/Xcode.app/Contents/Developer/Platforms/iPhoneOS.platform/Developer/SDKs/iPhoneOS13.4.sdk -miphoneos-version-min=11.0 -O2 -fembed-bitcode -I/Users/zyoung/dev/SwiftyTesseract/SwiftyTesseract/SwiftyTesseract/leptonica-1.78.0/ios/arm-apple-darwin64/include/leptonica -DTESSDATA_PREFIX=/Users/zyoung/dev/SwiftyTesseract/SwiftyTesseract/SwiftyTesseract/tesseract-4.1.0/ios/arm-apple-darwin64/share -I/Users/zyoung/dev/SwiftyTesseract/SwiftyTesseract/SwiftyTesseract/tesseract-4.1.0/ios/arm-apple-darwin64/ -arch arm64 -pipe -no-cpp-precomp -isysroot /Applications/Xcode.app/Contents/Developer/Platforms/iPhoneOS.platform/Developer/SDKs/iPhoneOS13.4.sdk -miphoneos-version-min=11.0 -O2 -Wno-deprecated-register -std=c++17 -MT fullyconnected.lo -MD -MP -MF .deps/fullyconnected.Tpo -c ../../../../src/lstm/fullyconnected.cpp -o fullyconnected.o
libtool: compile:  /Applications/Xcode.app/Contents/Developer/usr/bin/g++ --target=arm-apple-darwin64 -DHAVE_CONFIG_H -I. -I../../../../src/lstm -I../.. -DNDEBUG -I../../../../src/ccutil -I../../../../src/cutil -I../../../../src/ccstruct -I../../../../src/arch -I../../../../src/viewer -I../../../../src/classify -I../../../../src/dict -I../../../../src/lstm -I/Users/zyoung/dev/SwiftyTesseract/SwiftyTesseract/SwiftyTesseract/tesseract-4.1.0/ios/arm-apple-darwin64/ -arch arm64 -pipe -no-cpp-precomp -isysroot /Applications/Xcode.app/Contents/Developer/Platforms/iPhoneOS.platform/Developer/SDKs/iPhoneOS13.4.sdk -miphoneos-version-min=11.0 -O2 -fembed-bitcode -I/Users/zyoung/dev/SwiftyTesseract/SwiftyTesseract/SwiftyTesseract/leptonica-1.78.0/ios/arm-apple-darwin64/include/leptonica -DTESSDATA_PREFIX=/Users/zyoung/dev/SwiftyTesseract/SwiftyTesseract/SwiftyTesseract/tesseract-4.1.0/ios/arm-apple-darwin64/share -I/Users/zyoung/dev/SwiftyTesseract/SwiftyTesseract/SwiftyTesseract/tesseract-4.1.0/ios/arm-apple-darwin64/ -arch arm64 -pipe -no-cpp-precomp -isysroot /Applications/Xcode.app/Contents/Developer/Platforms/iPhoneOS.platform/Developer/SDKs/iPhoneOS13.4.sdk -miphoneos-version-min=11.0 -O2 -Wno-deprecated-register -std=c++17 -MT input.lo -MD -MP -MF .deps/input.Tpo -c ../../../../src/lstm/input.cpp -o input.o
libtool: compile:  /Applications/Xcode.app/Contents/Developer/usr/bin/g++ --target=arm-apple-darwin64 -DHAVE_CONFIG_H -I. -I../../../../src/lstm -I../.. -DNDEBUG -I../../../../src/ccutil -I../../../../src/cutil -I../../../../src/ccstruct -I../../../../src/arch -I../../../../src/viewer -I../../../../src/classify -I../../../../src/dict -I../../../../src/lstm -I/Users/zyoung/dev/SwiftyTesseract/SwiftyTesseract/SwiftyTesseract/tesseract-4.1.0/ios/arm-apple-darwin64/ -arch arm64 -pipe -no-cpp-precomp -isysroot /Applications/Xcode.app/Contents/Developer/Platforms/iPhoneOS.platform/Developer/SDKs/iPhoneOS13.4.sdk -miphoneos-version-min=11.0 -O2 -fembed-bitcode -I/Users/zyoung/dev/SwiftyTesseract/SwiftyTesseract/SwiftyTesseract/leptonica-1.78.0/ios/arm-apple-darwin64/include/leptonica -DTESSDATA_PREFIX=/Users/zyoung/dev/SwiftyTesseract/SwiftyTesseract/SwiftyTesseract/tesseract-4.1.0/ios/arm-apple-darwin64/share -I/Users/zyoung/dev/SwiftyTesseract/SwiftyTesseract/SwiftyTesseract/tesseract-4.1.0/ios/arm-apple-darwin64/ -arch arm64 -pipe -no-cpp-precomp -isysroot /Applications/Xcode.app/Contents/Developer/Platforms/iPhoneOS.platform/Developer/SDKs/iPhoneOS13.4.sdk -miphoneos-version-min=11.0 -O2 -Wno-deprecated-register -std=c++17 -MT lstm.lo -MD -MP -MF .deps/lstm.Tpo -c ../../../../src/lstm/lstm.cpp -o lstm.o
libtool: compile:  /Applications/Xcode.app/Contents/Developer/usr/bin/g++ --target=arm-apple-darwin64 -DHAVE_CONFIG_H -I. -I../../../../src/lstm -I../.. -DNDEBUG -I../../../../src/ccutil -I../../../../src/cutil -I../../../../src/ccstruct -I../../../../src/arch -I../../../../src/viewer -I../../../../src/classify -I../../../../src/dict -I../../../../src/lstm -I/Users/zyoung/dev/SwiftyTesseract/SwiftyTesseract/SwiftyTesseract/tesseract-4.1.0/ios/arm-apple-darwin64/ -arch arm64 -pipe -no-cpp-precomp -isysroot /Applications/Xcode.app/Contents/Developer/Platforms/iPhoneOS.platform/Developer/SDKs/iPhoneOS13.4.sdk -miphoneos-version-min=11.0 -O2 -fembed-bitcode -I/Users/zyoung/dev/SwiftyTesseract/SwiftyTesseract/SwiftyTesseract/leptonica-1.78.0/ios/arm-apple-darwin64/include/leptonica -DTESSDATA_PREFIX=/Users/zyoung/dev/SwiftyTesseract/SwiftyTesseract/SwiftyTesseract/tesseract-4.1.0/ios/arm-apple-darwin64/share -I/Users/zyoung/dev/SwiftyTesseract/SwiftyTesseract/SwiftyTesseract/tesseract-4.1.0/ios/arm-apple-darwin64/ -arch arm64 -pipe -no-cpp-precomp -isysroot /Applications/Xcode.app/Contents/Developer/Platforms/iPhoneOS.platform/Developer/SDKs/iPhoneOS13.4.sdk -miphoneos-version-min=11.0 -O2 -Wno-deprecated-register -std=c++17 -MT ctc.lo -MD -MP -MF .deps/ctc.Tpo -c ../../../../src/lstm/ctc.cpp -o ctc.o
libtool: compile:  /Applications/Xcode.app/Contents/Developer/usr/bin/g++ --target=arm-apple-darwin64 -DHAVE_CONFIG_H -I. -I../../../../src/lstm -I../.. -DNDEBUG -I../../../../src/ccutil -I../../../../src/cutil -I../../../../src/ccstruct -I../../../../src/arch -I../../../../src/viewer -I../../../../src/classify -I../../../../src/dict -I../../../../src/lstm -I/Users/zyoung/dev/SwiftyTesseract/SwiftyTesseract/SwiftyTesseract/tesseract-4.1.0/ios/arm-apple-darwin64/ -arch arm64 -pipe -no-cpp-precomp -isysroot /Applications/Xcode.app/Contents/Developer/Platforms/iPhoneOS.platform/Developer/SDKs/iPhoneOS13.4.sdk -miphoneos-version-min=11.0 -O2 -fembed-bitcode -I/Users/zyoung/dev/SwiftyTesseract/SwiftyTesseract/SwiftyTesseract/leptonica-1.78.0/ios/arm-apple-darwin64/include/leptonica -DTESSDATA_PREFIX=/Users/zyoung/dev/SwiftyTesseract/SwiftyTesseract/SwiftyTesseract/tesseract-4.1.0/ios/arm-apple-darwin64/share -I/Users/zyoung/dev/SwiftyTesseract/SwiftyTesseract/SwiftyTesseract/tesseract-4.1.0/ios/arm-apple-darwin64/ -arch arm64 -pipe -no-cpp-precomp -isysroot /Applications/Xcode.app/Contents/Developer/Platforms/iPhoneOS.platform/Developer/SDKs/iPhoneOS13.4.sdk -miphoneos-version-min=11.0 -O2 -Wno-deprecated-register -std=c++17 -MT lstmtrainer.lo -MD -MP -MF .deps/lstmtrainer.Tpo -c ../../../../src/lstm/lstmtrainer.cpp -o lstmtrainer.o
libtool: compile:  /Applications/Xcode.app/Contents/Developer/usr/bin/g++ --target=arm-apple-darwin64 -DHAVE_CONFIG_H -I. -I../../../../src/lstm -I../.. -DNDEBUG -I../../../../src/ccutil -I../../../../src/cutil -I../../../../src/ccstruct -I../../../../src/arch -I../../../../src/viewer -I../../../../src/classify -I../../../../src/dict -I../../../../src/lstm -I/Users/zyoung/dev/SwiftyTesseract/SwiftyTesseract/SwiftyTesseract/tesseract-4.1.0/ios/arm-apple-darwin64/ -arch arm64 -pipe -no-cpp-precomp -isysroot /Applications/Xcode.app/Contents/Developer/Platforms/iPhoneOS.platform/Developer/SDKs/iPhoneOS13.4.sdk -miphoneos-version-min=11.0 -O2 -fembed-bitcode -I/Users/zyoung/dev/SwiftyTesseract/SwiftyTesseract/SwiftyTesseract/leptonica-1.78.0/ios/arm-apple-darwin64/include/leptonica -DTESSDATA_PREFIX=/Users/zyoung/dev/SwiftyTesseract/SwiftyTesseract/SwiftyTesseract/tesseract-4.1.0/ios/arm-apple-darwin64/share -I/Users/zyoung/dev/SwiftyTesseract/SwiftyTesseract/SwiftyTesseract/tesseract-4.1.0/ios/arm-apple-darwin64/ -arch arm64 -pipe -no-cpp-precomp -isysroot /Applications/Xcode.app/Contents/Developer/Platforms/iPhoneOS.platform/Developer/SDKs/iPhoneOS13.4.sdk -miphoneos-version-min=11.0 -O2 -Wno-deprecated-register -std=c++17 -MT functions.lo -MD -MP -MF .deps/functions.Tpo -c ../../../../src/lstm/functions.cpp -o functions.o
libtool: compile:  /Applications/Xcode.app/Contents/Developer/usr/bin/g++ --target=arm-apple-darwin64 -DHAVE_CONFIG_H -I. -I../../../../src/lstm -I../.. -DNDEBUG -I../../../../src/ccutil -I../../../../src/cutil -I../../../../src/ccstruct -I../../../../src/arch -I../../../../src/viewer -I../../../../src/classify -I../../../../src/dict -I../../../../src/lstm -I/Users/zyoung/dev/SwiftyTesseract/SwiftyTesseract/SwiftyTesseract/tesseract-4.1.0/ios/arm-apple-darwin64/ -arch arm64 -pipe -no-cpp-precomp -isysroot /Applications/Xcode.app/Contents/Developer/Platforms/iPhoneOS.platform/Developer/SDKs/iPhoneOS13.4.sdk -miphoneos-version-min=11.0 -O2 -fembed-bitcode -I/Users/zyoung/dev/SwiftyTesseract/SwiftyTesseract/SwiftyTesseract/leptonica-1.78.0/ios/arm-apple-darwin64/include/leptonica -DTESSDATA_PREFIX=/Users/zyoung/dev/SwiftyTesseract/SwiftyTesseract/SwiftyTesseract/tesseract-4.1.0/ios/arm-apple-darwin64/share -I/Users/zyoung/dev/SwiftyTesseract/SwiftyTesseract/SwiftyTesseract/tesseract-4.1.0/ios/arm-apple-darwin64/ -arch arm64 -pipe -no-cpp-precomp -isysroot /Applications/Xcode.app/Contents/Developer/Platforms/iPhoneOS.platform/Developer/SDKs/iPhoneOS13.4.sdk -miphoneos-version-min=11.0 -O2 -Wno-deprecated-register -std=c++17 -MT convolve.lo -MD -MP -MF .deps/convolve.Tpo -c ../../../../src/lstm/convolve.cpp -o convolve.o
libtool: compile:  /Applications/Xcode.app/Contents/Developer/usr/bin/g++ --target=arm-apple-darwin64 -DHAVE_CONFIG_H -I. -I../../../../src/lstm -I../.. -DNDEBUG -I../../../../src/ccutil -I../../../../src/cutil -I../../../../src/ccstruct -I../../../../src/arch -I../../../../src/viewer -I../../../../src/classify -I../../../../src/dict -I../../../../src/lstm -I/Users/zyoung/dev/SwiftyTesseract/SwiftyTesseract/SwiftyTesseract/tesseract-4.1.0/ios/arm-apple-darwin64/ -arch arm64 -pipe -no-cpp-precomp -isysroot /Applications/Xcode.app/Contents/Developer/Platforms/iPhoneOS.platform/Developer/SDKs/iPhoneOS13.4.sdk -miphoneos-version-min=11.0 -O2 -fembed-bitcode -I/Users/zyoung/dev/SwiftyTesseract/SwiftyTesseract/SwiftyTesseract/leptonica-1.78.0/ios/arm-apple-darwin64/include/leptonica -DTESSDATA_PREFIX=/Users/zyoung/dev/SwiftyTesseract/SwiftyTesseract/SwiftyTesseract/tesseract-4.1.0/ios/arm-apple-darwin64/share -I/Users/zyoung/dev/SwiftyTesseract/SwiftyTesseract/SwiftyTesseract/tesseract-4.1.0/ios/arm-apple-darwin64/ -arch arm64 -pipe -no-cpp-precomp -isysroot /Applications/Xcode.app/Contents/Developer/Platforms/iPhoneOS.platform/Developer/SDKs/iPhoneOS13.4.sdk -miphoneos-version-min=11.0 -O2 -Wno-deprecated-register -std=c++17 -MT lstmrecognizer.lo -MD -MP -MF .deps/lstmrecognizer.Tpo -c ../../../../src/lstm/lstmrecognizer.cpp -o lstmrecognizer.o
libtool: compile:  /Applications/Xcode.app/Contents/Developer/usr/bin/g++ --target=arm-apple-darwin64 -DHAVE_CONFIG_H -I. -I../../../../src/lstm -I../.. -DNDEBUG -I../../../../src/ccutil -I../../../../src/cutil -I../../../../src/ccstruct -I../../../../src/arch -I../../../../src/viewer -I../../../../src/classify -I../../../../src/dict -I../../../../src/lstm -I/Users/zyoung/dev/SwiftyTesseract/SwiftyTesseract/SwiftyTesseract/tesseract-4.1.0/ios/arm-apple-darwin64/ -arch arm64 -pipe -no-cpp-precomp -isysroot /Applications/Xcode.app/Contents/Developer/Platforms/iPhoneOS.platform/Developer/SDKs/iPhoneOS13.4.sdk -miphoneos-version-min=11.0 -O2 -fembed-bitcode -I/Users/zyoung/dev/SwiftyTesseract/SwiftyTesseract/SwiftyTesseract/leptonica-1.78.0/ios/arm-apple-darwin64/include/leptonica -DTESSDATA_PREFIX=/Users/zyoung/dev/SwiftyTesseract/SwiftyTesseract/SwiftyTesseract/tesseract-4.1.0/ios/arm-apple-darwin64/share -I/Users/zyoung/dev/SwiftyTesseract/SwiftyTesseract/SwiftyTesseract/tesseract-4.1.0/ios/arm-apple-darwin64/ -arch arm64 -pipe -no-cpp-precomp -isysroot /Applications/Xcode.app/Contents/Developer/Platforms/iPhoneOS.platform/Developer/SDKs/iPhoneOS13.4.sdk -miphoneos-version-min=11.0 -O2 -Wno-deprecated-register -std=c++17 -MT maxpool.lo -MD -MP -MF .deps/maxpool.Tpo -c ../../../../src/lstm/maxpool.cpp -o maxpool.o
libtool: compile:  /Applications/Xcode.app/Contents/Developer/usr/bin/g++ --target=arm-apple-darwin64 -DHAVE_CONFIG_H -I. -I../../../../src/lstm -I../.. -DNDEBUG -I../../../../src/ccutil -I../../../../src/cutil -I../../../../src/ccstruct -I../../../../src/arch -I../../../../src/viewer -I../../../../src/classify -I../../../../src/dict -I../../../../src/lstm -I/Users/zyoung/dev/SwiftyTesseract/SwiftyTesseract/SwiftyTesseract/tesseract-4.1.0/ios/arm-apple-darwin64/ -arch arm64 -pipe -no-cpp-precomp -isysroot /Applications/Xcode.app/Contents/Developer/Platforms/iPhoneOS.platform/Developer/SDKs/iPhoneOS13.4.sdk -miphoneos-version-min=11.0 -O2 -fembed-bitcode -I/Users/zyoung/dev/SwiftyTesseract/SwiftyTesseract/SwiftyTesseract/leptonica-1.78.0/ios/arm-apple-darwin64/include/leptonica -DTESSDATA_PREFIX=/Users/zyoung/dev/SwiftyTesseract/SwiftyTesseract/SwiftyTesseract/tesseract-4.1.0/ios/arm-apple-darwin64/share -I/Users/zyoung/dev/SwiftyTesseract/SwiftyTesseract/SwiftyTesseract/tesseract-4.1.0/ios/arm-apple-darwin64/ -arch arm64 -pipe -no-cpp-precomp -isysroot /Applications/Xcode.app/Contents/Developer/Platforms/iPhoneOS.platform/Developer/SDKs/iPhoneOS13.4.sdk -miphoneos-version-min=11.0 -O2 -Wno-deprecated-register -std=c++17 -MT networkbuilder.lo -MD -MP -MF .deps/networkbuilder.Tpo -c ../../../../src/lstm/networkbuilder.cpp -o networkbuilder.o
libtool: compile:  /Applications/Xcode.app/Contents/Developer/usr/bin/g++ --target=arm-apple-darwin64 -DHAVE_CONFIG_H -I. -I../../../../src/lstm -I../.. -DNDEBUG -I../../../../src/ccutil -I../../../../src/cutil -I../../../../src/ccstruct -I../../../../src/arch -I../../../../src/viewer -I../../../../src/classify -I../../../../src/dict -I../../../../src/lstm -I/Users/zyoung/dev/SwiftyTesseract/SwiftyTesseract/SwiftyTesseract/tesseract-4.1.0/ios/arm-apple-darwin64/ -arch arm64 -pipe -no-cpp-precomp -isysroot /Applications/Xcode.app/Contents/Developer/Platforms/iPhoneOS.platform/Developer/SDKs/iPhoneOS13.4.sdk -miphoneos-version-min=11.0 -O2 -fembed-bitcode -I/Users/zyoung/dev/SwiftyTesseract/SwiftyTesseract/SwiftyTesseract/leptonica-1.78.0/ios/arm-apple-darwin64/include/leptonica -DTESSDATA_PREFIX=/Users/zyoung/dev/SwiftyTesseract/SwiftyTesseract/SwiftyTesseract/tesseract-4.1.0/ios/arm-apple-darwin64/share -I/Users/zyoung/dev/SwiftyTesseract/SwiftyTesseract/SwiftyTesseract/tesseract-4.1.0/ios/arm-apple-darwin64/ -arch arm64 -pipe -no-cpp-precomp -isysroot /Applications/Xcode.app/Contents/Developer/Platforms/iPhoneOS.platform/Developer/SDKs/iPhoneOS13.4.sdk -miphoneos-version-min=11.0 -O2 -Wno-deprecated-register -std=c++17 -MT network.lo -MD -MP -MF .deps/network.Tpo -c ../../../../src/lstm/network.cpp -o network.o
libtool: compile:  /Applications/Xcode.app/Contents/Developer/usr/bin/g++ --target=arm-apple-darwin64 -DHAVE_CONFIG_H -I. -I../../../../src/lstm -I../.. -DNDEBUG -I../../../../src/ccutil -I../../../../src/cutil -I../../../../src/ccstruct -I../../../../src/arch -I../../../../src/viewer -I../../../../src/classify -I../../../../src/dict -I../../../../src/lstm -I/Users/zyoung/dev/SwiftyTesseract/SwiftyTesseract/SwiftyTesseract/tesseract-4.1.0/ios/arm-apple-darwin64/ -arch arm64 -pipe -no-cpp-precomp -isysroot /Applications/Xcode.app/Contents/Developer/Platforms/iPhoneOS.platform/Developer/SDKs/iPhoneOS13.4.sdk -miphoneos-version-min=11.0 -O2 -fembed-bitcode -I/Users/zyoung/dev/SwiftyTesseract/SwiftyTesseract/SwiftyTesseract/leptonica-1.78.0/ios/arm-apple-darwin64/include/leptonica -DTESSDATA_PREFIX=/Users/zyoung/dev/SwiftyTesseract/SwiftyTesseract/SwiftyTesseract/tesseract-4.1.0/ios/arm-apple-darwin64/share -I/Users/zyoung/dev/SwiftyTesseract/SwiftyTesseract/SwiftyTesseract/tesseract-4.1.0/ios/arm-apple-darwin64/ -arch arm64 -pipe -no-cpp-precomp -isysroot /Applications/Xcode.app/Contents/Developer/Platforms/iPhoneOS.platform/Developer/SDKs/iPhoneOS13.4.sdk -miphoneos-version-min=11.0 -O2 -Wno-deprecated-register -std=c++17 -MT networkio.lo -MD -MP -MF .deps/networkio.Tpo -c ../../../../src/lstm/networkio.cpp -o networkio.o
libtool: compile:  /Applications/Xcode.app/Contents/Developer/usr/bin/g++ --target=arm-apple-darwin64 -DHAVE_CONFIG_H -I. -I../../../../src/lstm -I../.. -DNDEBUG -I../../../../src/ccutil -I../../../../src/cutil -I../../../../src/ccstruct -I../../../../src/arch -I../../../../src/viewer -I../../../../src/classify -I../../../../src/dict -I../../../../src/lstm -I/Users/zyoung/dev/SwiftyTesseract/SwiftyTesseract/SwiftyTesseract/tesseract-4.1.0/ios/arm-apple-darwin64/ -arch arm64 -pipe -no-cpp-precomp -isysroot /Applications/Xcode.app/Contents/Developer/Platforms/iPhoneOS.platform/Developer/SDKs/iPhoneOS13.4.sdk -miphoneos-version-min=11.0 -O2 -fembed-bitcode -I/Users/zyoung/dev/SwiftyTesseract/SwiftyTesseract/SwiftyTesseract/leptonica-1.78.0/ios/arm-apple-darwin64/include/leptonica -DTESSDATA_PREFIX=/Users/zyoung/dev/SwiftyTesseract/SwiftyTesseract/SwiftyTesseract/tesseract-4.1.0/ios/arm-apple-darwin64/share -I/Users/zyoung/dev/SwiftyTesseract/SwiftyTesseract/SwiftyTesseract/tesseract-4.1.0/ios/arm-apple-darwin64/ -arch arm64 -pipe -no-cpp-precomp -isysroot /Applications/Xcode.app/Contents/Developer/Platforms/iPhoneOS.platform/Developer/SDKs/iPhoneOS13.4.sdk -miphoneos-version-min=11.0 -O2 -Wno-deprecated-register -std=c++17 -MT parallel.lo -MD -MP -MF .deps/parallel.Tpo -c ../../../../src/lstm/parallel.cpp -o parallel.o
libtool: compile:  /Applications/Xcode.app/Contents/Developer/usr/bin/g++ --target=arm-apple-darwin64 -DHAVE_CONFIG_H -I. -I../../../../src/lstm -I../.. -DNDEBUG -I../../../../src/ccutil -I../../../../src/cutil -I../../../../src/ccstruct -I../../../../src/arch -I../../../../src/viewer -I../../../../src/classify -I../../../../src/dict -I../../../../src/lstm -I/Users/zyoung/dev/SwiftyTesseract/SwiftyTesseract/SwiftyTesseract/tesseract-4.1.0/ios/arm-apple-darwin64/ -arch arm64 -pipe -no-cpp-precomp -isysroot /Applications/Xcode.app/Contents/Developer/Platforms/iPhoneOS.platform/Developer/SDKs/iPhoneOS13.4.sdk -miphoneos-version-min=11.0 -O2 -fembed-bitcode -I/Users/zyoung/dev/SwiftyTesseract/SwiftyTesseract/SwiftyTesseract/leptonica-1.78.0/ios/arm-apple-darwin64/include/leptonica -DTESSDATA_PREFIX=/Users/zyoung/dev/SwiftyTesseract/SwiftyTesseract/SwiftyTesseract/tesseract-4.1.0/ios/arm-apple-darwin64/share -I/Users/zyoung/dev/SwiftyTesseract/SwiftyTesseract/SwiftyTesseract/tesseract-4.1.0/ios/arm-apple-darwin64/ -arch arm64 -pipe -no-cpp-precomp -isysroot /Applications/Xcode.app/Contents/Developer/Platforms/iPhoneOS.platform/Developer/SDKs/iPhoneOS13.4.sdk -miphoneos-version-min=11.0 -O2 -Wno-deprecated-register -std=c++17 -MT plumbing.lo -MD -MP -MF .deps/plumbing.Tpo -c ../../../../src/lstm/plumbing.cpp -o plumbing.o
libtool: compile:  /Applications/Xcode.app/Contents/Developer/usr/bin/g++ --target=arm-apple-darwin64 -DHAVE_CONFIG_H -I. -I../../../../src/lstm -I../.. -DNDEBUG -I../../../../src/ccutil -I../../../../src/cutil -I../../../../src/ccstruct -I../../../../src/arch -I../../../../src/viewer -I../../../../src/classify -I../../../../src/dict -I../../../../src/lstm -I/Users/zyoung/dev/SwiftyTesseract/SwiftyTesseract/SwiftyTesseract/tesseract-4.1.0/ios/arm-apple-darwin64/ -arch arm64 -pipe -no-cpp-precomp -isysroot /Applications/Xcode.app/Contents/Developer/Platforms/iPhoneOS.platform/Developer/SDKs/iPhoneOS13.4.sdk -miphoneos-version-min=11.0 -O2 -fembed-bitcode -I/Users/zyoung/dev/SwiftyTesseract/SwiftyTesseract/SwiftyTesseract/leptonica-1.78.0/ios/arm-apple-darwin64/include/leptonica -DTESSDATA_PREFIX=/Users/zyoung/dev/SwiftyTesseract/SwiftyTesseract/SwiftyTesseract/tesseract-4.1.0/ios/arm-apple-darwin64/share -I/Users/zyoung/dev/SwiftyTesseract/SwiftyTesseract/SwiftyTesseract/tesseract-4.1.0/ios/arm-apple-darwin64/ -arch arm64 -pipe -no-cpp-precomp -isysroot /Applications/Xcode.app/Contents/Developer/Platforms/iPhoneOS.platform/Developer/SDKs/iPhoneOS13.4.sdk -miphoneos-version-min=11.0 -O2 -Wno-deprecated-register -std=c++17 -MT recodebeam.lo -MD -MP -MF .deps/recodebeam.Tpo -c ../../../../src/lstm/recodebeam.cpp -o recodebeam.o
libtool: compile:  /Applications/Xcode.app/Contents/Developer/usr/bin/g++ --target=arm-apple-darwin64 -DHAVE_CONFIG_H -I. -I../../../../src/lstm -I../.. -DNDEBUG -I../../../../src/ccutil -I../../../../src/cutil -I../../../../src/ccstruct -I../../../../src/arch -I../../../../src/viewer -I../../../../src/classify -I../../../../src/dict -I../../../../src/lstm -I/Users/zyoung/dev/SwiftyTesseract/SwiftyTesseract/SwiftyTesseract/tesseract-4.1.0/ios/arm-apple-darwin64/ -arch arm64 -pipe -no-cpp-precomp -isysroot /Applications/Xcode.app/Contents/Developer/Platforms/iPhoneOS.platform/Developer/SDKs/iPhoneOS13.4.sdk -miphoneos-version-min=11.0 -O2 -fembed-bitcode -I/Users/zyoung/dev/SwiftyTesseract/SwiftyTesseract/SwiftyTesseract/leptonica-1.78.0/ios/arm-apple-darwin64/include/leptonica -DTESSDATA_PREFIX=/Users/zyoung/dev/SwiftyTesseract/SwiftyTesseract/SwiftyTesseract/tesseract-4.1.0/ios/arm-apple-darwin64/share -I/Users/zyoung/dev/SwiftyTesseract/SwiftyTesseract/SwiftyTesseract/tesseract-4.1.0/ios/arm-apple-darwin64/ -arch arm64 -pipe -no-cpp-precomp -isysroot /Applications/Xcode.app/Contents/Developer/Platforms/iPhoneOS.platform/Developer/SDKs/iPhoneOS13.4.sdk -miphoneos-version-min=11.0 -O2 -Wno-deprecated-register -std=c++17 -MT reconfig.lo -MD -MP -MF .deps/reconfig.Tpo -c ../../../../src/lstm/reconfig.cpp -o reconfig.o
libtool: compile:  /Applications/Xcode.app/Contents/Developer/usr/bin/g++ --target=arm-apple-darwin64 -DHAVE_CONFIG_H -I. -I../../../../src/lstm -I../.. -DNDEBUG -I../../../../src/ccutil -I../../../../src/cutil -I../../../../src/ccstruct -I../../../../src/arch -I../../../../src/viewer -I../../../../src/classify -I../../../../src/dict -I../../../../src/lstm -I/Users/zyoung/dev/SwiftyTesseract/SwiftyTesseract/SwiftyTesseract/tesseract-4.1.0/ios/arm-apple-darwin64/ -arch arm64 -pipe -no-cpp-precomp -isysroot /Applications/Xcode.app/Contents/Developer/Platforms/iPhoneOS.platform/Developer/SDKs/iPhoneOS13.4.sdk -miphoneos-version-min=11.0 -O2 -fembed-bitcode -I/Users/zyoung/dev/SwiftyTesseract/SwiftyTesseract/SwiftyTesseract/leptonica-1.78.0/ios/arm-apple-darwin64/include/leptonica -DTESSDATA_PREFIX=/Users/zyoung/dev/SwiftyTesseract/SwiftyTesseract/SwiftyTesseract/tesseract-4.1.0/ios/arm-apple-darwin64/share -I/Users/zyoung/dev/SwiftyTesseract/SwiftyTesseract/SwiftyTesseract/tesseract-4.1.0/ios/arm-apple-darwin64/ -arch arm64 -pipe -no-cpp-precomp -isysroot /Applications/Xcode.app/Contents/Developer/Platforms/iPhoneOS.platform/Developer/SDKs/iPhoneOS13.4.sdk -miphoneos-version-min=11.0 -O2 -Wno-deprecated-register -std=c++17 -MT reversed.lo -MD -MP -MF .deps/reversed.Tpo -c ../../../../src/lstm/reversed.cpp -o reversed.o
libtool: compile:  /Applications/Xcode.app/Contents/Developer/usr/bin/g++ --target=arm-apple-darwin64 -DHAVE_CONFIG_H -I. -I../../../../src/lstm -I../.. -DNDEBUG -I../../../../src/ccutil -I../../../../src/cutil -I../../../../src/ccstruct -I../../../../src/arch -I../../../../src/viewer -I../../../../src/classify -I../../../../src/dict -I../../../../src/lstm -I/Users/zyoung/dev/SwiftyTesseract/SwiftyTesseract/SwiftyTesseract/tesseract-4.1.0/ios/arm-apple-darwin64/ -arch arm64 -pipe -no-cpp-precomp -isysroot /Applications/Xcode.app/Contents/Developer/Platforms/iPhoneOS.platform/Developer/SDKs/iPhoneOS13.4.sdk -miphoneos-version-min=11.0 -O2 -fembed-bitcode -I/Users/zyoung/dev/SwiftyTesseract/SwiftyTesseract/SwiftyTesseract/leptonica-1.78.0/ios/arm-apple-darwin64/include/leptonica -DTESSDATA_PREFIX=/Users/zyoung/dev/SwiftyTesseract/SwiftyTesseract/SwiftyTesseract/tesseract-4.1.0/ios/arm-apple-darwin64/share -I/Users/zyoung/dev/SwiftyTesseract/SwiftyTesseract/SwiftyTesseract/tesseract-4.1.0/ios/arm-apple-darwin64/ -arch arm64 -pipe -no-cpp-precomp -isysroot /Applications/Xcode.app/Contents/Developer/Platforms/iPhoneOS.platform/Developer/SDKs/iPhoneOS13.4.sdk -miphoneos-version-min=11.0 -O2 -Wno-deprecated-register -std=c++17 -MT series.lo -MD -MP -MF .deps/series.Tpo -c ../../../../src/lstm/series.cpp -o series.o
libtool: compile:  /Applications/Xcode.app/Contents/Developer/usr/bin/g++ --target=arm-apple-darwin64 -DHAVE_CONFIG_H -I. -I../../../../src/lstm -I../.. -DNDEBUG -I../../../../src/ccutil -I../../../../src/cutil -I../../../../src/ccstruct -I../../../../src/arch -I../../../../src/viewer -I../../../../src/classify -I../../../../src/dict -I../../../../src/lstm -I/Users/zyoung/dev/SwiftyTesseract/SwiftyTesseract/SwiftyTesseract/tesseract-4.1.0/ios/arm-apple-darwin64/ -arch arm64 -pipe -no-cpp-precomp -isysroot /Applications/Xcode.app/Contents/Developer/Platforms/iPhoneOS.platform/Developer/SDKs/iPhoneOS13.4.sdk -miphoneos-version-min=11.0 -O2 -fembed-bitcode -I/Users/zyoung/dev/SwiftyTesseract/SwiftyTesseract/SwiftyTesseract/leptonica-1.78.0/ios/arm-apple-darwin64/include/leptonica -DTESSDATA_PREFIX=/Users/zyoung/dev/SwiftyTesseract/SwiftyTesseract/SwiftyTesseract/tesseract-4.1.0/ios/arm-apple-darwin64/share -I/Users/zyoung/dev/SwiftyTesseract/SwiftyTesseract/SwiftyTesseract/tesseract-4.1.0/ios/arm-apple-darwin64/ -arch arm64 -pipe -no-cpp-precomp -isysroot /Applications/Xcode.app/Contents/Developer/Platforms/iPhoneOS.platform/Developer/SDKs/iPhoneOS13.4.sdk -miphoneos-version-min=11.0 -O2 -Wno-deprecated-register -std=c++17 -MT stridemap.lo -MD -MP -MF .deps/stridemap.Tpo -c ../../../../src/lstm/stridemap.cpp -o stridemap.o
libtool: compile:  /Applications/Xcode.app/Contents/Developer/usr/bin/g++ --target=arm-apple-darwin64 -DHAVE_CONFIG_H -I. -I../../../../src/lstm -I../.. -DNDEBUG -I../../../../src/ccutil -I../../../../src/cutil -I../../../../src/ccstruct -I../../../../src/arch -I../../../../src/viewer -I../../../../src/classify -I../../../../src/dict -I../../../../src/lstm -I/Users/zyoung/dev/SwiftyTesseract/SwiftyTesseract/SwiftyTesseract/tesseract-4.1.0/ios/arm-apple-darwin64/ -arch arm64 -pipe -no-cpp-precomp -isysroot /Applications/Xcode.app/Contents/Developer/Platforms/iPhoneOS.platform/Developer/SDKs/iPhoneOS13.4.sdk -miphoneos-version-min=11.0 -O2 -fembed-bitcode -I/Users/zyoung/dev/SwiftyTesseract/SwiftyTesseract/SwiftyTesseract/leptonica-1.78.0/ios/arm-apple-darwin64/include/leptonica -DTESSDATA_PREFIX=/Users/zyoung/dev/SwiftyTesseract/SwiftyTesseract/SwiftyTesseract/tesseract-4.1.0/ios/arm-apple-darwin64/share -I/Users/zyoung/dev/SwiftyTesseract/SwiftyTesseract/SwiftyTesseract/tesseract-4.1.0/ios/arm-apple-darwin64/ -arch arm64 -pipe -no-cpp-precomp -isysroot /Applications/Xcode.app/Contents/Developer/Platforms/iPhoneOS.platform/Developer/SDKs/iPhoneOS13.4.sdk -miphoneos-version-min=11.0 -O2 -Wno-deprecated-register -std=c++17 -MT tfnetwork.lo -MD -MP -MF .deps/tfnetwork.Tpo -c ../../../../src/lstm/tfnetwork.cpp -o tfnetwork.o
libtool: compile:  /Applications/Xcode.app/Contents/Developer/usr/bin/g++ --target=arm-apple-darwin64 -DHAVE_CONFIG_H -I. -I../../../../src/lstm -I../.. -DNDEBUG -I../../../../src/ccutil -I../../../../src/cutil -I../../../../src/ccstruct -I../../../../src/arch -I../../../../src/viewer -I../../../../src/classify -I../../../../src/dict -I../../../../src/lstm -I/Users/zyoung/dev/SwiftyTesseract/SwiftyTesseract/SwiftyTesseract/tesseract-4.1.0/ios/arm-apple-darwin64/ -arch arm64 -pipe -no-cpp-precomp -isysroot /Applications/Xcode.app/Contents/Developer/Platforms/iPhoneOS.platform/Developer/SDKs/iPhoneOS13.4.sdk -miphoneos-version-min=11.0 -O2 -fembed-bitcode -I/Users/zyoung/dev/SwiftyTesseract/SwiftyTesseract/SwiftyTesseract/leptonica-1.78.0/ios/arm-apple-darwin64/include/leptonica -DTESSDATA_PREFIX=/Users/zyoung/dev/SwiftyTesseract/SwiftyTesseract/SwiftyTesseract/tesseract-4.1.0/ios/arm-apple-darwin64/share -I/Users/zyoung/dev/SwiftyTesseract/SwiftyTesseract/SwiftyTesseract/tesseract-4.1.0/ios/arm-apple-darwin64/ -arch arm64 -pipe -no-cpp-precomp -isysroot /Applications/Xcode.app/Contents/Developer/Platforms/iPhoneOS.platform/Developer/SDKs/iPhoneOS13.4.sdk -miphoneos-version-min=11.0 -O2 -Wno-deprecated-register -std=c++17 -MT weightmatrix.lo -MD -MP -MF .deps/weightmatrix.Tpo -c ../../../../src/lstm/weightmatrix.cpp -o weightmatrix.o
libtool: link: ar cru .libs/libtesseract_lstm.a  convolve.o ctc.o fullyconnected.o functions.o input.o lstm.o lstmrecognizer.o lstmtrainer.o maxpool.o networkbuilder.o network.o networkio.o parallel.o plumbing.o recodebeam.o reconfig.o reversed.o series.o stridemap.o tfnetwork.o weightmatrix.o
libtool: link: ranlib .libs/libtesseract_lstm.a
libtool: link: ( cd ".libs" && rm -f "libtesseract_lstm.la" && ln -s "../libtesseract_lstm.la" "libtesseract_lstm.la" )
Making all in src/ccmain
libtool: compile:  /Applications/Xcode.app/Contents/Developer/usr/bin/g++ --target=arm-apple-darwin64 -DHAVE_CONFIG_H -I. -I../../../../src/ccmain -I../.. -DNDEBUG -I../../../../src/ccutil -I../../../../src/ccstruct -I../../../../src/arch -I../../../../src/lstm -I../../../../src/viewer -I../../../../src/classify -I../../../../src/dict -I../../../../src/wordrec -I../../../../src/cutil -I../../../../src/textord -I../../../../src/opencl -I/Users/zyoung/dev/SwiftyTesseract/SwiftyTesseract/SwiftyTesseract/tesseract-4.1.0/ios/arm-apple-darwin64/ -arch arm64 -pipe -no-cpp-precomp -isysroot /Applications/Xcode.app/Contents/Developer/Platforms/iPhoneOS.platform/Developer/SDKs/iPhoneOS13.4.sdk -miphoneos-version-min=11.0 -O2 -fembed-bitcode -I/Users/zyoung/dev/SwiftyTesseract/SwiftyTesseract/SwiftyTesseract/leptonica-1.78.0/ios/arm-apple-darwin64/include/leptonica -I/Users/zyoung/dev/SwiftyTesseract/SwiftyTesseract/SwiftyTesseract/tesseract-4.1.0/ios/arm-apple-darwin64/ -arch arm64 -pipe -no-cpp-precomp -isysroot /Applications/Xcode.app/Contents/Developer/Platforms/iPhoneOS.platform/Developer/SDKs/iPhoneOS13.4.sdk -miphoneos-version-min=11.0 -O2 -Wno-deprecated-register -std=c++17 -MT pageiterator.lo -MD -MP -MF .deps/pageiterator.Tpo -c ../../../../src/ccmain/pageiterator.cpp -o pageiterator.o
libtool: compile:  /Applications/Xcode.app/Contents/Developer/usr/bin/g++ --target=arm-apple-darwin64 -DHAVE_CONFIG_H -I. -I../../../../src/ccmain -I../.. -DNDEBUG -I../../../../src/ccutil -I../../../../src/ccstruct -I../../../../src/arch -I../../../../src/lstm -I../../../../src/viewer -I../../../../src/classify -I../../../../src/dict -I../../../../src/wordrec -I../../../../src/cutil -I../../../../src/textord -I../../../../src/opencl -I/Users/zyoung/dev/SwiftyTesseract/SwiftyTesseract/SwiftyTesseract/tesseract-4.1.0/ios/arm-apple-darwin64/ -arch arm64 -pipe -no-cpp-precomp -isysroot /Applications/Xcode.app/Contents/Developer/Platforms/iPhoneOS.platform/Developer/SDKs/iPhoneOS13.4.sdk -miphoneos-version-min=11.0 -O2 -fembed-bitcode -I/Users/zyoung/dev/SwiftyTesseract/SwiftyTesseract/SwiftyTesseract/leptonica-1.78.0/ios/arm-apple-darwin64/include/leptonica -I/Users/zyoung/dev/SwiftyTesseract/SwiftyTesseract/SwiftyTesseract/tesseract-4.1.0/ios/arm-apple-darwin64/ -arch arm64 -pipe -no-cpp-precomp -isysroot /Applications/Xcode.app/Contents/Developer/Platforms/iPhoneOS.platform/Developer/SDKs/iPhoneOS13.4.sdk -miphoneos-version-min=11.0 -O2 -Wno-deprecated-register -std=c++17 -MT linerec.lo -MD -MP -MF .deps/linerec.Tpo -c ../../../../src/ccmain/linerec.cpp -o linerec.o
libtool: compile:  /Applications/Xcode.app/Contents/Developer/usr/bin/g++ --target=arm-apple-darwin64 -DHAVE_CONFIG_H -I. -I../../../../src/ccmain -I../.. -DNDEBUG -I../../../../src/ccutil -I../../../../src/ccstruct -I../../../../src/arch -I../../../../src/lstm -I../../../../src/viewer -I../../../../src/classify -I../../../../src/dict -I../../../../src/wordrec -I../../../../src/cutil -I../../../../src/textord -I../../../../src/opencl -I/Users/zyoung/dev/SwiftyTesseract/SwiftyTesseract/SwiftyTesseract/tesseract-4.1.0/ios/arm-apple-darwin64/ -arch arm64 -pipe -no-cpp-precomp -isysroot /Applications/Xcode.app/Contents/Developer/Platforms/iPhoneOS.platform/Developer/SDKs/iPhoneOS13.4.sdk -miphoneos-version-min=11.0 -O2 -fembed-bitcode -I/Users/zyoung/dev/SwiftyTesseract/SwiftyTesseract/SwiftyTesseract/leptonica-1.78.0/ios/arm-apple-darwin64/include/leptonica -I/Users/zyoung/dev/SwiftyTesseract/SwiftyTesseract/SwiftyTesseract/tesseract-4.1.0/ios/arm-apple-darwin64/ -arch arm64 -pipe -no-cpp-precomp -isysroot /Applications/Xcode.app/Contents/Developer/Platforms/iPhoneOS.platform/Developer/SDKs/iPhoneOS13.4.sdk -miphoneos-version-min=11.0 -O2 -Wno-deprecated-register -std=c++17 -MT pagesegmain.lo -MD -MP -MF .deps/pagesegmain.Tpo -c ../../../../src/ccmain/pagesegmain.cpp -o pagesegmain.o
libtool: compile:  /Applications/Xcode.app/Contents/Developer/usr/bin/g++ --target=arm-apple-darwin64 -DHAVE_CONFIG_H -I. -I../../../../src/ccmain -I../.. -DNDEBUG -I../../../../src/ccutil -I../../../../src/ccstruct -I../../../../src/arch -I../../../../src/lstm -I../../../../src/viewer -I../../../../src/classify -I../../../../src/dict -I../../../../src/wordrec -I../../../../src/cutil -I../../../../src/textord -I../../../../src/opencl -I/Users/zyoung/dev/SwiftyTesseract/SwiftyTesseract/SwiftyTesseract/tesseract-4.1.0/ios/arm-apple-darwin64/ -arch arm64 -pipe -no-cpp-precomp -isysroot /Applications/Xcode.app/Contents/Developer/Platforms/iPhoneOS.platform/Developer/SDKs/iPhoneOS13.4.sdk -miphoneos-version-min=11.0 -O2 -fembed-bitcode -I/Users/zyoung/dev/SwiftyTesseract/SwiftyTesseract/SwiftyTesseract/leptonica-1.78.0/ios/arm-apple-darwin64/include/leptonica -I/Users/zyoung/dev/SwiftyTesseract/SwiftyTesseract/SwiftyTesseract/tesseract-4.1.0/ios/arm-apple-darwin64/ -arch arm64 -pipe -no-cpp-precomp -isysroot /Applications/Xcode.app/Contents/Developer/Platforms/iPhoneOS.platform/Developer/SDKs/iPhoneOS13.4.sdk -miphoneos-version-min=11.0 -O2 -Wno-deprecated-register -std=c++17 -MT applybox.lo -MD -MP -MF .deps/applybox.Tpo -c ../../../../src/ccmain/applybox.cpp -o applybox.o
libtool: compile:  /Applications/Xcode.app/Contents/Developer/usr/bin/g++ --target=arm-apple-darwin64 -DHAVE_CONFIG_H -I. -I../../../../src/ccmain -I../.. -DNDEBUG -I../../../../src/ccutil -I../../../../src/ccstruct -I../../../../src/arch -I../../../../src/lstm -I../../../../src/viewer -I../../../../src/classify -I../../../../src/dict -I../../../../src/wordrec -I../../../../src/cutil -I../../../../src/textord -I../../../../src/opencl -I/Users/zyoung/dev/SwiftyTesseract/SwiftyTesseract/SwiftyTesseract/tesseract-4.1.0/ios/arm-apple-darwin64/ -arch arm64 -pipe -no-cpp-precomp -isysroot /Applications/Xcode.app/Contents/Developer/Platforms/iPhoneOS.platform/Developer/SDKs/iPhoneOS13.4.sdk -miphoneos-version-min=11.0 -O2 -fembed-bitcode -I/Users/zyoung/dev/SwiftyTesseract/SwiftyTesseract/SwiftyTesseract/leptonica-1.78.0/ios/arm-apple-darwin64/include/leptonica -I/Users/zyoung/dev/SwiftyTesseract/SwiftyTesseract/SwiftyTesseract/tesseract-4.1.0/ios/arm-apple-darwin64/ -arch arm64 -pipe -no-cpp-precomp -isysroot /Applications/Xcode.app/Contents/Developer/Platforms/iPhoneOS.platform/Developer/SDKs/iPhoneOS13.4.sdk -miphoneos-version-min=11.0 -O2 -Wno-deprecated-register -std=c++17 -MT mutableiterator.lo -MD -MP -MF .deps/mutableiterator.Tpo -c ../../../../src/ccmain/mutableiterator.cpp -o mutableiterator.o
libtool: compile:  /Applications/Xcode.app/Contents/Developer/usr/bin/g++ --target=arm-apple-darwin64 -DHAVE_CONFIG_H -I. -I../../../../src/ccmain -I../.. -DNDEBUG -I../../../../src/ccutil -I../../../../src/ccstruct -I../../../../src/arch -I../../../../src/lstm -I../../../../src/viewer -I../../../../src/classify -I../../../../src/dict -I../../../../src/wordrec -I../../../../src/cutil -I../../../../src/textord -I../../../../src/opencl -I/Users/zyoung/dev/SwiftyTesseract/SwiftyTesseract/SwiftyTesseract/tesseract-4.1.0/ios/arm-apple-darwin64/ -arch arm64 -pipe -no-cpp-precomp -isysroot /Applications/Xcode.app/Contents/Developer/Platforms/iPhoneOS.platform/Developer/SDKs/iPhoneOS13.4.sdk -miphoneos-version-min=11.0 -O2 -fembed-bitcode -I/Users/zyoung/dev/SwiftyTesseract/SwiftyTesseract/SwiftyTesseract/leptonica-1.78.0/ios/arm-apple-darwin64/include/leptonica -I/Users/zyoung/dev/SwiftyTesseract/SwiftyTesseract/SwiftyTesseract/tesseract-4.1.0/ios/arm-apple-darwin64/ -arch arm64 -pipe -no-cpp-precomp -isysroot /Applications/Xcode.app/Contents/Developer/Platforms/iPhoneOS.platform/Developer/SDKs/iPhoneOS13.4.sdk -miphoneos-version-min=11.0 -O2 -Wno-deprecated-register -std=c++17 -MT output.lo -MD -MP -MF .deps/output.Tpo -c ../../../../src/ccmain/output.cpp -o output.o
libtool: compile:  /Applications/Xcode.app/Contents/Developer/usr/bin/g++ --target=arm-apple-darwin64 -DHAVE_CONFIG_H -I. -I../../../../src/ccmain -I../.. -DNDEBUG -I../../../../src/ccutil -I../../../../src/ccstruct -I../../../../src/arch -I../../../../src/lstm -I../../../../src/viewer -I../../../../src/classify -I../../../../src/dict -I../../../../src/wordrec -I../../../../src/cutil -I../../../../src/textord -I../../../../src/opencl -I/Users/zyoung/dev/SwiftyTesseract/SwiftyTesseract/SwiftyTesseract/tesseract-4.1.0/ios/arm-apple-darwin64/ -arch arm64 -pipe -no-cpp-precomp -isysroot /Applications/Xcode.app/Contents/Developer/Platforms/iPhoneOS.platform/Developer/SDKs/iPhoneOS13.4.sdk -miphoneos-version-min=11.0 -O2 -fembed-bitcode -I/Users/zyoung/dev/SwiftyTesseract/SwiftyTesseract/SwiftyTesseract/leptonica-1.78.0/ios/arm-apple-darwin64/include/leptonica -I/Users/zyoung/dev/SwiftyTesseract/SwiftyTesseract/SwiftyTesseract/tesseract-4.1.0/ios/arm-apple-darwin64/ -arch arm64 -pipe -no-cpp-precomp -isysroot /Applications/Xcode.app/Contents/Developer/Platforms/iPhoneOS.platform/Developer/SDKs/iPhoneOS13.4.sdk -miphoneos-version-min=11.0 -O2 -Wno-deprecated-register -std=c++17 -MT control.lo -MD -MP -MF .deps/control.Tpo -c ../../../../src/ccmain/control.cpp -o control.o
libtool: compile:  /Applications/Xcode.app/Contents/Developer/usr/bin/g++ --target=arm-apple-darwin64 -DHAVE_CONFIG_H -I. -I../../../../src/ccmain -I../.. -DNDEBUG -I../../../../src/ccutil -I../../../../src/ccstruct -I../../../../src/arch -I../../../../src/lstm -I../../../../src/viewer -I../../../../src/classify -I../../../../src/dict -I../../../../src/wordrec -I../../../../src/cutil -I../../../../src/textord -I../../../../src/opencl -I/Users/zyoung/dev/SwiftyTesseract/SwiftyTesseract/SwiftyTesseract/tesseract-4.1.0/ios/arm-apple-darwin64/ -arch arm64 -pipe -no-cpp-precomp -isysroot /Applications/Xcode.app/Contents/Developer/Platforms/iPhoneOS.platform/Developer/SDKs/iPhoneOS13.4.sdk -miphoneos-version-min=11.0 -O2 -fembed-bitcode -I/Users/zyoung/dev/SwiftyTesseract/SwiftyTesseract/SwiftyTesseract/leptonica-1.78.0/ios/arm-apple-darwin64/include/leptonica -I/Users/zyoung/dev/SwiftyTesseract/SwiftyTesseract/SwiftyTesseract/tesseract-4.1.0/ios/arm-apple-darwin64/ -arch arm64 -pipe -no-cpp-precomp -isysroot /Applications/Xcode.app/Contents/Developer/Platforms/iPhoneOS.platform/Developer/SDKs/iPhoneOS13.4.sdk -miphoneos-version-min=11.0 -O2 -Wno-deprecated-register -std=c++17 -MT ltrresultiterator.lo -MD -MP -MF .deps/ltrresultiterator.Tpo -c ../../../../src/ccmain/ltrresultiterator.cpp -o ltrresultiterator.o
libtool: compile:  /Applications/Xcode.app/Contents/Developer/usr/bin/g++ --target=arm-apple-darwin64 -DHAVE_CONFIG_H -I. -I../../../../src/ccmain -I../.. -DNDEBUG -I../../../../src/ccutil -I../../../../src/ccstruct -I../../../../src/arch -I../../../../src/lstm -I../../../../src/viewer -I../../../../src/classify -I../../../../src/dict -I../../../../src/wordrec -I../../../../src/cutil -I../../../../src/textord -I../../../../src/opencl -I/Users/zyoung/dev/SwiftyTesseract/SwiftyTesseract/SwiftyTesseract/tesseract-4.1.0/ios/arm-apple-darwin64/ -arch arm64 -pipe -no-cpp-precomp -isysroot /Applications/Xcode.app/Contents/Developer/Platforms/iPhoneOS.platform/Developer/SDKs/iPhoneOS13.4.sdk -miphoneos-version-min=11.0 -O2 -fembed-bitcode -I/Users/zyoung/dev/SwiftyTesseract/SwiftyTesseract/SwiftyTesseract/leptonica-1.78.0/ios/arm-apple-darwin64/include/leptonica -I/Users/zyoung/dev/SwiftyTesseract/SwiftyTesseract/SwiftyTesseract/tesseract-4.1.0/ios/arm-apple-darwin64/ -arch arm64 -pipe -no-cpp-precomp -isysroot /Applications/Xcode.app/Contents/Developer/Platforms/iPhoneOS.platform/Developer/SDKs/iPhoneOS13.4.sdk -miphoneos-version-min=11.0 -O2 -Wno-deprecated-register -std=c++17 -MT pagewalk.lo -MD -MP -MF .deps/pagewalk.Tpo -c ../../../../src/ccmain/pagewalk.cpp -o pagewalk.o
libtool: compile:  /Applications/Xcode.app/Contents/Developer/usr/bin/g++ --target=arm-apple-darwin64 -DHAVE_CONFIG_H -I. -I../../../../src/ccmain -I../.. -DNDEBUG -I../../../../src/ccutil -I../../../../src/ccstruct -I../../../../src/arch -I../../../../src/lstm -I../../../../src/viewer -I../../../../src/classify -I../../../../src/dict -I../../../../src/wordrec -I../../../../src/cutil -I../../../../src/textord -I../../../../src/opencl -I/Users/zyoung/dev/SwiftyTesseract/SwiftyTesseract/SwiftyTesseract/tesseract-4.1.0/ios/arm-apple-darwin64/ -arch arm64 -pipe -no-cpp-precomp -isysroot /Applications/Xcode.app/Contents/Developer/Platforms/iPhoneOS.platform/Developer/SDKs/iPhoneOS13.4.sdk -miphoneos-version-min=11.0 -O2 -fembed-bitcode -I/Users/zyoung/dev/SwiftyTesseract/SwiftyTesseract/SwiftyTesseract/leptonica-1.78.0/ios/arm-apple-darwin64/include/leptonica -I/Users/zyoung/dev/SwiftyTesseract/SwiftyTesseract/SwiftyTesseract/tesseract-4.1.0/ios/arm-apple-darwin64/ -arch arm64 -pipe -no-cpp-precomp -isysroot /Applications/Xcode.app/Contents/Developer/Platforms/iPhoneOS.platform/Developer/SDKs/iPhoneOS13.4.sdk -miphoneos-version-min=11.0 -O2 -Wno-deprecated-register -std=c++17 -MT paramsd.lo -MD -MP -MF .deps/paramsd.Tpo -c ../../../../src/ccmain/paramsd.cpp -o paramsd.o
libtool: compile:  /Applications/Xcode.app/Contents/Developer/usr/bin/g++ --target=arm-apple-darwin64 -DHAVE_CONFIG_H -I. -I../../../../src/ccmain -I../.. -DNDEBUG -I../../../../src/ccutil -I../../../../src/ccstruct -I../../../../src/arch -I../../../../src/lstm -I../../../../src/viewer -I../../../../src/classify -I../../../../src/dict -I../../../../src/wordrec -I../../../../src/cutil -I../../../../src/textord -I../../../../src/opencl -I/Users/zyoung/dev/SwiftyTesseract/SwiftyTesseract/SwiftyTesseract/tesseract-4.1.0/ios/arm-apple-darwin64/ -arch arm64 -pipe -no-cpp-precomp -isysroot /Applications/Xcode.app/Contents/Developer/Platforms/iPhoneOS.platform/Developer/SDKs/iPhoneOS13.4.sdk -miphoneos-version-min=11.0 -O2 -fembed-bitcode -I/Users/zyoung/dev/SwiftyTesseract/SwiftyTesseract/SwiftyTesseract/leptonica-1.78.0/ios/arm-apple-darwin64/include/leptonica -I/Users/zyoung/dev/SwiftyTesseract/SwiftyTesseract/SwiftyTesseract/tesseract-4.1.0/ios/arm-apple-darwin64/ -arch arm64 -pipe -no-cpp-precomp -isysroot /Applications/Xcode.app/Contents/Developer/Platforms/iPhoneOS.platform/Developer/SDKs/iPhoneOS13.4.sdk -miphoneos-version-min=11.0 -O2 -Wno-deprecated-register -std=c++17 -MT paragraphs.lo -MD -MP -MF .deps/paragraphs.Tpo -c ../../../../src/ccmain/paragraphs.cpp -o paragraphs.o
libtool: compile:  /Applications/Xcode.app/Contents/Developer/usr/bin/g++ --target=arm-apple-darwin64 -DHAVE_CONFIG_H -I. -I../../../../src/ccmain -I../.. -DNDEBUG -I../../../../src/ccutil -I../../../../src/ccstruct -I../../../../src/arch -I../../../../src/lstm -I../../../../src/viewer -I../../../../src/classify -I../../../../src/dict -I../../../../src/wordrec -I../../../../src/cutil -I../../../../src/textord -I../../../../src/opencl -I/Users/zyoung/dev/SwiftyTesseract/SwiftyTesseract/SwiftyTesseract/tesseract-4.1.0/ios/arm-apple-darwin64/ -arch arm64 -pipe -no-cpp-precomp -isysroot /Applications/Xcode.app/Contents/Developer/Platforms/iPhoneOS.platform/Developer/SDKs/iPhoneOS13.4.sdk -miphoneos-version-min=11.0 -O2 -fembed-bitcode -I/Users/zyoung/dev/SwiftyTesseract/SwiftyTesseract/SwiftyTesseract/leptonica-1.78.0/ios/arm-apple-darwin64/include/leptonica -I/Users/zyoung/dev/SwiftyTesseract/SwiftyTesseract/SwiftyTesseract/tesseract-4.1.0/ios/arm-apple-darwin64/ -arch arm64 -pipe -no-cpp-precomp -isysroot /Applications/Xcode.app/Contents/Developer/Platforms/iPhoneOS.platform/Developer/SDKs/iPhoneOS13.4.sdk -miphoneos-version-min=11.0 -O2 -Wno-deprecated-register -std=c++17 -MT recogtraining.lo -MD -MP -MF .deps/recogtraining.Tpo -c ../../../../src/ccmain/recogtraining.cpp -o recogtraining.o
libtool: compile:  /Applications/Xcode.app/Contents/Developer/usr/bin/g++ --target=arm-apple-darwin64 -DHAVE_CONFIG_H -I. -I../../../../src/ccmain -I../.. -DNDEBUG -I../../../../src/ccutil -I../../../../src/ccstruct -I../../../../src/arch -I../../../../src/lstm -I../../../../src/viewer -I../../../../src/classify -I../../../../src/dict -I../../../../src/wordrec -I../../../../src/cutil -I../../../../src/textord -I../../../../src/opencl -I/Users/zyoung/dev/SwiftyTesseract/SwiftyTesseract/SwiftyTesseract/tesseract-4.1.0/ios/arm-apple-darwin64/ -arch arm64 -pipe -no-cpp-precomp -isysroot /Applications/Xcode.app/Contents/Developer/Platforms/iPhoneOS.platform/Developer/SDKs/iPhoneOS13.4.sdk -miphoneos-version-min=11.0 -O2 -fembed-bitcode -I/Users/zyoung/dev/SwiftyTesseract/SwiftyTesseract/SwiftyTesseract/leptonica-1.78.0/ios/arm-apple-darwin64/include/leptonica -I/Users/zyoung/dev/SwiftyTesseract/SwiftyTesseract/SwiftyTesseract/tesseract-4.1.0/ios/arm-apple-darwin64/ -arch arm64 -pipe -no-cpp-precomp -isysroot /Applications/Xcode.app/Contents/Developer/Platforms/iPhoneOS.platform/Developer/SDKs/iPhoneOS13.4.sdk -miphoneos-version-min=11.0 -O2 -Wno-deprecated-register -std=c++17 -MT pgedit.lo -MD -MP -MF .deps/pgedit.Tpo -c ../../../../src/ccmain/pgedit.cpp -o pgedit.o
libtool: compile:  /Applications/Xcode.app/Contents/Developer/usr/bin/g++ --target=arm-apple-darwin64 -DHAVE_CONFIG_H -I. -I../../../../src/ccmain -I../.. -DNDEBUG -I../../../../src/ccutil -I../../../../src/ccstruct -I../../../../src/arch -I../../../../src/lstm -I../../../../src/viewer -I../../../../src/classify -I../../../../src/dict -I../../../../src/wordrec -I../../../../src/cutil -I../../../../src/textord -I../../../../src/opencl -I/Users/zyoung/dev/SwiftyTesseract/SwiftyTesseract/SwiftyTesseract/tesseract-4.1.0/ios/arm-apple-darwin64/ -arch arm64 -pipe -no-cpp-precomp -isysroot /Applications/Xcode.app/Contents/Developer/Platforms/iPhoneOS.platform/Developer/SDKs/iPhoneOS13.4.sdk -miphoneos-version-min=11.0 -O2 -fembed-bitcode -I/Users/zyoung/dev/SwiftyTesseract/SwiftyTesseract/SwiftyTesseract/leptonica-1.78.0/ios/arm-apple-darwin64/include/leptonica -I/Users/zyoung/dev/SwiftyTesseract/SwiftyTesseract/SwiftyTesseract/tesseract-4.1.0/ios/arm-apple-darwin64/ -arch arm64 -pipe -no-cpp-precomp -isysroot /Applications/Xcode.app/Contents/Developer/Platforms/iPhoneOS.platform/Developer/SDKs/iPhoneOS13.4.sdk -miphoneos-version-min=11.0 -O2 -Wno-deprecated-register -std=c++17 -MT reject.lo -MD -MP -MF .deps/reject.Tpo -c ../../../../src/ccmain/reject.cpp -o reject.o
libtool: compile:  /Applications/Xcode.app/Contents/Developer/usr/bin/g++ --target=arm-apple-darwin64 -DHAVE_CONFIG_H -I. -I../../../../src/ccmain -I../.. -DNDEBUG -I../../../../src/ccutil -I../../../../src/ccstruct -I../../../../src/arch -I../../../../src/lstm -I../../../../src/viewer -I../../../../src/classify -I../../../../src/dict -I../../../../src/wordrec -I../../../../src/cutil -I../../../../src/textord -I../../../../src/opencl -I/Users/zyoung/dev/SwiftyTesseract/SwiftyTesseract/SwiftyTesseract/tesseract-4.1.0/ios/arm-apple-darwin64/ -arch arm64 -pipe -no-cpp-precomp -isysroot /Applications/Xcode.app/Contents/Developer/Platforms/iPhoneOS.platform/Developer/SDKs/iPhoneOS13.4.sdk -miphoneos-version-min=11.0 -O2 -fembed-bitcode -I/Users/zyoung/dev/SwiftyTesseract/SwiftyTesseract/SwiftyTesseract/leptonica-1.78.0/ios/arm-apple-darwin64/include/leptonica -I/Users/zyoung/dev/SwiftyTesseract/SwiftyTesseract/SwiftyTesseract/tesseract-4.1.0/ios/arm-apple-darwin64/ -arch arm64 -pipe -no-cpp-precomp -isysroot /Applications/Xcode.app/Contents/Developer/Platforms/iPhoneOS.platform/Developer/SDKs/iPhoneOS13.4.sdk -miphoneos-version-min=11.0 -O2 -Wno-deprecated-register -std=c++17 -MT resultiterator.lo -MD -MP -MF .deps/resultiterator.Tpo -c ../../../../src/ccmain/resultiterator.cpp -o resultiterator.o
libtool: compile:  /Applications/Xcode.app/Contents/Developer/usr/bin/g++ --target=arm-apple-darwin64 -DHAVE_CONFIG_H -I. -I../../../../src/ccmain -I../.. -DNDEBUG -I../../../../src/ccutil -I../../../../src/ccstruct -I../../../../src/arch -I../../../../src/lstm -I../../../../src/viewer -I../../../../src/classify -I../../../../src/dict -I../../../../src/wordrec -I../../../../src/cutil -I../../../../src/textord -I../../../../src/opencl -I/Users/zyoung/dev/SwiftyTesseract/SwiftyTesseract/SwiftyTesseract/tesseract-4.1.0/ios/arm-apple-darwin64/ -arch arm64 -pipe -no-cpp-precomp -isysroot /Applications/Xcode.app/Contents/Developer/Platforms/iPhoneOS.platform/Developer/SDKs/iPhoneOS13.4.sdk -miphoneos-version-min=11.0 -O2 -fembed-bitcode -I/Users/zyoung/dev/SwiftyTesseract/SwiftyTesseract/SwiftyTesseract/leptonica-1.78.0/ios/arm-apple-darwin64/include/leptonica -I/Users/zyoung/dev/SwiftyTesseract/SwiftyTesseract/SwiftyTesseract/tesseract-4.1.0/ios/arm-apple-darwin64/ -arch arm64 -pipe -no-cpp-precomp -isysroot /Applications/Xcode.app/Contents/Developer/Platforms/iPhoneOS.platform/Developer/SDKs/iPhoneOS13.4.sdk -miphoneos-version-min=11.0 -O2 -Wno-deprecated-register -std=c++17 -MT tessedit.lo -MD -MP -MF .deps/tessedit.Tpo -c ../../../../src/ccmain/tessedit.cpp -o tessedit.o
libtool: compile:  /Applications/Xcode.app/Contents/Developer/usr/bin/g++ --target=arm-apple-darwin64 -DHAVE_CONFIG_H -I. -I../../../../src/ccmain -I../.. -DNDEBUG -I../../../../src/ccutil -I../../../../src/ccstruct -I../../../../src/arch -I../../../../src/lstm -I../../../../src/viewer -I../../../../src/classify -I../../../../src/dict -I../../../../src/wordrec -I../../../../src/cutil -I../../../../src/textord -I../../../../src/opencl -I/Users/zyoung/dev/SwiftyTesseract/SwiftyTesseract/SwiftyTesseract/tesseract-4.1.0/ios/arm-apple-darwin64/ -arch arm64 -pipe -no-cpp-precomp -isysroot /Applications/Xcode.app/Contents/Developer/Platforms/iPhoneOS.platform/Developer/SDKs/iPhoneOS13.4.sdk -miphoneos-version-min=11.0 -O2 -fembed-bitcode -I/Users/zyoung/dev/SwiftyTesseract/SwiftyTesseract/SwiftyTesseract/leptonica-1.78.0/ios/arm-apple-darwin64/include/leptonica -I/Users/zyoung/dev/SwiftyTesseract/SwiftyTesseract/SwiftyTesseract/tesseract-4.1.0/ios/arm-apple-darwin64/ -arch arm64 -pipe -no-cpp-precomp -isysroot /Applications/Xcode.app/Contents/Developer/Platforms/iPhoneOS.platform/Developer/SDKs/iPhoneOS13.4.sdk -miphoneos-version-min=11.0 -O2 -Wno-deprecated-register -std=c++17 -MT tesseractclass.lo -MD -MP -MF .deps/tesseractclass.Tpo -c ../../../../src/ccmain/tesseractclass.cpp -o tesseractclass.o
libtool: compile:  /Applications/Xcode.app/Contents/Developer/usr/bin/g++ --target=arm-apple-darwin64 -DHAVE_CONFIG_H -I. -I../../../../src/ccmain -I../.. -DNDEBUG -I../../../../src/ccutil -I../../../../src/ccstruct -I../../../../src/arch -I../../../../src/lstm -I../../../../src/viewer -I../../../../src/classify -I../../../../src/dict -I../../../../src/wordrec -I../../../../src/cutil -I../../../../src/textord -I../../../../src/opencl -I/Users/zyoung/dev/SwiftyTesseract/SwiftyTesseract/SwiftyTesseract/tesseract-4.1.0/ios/arm-apple-darwin64/ -arch arm64 -pipe -no-cpp-precomp -isysroot /Applications/Xcode.app/Contents/Developer/Platforms/iPhoneOS.platform/Developer/SDKs/iPhoneOS13.4.sdk -miphoneos-version-min=11.0 -O2 -fembed-bitcode -I/Users/zyoung/dev/SwiftyTesseract/SwiftyTesseract/SwiftyTesseract/leptonica-1.78.0/ios/arm-apple-darwin64/include/leptonica -I/Users/zyoung/dev/SwiftyTesseract/SwiftyTesseract/SwiftyTesseract/tesseract-4.1.0/ios/arm-apple-darwin64/ -arch arm64 -pipe -no-cpp-precomp -isysroot /Applications/Xcode.app/Contents/Developer/Platforms/iPhoneOS.platform/Developer/SDKs/iPhoneOS13.4.sdk -miphoneos-version-min=11.0 -O2 -Wno-deprecated-register -std=c++17 -MT tessvars.lo -MD -MP -MF .deps/tessvars.Tpo -c ../../../../src/ccmain/tessvars.cpp -o tessvars.o
libtool: compile:  /Applications/Xcode.app/Contents/Developer/usr/bin/g++ --target=arm-apple-darwin64 -DHAVE_CONFIG_H -I. -I../../../../src/ccmain -I../.. -DNDEBUG -I../../../../src/ccutil -I../../../../src/ccstruct -I../../../../src/arch -I../../../../src/lstm -I../../../../src/viewer -I../../../../src/classify -I../../../../src/dict -I../../../../src/wordrec -I../../../../src/cutil -I../../../../src/textord -I../../../../src/opencl -I/Users/zyoung/dev/SwiftyTesseract/SwiftyTesseract/SwiftyTesseract/tesseract-4.1.0/ios/arm-apple-darwin64/ -arch arm64 -pipe -no-cpp-precomp -isysroot /Applications/Xcode.app/Contents/Developer/Platforms/iPhoneOS.platform/Developer/SDKs/iPhoneOS13.4.sdk -miphoneos-version-min=11.0 -O2 -fembed-bitcode -I/Users/zyoung/dev/SwiftyTesseract/SwiftyTesseract/SwiftyTesseract/leptonica-1.78.0/ios/arm-apple-darwin64/include/leptonica -I/Users/zyoung/dev/SwiftyTesseract/SwiftyTesseract/SwiftyTesseract/tesseract-4.1.0/ios/arm-apple-darwin64/ -arch arm64 -pipe -no-cpp-precomp -isysroot /Applications/Xcode.app/Contents/Developer/Platforms/iPhoneOS.platform/Developer/SDKs/iPhoneOS13.4.sdk -miphoneos-version-min=11.0 -O2 -Wno-deprecated-register -std=c++17 -MT thresholder.lo -MD -MP -MF .deps/thresholder.Tpo -c ../../../../src/ccmain/thresholder.cpp -o thresholder.o
libtool: compile:  /Applications/Xcode.app/Contents/Developer/usr/bin/g++ --target=arm-apple-darwin64 -DHAVE_CONFIG_H -I. -I../../../../src/ccmain -I../.. -DNDEBUG -I../../../../src/ccutil -I../../../../src/ccstruct -I../../../../src/arch -I../../../../src/lstm -I../../../../src/viewer -I../../../../src/classify -I../../../../src/dict -I../../../../src/wordrec -I../../../../src/cutil -I../../../../src/textord -I../../../../src/opencl -I/Users/zyoung/dev/SwiftyTesseract/SwiftyTesseract/SwiftyTesseract/tesseract-4.1.0/ios/arm-apple-darwin64/ -arch arm64 -pipe -no-cpp-precomp -isysroot /Applications/Xcode.app/Contents/Developer/Platforms/iPhoneOS.platform/Developer/SDKs/iPhoneOS13.4.sdk -miphoneos-version-min=11.0 -O2 -fembed-bitcode -I/Users/zyoung/dev/SwiftyTesseract/SwiftyTesseract/SwiftyTesseract/leptonica-1.78.0/ios/arm-apple-darwin64/include/leptonica -I/Users/zyoung/dev/SwiftyTesseract/SwiftyTesseract/SwiftyTesseract/tesseract-4.1.0/ios/arm-apple-darwin64/ -arch arm64 -pipe -no-cpp-precomp -isysroot /Applications/Xcode.app/Contents/Developer/Platforms/iPhoneOS.platform/Developer/SDKs/iPhoneOS13.4.sdk -miphoneos-version-min=11.0 -O2 -Wno-deprecated-register -std=c++17 -MT werdit.lo -MD -MP -MF .deps/werdit.Tpo -c ../../../../src/ccmain/werdit.cpp -o werdit.o
libtool: compile:  /Applications/Xcode.app/Contents/Developer/usr/bin/g++ --target=arm-apple-darwin64 -DHAVE_CONFIG_H -I. -I../../../../src/ccmain -I../.. -DNDEBUG -I../../../../src/ccutil -I../../../../src/ccstruct -I../../../../src/arch -I../../../../src/lstm -I../../../../src/viewer -I../../../../src/classify -I../../../../src/dict -I../../../../src/wordrec -I../../../../src/cutil -I../../../../src/textord -I../../../../src/opencl -I/Users/zyoung/dev/SwiftyTesseract/SwiftyTesseract/SwiftyTesseract/tesseract-4.1.0/ios/arm-apple-darwin64/ -arch arm64 -pipe -no-cpp-precomp -isysroot /Applications/Xcode.app/Contents/Developer/Platforms/iPhoneOS.platform/Developer/SDKs/iPhoneOS13.4.sdk -miphoneos-version-min=11.0 -O2 -fembed-bitcode -I/Users/zyoung/dev/SwiftyTesseract/SwiftyTesseract/SwiftyTesseract/leptonica-1.78.0/ios/arm-apple-darwin64/include/leptonica -I/Users/zyoung/dev/SwiftyTesseract/SwiftyTesseract/SwiftyTesseract/tesseract-4.1.0/ios/arm-apple-darwin64/ -arch arm64 -pipe -no-cpp-precomp -isysroot /Applications/Xcode.app/Contents/Developer/Platforms/iPhoneOS.platform/Developer/SDKs/iPhoneOS13.4.sdk -miphoneos-version-min=11.0 -O2 -Wno-deprecated-register -std=c++17 -MT adaptions.lo -MD -MP -MF .deps/adaptions.Tpo -c ../../../../src/ccmain/adaptions.cpp -o adaptions.o
libtool: compile:  /Applications/Xcode.app/Contents/Developer/usr/bin/g++ --target=arm-apple-darwin64 -DHAVE_CONFIG_H -I. -I../../../../src/ccmain -I../.. -DNDEBUG -I../../../../src/ccutil -I../../../../src/ccstruct -I../../../../src/arch -I../../../../src/lstm -I../../../../src/viewer -I../../../../src/classify -I../../../../src/dict -I../../../../src/wordrec -I../../../../src/cutil -I../../../../src/textord -I../../../../src/opencl -I/Users/zyoung/dev/SwiftyTesseract/SwiftyTesseract/SwiftyTesseract/tesseract-4.1.0/ios/arm-apple-darwin64/ -arch arm64 -pipe -no-cpp-precomp -isysroot /Applications/Xcode.app/Contents/Developer/Platforms/iPhoneOS.platform/Developer/SDKs/iPhoneOS13.4.sdk -miphoneos-version-min=11.0 -O2 -fembed-bitcode -I/Users/zyoung/dev/SwiftyTesseract/SwiftyTesseract/SwiftyTesseract/leptonica-1.78.0/ios/arm-apple-darwin64/include/leptonica -I/Users/zyoung/dev/SwiftyTesseract/SwiftyTesseract/SwiftyTesseract/tesseract-4.1.0/ios/arm-apple-darwin64/ -arch arm64 -pipe -no-cpp-precomp -isysroot /Applications/Xcode.app/Contents/Developer/Platforms/iPhoneOS.platform/Developer/SDKs/iPhoneOS13.4.sdk -miphoneos-version-min=11.0 -O2 -Wno-deprecated-register -std=c++17 -MT docqual.lo -MD -MP -MF .deps/docqual.Tpo -c ../../../../src/ccmain/docqual.cpp -o docqual.o
libtool: compile:  /Applications/Xcode.app/Contents/Developer/usr/bin/g++ --target=arm-apple-darwin64 -DHAVE_CONFIG_H -I. -I../../../../src/ccmain -I../.. -DNDEBUG -I../../../../src/ccutil -I../../../../src/ccstruct -I../../../../src/arch -I../../../../src/lstm -I../../../../src/viewer -I../../../../src/classify -I../../../../src/dict -I../../../../src/wordrec -I../../../../src/cutil -I../../../../src/textord -I../../../../src/opencl -I/Users/zyoung/dev/SwiftyTesseract/SwiftyTesseract/SwiftyTesseract/tesseract-4.1.0/ios/arm-apple-darwin64/ -arch arm64 -pipe -no-cpp-precomp -isysroot /Applications/Xcode.app/Contents/Developer/Platforms/iPhoneOS.platform/Developer/SDKs/iPhoneOS13.4.sdk -miphoneos-version-min=11.0 -O2 -fembed-bitcode -I/Users/zyoung/dev/SwiftyTesseract/SwiftyTesseract/SwiftyTesseract/leptonica-1.78.0/ios/arm-apple-darwin64/include/leptonica -I/Users/zyoung/dev/SwiftyTesseract/SwiftyTesseract/SwiftyTesseract/tesseract-4.1.0/ios/arm-apple-darwin64/ -arch arm64 -pipe -no-cpp-precomp -isysroot /Applications/Xcode.app/Contents/Developer/Platforms/iPhoneOS.platform/Developer/SDKs/iPhoneOS13.4.sdk -miphoneos-version-min=11.0 -O2 -Wno-deprecated-register -std=c++17 -MT equationdetect.lo -MD -MP -MF .deps/equationdetect.Tpo -c ../../../../src/ccmain/equationdetect.cpp -o equationdetect.o
libtool: compile:  /Applications/Xcode.app/Contents/Developer/usr/bin/g++ --target=arm-apple-darwin64 -DHAVE_CONFIG_H -I. -I../../../../src/ccmain -I../.. -DNDEBUG -I../../../../src/ccutil -I../../../../src/ccstruct -I../../../../src/arch -I../../../../src/lstm -I../../../../src/viewer -I../../../../src/classify -I../../../../src/dict -I../../../../src/wordrec -I../../../../src/cutil -I../../../../src/textord -I../../../../src/opencl -I/Users/zyoung/dev/SwiftyTesseract/SwiftyTesseract/SwiftyTesseract/tesseract-4.1.0/ios/arm-apple-darwin64/ -arch arm64 -pipe -no-cpp-precomp -isysroot /Applications/Xcode.app/Contents/Developer/Platforms/iPhoneOS.platform/Developer/SDKs/iPhoneOS13.4.sdk -miphoneos-version-min=11.0 -O2 -fembed-bitcode -I/Users/zyoung/dev/SwiftyTesseract/SwiftyTesseract/SwiftyTesseract/leptonica-1.78.0/ios/arm-apple-darwin64/include/leptonica -I/Users/zyoung/dev/SwiftyTesseract/SwiftyTesseract/SwiftyTesseract/tesseract-4.1.0/ios/arm-apple-darwin64/ -arch arm64 -pipe -no-cpp-precomp -isysroot /Applications/Xcode.app/Contents/Developer/Platforms/iPhoneOS.platform/Developer/SDKs/iPhoneOS13.4.sdk -miphoneos-version-min=11.0 -O2 -Wno-deprecated-register -std=c++17 -MT fixspace.lo -MD -MP -MF .deps/fixspace.Tpo -c ../../../../src/ccmain/fixspace.cpp -o fixspace.o
libtool: compile:  /Applications/Xcode.app/Contents/Developer/usr/bin/g++ --target=arm-apple-darwin64 -DHAVE_CONFIG_H -I. -I../../../../src/ccmain -I../.. -DNDEBUG -I../../../../src/ccutil -I../../../../src/ccstruct -I../../../../src/arch -I../../../../src/lstm -I../../../../src/viewer -I../../../../src/classify -I../../../../src/dict -I../../../../src/wordrec -I../../../../src/cutil -I../../../../src/textord -I../../../../src/opencl -I/Users/zyoung/dev/SwiftyTesseract/SwiftyTesseract/SwiftyTesseract/tesseract-4.1.0/ios/arm-apple-darwin64/ -arch arm64 -pipe -no-cpp-precomp -isysroot /Applications/Xcode.app/Contents/Developer/Platforms/iPhoneOS.platform/Developer/SDKs/iPhoneOS13.4.sdk -miphoneos-version-min=11.0 -O2 -fembed-bitcode -I/Users/zyoung/dev/SwiftyTesseract/SwiftyTesseract/SwiftyTesseract/leptonica-1.78.0/ios/arm-apple-darwin64/include/leptonica -I/Users/zyoung/dev/SwiftyTesseract/SwiftyTesseract/SwiftyTesseract/tesseract-4.1.0/ios/arm-apple-darwin64/ -arch arm64 -pipe -no-cpp-precomp -isysroot /Applications/Xcode.app/Contents/Developer/Platforms/iPhoneOS.platform/Developer/SDKs/iPhoneOS13.4.sdk -miphoneos-version-min=11.0 -O2 -Wno-deprecated-register -std=c++17 -MT fixxht.lo -MD -MP -MF .deps/fixxht.Tpo -c ../../../../src/ccmain/fixxht.cpp -o fixxht.o
libtool: compile:  /Applications/Xcode.app/Contents/Developer/usr/bin/g++ --target=arm-apple-darwin64 -DHAVE_CONFIG_H -I. -I../../../../src/ccmain -I../.. -DNDEBUG -I../../../../src/ccutil -I../../../../src/ccstruct -I../../../../src/arch -I../../../../src/lstm -I../../../../src/viewer -I../../../../src/classify -I../../../../src/dict -I../../../../src/wordrec -I../../../../src/cutil -I../../../../src/textord -I../../../../src/opencl -I/Users/zyoung/dev/SwiftyTesseract/SwiftyTesseract/SwiftyTesseract/tesseract-4.1.0/ios/arm-apple-darwin64/ -arch arm64 -pipe -no-cpp-precomp -isysroot /Applications/Xcode.app/Contents/Developer/Platforms/iPhoneOS.platform/Developer/SDKs/iPhoneOS13.4.sdk -miphoneos-version-min=11.0 -O2 -fembed-bitcode -I/Users/zyoung/dev/SwiftyTesseract/SwiftyTesseract/SwiftyTesseract/leptonica-1.78.0/ios/arm-apple-darwin64/include/leptonica -I/Users/zyoung/dev/SwiftyTesseract/SwiftyTesseract/SwiftyTesseract/tesseract-4.1.0/ios/arm-apple-darwin64/ -arch arm64 -pipe -no-cpp-precomp -isysroot /Applications/Xcode.app/Contents/Developer/Platforms/iPhoneOS.platform/Developer/SDKs/iPhoneOS13.4.sdk -miphoneos-version-min=11.0 -O2 -Wno-deprecated-register -std=c++17 -MT osdetect.lo -MD -MP -MF .deps/osdetect.Tpo -c ../../../../src/ccmain/osdetect.cpp -o osdetect.o
libtool: compile:  /Applications/Xcode.app/Contents/Developer/usr/bin/g++ --target=arm-apple-darwin64 -DHAVE_CONFIG_H -I. -I../../../../src/ccmain -I../.. -DNDEBUG -I../../../../src/ccutil -I../../../../src/ccstruct -I../../../../src/arch -I../../../../src/lstm -I../../../../src/viewer -I../../../../src/classify -I../../../../src/dict -I../../../../src/wordrec -I../../../../src/cutil -I../../../../src/textord -I../../../../src/opencl -I/Users/zyoung/dev/SwiftyTesseract/SwiftyTesseract/SwiftyTesseract/tesseract-4.1.0/ios/arm-apple-darwin64/ -arch arm64 -pipe -no-cpp-precomp -isysroot /Applications/Xcode.app/Contents/Developer/Platforms/iPhoneOS.platform/Developer/SDKs/iPhoneOS13.4.sdk -miphoneos-version-min=11.0 -O2 -fembed-bitcode -I/Users/zyoung/dev/SwiftyTesseract/SwiftyTesseract/SwiftyTesseract/leptonica-1.78.0/ios/arm-apple-darwin64/include/leptonica -I/Users/zyoung/dev/SwiftyTesseract/SwiftyTesseract/SwiftyTesseract/tesseract-4.1.0/ios/arm-apple-darwin64/ -arch arm64 -pipe -no-cpp-precomp -isysroot /Applications/Xcode.app/Contents/Developer/Platforms/iPhoneOS.platform/Developer/SDKs/iPhoneOS13.4.sdk -miphoneos-version-min=11.0 -O2 -Wno-deprecated-register -std=c++17 -MT par_control.lo -MD -MP -MF .deps/par_control.Tpo -c ../../../../src/ccmain/par_control.cpp -o par_control.o
libtool: compile:  /Applications/Xcode.app/Contents/Developer/usr/bin/g++ --target=arm-apple-darwin64 -DHAVE_CONFIG_H -I. -I../../../../src/ccmain -I../.. -DNDEBUG -I../../../../src/ccutil -I../../../../src/ccstruct -I../../../../src/arch -I../../../../src/lstm -I../../../../src/viewer -I../../../../src/classify -I../../../../src/dict -I../../../../src/wordrec -I../../../../src/cutil -I../../../../src/textord -I../../../../src/opencl -I/Users/zyoung/dev/SwiftyTesseract/SwiftyTesseract/SwiftyTesseract/tesseract-4.1.0/ios/arm-apple-darwin64/ -arch arm64 -pipe -no-cpp-precomp -isysroot /Applications/Xcode.app/Contents/Developer/Platforms/iPhoneOS.platform/Developer/SDKs/iPhoneOS13.4.sdk -miphoneos-version-min=11.0 -O2 -fembed-bitcode -I/Users/zyoung/dev/SwiftyTesseract/SwiftyTesseract/SwiftyTesseract/leptonica-1.78.0/ios/arm-apple-darwin64/include/leptonica -I/Users/zyoung/dev/SwiftyTesseract/SwiftyTesseract/SwiftyTesseract/tesseract-4.1.0/ios/arm-apple-darwin64/ -arch arm64 -pipe -no-cpp-precomp -isysroot /Applications/Xcode.app/Contents/Developer/Platforms/iPhoneOS.platform/Developer/SDKs/iPhoneOS13.4.sdk -miphoneos-version-min=11.0 -O2 -Wno-deprecated-register -std=c++17 -MT superscript.lo -MD -MP -MF .deps/superscript.Tpo -c ../../../../src/ccmain/superscript.cpp -o superscript.o
libtool: compile:  /Applications/Xcode.app/Contents/Developer/usr/bin/g++ --target=arm-apple-darwin64 -DHAVE_CONFIG_H -I. -I../../../../src/ccmain -I../.. -DNDEBUG -I../../../../src/ccutil -I../../../../src/ccstruct -I../../../../src/arch -I../../../../src/lstm -I../../../../src/viewer -I../../../../src/classify -I../../../../src/dict -I../../../../src/wordrec -I../../../../src/cutil -I../../../../src/textord -I../../../../src/opencl -I/Users/zyoung/dev/SwiftyTesseract/SwiftyTesseract/SwiftyTesseract/tesseract-4.1.0/ios/arm-apple-darwin64/ -arch arm64 -pipe -no-cpp-precomp -isysroot /Applications/Xcode.app/Contents/Developer/Platforms/iPhoneOS.platform/Developer/SDKs/iPhoneOS13.4.sdk -miphoneos-version-min=11.0 -O2 -fembed-bitcode -I/Users/zyoung/dev/SwiftyTesseract/SwiftyTesseract/SwiftyTesseract/leptonica-1.78.0/ios/arm-apple-darwin64/include/leptonica -I/Users/zyoung/dev/SwiftyTesseract/SwiftyTesseract/SwiftyTesseract/tesseract-4.1.0/ios/arm-apple-darwin64/ -arch arm64 -pipe -no-cpp-precomp -isysroot /Applications/Xcode.app/Contents/Developer/Platforms/iPhoneOS.platform/Developer/SDKs/iPhoneOS13.4.sdk -miphoneos-version-min=11.0 -O2 -Wno-deprecated-register -std=c++17 -MT tessbox.lo -MD -MP -MF .deps/tessbox.Tpo -c ../../../../src/ccmain/tessbox.cpp -o tessbox.o
libtool: compile:  /Applications/Xcode.app/Contents/Developer/usr/bin/g++ --target=arm-apple-darwin64 -DHAVE_CONFIG_H -I. -I../../../../src/ccmain -I../.. -DNDEBUG -I../../../../src/ccutil -I../../../../src/ccstruct -I../../../../src/arch -I../../../../src/lstm -I../../../../src/viewer -I../../../../src/classify -I../../../../src/dict -I../../../../src/wordrec -I../../../../src/cutil -I../../../../src/textord -I../../../../src/opencl -I/Users/zyoung/dev/SwiftyTesseract/SwiftyTesseract/SwiftyTesseract/tesseract-4.1.0/ios/arm-apple-darwin64/ -arch arm64 -pipe -no-cpp-precomp -isysroot /Applications/Xcode.app/Contents/Developer/Platforms/iPhoneOS.platform/Developer/SDKs/iPhoneOS13.4.sdk -miphoneos-version-min=11.0 -O2 -fembed-bitcode -I/Users/zyoung/dev/SwiftyTesseract/SwiftyTesseract/SwiftyTesseract/leptonica-1.78.0/ios/arm-apple-darwin64/include/leptonica -I/Users/zyoung/dev/SwiftyTesseract/SwiftyTesseract/SwiftyTesseract/tesseract-4.1.0/ios/arm-apple-darwin64/ -arch arm64 -pipe -no-cpp-precomp -isysroot /Applications/Xcode.app/Contents/Developer/Platforms/iPhoneOS.platform/Developer/SDKs/iPhoneOS13.4.sdk -miphoneos-version-min=11.0 -O2 -Wno-deprecated-register -std=c++17 -MT tfacepp.lo -MD -MP -MF .deps/tfacepp.Tpo -c ../../../../src/ccmain/tfacepp.cpp -o tfacepp.o
libtool: link: ar cru .libs/libtesseract_main.a  applybox.o control.o linerec.o ltrresultiterator.o mutableiterator.o output.o pageiterator.o pagesegmain.o pagewalk.o paragraphs.o paramsd.o pgedit.o recogtraining.o reject.o resultiterator.o tessedit.o tesseractclass.o tessvars.o thresholder.o werdit.o adaptions.o docqual.o equationdetect.o fixspace.o fixxht.o osdetect.o par_control.o superscript.o tessbox.o tfacepp.o
libtool: link: ranlib .libs/libtesseract_main.a
libtool: link: ( cd ".libs" && rm -f "libtesseract_main.la" && ln -s "../libtesseract_main.la" "libtesseract_main.la" )
Making all in src/api
libtool: compile:  /Applications/Xcode.app/Contents/Developer/usr/bin/g++ --target=arm-apple-darwin64 -DHAVE_CONFIG_H -I. -I../../../../src/api -I../.. -DNDEBUG -DLOCALEDIR=\"/Users/zyoung/dev/SwiftyTesseract/SwiftyTesseract/SwiftyTesseract/tesseract-4.1.0/ios/arm-apple-darwin64/share/locale\" -I../../../../src/arch -I../../../../src/lstm -I../../../../src/ccutil -I../../../../src/ccstruct -I../../../../src/viewer -I../../../../src/textord -I../../../../src/dict -I../../../../src/classify -I../../../../src/ccmain -I../../../../src/wordrec -I../../../../src/cutil -I../../../../src/opencl -I../../api -I/Users/zyoung/dev/SwiftyTesseract/SwiftyTesseract/SwiftyTesseract/tesseract-4.1.0/ios/arm-apple-darwin64/ -arch arm64 -pipe -no-cpp-precomp -isysroot /Applications/Xcode.app/Contents/Developer/Platforms/iPhoneOS.platform/Developer/SDKs/iPhoneOS13.4.sdk -miphoneos-version-min=11.0 -O2 -fembed-bitcode -I/Users/zyoung/dev/SwiftyTesseract/SwiftyTesseract/SwiftyTesseract/leptonica-1.78.0/ios/arm-apple-darwin64/include/leptonica -I/Users/zyoung/dev/SwiftyTesseract/SwiftyTesseract/SwiftyTesseract/tesseract-4.1.0/ios/arm-apple-darwin64/ -arch arm64 -pipe -no-cpp-precomp -isysroot /Applications/Xcode.app/Contents/Developer/Platforms/iPhoneOS.platform/Developer/SDKs/iPhoneOS13.4.sdk -miphoneos-version-min=11.0 -O2 -Wno-deprecated-register -std=c++17 -MT libtesseract_api_la-capi.lo -MD -MP -MF .deps/libtesseract_api_la-capi.Tpo -c ../../../../src/api/capi.cpp -o libtesseract_api_la-capi.o
libtool: compile:  /Applications/Xcode.app/Contents/Developer/usr/bin/g++ --target=arm-apple-darwin64 -DHAVE_CONFIG_H -I. -I../../../../src/api -I../.. -DNDEBUG -DLOCALEDIR=\"/Users/zyoung/dev/SwiftyTesseract/SwiftyTesseract/SwiftyTesseract/tesseract-4.1.0/ios/arm-apple-darwin64/share/locale\" -I../../../../src/arch -I../../../../src/lstm -I../../../../src/ccutil -I../../../../src/ccstruct -I../../../../src/viewer -I../../../../src/textord -I../../../../src/dict -I../../../../src/classify -I../../../../src/ccmain -I../../../../src/wordrec -I../../../../src/cutil -I../../../../src/opencl -I../../api -I/Users/zyoung/dev/SwiftyTesseract/SwiftyTesseract/SwiftyTesseract/tesseract-4.1.0/ios/arm-apple-darwin64/ -arch arm64 -pipe -no-cpp-precomp -isysroot /Applications/Xcode.app/Contents/Developer/Platforms/iPhoneOS.platform/Developer/SDKs/iPhoneOS13.4.sdk -miphoneos-version-min=11.0 -O2 -fembed-bitcode -I/Users/zyoung/dev/SwiftyTesseract/SwiftyTesseract/SwiftyTesseract/leptonica-1.78.0/ios/arm-apple-darwin64/include/leptonica -I/Users/zyoung/dev/SwiftyTesseract/SwiftyTesseract/SwiftyTesseract/tesseract-4.1.0/ios/arm-apple-darwin64/ -arch arm64 -pipe -no-cpp-precomp -isysroot /Applications/Xcode.app/Contents/Developer/Platforms/iPhoneOS.platform/Developer/SDKs/iPhoneOS13.4.sdk -miphoneos-version-min=11.0 -O2 -Wno-deprecated-register -std=c++17 -MT libtesseract_api_la-hocrrenderer.lo -MD -MP -MF .deps/libtesseract_api_la-hocrrenderer.Tpo -c ../../../../src/api/hocrrenderer.cpp -o libtesseract_api_la-hocrrenderer.o
libtool: compile:  /Applications/Xcode.app/Contents/Developer/usr/bin/g++ --target=arm-apple-darwin64 -DHAVE_CONFIG_H -I. -I../../../../src/api -I../.. -DNDEBUG -DLOCALEDIR=\"/Users/zyoung/dev/SwiftyTesseract/SwiftyTesseract/SwiftyTesseract/tesseract-4.1.0/ios/arm-apple-darwin64/share/locale\" -I../../../../src/arch -I../../../../src/lstm -I../../../../src/ccutil -I../../../../src/ccstruct -I../../../../src/viewer -I../../../../src/textord -I../../../../src/dict -I../../../../src/classify -I../../../../src/ccmain -I../../../../src/wordrec -I../../../../src/cutil -I../../../../src/opencl -I../../api -I/Users/zyoung/dev/SwiftyTesseract/SwiftyTesseract/SwiftyTesseract/tesseract-4.1.0/ios/arm-apple-darwin64/ -arch arm64 -pipe -no-cpp-precomp -isysroot /Applications/Xcode.app/Contents/Developer/Platforms/iPhoneOS.platform/Developer/SDKs/iPhoneOS13.4.sdk -miphoneos-version-min=11.0 -O2 -fembed-bitcode -I/Users/zyoung/dev/SwiftyTesseract/SwiftyTesseract/SwiftyTesseract/leptonica-1.78.0/ios/arm-apple-darwin64/include/leptonica -I/Users/zyoung/dev/SwiftyTesseract/SwiftyTesseract/SwiftyTesseract/tesseract-4.1.0/ios/arm-apple-darwin64/ -arch arm64 -pipe -no-cpp-precomp -isysroot /Applications/Xcode.app/Contents/Developer/Platforms/iPhoneOS.platform/Developer/SDKs/iPhoneOS13.4.sdk -miphoneos-version-min=11.0 -O2 -Wno-deprecated-register -std=c++17 -MT libtesseract_api_la-baseapi.lo -MD -MP -MF .deps/libtesseract_api_la-baseapi.Tpo -c ../../../../src/api/baseapi.cpp -o libtesseract_api_la-baseapi.o
libtool: compile:  /Applications/Xcode.app/Contents/Developer/usr/bin/g++ --target=arm-apple-darwin64 -DHAVE_CONFIG_H -I. -I../../../../src/api -I../.. -DNDEBUG -DLOCALEDIR=\"/Users/zyoung/dev/SwiftyTesseract/SwiftyTesseract/SwiftyTesseract/tesseract-4.1.0/ios/arm-apple-darwin64/share/locale\" -I../../../../src/arch -I../../../../src/lstm -I../../../../src/ccutil -I../../../../src/ccstruct -I../../../../src/viewer -I../../../../src/textord -I../../../../src/dict -I../../../../src/classify -I../../../../src/ccmain -I../../../../src/wordrec -I../../../../src/cutil -I../../../../src/opencl -I../../api -I/Users/zyoung/dev/SwiftyTesseract/SwiftyTesseract/SwiftyTesseract/tesseract-4.1.0/ios/arm-apple-darwin64/ -arch arm64 -pipe -no-cpp-precomp -isysroot /Applications/Xcode.app/Contents/Developer/Platforms/iPhoneOS.platform/Developer/SDKs/iPhoneOS13.4.sdk -miphoneos-version-min=11.0 -O2 -fembed-bitcode -I/Users/zyoung/dev/SwiftyTesseract/SwiftyTesseract/SwiftyTesseract/leptonica-1.78.0/ios/arm-apple-darwin64/include/leptonica -I/Users/zyoung/dev/SwiftyTesseract/SwiftyTesseract/SwiftyTesseract/tesseract-4.1.0/ios/arm-apple-darwin64/ -arch arm64 -pipe -no-cpp-precomp -isysroot /Applications/Xcode.app/Contents/Developer/Platforms/iPhoneOS.platform/Developer/SDKs/iPhoneOS13.4.sdk -miphoneos-version-min=11.0 -O2 -Wno-deprecated-register -std=c++17 -MT libtesseract_api_la-wordstrboxrenderer.lo -MD -MP -MF .deps/libtesseract_api_la-wordstrboxrenderer.Tpo -c ../../../../src/api/wordstrboxrenderer.cpp -o libtesseract_api_la-wordstrboxrenderer.o
libtool: compile:  /Applications/Xcode.app/Contents/Developer/usr/bin/g++ --target=arm-apple-darwin64 -DHAVE_CONFIG_H -I. -I../../../../src/api -I../.. -DNDEBUG -DLOCALEDIR=\"/Users/zyoung/dev/SwiftyTesseract/SwiftyTesseract/SwiftyTesseract/tesseract-4.1.0/ios/arm-apple-darwin64/share/locale\" -I../../../../src/arch -I../../../../src/lstm -I../../../../src/ccutil -I../../../../src/ccstruct -I../../../../src/viewer -I../../../../src/textord -I../../../../src/dict -I../../../../src/classify -I../../../../src/ccmain -I../../../../src/wordrec -I../../../../src/cutil -I../../../../src/opencl -I../../api -I/Users/zyoung/dev/SwiftyTesseract/SwiftyTesseract/SwiftyTesseract/tesseract-4.1.0/ios/arm-apple-darwin64/ -arch arm64 -pipe -no-cpp-precomp -isysroot /Applications/Xcode.app/Contents/Developer/Platforms/iPhoneOS.platform/Developer/SDKs/iPhoneOS13.4.sdk -miphoneos-version-min=11.0 -O2 -fembed-bitcode -I/Users/zyoung/dev/SwiftyTesseract/SwiftyTesseract/SwiftyTesseract/leptonica-1.78.0/ios/arm-apple-darwin64/include/leptonica -I/Users/zyoung/dev/SwiftyTesseract/SwiftyTesseract/SwiftyTesseract/tesseract-4.1.0/ios/arm-apple-darwin64/ -arch arm64 -pipe -no-cpp-precomp -isysroot /Applications/Xcode.app/Contents/Developer/Platforms/iPhoneOS.platform/Developer/SDKs/iPhoneOS13.4.sdk -miphoneos-version-min=11.0 -O2 -Wno-deprecated-register -std=c++17 -MT libtesseract_api_la-pdfrenderer.lo -MD -MP -MF .deps/libtesseract_api_la-pdfrenderer.Tpo -c ../../../../src/api/pdfrenderer.cpp -o libtesseract_api_la-pdfrenderer.o
libtool: compile:  /Applications/Xcode.app/Contents/Developer/usr/bin/g++ --target=arm-apple-darwin64 -DHAVE_CONFIG_H -I. -I../../../../src/api -I../.. -DNDEBUG -DLOCALEDIR=\"/Users/zyoung/dev/SwiftyTesseract/SwiftyTesseract/SwiftyTesseract/tesseract-4.1.0/ios/arm-apple-darwin64/share/locale\" -I../../../../src/arch -I../../../../src/lstm -I../../../../src/ccutil -I../../../../src/ccstruct -I../../../../src/viewer -I../../../../src/textord -I../../../../src/dict -I../../../../src/classify -I../../../../src/ccmain -I../../../../src/wordrec -I../../../../src/cutil -I../../../../src/opencl -I../../api -I/Users/zyoung/dev/SwiftyTesseract/SwiftyTesseract/SwiftyTesseract/tesseract-4.1.0/ios/arm-apple-darwin64/ -arch arm64 -pipe -no-cpp-precomp -isysroot /Applications/Xcode.app/Contents/Developer/Platforms/iPhoneOS.platform/Developer/SDKs/iPhoneOS13.4.sdk -miphoneos-version-min=11.0 -O2 -fembed-bitcode -I/Users/zyoung/dev/SwiftyTesseract/SwiftyTesseract/SwiftyTesseract/leptonica-1.78.0/ios/arm-apple-darwin64/include/leptonica -I/Users/zyoung/dev/SwiftyTesseract/SwiftyTesseract/SwiftyTesseract/tesseract-4.1.0/ios/arm-apple-darwin64/ -arch arm64 -pipe -no-cpp-precomp -isysroot /Applications/Xcode.app/Contents/Developer/Platforms/iPhoneOS.platform/Developer/SDKs/iPhoneOS13.4.sdk -miphoneos-version-min=11.0 -O2 -Wno-deprecated-register -std=c++17 -MT libtesseract_api_la-lstmboxrenderer.lo -MD -MP -MF .deps/libtesseract_api_la-lstmboxrenderer.Tpo -c ../../../../src/api/lstmboxrenderer.cpp -o libtesseract_api_la-lstmboxrenderer.o
libtool: compile:  /Applications/Xcode.app/Contents/Developer/usr/bin/g++ --target=arm-apple-darwin64 -DHAVE_CONFIG_H -I. -I../../../../src/api -I../.. -DNDEBUG -DLOCALEDIR=\"/Users/zyoung/dev/SwiftyTesseract/SwiftyTesseract/SwiftyTesseract/tesseract-4.1.0/ios/arm-apple-darwin64/share/locale\" -I../../../../src/arch -I../../../../src/lstm -I../../../../src/ccutil -I../../../../src/ccstruct -I../../../../src/viewer -I../../../../src/textord -I../../../../src/dict -I../../../../src/classify -I../../../../src/ccmain -I../../../../src/wordrec -I../../../../src/cutil -I../../../../src/opencl -I../../api -I/Users/zyoung/dev/SwiftyTesseract/SwiftyTesseract/SwiftyTesseract/tesseract-4.1.0/ios/arm-apple-darwin64/ -arch arm64 -pipe -no-cpp-precomp -isysroot /Applications/Xcode.app/Contents/Developer/Platforms/iPhoneOS.platform/Developer/SDKs/iPhoneOS13.4.sdk -miphoneos-version-min=11.0 -O2 -fembed-bitcode -I/Users/zyoung/dev/SwiftyTesseract/SwiftyTesseract/SwiftyTesseract/leptonica-1.78.0/ios/arm-apple-darwin64/include/leptonica -I/Users/zyoung/dev/SwiftyTesseract/SwiftyTesseract/SwiftyTesseract/tesseract-4.1.0/ios/arm-apple-darwin64/ -arch arm64 -pipe -no-cpp-precomp -isysroot /Applications/Xcode.app/Contents/Developer/Platforms/iPhoneOS.platform/Developer/SDKs/iPhoneOS13.4.sdk -miphoneos-version-min=11.0 -O2 -Wno-deprecated-register -std=c++17 -MT libtesseract_api_la-altorenderer.lo -MD -MP -MF .deps/libtesseract_api_la-altorenderer.Tpo -c ../../../../src/api/altorenderer.cpp -o libtesseract_api_la-altorenderer.o
libtool: compile:  /Applications/Xcode.app/Contents/Developer/usr/bin/g++ --target=arm-apple-darwin64 -DHAVE_CONFIG_H -I. -I../../../../src/api -I../.. -DNDEBUG -DLOCALEDIR=\"/Users/zyoung/dev/SwiftyTesseract/SwiftyTesseract/SwiftyTesseract/tesseract-4.1.0/ios/arm-apple-darwin64/share/locale\" -I../../../../src/arch -I../../../../src/lstm -I../../../../src/ccutil -I../../../../src/ccstruct -I../../../../src/viewer -I../../../../src/textord -I../../../../src/dict -I../../../../src/classify -I../../../../src/ccmain -I../../../../src/wordrec -I../../../../src/cutil -I../../../../src/opencl -I../../api -I/Users/zyoung/dev/SwiftyTesseract/SwiftyTesseract/SwiftyTesseract/tesseract-4.1.0/ios/arm-apple-darwin64/ -arch arm64 -pipe -no-cpp-precomp -isysroot /Applications/Xcode.app/Contents/Developer/Platforms/iPhoneOS.platform/Developer/SDKs/iPhoneOS13.4.sdk -miphoneos-version-min=11.0 -O2 -fembed-bitcode -I/Users/zyoung/dev/SwiftyTesseract/SwiftyTesseract/SwiftyTesseract/leptonica-1.78.0/ios/arm-apple-darwin64/include/leptonica -I/Users/zyoung/dev/SwiftyTesseract/SwiftyTesseract/SwiftyTesseract/tesseract-4.1.0/ios/arm-apple-darwin64/ -arch arm64 -pipe -no-cpp-precomp -isysroot /Applications/Xcode.app/Contents/Developer/Platforms/iPhoneOS.platform/Developer/SDKs/iPhoneOS13.4.sdk -miphoneos-version-min=11.0 -O2 -Wno-deprecated-register -std=c++17 -MT libtesseract_api_la-renderer.lo -MD -MP -MF .deps/libtesseract_api_la-renderer.Tpo -c ../../../../src/api/renderer.cpp -o libtesseract_api_la-renderer.o
libtool: link: ar cru .libs/libtesseract_api.a  libtesseract_api_la-baseapi.o libtesseract_api_la-capi.o libtesseract_api_la-altorenderer.o libtesseract_api_la-hocrrenderer.o libtesseract_api_la-lstmboxrenderer.o libtesseract_api_la-pdfrenderer.o libtesseract_api_la-wordstrboxrenderer.o libtesseract_api_la-renderer.o
libtool: link: ranlib .libs/libtesseract_api.a
libtool: link: ( cd ".libs" && rm -f "libtesseract_api.la" && ln -s "../libtesseract_api.la" "libtesseract_api.la" )
libtool: link: (cd .libs/libtesseract.lax/libtesseract_api.a && ar x "/Users/zyoung/dev/SwiftyTesseract/SwiftyTesseract/SwiftyTesseract/tesseract-4.1.0/ios/arm-apple-darwin64/src/api/./.libs/libtesseract_api.a")
libtool: link: (cd .libs/libtesseract.lax/libtesseract_main.a && ar x "/Users/zyoung/dev/SwiftyTesseract/SwiftyTesseract/SwiftyTesseract/tesseract-4.1.0/ios/arm-apple-darwin64/src/api/../ccmain/.libs/libtesseract_main.a")
libtool: link: (cd .libs/libtesseract.lax/libtesseract_textord.a && ar x "/Users/zyoung/dev/SwiftyTesseract/SwiftyTesseract/SwiftyTesseract/tesseract-4.1.0/ios/arm-apple-darwin64/src/api/../textord/.libs/libtesseract_textord.a")
libtool: link: (cd .libs/libtesseract.lax/libtesseract_wordrec.a && ar x "/Users/zyoung/dev/SwiftyTesseract/SwiftyTesseract/SwiftyTesseract/tesseract-4.1.0/ios/arm-apple-darwin64/src/api/../wordrec/.libs/libtesseract_wordrec.a")
libtool: link: (cd .libs/libtesseract.lax/libtesseract_classify.a && ar x "/Users/zyoung/dev/SwiftyTesseract/SwiftyTesseract/SwiftyTesseract/tesseract-4.1.0/ios/arm-apple-darwin64/src/api/../classify/.libs/libtesseract_classify.a")
libtool: link: (cd .libs/libtesseract.lax/libtesseract_dict.a && ar x "/Users/zyoung/dev/SwiftyTesseract/SwiftyTesseract/SwiftyTesseract/tesseract-4.1.0/ios/arm-apple-darwin64/src/api/../dict/.libs/libtesseract_dict.a")
libtool: link: (cd .libs/libtesseract.lax/libtesseract_arch.a && ar x "/Users/zyoung/dev/SwiftyTesseract/SwiftyTesseract/SwiftyTesseract/tesseract-4.1.0/ios/arm-apple-darwin64/src/api/../arch/.libs/libtesseract_arch.a")
libtool: link: (cd .libs/libtesseract.lax/libtesseract_native.a && ar x "/Users/zyoung/dev/SwiftyTesseract/SwiftyTesseract/SwiftyTesseract/tesseract-4.1.0/ios/arm-apple-darwin64/src/api/../arch/.libs/libtesseract_native.a")
libtool: link: (cd .libs/libtesseract.lax/libtesseract_lstm.a && ar x "/Users/zyoung/dev/SwiftyTesseract/SwiftyTesseract/SwiftyTesseract/tesseract-4.1.0/ios/arm-apple-darwin64/src/api/../lstm/.libs/libtesseract_lstm.a")
libtool: link: (cd .libs/libtesseract.lax/libtesseract_ccstruct.a && ar x "/Users/zyoung/dev/SwiftyTesseract/SwiftyTesseract/SwiftyTesseract/tesseract-4.1.0/ios/arm-apple-darwin64/src/api/../ccstruct/.libs/libtesseract_ccstruct.a")
libtool: link: (cd .libs/libtesseract.lax/libtesseract_cutil.a && ar x "/Users/zyoung/dev/SwiftyTesseract/SwiftyTesseract/SwiftyTesseract/tesseract-4.1.0/ios/arm-apple-darwin64/src/api/../cutil/.libs/libtesseract_cutil.a")
libtool: link: (cd .libs/libtesseract.lax/libtesseract_viewer.a && ar x "/Users/zyoung/dev/SwiftyTesseract/SwiftyTesseract/SwiftyTesseract/tesseract-4.1.0/ios/arm-apple-darwin64/src/api/../viewer/.libs/libtesseract_viewer.a")
libtool: link: (cd .libs/libtesseract.lax/libtesseract_ccutil.a && ar x "/Users/zyoung/dev/SwiftyTesseract/SwiftyTesseract/SwiftyTesseract/tesseract-4.1.0/ios/arm-apple-darwin64/src/api/../ccutil/.libs/libtesseract_ccutil.a")
libtool: link: (cd .libs/libtesseract.lax/libtesseract_opencl.a && ar x "/Users/zyoung/dev/SwiftyTesseract/SwiftyTesseract/SwiftyTesseract/tesseract-4.1.0/ios/arm-apple-darwin64/src/api/../opencl/.libs/libtesseract_opencl.a")
libtool: link: ar cru .libs/libtesseract.a   .libs/libtesseract.lax/libtesseract_api.a/libtesseract_api_la-altorenderer.o .libs/libtesseract.lax/libtesseract_api.a/libtesseract_api_la-baseapi.o .libs/libtesseract.lax/libtesseract_api.a/libtesseract_api_la-capi.o .libs/libtesseract.lax/libtesseract_api.a/libtesseract_api_la-hocrrenderer.o .libs/libtesseract.lax/libtesseract_api.a/libtesseract_api_la-lstmboxrenderer.o .libs/libtesseract.lax/libtesseract_api.a/libtesseract_api_la-pdfrenderer.o .libs/libtesseract.lax/libtesseract_api.a/libtesseract_api_la-renderer.o .libs/libtesseract.lax/libtesseract_api.a/libtesseract_api_la-wordstrboxrenderer.o  .libs/libtesseract.lax/libtesseract_main.a/adaptions.o .libs/libtesseract.lax/libtesseract_main.a/applybox.o .libs/libtesseract.lax/libtesseract_main.a/control.o .libs/libtesseract.lax/libtesseract_main.a/docqual.o .libs/libtesseract.lax/libtesseract_main.a/equationdetect.o .libs/libtesseract.lax/libtesseract_main.a/fixspace.o .libs/libtesseract.lax/libtesseract_main.a/fixxht.o .libs/libtesseract.lax/libtesseract_main.a/linerec.o .libs/libtesseract.lax/libtesseract_main.a/ltrresultiterator.o .libs/libtesseract.lax/libtesseract_main.a/mutableiterator.o .libs/libtesseract.lax/libtesseract_main.a/osdetect.o .libs/libtesseract.lax/libtesseract_main.a/output.o .libs/libtesseract.lax/libtesseract_main.a/pageiterator.o .libs/libtesseract.lax/libtesseract_main.a/pagesegmain.o .libs/libtesseract.lax/libtesseract_main.a/pagewalk.o .libs/libtesseract.lax/libtesseract_main.a/par_control.o .libs/libtesseract.lax/libtesseract_main.a/paragraphs.o .libs/libtesseract.lax/libtesseract_main.a/paramsd.o .libs/libtesseract.lax/libtesseract_main.a/pgedit.o .libs/libtesseract.lax/libtesseract_main.a/recogtraining.o .libs/libtesseract.lax/libtesseract_main.a/reject.o .libs/libtesseract.lax/libtesseract_main.a/resultiterator.o .libs/libtesseract.lax/libtesseract_main.a/superscript.o .libs/libtesseract.lax/libtesseract_main.a/tessbox.o .libs/libtesseract.lax/libtesseract_main.a/tessedit.o .libs/libtesseract.lax/libtesseract_main.a/tesseractclass.o .libs/libtesseract.lax/libtesseract_main.a/tessvars.o .libs/libtesseract.lax/libtesseract_main.a/tfacepp.o .libs/libtesseract.lax/libtesseract_main.a/thresholder.o .libs/libtesseract.lax/libtesseract_main.a/werdit.o  .libs/libtesseract.lax/libtesseract_textord.a/alignedblob.o .libs/libtesseract.lax/libtesseract_textord.a/baselinedetect.o .libs/libtesseract.lax/libtesseract_textord.a/bbgrid.o .libs/libtesseract.lax/libtesseract_textord.a/blkocc.o .libs/libtesseract.lax/libtesseract_textord.a/blobgrid.o .libs/libtesseract.lax/libtesseract_textord.a/ccnontextdetect.o .libs/libtesseract.lax/libtesseract_textord.a/cjkpitch.o .libs/libtesseract.lax/libtesseract_textord.a/colfind.o .libs/libtesseract.lax/libtesseract_textord.a/colpartition.o .libs/libtesseract.lax/libtesseract_textord.a/colpartitiongrid.o .libs/libtesseract.lax/libtesseract_textord.a/colpartitionset.o .libs/libtesseract.lax/libtesseract_textord.a/devanagari_processing.o .libs/libtesseract.lax/libtesseract_textord.a/drawedg.o .libs/libtesseract.lax/libtesseract_textord.a/drawtord.o .libs/libtesseract.lax/libtesseract_textord.a/edgblob.o .libs/libtesseract.lax/libtesseract_textord.a/edgloop.o .libs/libtesseract.lax/libtesseract_textord.a/equationdetectbase.o .libs/libtesseract.lax/libtesseract_textord.a/fpchop.o .libs/libtesseract.lax/libtesseract_textord.a/gap_map.o .libs/libtesseract.lax/libtesseract_textord.a/imagefind.o .libs/libtesseract.lax/libtesseract_textord.a/linefind.o .libs/libtesseract.lax/libtesseract_textord.a/makerow.o .libs/libtesseract.lax/libtesseract_textord.a/oldbasel.o .libs/libtesseract.lax/libtesseract_textord.a/pithsync.o .libs/libtesseract.lax/libtesseract_textord.a/pitsync1.o .libs/libtesseract.lax/libtesseract_textord.a/scanedg.o .libs/libtesseract.lax/libtesseract_textord.a/sortflts.o .libs/libtesseract.lax/libtesseract_textord.a/strokewidth.o .libs/libtesseract.lax/libtesseract_textord.a/tabfind.o .libs/libtesseract.lax/libtesseract_textord.a/tablefind.o .libs/libtesseract.lax/libtesseract_textord.a/tablerecog.o .libs/libtesseract.lax/libtesseract_textord.a/tabvector.o .libs/libtesseract.lax/libtesseract_textord.a/textlineprojection.o .libs/libtesseract.lax/libtesseract_textord.a/textord.o .libs/libtesseract.lax/libtesseract_textord.a/topitch.o .libs/libtesseract.lax/libtesseract_textord.a/tordmain.o .libs/libtesseract.lax/libtesseract_textord.a/tospace.o .libs/libtesseract.lax/libtesseract_textord.a/tovars.o .libs/libtesseract.lax/libtesseract_textord.a/underlin.o .libs/libtesseract.lax/libtesseract_textord.a/wordseg.o .libs/libtesseract.lax/libtesseract_textord.a/workingpartset.o  .libs/libtesseract.lax/libtesseract_wordrec.a/associate.o .libs/libtesseract.lax/libtesseract_wordrec.a/chop.o .libs/libtesseract.lax/libtesseract_wordrec.a/chopper.o .libs/libtesseract.lax/libtesseract_wordrec.a/drawfx.o .libs/libtesseract.lax/libtesseract_wordrec.a/findseam.o .libs/libtesseract.lax/libtesseract_wordrec.a/gradechop.o .libs/libtesseract.lax/libtesseract_wordrec.a/language_model.o .libs/libtesseract.lax/libtesseract_wordrec.a/lm_consistency.o .libs/libtesseract.lax/libtesseract_wordrec.a/lm_pain_points.o .libs/libtesseract.lax/libtesseract_wordrec.a/lm_state.o .libs/libtesseract.lax/libtesseract_wordrec.a/outlines.o .libs/libtesseract.lax/libtesseract_wordrec.a/params_model.o .libs/libtesseract.lax/libtesseract_wordrec.a/pieces.o .libs/libtesseract.lax/libtesseract_wordrec.a/plotedges.o .libs/libtesseract.lax/libtesseract_wordrec.a/render.o .libs/libtesseract.lax/libtesseract_wordrec.a/segsearch.o .libs/libtesseract.lax/libtesseract_wordrec.a/tface.o .libs/libtesseract.lax/libtesseract_wordrec.a/wordclass.o .libs/libtesseract.lax/libtesseract_wordrec.a/wordrec.o  .libs/libtesseract.lax/libtesseract_classify.a/adaptive.o .libs/libtesseract.lax/libtesseract_classify.a/adaptmatch.o .libs/libtesseract.lax/libtesseract_classify.a/blobclass.o .libs/libtesseract.lax/libtesseract_classify.a/classify.o .libs/libtesseract.lax/libtesseract_classify.a/cluster.o .libs/libtesseract.lax/libtesseract_classify.a/clusttool.o .libs/libtesseract.lax/libtesseract_classify.a/cutoffs.o .libs/libtesseract.lax/libtesseract_classify.a/errorcounter.o .libs/libtesseract.lax/libtesseract_classify.a/featdefs.o .libs/libtesseract.lax/libtesseract_classify.a/float2int.o .libs/libtesseract.lax/libtesseract_classify.a/fpoint.o .libs/libtesseract.lax/libtesseract_classify.a/intfeaturedist.o .libs/libtesseract.lax/libtesseract_classify.a/intfeaturemap.o .libs/libtesseract.lax/libtesseract_classify.a/intfeaturespace.o .libs/libtesseract.lax/libtesseract_classify.a/intfx.o .libs/libtesseract.lax/libtesseract_classify.a/intmatcher.o .libs/libtesseract.lax/libtesseract_classify.a/intproto.o .libs/libtesseract.lax/libtesseract_classify.a/kdtree.o .libs/libtesseract.lax/libtesseract_classify.a/mastertrainer.o .libs/libtesseract.lax/libtesseract_classify.a/mf.o .libs/libtesseract.lax/libtesseract_classify.a/mfdefs.o .libs/libtesseract.lax/libtesseract_classify.a/mfoutline.o .libs/libtesseract.lax/libtesseract_classify.a/mfx.o .libs/libtesseract.lax/libtesseract_classify.a/normfeat.o .libs/libtesseract.lax/libtesseract_classify.a/normmatch.o .libs/libtesseract.lax/libtesseract_classify.a/ocrfeatures.o .libs/libtesseract.lax/libtesseract_classify.a/outfeat.o .libs/libtesseract.lax/libtesseract_classify.a/picofeat.o .libs/libtesseract.lax/libtesseract_classify.a/protos.o .libs/libtesseract.lax/libtesseract_classify.a/sampleiterator.o .libs/libtesseract.lax/libtesseract_classify.a/shapeclassifier.o .libs/libtesseract.lax/libtesseract_classify.a/shapetable.o .libs/libtesseract.lax/libtesseract_classify.a/tessclassifier.o .libs/libtesseract.lax/libtesseract_classify.a/trainingsample.o .libs/libtesseract.lax/libtesseract_classify.a/trainingsampleset.o  .libs/libtesseract.lax/libtesseract_dict.a/context.o .libs/libtesseract.lax/libtesseract_dict.a/dawg.o .libs/libtesseract.lax/libtesseract_dict.a/dawg_cache.o .libs/libtesseract.lax/libtesseract_dict.a/dict.o .libs/libtesseract.lax/libtesseract_dict.a/hyphen.o .libs/libtesseract.lax/libtesseract_dict.a/permdawg.o .libs/libtesseract.lax/libtesseract_dict.a/stopper.o .libs/libtesseract.lax/libtesseract_dict.a/trie.o  .libs/libtesseract.lax/libtesseract_arch.a/libtesseract_arch_la-intsimdmatrix.o .libs/libtesseract.lax/libtesseract_arch.a/libtesseract_arch_la-simddetect.o  .libs/libtesseract.lax/libtesseract_native.a/libtesseract_native_la-dotproduct.o  .libs/libtesseract.lax/libtesseract_lstm.a/convolve.o .libs/libtesseract.lax/libtesseract_lstm.a/ctc.o .libs/libtesseract.lax/libtesseract_lstm.a/fullyconnected.o .libs/libtesseract.lax/libtesseract_lstm.a/functions.o .libs/libtesseract.lax/libtesseract_lstm.a/input.o .libs/libtesseract.lax/libtesseract_lstm.a/lstm.o .libs/libtesseract.lax/libtesseract_lstm.a/lstmrecognizer.o .libs/libtesseract.lax/libtesseract_lstm.a/lstmtrainer.o .libs/libtesseract.lax/libtesseract_lstm.a/maxpool.o .libs/libtesseract.lax/libtesseract_lstm.a/network.o .libs/libtesseract.lax/libtesseract_lstm.a/networkbuilder.o .libs/libtesseract.lax/libtesseract_lstm.a/networkio.o .libs/libtesseract.lax/libtesseract_lstm.a/parallel.o .libs/libtesseract.lax/libtesseract_lstm.a/plumbing.o .libs/libtesseract.lax/libtesseract_lstm.a/recodebeam.o .libs/libtesseract.lax/libtesseract_lstm.a/reconfig.o .libs/libtesseract.lax/libtesseract_lstm.a/reversed.o .libs/libtesseract.lax/libtesseract_lstm.a/series.o .libs/libtesseract.lax/libtesseract_lstm.a/stridemap.o .libs/libtesseract.lax/libtesseract_lstm.a/tfnetwork.o .libs/libtesseract.lax/libtesseract_lstm.a/weightmatrix.o  .libs/libtesseract.lax/libtesseract_ccstruct.a/blamer.o .libs/libtesseract.lax/libtesseract_ccstruct.a/blobbox.o .libs/libtesseract.lax/libtesseract_ccstruct.a/blobs.o .libs/libtesseract.lax/libtesseract_ccstruct.a/blread.o .libs/libtesseract.lax/libtesseract_ccstruct.a/boxread.o .libs/libtesseract.lax/libtesseract_ccstruct.a/boxword.o .libs/libtesseract.lax/libtesseract_ccstruct.a/ccstruct.o .libs/libtesseract.lax/libtesseract_ccstruct.a/coutln.o .libs/libtesseract.lax/libtesseract_ccstruct.a/detlinefit.o .libs/libtesseract.lax/libtesseract_ccstruct.a/dppoint.o .libs/libtesseract.lax/libtesseract_ccstruct.a/fontinfo.o .libs/libtesseract.lax/libtesseract_ccstruct.a/imagedata.o .libs/libtesseract.lax/libtesseract_ccstruct.a/linlsq.o .libs/libtesseract.lax/libtesseract_ccstruct.a/matrix.o .libs/libtesseract.lax/libtesseract_ccstruct.a/mod128.o .libs/libtesseract.lax/libtesseract_ccstruct.a/normalis.o .libs/libtesseract.lax/libtesseract_ccstruct.a/ocrblock.o .libs/libtesseract.lax/libtesseract_ccstruct.a/ocrpara.o .libs/libtesseract.lax/libtesseract_ccstruct.a/ocrrow.o .libs/libtesseract.lax/libtesseract_ccstruct.a/otsuthr.o .libs/libtesseract.lax/libtesseract_ccstruct.a/pageres.o .libs/libtesseract.lax/libtesseract_ccstruct.a/params_training_featdef.o .libs/libtesseract.lax/libtesseract_ccstruct.a/pdblock.o .libs/libtesseract.lax/libtesseract_ccstruct.a/points.o .libs/libtesseract.lax/libtesseract_ccstruct.a/polyaprx.o .libs/libtesseract.lax/libtesseract_ccstruct.a/polyblk.o .libs/libtesseract.lax/libtesseract_ccstruct.a/publictypes.o .libs/libtesseract.lax/libtesseract_ccstruct.a/quadlsq.o .libs/libtesseract.lax/libtesseract_ccstruct.a/quspline.o .libs/libtesseract.lax/libtesseract_ccstruct.a/ratngs.o .libs/libtesseract.lax/libtesseract_ccstruct.a/rect.o .libs/libtesseract.lax/libtesseract_ccstruct.a/rejctmap.o .libs/libtesseract.lax/libtesseract_ccstruct.a/seam.o .libs/libtesseract.lax/libtesseract_ccstruct.a/split.o .libs/libtesseract.lax/libtesseract_ccstruct.a/statistc.o .libs/libtesseract.lax/libtesseract_ccstruct.a/stepblob.o .libs/libtesseract.lax/libtesseract_ccstruct.a/vecfuncs.o .libs/libtesseract.lax/libtesseract_ccstruct.a/werd.o  .libs/libtesseract.lax/libtesseract_cutil.a/bitvec.o .libs/libtesseract.lax/libtesseract_cutil.a/callcpp.o .libs/libtesseract.lax/libtesseract_cutil.a/cutil_class.o .libs/libtesseract.lax/libtesseract_cutil.a/emalloc.o .libs/libtesseract.lax/libtesseract_cutil.a/oldlist.o .libs/libtesseract.lax/libtesseract_cutil.a/structures.o  .libs/libtesseract.lax/libtesseract_viewer.a/scrollview.o .libs/libtesseract.lax/libtesseract_viewer.a/svmnode.o .libs/libtesseract.lax/libtesseract_viewer.a/svutil.o  .libs/libtesseract.lax/libtesseract_ccutil.a/ambigs.o .libs/libtesseract.lax/libtesseract_ccutil.a/basedir.o .libs/libtesseract.lax/libtesseract_ccutil.a/bitvector.o .libs/libtesseract.lax/libtesseract_ccutil.a/ccutil.o .libs/libtesseract.lax/libtesseract_ccutil.a/clst.o .libs/libtesseract.lax/libtesseract_ccutil.a/elst.o .libs/libtesseract.lax/libtesseract_ccutil.a/elst2.o .libs/libtesseract.lax/libtesseract_ccutil.a/errcode.o .libs/libtesseract.lax/libtesseract_ccutil.a/fileio.o .libs/libtesseract.lax/libtesseract_ccutil.a/globaloc.o .libs/libtesseract.lax/libtesseract_ccutil.a/indexmapbidi.o .libs/libtesseract.lax/libtesseract_ccutil.a/mainblk.o .libs/libtesseract.lax/libtesseract_ccutil.a/params.o .libs/libtesseract.lax/libtesseract_ccutil.a/scanutils.o .libs/libtesseract.lax/libtesseract_ccutil.a/serialis.o .libs/libtesseract.lax/libtesseract_ccutil.a/strngs.o .libs/libtesseract.lax/libtesseract_ccutil.a/tessdatamanager.o .libs/libtesseract.lax/libtesseract_ccutil.a/tprintf.o .libs/libtesseract.lax/libtesseract_ccutil.a/unichar.o .libs/libtesseract.lax/libtesseract_ccutil.a/unicharcompress.o .libs/libtesseract.lax/libtesseract_ccutil.a/unicharmap.o .libs/libtesseract.lax/libtesseract_ccutil.a/unicharset.o .libs/libtesseract.lax/libtesseract_ccutil.a/unicodes.o .libs/libtesseract.lax/libtesseract_ccutil.a/universalambigs.o  .libs/libtesseract.lax/libtesseract_opencl.a/openclwrapper.o 
libtool: link: ranlib .libs/libtesseract.a
libtool: link: rm -fr .libs/libtesseract.lax
libtool: link: ( cd ".libs" && rm -f "libtesseract.la" && ln -s "../libtesseract.la" "libtesseract.la" )
libtool: link: /Applications/Xcode.app/Contents/Developer/usr/bin/g++ --target=arm-apple-darwin64 -I/Users/zyoung/dev/SwiftyTesseract/SwiftyTesseract/SwiftyTesseract/tesseract-4.1.0/ios/arm-apple-darwin64/ -arch arm64 -pipe -no-cpp-precomp -isysroot /Applications/Xcode.app/Contents/Developer/Platforms/iPhoneOS.platform/Developer/SDKs/iPhoneOS13.4.sdk -miphoneos-version-min=11.0 -O2 -Wno-deprecated-register -std=c++17 -o tesseract tesseract-tesseractmain.o -Wl,-bind_at_load  -L/Applications/Xcode.app/Contents/Developer/Platforms/iPhoneOS.platform/Developer/SDKs/iPhoneOS13.4.sdk/usr/lib/ -L/Users/zyoung/dev/SwiftyTesseract/SwiftyTesseract/SwiftyTesseract/ios/lib -L/Users/zyoung/dev/SwiftyTesseract/SwiftyTesseract/SwiftyTesseract/leptonica-1.78.0/ios/arm-apple-darwin64/src/.libs ./.libs/libtesseract.a -L/Users/zyoung/dev/SwiftyTesseract/SwiftyTesseract/SwiftyTesseract/leptonica-1.78.0/ios/arm-apple-darwin64/lib -L/Users/zyoung/dev/SwiftyTesseract/SwiftyTesseract/SwiftyTesseract/libpng-1.6.36/arm-apple-darwin64/lib -L/Users/zyoung/dev/tesseract-build/Root/lib -L/Users/zyoung/dev/SwiftyTesseract/SwiftyTesseract/SwiftyTesseract/jpeg-9c/arm-apple-darwin64/lib -L/Users/zyoung/dev/SwiftyTesseract/SwiftyTesseract/SwiftyTesseract/tiff-4.0.10/arm-apple-darwin64/lib /Users/zyoung/dev/SwiftyTesseract/SwiftyTesseract/SwiftyTesseract/leptonica-1.78.0/ios/arm-apple-darwin64/lib/liblept.a /Users/zyoung/dev/SwiftyTesseract/SwiftyTesseract/SwiftyTesseract/libpng-1.6.36/arm-apple-darwin64/lib/libpng16.a -llept -lz -lpng -ljpeg -ltiff
Making all in .
Making all in tessdata
Making all in configs
Making all in tessconfigs
Making all in doc
Making all in unittest
Making install in src/arch
make[4]: Nothing to be done for `install-exec-am'.
Making install in src/ccutil
make[4]: Nothing to be done for `install-exec-am'.
 ../../../../config/install-sh -c -d '/Users/zyoung/dev/SwiftyTesseract/SwiftyTesseract/SwiftyTesseract/tesseract-4.1.0/ios/arm-apple-darwin64/include/tesseract'
 /usr/bin/install -c -m 644 ../../../../src/ccutil/genericvector.h ../../../../src/ccutil/helpers.h ../../../../src/ccutil/ocrclass.h ../../../../src/ccutil/platform.h ../../../../src/ccutil/serialis.h ../../../../src/ccutil/strngs.h ../../../../src/ccutil/tesscallback.h ../../../../src/ccutil/unichar.h '/Users/zyoung/dev/SwiftyTesseract/SwiftyTesseract/SwiftyTesseract/tesseract-4.1.0/ios/arm-apple-darwin64/include/tesseract'
Making install in src/viewer
make[4]: Nothing to be done for `install-exec-am'.
make[4]: Nothing to be done for `install-data-am'.
Making install in src/cutil
make[4]: Nothing to be done for `install-exec-am'.
make[4]: Nothing to be done for `install-data-am'.
Making install in src/opencl
make[4]: Nothing to be done for `install-exec-am'.
make[4]: Nothing to be done for `install-data-am'.
Making install in src/ccstruct
make[4]: Nothing to be done for `install-exec-am'.
 ../../../../config/install-sh -c -d '/Users/zyoung/dev/SwiftyTesseract/SwiftyTesseract/SwiftyTesseract/tesseract-4.1.0/ios/arm-apple-darwin64/include/tesseract'
 /usr/bin/install -c -m 644 ../../../../src/ccstruct/publictypes.h '/Users/zyoung/dev/SwiftyTesseract/SwiftyTesseract/SwiftyTesseract/tesseract-4.1.0/ios/arm-apple-darwin64/include/tesseract'
Making install in src/dict
make[4]: Nothing to be done for `install-exec-am'.
make[4]: Nothing to be done for `install-data-am'.
Making install in src/classify
make[4]: Nothing to be done for `install-exec-am'.
make[4]: Nothing to be done for `install-data-am'.
Making install in src/wordrec
make[4]: Nothing to be done for `install-exec-am'.
make[4]: Nothing to be done for `install-data-am'.
Making install in src/textord
make[4]: Nothing to be done for `install-exec-am'.
make[4]: Nothing to be done for `install-data-am'.
Making install in src/lstm
make[4]: Nothing to be done for `install-exec-am'.
Making install in src/ccmain
make[4]: Nothing to be done for `install-exec-am'.
 ../../../../config/install-sh -c -d '/Users/zyoung/dev/SwiftyTesseract/SwiftyTesseract/SwiftyTesseract/tesseract-4.1.0/ios/arm-apple-darwin64/include/tesseract'
 /usr/bin/install -c -m 644 ../../../../src/ccmain/thresholder.h ../../../../src/ccmain/osdetect.h ../../../../src/ccmain/ltrresultiterator.h ../../../../src/ccmain/pageiterator.h ../../../../src/ccmain/resultiterator.h '/Users/zyoung/dev/SwiftyTesseract/SwiftyTesseract/SwiftyTesseract/tesseract-4.1.0/ios/arm-apple-darwin64/include/tesseract'
Making install in src/api
 ../../../../config/install-sh -c -d '/Users/zyoung/dev/SwiftyTesseract/SwiftyTesseract/SwiftyTesseract/tesseract-4.1.0/ios/arm-apple-darwin64/lib'
 /bin/sh ../../libtool   --mode=install /usr/bin/install -c   libtesseract.la '/Users/zyoung/dev/SwiftyTesseract/SwiftyTesseract/SwiftyTesseract/tesseract-4.1.0/ios/arm-apple-darwin64/lib'
libtool: install: /usr/bin/install -c .libs/libtesseract.lai /Users/zyoung/dev/SwiftyTesseract/SwiftyTesseract/SwiftyTesseract/tesseract-4.1.0/ios/arm-apple-darwin64/lib/libtesseract.la
libtool: install: /usr/bin/install -c .libs/libtesseract.a /Users/zyoung/dev/SwiftyTesseract/SwiftyTesseract/SwiftyTesseract/tesseract-4.1.0/ios/arm-apple-darwin64/lib/libtesseract.a
libtool: install: chmod 644 /Users/zyoung/dev/SwiftyTesseract/SwiftyTesseract/SwiftyTesseract/tesseract-4.1.0/ios/arm-apple-darwin64/lib/libtesseract.a
libtool: install: ranlib /Users/zyoung/dev/SwiftyTesseract/SwiftyTesseract/SwiftyTesseract/tesseract-4.1.0/ios/arm-apple-darwin64/lib/libtesseract.a
 ../../../../config/install-sh -c -d '/Users/zyoung/dev/SwiftyTesseract/SwiftyTesseract/SwiftyTesseract/tesseract-4.1.0/ios/arm-apple-darwin64/bin'
  /bin/sh ../../libtool   --mode=install /usr/bin/install -c tesseract '/Users/zyoung/dev/SwiftyTesseract/SwiftyTesseract/SwiftyTesseract/tesseract-4.1.0/ios/arm-apple-darwin64/bin'
libtool: install: /usr/bin/install -c tesseract /Users/zyoung/dev/SwiftyTesseract/SwiftyTesseract/SwiftyTesseract/tesseract-4.1.0/ios/arm-apple-darwin64/bin/tesseract
 ../../../../config/install-sh -c -d '/Users/zyoung/dev/SwiftyTesseract/SwiftyTesseract/SwiftyTesseract/tesseract-4.1.0/ios/arm-apple-darwin64/include/tesseract'
 /usr/bin/install -c -m 644 ../../../../src/api/apitypes.h ../../../../src/api/baseapi.h ../../../../src/api/capi.h ../../../../src/api/renderer.h tess_version.h '/Users/zyoung/dev/SwiftyTesseract/SwiftyTesseract/SwiftyTesseract/tesseract-4.1.0/ios/arm-apple-darwin64/include/tesseract'
Making install in .
make[4]: Nothing to be done for `install-exec-am'.
 ../../config/install-sh -c -d '/Users/zyoung/dev/SwiftyTesseract/SwiftyTesseract/SwiftyTesseract/tesseract-4.1.0/ios/arm-apple-darwin64/lib/pkgconfig'
 /usr/bin/install -c -m 644 tesseract.pc '/Users/zyoung/dev/SwiftyTesseract/SwiftyTesseract/SwiftyTesseract/tesseract-4.1.0/ios/arm-apple-darwin64/lib/pkgconfig'
Making install in tessdata
Making install in configs
make[5]: Nothing to be done for `install-exec-am'.
 ../../../../config/install-sh -c -d '/Users/zyoung/dev/SwiftyTesseract/SwiftyTesseract/SwiftyTesseract/tesseract-4.1.0/ios/arm-apple-darwin64/share/tessdata/configs'
 /usr/bin/install -c -m 644 ../../../../tessdata/configs/inter ../../../../tessdata/configs/makebox ../../../../tessdata/configs/box.train ../../../../tessdata/configs/unlv ../../../../tessdata/configs/ambigs.train ../../../../tessdata/configs/lstm.train ../../../../tessdata/configs/lstmdebug ../../../../tessdata/configs/api_config ../../../../tessdata/configs/kannada ../../../../tessdata/configs/box.train.stderr ../../../../tessdata/configs/quiet ../../../../tessdata/configs/logfile ../../../../tessdata/configs/digits ../../../../tessdata/configs/get.images ../../../../tessdata/configs/lstmbox ../../../../tessdata/configs/wordstrbox ../../../../tessdata/configs/alto ../../../../tessdata/configs/hocr ../../../../tessdata/configs/pdf ../../../../tessdata/configs/tsv ../../../../tessdata/configs/txt ../../../../tessdata/configs/linebox ../../../../tessdata/configs/rebox ../../../../tessdata/configs/strokewidth ../../../../tessdata/configs/bigram '/Users/zyoung/dev/SwiftyTesseract/SwiftyTesseract/SwiftyTesseract/tesseract-4.1.0/ios/arm-apple-darwin64/share/tessdata/configs'
Making install in tessconfigs
make[5]: Nothing to be done for `install-exec-am'.
 ../../../../config/install-sh -c -d '/Users/zyoung/dev/SwiftyTesseract/SwiftyTesseract/SwiftyTesseract/tesseract-4.1.0/ios/arm-apple-darwin64/share/tessdata/tessconfigs'
 /usr/bin/install -c -m 644 ../../../../tessdata/tessconfigs/batch ../../../../tessdata/tessconfigs/batch.nochop ../../../../tessdata/tessconfigs/nobatch ../../../../tessdata/tessconfigs/matdemo ../../../../tessdata/tessconfigs/segdemo ../../../../tessdata/tessconfigs/msdemo '/Users/zyoung/dev/SwiftyTesseract/SwiftyTesseract/SwiftyTesseract/tesseract-4.1.0/ios/arm-apple-darwin64/share/tessdata/tessconfigs'
make[5]: Nothing to be done for `install-exec-am'.
 ../../../config/install-sh -c -d '/Users/zyoung/dev/SwiftyTesseract/SwiftyTesseract/SwiftyTesseract/tesseract-4.1.0/ios/arm-apple-darwin64/share/tessdata'
 /usr/bin/install -c -m 644 ../../../tessdata/pdf.ttf '/Users/zyoung/dev/SwiftyTesseract/SwiftyTesseract/SwiftyTesseract/tesseract-4.1.0/ios/arm-apple-darwin64/share/tessdata'
Making install in doc
make[4]: Nothing to be done for `install-exec-am'.
Making install in unittest
make[4]: Nothing to be done for `install-exec-am'.
make[4]: Nothing to be done for `install-data-am'.
cd /Users/zyoung/dev/SwiftyTesseract/SwiftyTesseract/SwiftyTesseract/tesseract-4.1.0/ios/x86_64-apple-darwin && /Applications/Xcode.app/Contents/Developer/usr/bin/make -sj8 && /Applications/Xcode.app/Contents/Developer/usr/bin/make install
Making all in src/arch
libtool: compile:  /Applications/Xcode.app/Contents/Developer/usr/bin/g++ --target=x86_64-apple-darwin -DHAVE_CONFIG_H -I. -I../../../../src/arch -I../.. -DNDEBUG -I../../../../src/ccstruct -I../../../../src/ccutil -I../../../../src/viewer -I/Users/zyoung/dev/SwiftyTesseract/SwiftyTesseract/SwiftyTesseract/tesseract-4.1.0/ios/x86_64-apple-darwin/ -arch x86_64 -pipe -no-cpp-precomp -isysroot /Applications/Xcode.app/Contents/Developer/Platforms/iPhoneSimulator.platform/Developer/SDKs/iPhoneSimulator13.4.sdk -mios-simulator-version-min=11.0 -O2 -fembed-bitcode -I/Users/zyoung/dev/SwiftyTesseract/SwiftyTesseract/SwiftyTesseract/leptonica-1.78.0/ios/x86_64-apple-darwin/include/leptonica -mavx2 -I/Users/zyoung/dev/SwiftyTesseract/SwiftyTesseract/SwiftyTesseract/tesseract-4.1.0/ios/x86_64-apple-darwin/ -arch x86_64 -pipe -no-cpp-precomp -isysroot /Applications/Xcode.app/Contents/Developer/Platforms/iPhoneSimulator.platform/Developer/SDKs/iPhoneSimulator13.4.sdk -mios-simulator-version-min=11.0 -O2 -Wno-deprecated-register -std=c++17 -MT libtesseract_avx2_la-intsimdmatrixavx2.lo -MD -MP -MF .deps/libtesseract_avx2_la-intsimdmatrixavx2.Tpo -c ../../../../src/arch/intsimdmatrixavx2.cpp -o libtesseract_avx2_la-intsimdmatrixavx2.o
libtool: compile:  /Applications/Xcode.app/Contents/Developer/usr/bin/g++ --target=x86_64-apple-darwin -DHAVE_CONFIG_H -I. -I../../../../src/arch -I../.. -DNDEBUG -I../../../../src/ccstruct -I../../../../src/ccutil -I../../../../src/viewer -I/Users/zyoung/dev/SwiftyTesseract/SwiftyTesseract/SwiftyTesseract/tesseract-4.1.0/ios/x86_64-apple-darwin/ -arch x86_64 -pipe -no-cpp-precomp -isysroot /Applications/Xcode.app/Contents/Developer/Platforms/iPhoneSimulator.platform/Developer/SDKs/iPhoneSimulator13.4.sdk -mios-simulator-version-min=11.0 -O2 -fembed-bitcode -I/Users/zyoung/dev/SwiftyTesseract/SwiftyTesseract/SwiftyTesseract/leptonica-1.78.0/ios/x86_64-apple-darwin/include/leptonica -msse4.1 -I/Users/zyoung/dev/SwiftyTesseract/SwiftyTesseract/SwiftyTesseract/tesseract-4.1.0/ios/x86_64-apple-darwin/ -arch x86_64 -pipe -no-cpp-precomp -isysroot /Applications/Xcode.app/Contents/Developer/Platforms/iPhoneSimulator.platform/Developer/SDKs/iPhoneSimulator13.4.sdk -mios-simulator-version-min=11.0 -O2 -Wno-deprecated-register -std=c++17 -MT libtesseract_sse_la-dotproductsse.lo -MD -MP -MF .deps/libtesseract_sse_la-dotproductsse.Tpo -c ../../../../src/arch/dotproductsse.cpp -o libtesseract_sse_la-dotproductsse.o
libtool: compile:  /Applications/Xcode.app/Contents/Developer/usr/bin/g++ --target=x86_64-apple-darwin -DHAVE_CONFIG_H -I. -I../../../../src/arch -I../.. -DNDEBUG -I../../../../src/ccstruct -I../../../../src/ccutil -I../../../../src/viewer -DAVX -DAVX2 -DSSE4_1 -I/Users/zyoung/dev/SwiftyTesseract/SwiftyTesseract/SwiftyTesseract/tesseract-4.1.0/ios/x86_64-apple-darwin/ -arch x86_64 -pipe -no-cpp-precomp -isysroot /Applications/Xcode.app/Contents/Developer/Platforms/iPhoneSimulator.platform/Developer/SDKs/iPhoneSimulator13.4.sdk -mios-simulator-version-min=11.0 -O2 -fembed-bitcode -I/Users/zyoung/dev/SwiftyTesseract/SwiftyTesseract/SwiftyTesseract/leptonica-1.78.0/ios/x86_64-apple-darwin/include/leptonica -I/Users/zyoung/dev/SwiftyTesseract/SwiftyTesseract/SwiftyTesseract/tesseract-4.1.0/ios/x86_64-apple-darwin/ -arch x86_64 -pipe -no-cpp-precomp -isysroot /Applications/Xcode.app/Contents/Developer/Platforms/iPhoneSimulator.platform/Developer/SDKs/iPhoneSimulator13.4.sdk -mios-simulator-version-min=11.0 -O2 -Wno-deprecated-register -std=c++17 -MT libtesseract_arch_la-simddetect.lo -MD -MP -MF .deps/libtesseract_arch_la-simddetect.Tpo -c ../../../../src/arch/simddetect.cpp -o libtesseract_arch_la-simddetect.o
libtool: compile:  /Applications/Xcode.app/Contents/Developer/usr/bin/g++ --target=x86_64-apple-darwin -DHAVE_CONFIG_H -I. -I../../../../src/arch -I../.. -DNDEBUG -I../../../../src/ccstruct -I../../../../src/ccutil -I../../../../src/viewer -I/Users/zyoung/dev/SwiftyTesseract/SwiftyTesseract/SwiftyTesseract/tesseract-4.1.0/ios/x86_64-apple-darwin/ -arch x86_64 -pipe -no-cpp-precomp -isysroot /Applications/Xcode.app/Contents/Developer/Platforms/iPhoneSimulator.platform/Developer/SDKs/iPhoneSimulator13.4.sdk -mios-simulator-version-min=11.0 -O2 -fembed-bitcode -I/Users/zyoung/dev/SwiftyTesseract/SwiftyTesseract/SwiftyTesseract/leptonica-1.78.0/ios/x86_64-apple-darwin/include/leptonica -msse4.1 -I/Users/zyoung/dev/SwiftyTesseract/SwiftyTesseract/SwiftyTesseract/tesseract-4.1.0/ios/x86_64-apple-darwin/ -arch x86_64 -pipe -no-cpp-precomp -isysroot /Applications/Xcode.app/Contents/Developer/Platforms/iPhoneSimulator.platform/Developer/SDKs/iPhoneSimulator13.4.sdk -mios-simulator-version-min=11.0 -O2 -Wno-deprecated-register -std=c++17 -MT libtesseract_sse_la-intsimdmatrixsse.lo -MD -MP -MF .deps/libtesseract_sse_la-intsimdmatrixsse.Tpo -c ../../../../src/arch/intsimdmatrixsse.cpp -o libtesseract_sse_la-intsimdmatrixsse.o
libtool: compile:  /Applications/Xcode.app/Contents/Developer/usr/bin/g++ --target=x86_64-apple-darwin -DHAVE_CONFIG_H -I. -I../../../../src/arch -I../.. -DNDEBUG -I../../../../src/ccstruct -I../../../../src/ccutil -I../../../../src/viewer -I/Users/zyoung/dev/SwiftyTesseract/SwiftyTesseract/SwiftyTesseract/tesseract-4.1.0/ios/x86_64-apple-darwin/ -arch x86_64 -pipe -no-cpp-precomp -isysroot /Applications/Xcode.app/Contents/Developer/Platforms/iPhoneSimulator.platform/Developer/SDKs/iPhoneSimulator13.4.sdk -mios-simulator-version-min=11.0 -O2 -fembed-bitcode -I/Users/zyoung/dev/SwiftyTesseract/SwiftyTesseract/SwiftyTesseract/leptonica-1.78.0/ios/x86_64-apple-darwin/include/leptonica -O3 -ffast-math -march=native -mtune=native -I/Users/zyoung/dev/SwiftyTesseract/SwiftyTesseract/SwiftyTesseract/tesseract-4.1.0/ios/x86_64-apple-darwin/ -arch x86_64 -pipe -no-cpp-precomp -isysroot /Applications/Xcode.app/Contents/Developer/Platforms/iPhoneSimulator.platform/Developer/SDKs/iPhoneSimulator13.4.sdk -mios-simulator-version-min=11.0 -O2 -Wno-deprecated-register -std=c++17 -MT libtesseract_native_la-dotproduct.lo -MD -MP -MF .deps/libtesseract_native_la-dotproduct.Tpo -c ../../../../src/arch/dotproduct.cpp -o libtesseract_native_la-dotproduct.o
libtool: compile:  /Applications/Xcode.app/Contents/Developer/usr/bin/g++ --target=x86_64-apple-darwin -DHAVE_CONFIG_H -I. -I../../../../src/arch -I../.. -DNDEBUG -I../../../../src/ccstruct -I../../../../src/ccutil -I../../../../src/viewer -I/Users/zyoung/dev/SwiftyTesseract/SwiftyTesseract/SwiftyTesseract/tesseract-4.1.0/ios/x86_64-apple-darwin/ -arch x86_64 -pipe -no-cpp-precomp -isysroot /Applications/Xcode.app/Contents/Developer/Platforms/iPhoneSimulator.platform/Developer/SDKs/iPhoneSimulator13.4.sdk -mios-simulator-version-min=11.0 -O2 -fembed-bitcode -I/Users/zyoung/dev/SwiftyTesseract/SwiftyTesseract/SwiftyTesseract/leptonica-1.78.0/ios/x86_64-apple-darwin/include/leptonica -mavx -I/Users/zyoung/dev/SwiftyTesseract/SwiftyTesseract/SwiftyTesseract/tesseract-4.1.0/ios/x86_64-apple-darwin/ -arch x86_64 -pipe -no-cpp-precomp -isysroot /Applications/Xcode.app/Contents/Developer/Platforms/iPhoneSimulator.platform/Developer/SDKs/iPhoneSimulator13.4.sdk -mios-simulator-version-min=11.0 -O2 -Wno-deprecated-register -std=c++17 -MT libtesseract_avx_la-dotproductavx.lo -MD -MP -MF .deps/libtesseract_avx_la-dotproductavx.Tpo -c ../../../../src/arch/dotproductavx.cpp -o libtesseract_avx_la-dotproductavx.o
libtool: compile:  /Applications/Xcode.app/Contents/Developer/usr/bin/g++ --target=x86_64-apple-darwin -DHAVE_CONFIG_H -I. -I../../../../src/arch -I../.. -DNDEBUG -I../../../../src/ccstruct -I../../../../src/ccutil -I../../../../src/viewer -DAVX -DAVX2 -DSSE4_1 -I/Users/zyoung/dev/SwiftyTesseract/SwiftyTesseract/SwiftyTesseract/tesseract-4.1.0/ios/x86_64-apple-darwin/ -arch x86_64 -pipe -no-cpp-precomp -isysroot /Applications/Xcode.app/Contents/Developer/Platforms/iPhoneSimulator.platform/Developer/SDKs/iPhoneSimulator13.4.sdk -mios-simulator-version-min=11.0 -O2 -fembed-bitcode -I/Users/zyoung/dev/SwiftyTesseract/SwiftyTesseract/SwiftyTesseract/leptonica-1.78.0/ios/x86_64-apple-darwin/include/leptonica -I/Users/zyoung/dev/SwiftyTesseract/SwiftyTesseract/SwiftyTesseract/tesseract-4.1.0/ios/x86_64-apple-darwin/ -arch x86_64 -pipe -no-cpp-precomp -isysroot /Applications/Xcode.app/Contents/Developer/Platforms/iPhoneSimulator.platform/Developer/SDKs/iPhoneSimulator13.4.sdk -mios-simulator-version-min=11.0 -O2 -Wno-deprecated-register -std=c++17 -MT libtesseract_arch_la-intsimdmatrix.lo -MD -MP -MF .deps/libtesseract_arch_la-intsimdmatrix.Tpo -c ../../../../src/arch/intsimdmatrix.cpp -o libtesseract_arch_la-intsimdmatrix.o
libtool: link: ar cru .libs/libtesseract_native.a  libtesseract_native_la-dotproduct.o
libtool: link: ranlib .libs/libtesseract_native.a
libtool: link: ( cd ".libs" && rm -f "libtesseract_native.la" && ln -s "../libtesseract_native.la" "libtesseract_native.la" )
libtool: link: ar cru .libs/libtesseract_sse.a  libtesseract_sse_la-dotproductsse.o libtesseract_sse_la-intsimdmatrixsse.o
libtool: link: ranlib .libs/libtesseract_sse.a
libtool: link: ar cru .libs/libtesseract_avx.a  libtesseract_avx_la-dotproductavx.o
libtool: link: ( cd ".libs" && rm -f "libtesseract_sse.la" && ln -s "../libtesseract_sse.la" "libtesseract_sse.la" )
libtool: link: ranlib .libs/libtesseract_avx.a
libtool: link: ( cd ".libs" && rm -f "libtesseract_avx.la" && ln -s "../libtesseract_avx.la" "libtesseract_avx.la" )
libtool: link: ar cru .libs/libtesseract_arch.a  libtesseract_arch_la-intsimdmatrix.o libtesseract_arch_la-simddetect.o
libtool: link: ranlib .libs/libtesseract_arch.a
libtool: link: ( cd ".libs" && rm -f "libtesseract_arch.la" && ln -s "../libtesseract_arch.la" "libtesseract_arch.la" )
libtool: link: ar cru .libs/libtesseract_avx2.a  libtesseract_avx2_la-intsimdmatrixavx2.o
libtool: link: ranlib .libs/libtesseract_avx2.a
libtool: link: ( cd ".libs" && rm -f "libtesseract_avx2.la" && ln -s "../libtesseract_avx2.la" "libtesseract_avx2.la" )
Making all in src/ccutil
libtool: compile:  /Applications/Xcode.app/Contents/Developer/usr/bin/g++ --target=x86_64-apple-darwin -DHAVE_CONFIG_H -I. -I../../../../src/ccutil -I../.. -I/Users/zyoung/dev/SwiftyTesseract/SwiftyTesseract/SwiftyTesseract/tesseract-4.1.0/ios/x86_64-apple-darwin/ -arch x86_64 -pipe -no-cpp-precomp -isysroot /Applications/Xcode.app/Contents/Developer/Platforms/iPhoneSimulator.platform/Developer/SDKs/iPhoneSimulator13.4.sdk -mios-simulator-version-min=11.0 -O2 -fembed-bitcode -I/Users/zyoung/dev/SwiftyTesseract/SwiftyTesseract/SwiftyTesseract/leptonica-1.78.0/ios/x86_64-apple-darwin/include/leptonica -DTESSDATA_PREFIX=/Users/zyoung/dev/SwiftyTesseract/SwiftyTesseract/SwiftyTesseract/tesseract-4.1.0/ios/x86_64-apple-darwin/share -I/Users/zyoung/dev/SwiftyTesseract/SwiftyTesseract/SwiftyTesseract/tesseract-4.1.0/ios/x86_64-apple-darwin/ -arch x86_64 -pipe -no-cpp-precomp -isysroot /Applications/Xcode.app/Contents/Developer/Platforms/iPhoneSimulator.platform/Developer/SDKs/iPhoneSimulator13.4.sdk -mios-simulator-version-min=11.0 -O2 -Wno-deprecated-register -std=c++17 -MT errcode.lo -MD -MP -MF .deps/errcode.Tpo -c ../../../../src/ccutil/errcode.cpp -o errcode.o
libtool: compile:  /Applications/Xcode.app/Contents/Developer/usr/bin/g++ --target=x86_64-apple-darwin -DHAVE_CONFIG_H -I. -I../../../../src/ccutil -I../.. -I/Users/zyoung/dev/SwiftyTesseract/SwiftyTesseract/SwiftyTesseract/tesseract-4.1.0/ios/x86_64-apple-darwin/ -arch x86_64 -pipe -no-cpp-precomp -isysroot /Applications/Xcode.app/Contents/Developer/Platforms/iPhoneSimulator.platform/Developer/SDKs/iPhoneSimulator13.4.sdk -mios-simulator-version-min=11.0 -O2 -fembed-bitcode -I/Users/zyoung/dev/SwiftyTesseract/SwiftyTesseract/SwiftyTesseract/leptonica-1.78.0/ios/x86_64-apple-darwin/include/leptonica -DTESSDATA_PREFIX=/Users/zyoung/dev/SwiftyTesseract/SwiftyTesseract/SwiftyTesseract/tesseract-4.1.0/ios/x86_64-apple-darwin/share -I/Users/zyoung/dev/SwiftyTesseract/SwiftyTesseract/SwiftyTesseract/tesseract-4.1.0/ios/x86_64-apple-darwin/ -arch x86_64 -pipe -no-cpp-precomp -isysroot /Applications/Xcode.app/Contents/Developer/Platforms/iPhoneSimulator.platform/Developer/SDKs/iPhoneSimulator13.4.sdk -mios-simulator-version-min=11.0 -O2 -Wno-deprecated-register -std=c++17 -MT basedir.lo -MD -MP -MF .deps/basedir.Tpo -c ../../../../src/ccutil/basedir.cpp -o basedir.o
libtool: compile:  /Applications/Xcode.app/Contents/Developer/usr/bin/g++ --target=x86_64-apple-darwin -DHAVE_CONFIG_H -I. -I../../../../src/ccutil -I../.. -I/Users/zyoung/dev/SwiftyTesseract/SwiftyTesseract/SwiftyTesseract/tesseract-4.1.0/ios/x86_64-apple-darwin/ -arch x86_64 -pipe -no-cpp-precomp -isysroot /Applications/Xcode.app/Contents/Developer/Platforms/iPhoneSimulator.platform/Developer/SDKs/iPhoneSimulator13.4.sdk -mios-simulator-version-min=11.0 -O2 -fembed-bitcode -I/Users/zyoung/dev/SwiftyTesseract/SwiftyTesseract/SwiftyTesseract/leptonica-1.78.0/ios/x86_64-apple-darwin/include/leptonica -DTESSDATA_PREFIX=/Users/zyoung/dev/SwiftyTesseract/SwiftyTesseract/SwiftyTesseract/tesseract-4.1.0/ios/x86_64-apple-darwin/share -I/Users/zyoung/dev/SwiftyTesseract/SwiftyTesseract/SwiftyTesseract/tesseract-4.1.0/ios/x86_64-apple-darwin/ -arch x86_64 -pipe -no-cpp-precomp -isysroot /Applications/Xcode.app/Contents/Developer/Platforms/iPhoneSimulator.platform/Developer/SDKs/iPhoneSimulator13.4.sdk -mios-simulator-version-min=11.0 -O2 -Wno-deprecated-register -std=c++17 -MT elst.lo -MD -MP -MF .deps/elst.Tpo -c ../../../../src/ccutil/elst.cpp -o elst.o
libtool: compile:  /Applications/Xcode.app/Contents/Developer/usr/bin/g++ --target=x86_64-apple-darwin -DHAVE_CONFIG_H -I. -I../../../../src/ccutil -I../.. -I/Users/zyoung/dev/SwiftyTesseract/SwiftyTesseract/SwiftyTesseract/tesseract-4.1.0/ios/x86_64-apple-darwin/ -arch x86_64 -pipe -no-cpp-precomp -isysroot /Applications/Xcode.app/Contents/Developer/Platforms/iPhoneSimulator.platform/Developer/SDKs/iPhoneSimulator13.4.sdk -mios-simulator-version-min=11.0 -O2 -fembed-bitcode -I/Users/zyoung/dev/SwiftyTesseract/SwiftyTesseract/SwiftyTesseract/leptonica-1.78.0/ios/x86_64-apple-darwin/include/leptonica -DTESSDATA_PREFIX=/Users/zyoung/dev/SwiftyTesseract/SwiftyTesseract/SwiftyTesseract/tesseract-4.1.0/ios/x86_64-apple-darwin/share -I/Users/zyoung/dev/SwiftyTesseract/SwiftyTesseract/SwiftyTesseract/tesseract-4.1.0/ios/x86_64-apple-darwin/ -arch x86_64 -pipe -no-cpp-precomp -isysroot /Applications/Xcode.app/Contents/Developer/Platforms/iPhoneSimulator.platform/Developer/SDKs/iPhoneSimulator13.4.sdk -mios-simulator-version-min=11.0 -O2 -Wno-deprecated-register -std=c++17 -MT clst.lo -MD -MP -MF .deps/clst.Tpo -c ../../../../src/ccutil/clst.cpp -o clst.o
libtool: compile:  /Applications/Xcode.app/Contents/Developer/usr/bin/g++ --target=x86_64-apple-darwin -DHAVE_CONFIG_H -I. -I../../../../src/ccutil -I../.. -I/Users/zyoung/dev/SwiftyTesseract/SwiftyTesseract/SwiftyTesseract/tesseract-4.1.0/ios/x86_64-apple-darwin/ -arch x86_64 -pipe -no-cpp-precomp -isysroot /Applications/Xcode.app/Contents/Developer/Platforms/iPhoneSimulator.platform/Developer/SDKs/iPhoneSimulator13.4.sdk -mios-simulator-version-min=11.0 -O2 -fembed-bitcode -I/Users/zyoung/dev/SwiftyTesseract/SwiftyTesseract/SwiftyTesseract/leptonica-1.78.0/ios/x86_64-apple-darwin/include/leptonica -DTESSDATA_PREFIX=/Users/zyoung/dev/SwiftyTesseract/SwiftyTesseract/SwiftyTesseract/tesseract-4.1.0/ios/x86_64-apple-darwin/share -I/Users/zyoung/dev/SwiftyTesseract/SwiftyTesseract/SwiftyTesseract/tesseract-4.1.0/ios/x86_64-apple-darwin/ -arch x86_64 -pipe -no-cpp-precomp -isysroot /Applications/Xcode.app/Contents/Developer/Platforms/iPhoneSimulator.platform/Developer/SDKs/iPhoneSimulator13.4.sdk -mios-simulator-version-min=11.0 -O2 -Wno-deprecated-register -std=c++17 -MT elst2.lo -MD -MP -MF .deps/elst2.Tpo -c ../../../../src/ccutil/elst2.cpp -o elst2.o
libtool: compile:  /Applications/Xcode.app/Contents/Developer/usr/bin/g++ --target=x86_64-apple-darwin -DHAVE_CONFIG_H -I. -I../../../../src/ccutil -I../.. -I/Users/zyoung/dev/SwiftyTesseract/SwiftyTesseract/SwiftyTesseract/tesseract-4.1.0/ios/x86_64-apple-darwin/ -arch x86_64 -pipe -no-cpp-precomp -isysroot /Applications/Xcode.app/Contents/Developer/Platforms/iPhoneSimulator.platform/Developer/SDKs/iPhoneSimulator13.4.sdk -mios-simulator-version-min=11.0 -O2 -fembed-bitcode -I/Users/zyoung/dev/SwiftyTesseract/SwiftyTesseract/SwiftyTesseract/leptonica-1.78.0/ios/x86_64-apple-darwin/include/leptonica -DTESSDATA_PREFIX=/Users/zyoung/dev/SwiftyTesseract/SwiftyTesseract/SwiftyTesseract/tesseract-4.1.0/ios/x86_64-apple-darwin/share -I/Users/zyoung/dev/SwiftyTesseract/SwiftyTesseract/SwiftyTesseract/tesseract-4.1.0/ios/x86_64-apple-darwin/ -arch x86_64 -pipe -no-cpp-precomp -isysroot /Applications/Xcode.app/Contents/Developer/Platforms/iPhoneSimulator.platform/Developer/SDKs/iPhoneSimulator13.4.sdk -mios-simulator-version-min=11.0 -O2 -Wno-deprecated-register -std=c++17 -MT ccutil.lo -MD -MP -MF .deps/ccutil.Tpo -c ../../../../src/ccutil/ccutil.cpp -o ccutil.o
libtool: compile:  /Applications/Xcode.app/Contents/Developer/usr/bin/g++ --target=x86_64-apple-darwin -DHAVE_CONFIG_H -I. -I../../../../src/ccutil -I../.. -I/Users/zyoung/dev/SwiftyTesseract/SwiftyTesseract/SwiftyTesseract/tesseract-4.1.0/ios/x86_64-apple-darwin/ -arch x86_64 -pipe -no-cpp-precomp -isysroot /Applications/Xcode.app/Contents/Developer/Platforms/iPhoneSimulator.platform/Developer/SDKs/iPhoneSimulator13.4.sdk -mios-simulator-version-min=11.0 -O2 -fembed-bitcode -I/Users/zyoung/dev/SwiftyTesseract/SwiftyTesseract/SwiftyTesseract/leptonica-1.78.0/ios/x86_64-apple-darwin/include/leptonica -DTESSDATA_PREFIX=/Users/zyoung/dev/SwiftyTesseract/SwiftyTesseract/SwiftyTesseract/tesseract-4.1.0/ios/x86_64-apple-darwin/share -I/Users/zyoung/dev/SwiftyTesseract/SwiftyTesseract/SwiftyTesseract/tesseract-4.1.0/ios/x86_64-apple-darwin/ -arch x86_64 -pipe -no-cpp-precomp -isysroot /Applications/Xcode.app/Contents/Developer/Platforms/iPhoneSimulator.platform/Developer/SDKs/iPhoneSimulator13.4.sdk -mios-simulator-version-min=11.0 -O2 -Wno-deprecated-register -std=c++17 -MT bitvector.lo -MD -MP -MF .deps/bitvector.Tpo -c ../../../../src/ccutil/bitvector.cpp -o bitvector.o
libtool: compile:  /Applications/Xcode.app/Contents/Developer/usr/bin/g++ --target=x86_64-apple-darwin -DHAVE_CONFIG_H -I. -I../../../../src/ccutil -I../.. -I/Users/zyoung/dev/SwiftyTesseract/SwiftyTesseract/SwiftyTesseract/tesseract-4.1.0/ios/x86_64-apple-darwin/ -arch x86_64 -pipe -no-cpp-precomp -isysroot /Applications/Xcode.app/Contents/Developer/Platforms/iPhoneSimulator.platform/Developer/SDKs/iPhoneSimulator13.4.sdk -mios-simulator-version-min=11.0 -O2 -fembed-bitcode -I/Users/zyoung/dev/SwiftyTesseract/SwiftyTesseract/SwiftyTesseract/leptonica-1.78.0/ios/x86_64-apple-darwin/include/leptonica -DTESSDATA_PREFIX=/Users/zyoung/dev/SwiftyTesseract/SwiftyTesseract/SwiftyTesseract/tesseract-4.1.0/ios/x86_64-apple-darwin/share -I/Users/zyoung/dev/SwiftyTesseract/SwiftyTesseract/SwiftyTesseract/tesseract-4.1.0/ios/x86_64-apple-darwin/ -arch x86_64 -pipe -no-cpp-precomp -isysroot /Applications/Xcode.app/Contents/Developer/Platforms/iPhoneSimulator.platform/Developer/SDKs/iPhoneSimulator13.4.sdk -mios-simulator-version-min=11.0 -O2 -Wno-deprecated-register -std=c++17 -MT ambigs.lo -MD -MP -MF .deps/ambigs.Tpo -c ../../../../src/ccutil/ambigs.cpp -o ambigs.o
libtool: compile:  /Applications/Xcode.app/Contents/Developer/usr/bin/g++ --target=x86_64-apple-darwin -DHAVE_CONFIG_H -I. -I../../../../src/ccutil -I../.. -I/Users/zyoung/dev/SwiftyTesseract/SwiftyTesseract/SwiftyTesseract/tesseract-4.1.0/ios/x86_64-apple-darwin/ -arch x86_64 -pipe -no-cpp-precomp -isysroot /Applications/Xcode.app/Contents/Developer/Platforms/iPhoneSimulator.platform/Developer/SDKs/iPhoneSimulator13.4.sdk -mios-simulator-version-min=11.0 -O2 -fembed-bitcode -I/Users/zyoung/dev/SwiftyTesseract/SwiftyTesseract/SwiftyTesseract/leptonica-1.78.0/ios/x86_64-apple-darwin/include/leptonica -DTESSDATA_PREFIX=/Users/zyoung/dev/SwiftyTesseract/SwiftyTesseract/SwiftyTesseract/tesseract-4.1.0/ios/x86_64-apple-darwin/share -I/Users/zyoung/dev/SwiftyTesseract/SwiftyTesseract/SwiftyTesseract/tesseract-4.1.0/ios/x86_64-apple-darwin/ -arch x86_64 -pipe -no-cpp-precomp -isysroot /Applications/Xcode.app/Contents/Developer/Platforms/iPhoneSimulator.platform/Developer/SDKs/iPhoneSimulator13.4.sdk -mios-simulator-version-min=11.0 -O2 -Wno-deprecated-register -std=c++17 -MT fileio.lo -MD -MP -MF .deps/fileio.Tpo -c ../../../../src/ccutil/fileio.cpp -o fileio.o
libtool: compile:  /Applications/Xcode.app/Contents/Developer/usr/bin/g++ --target=x86_64-apple-darwin -DHAVE_CONFIG_H -I. -I../../../../src/ccutil -I../.. -I/Users/zyoung/dev/SwiftyTesseract/SwiftyTesseract/SwiftyTesseract/tesseract-4.1.0/ios/x86_64-apple-darwin/ -arch x86_64 -pipe -no-cpp-precomp -isysroot /Applications/Xcode.app/Contents/Developer/Platforms/iPhoneSimulator.platform/Developer/SDKs/iPhoneSimulator13.4.sdk -mios-simulator-version-min=11.0 -O2 -fembed-bitcode -I/Users/zyoung/dev/SwiftyTesseract/SwiftyTesseract/SwiftyTesseract/leptonica-1.78.0/ios/x86_64-apple-darwin/include/leptonica -DTESSDATA_PREFIX=/Users/zyoung/dev/SwiftyTesseract/SwiftyTesseract/SwiftyTesseract/tesseract-4.1.0/ios/x86_64-apple-darwin/share -I/Users/zyoung/dev/SwiftyTesseract/SwiftyTesseract/SwiftyTesseract/tesseract-4.1.0/ios/x86_64-apple-darwin/ -arch x86_64 -pipe -no-cpp-precomp -isysroot /Applications/Xcode.app/Contents/Developer/Platforms/iPhoneSimulator.platform/Developer/SDKs/iPhoneSimulator13.4.sdk -mios-simulator-version-min=11.0 -O2 -Wno-deprecated-register -std=c++17 -MT globaloc.lo -MD -MP -MF .deps/globaloc.Tpo -c ../../../../src/ccutil/globaloc.cpp -o globaloc.o
libtool: compile:  /Applications/Xcode.app/Contents/Developer/usr/bin/g++ --target=x86_64-apple-darwin -DHAVE_CONFIG_H -I. -I../../../../src/ccutil -I../.. -I/Users/zyoung/dev/SwiftyTesseract/SwiftyTesseract/SwiftyTesseract/tesseract-4.1.0/ios/x86_64-apple-darwin/ -arch x86_64 -pipe -no-cpp-precomp -isysroot /Applications/Xcode.app/Contents/Developer/Platforms/iPhoneSimulator.platform/Developer/SDKs/iPhoneSimulator13.4.sdk -mios-simulator-version-min=11.0 -O2 -fembed-bitcode -I/Users/zyoung/dev/SwiftyTesseract/SwiftyTesseract/SwiftyTesseract/leptonica-1.78.0/ios/x86_64-apple-darwin/include/leptonica -DTESSDATA_PREFIX=/Users/zyoung/dev/SwiftyTesseract/SwiftyTesseract/SwiftyTesseract/tesseract-4.1.0/ios/x86_64-apple-darwin/share -I/Users/zyoung/dev/SwiftyTesseract/SwiftyTesseract/SwiftyTesseract/tesseract-4.1.0/ios/x86_64-apple-darwin/ -arch x86_64 -pipe -no-cpp-precomp -isysroot /Applications/Xcode.app/Contents/Developer/Platforms/iPhoneSimulator.platform/Developer/SDKs/iPhoneSimulator13.4.sdk -mios-simulator-libtool: compile:  /Applications/Xcode.app/Contents/Developer/usr/bin/g++ --target=x86_64-apple-darwin -DHAVE_CONFIG_H -I. -I../../../../src/ccutil -I../.. -I/Users/zyoung/dev/SwiftyTesseract/SwiftyTesseract/SwiftyTesseract/tesseract-4.1.0/ios/x86_64-apple-darwin/ -arch x86_64 -pipe -no-cpp-precomp -isysroot /Applications/Xcode.app/Contents/Developer/Platforms/iPhoneSimulator.platform/Developer/SDKs/iPhoneSimulator13.4.sdk -mios-simulator-version-min=11.0 -O2 -fembed-bitcode -I/Users/zyoung/dev/SwiftyTesseract/SwiftyTesseract/SwiftyTesseract/leptonica-1.78.0/ios/x86_64-apple-darwin/include/leptonica -DTESSDATA_PREFIX=/Users/zyoung/dev/SwiftyTesseract/SwiftyTesseract/SwiftyTesseract/tesseract-4.1.0/ios/x86_64-apple-darwin/share -I/Users/zyoung/dev/SwiftyTesseract/SwiftyTesseract/SwiftyTesseract/tesseract-4.1.0/ios/x86_64-apple-darwin/ -arch x86_64 -pipe -no-cpp-precomp -isysroot /Applications/Xcode.app/Contents/Developer/Platforms/iPhoneSimulator.platform/Developer/SDKs/iPhoneSimulator13.4.sdk -mios-simulator-version-min=11.0 -O2 -Wno-deprecated-register -std=c++17 -MT indexmapbidi.lo -MD -MP -MF .deps/indexmapbidi.Tpo -c ../../../../src/ccutil/indexmapbidi.cpp -o indexmapbidi.o
version-min=11.0 -O2 -Wno-deprecated-register -std=c++17 -MT mainblk.lo -MD -MP -MF .deps/mainblk.Tpo -c ../../../../src/ccutil/mainblk.cpp -o mainblk.o
libtool: compile:  /Applications/Xcode.app/Contents/Developer/usr/bin/g++ --target=x86_64-apple-darwin -DHAVE_CONFIG_H -I. -I../../../../src/ccutil -I../.. -I/Users/zyoung/dev/SwiftyTesseract/SwiftyTesseract/SwiftyTesseract/tesseract-4.1.0/ios/x86_64-apple-darwin/ -arch x86_64 -pipe -no-cpp-precomp -isysroot /Applications/Xcode.app/Contents/Developer/Platforms/iPhoneSimulator.platform/Developer/SDKs/iPhoneSimulator13.4.sdk -mios-simulator-version-min=11.0 -O2 -fembed-bitcode -I/Users/zyoung/dev/SwiftyTesseract/SwiftyTesseract/SwiftyTesseract/leptonica-1.78.0/ios/x86_64-apple-darwin/include/leptonica -DTESSDATA_PREFIX=/Users/zyoung/dev/SwiftyTesseract/SwiftyTesseract/SwiftyTesseract/tesseract-4.1.0/ios/x86_64-apple-darwin/share -I/Users/zyoung/dev/SwiftyTesseract/SwiftyTesseract/SwiftyTesseract/tesseract-4.1.0/ios/x86_64-apple-darwin/ -arch x86_64 -pipe -no-cpp-precomp -isysroot /Applications/Xcode.app/Contents/Developer/Platforms/iPhoneSimulator.platform/Developer/SDKs/iPhoneSimulator13.4.sdk -mios-simulator-version-min=11.0 -O2 -Wno-deprecated-register -std=c++17 -MT serialis.lo -MD -MP -MF .deps/serialis.Tpo -c ../../../../src/ccutil/serialis.cpp -o serialis.o
libtool: compile:  /Applications/Xcode.app/Contents/Developer/usr/bin/g++ --target=x86_64-apple-darwin -DHAVE_CONFIG_H -I. -I../../../../src/ccutil -I../.. -I/Users/zyoung/dev/SwiftyTesseract/SwiftyTesseract/SwiftyTesseract/tesseract-4.1.0/ios/x86_64-apple-darwin/ -arch x86_64 -pipe -no-cpp-precomp -isysroot /Applications/Xcode.app/Contents/Developer/Platforms/iPhoneSimulator.platform/Developer/SDKs/iPhoneSimulator13.4.sdk -mios-simulator-version-min=11.0 -O2 -fembed-bitcode -I/Users/zyoung/dev/SwiftyTesseract/SwiftyTesseract/SwiftyTesseract/leptonica-1.78.0/ios/x86_64-apple-darwin/include/leptonica -DTESSDATA_PREFIX=/Users/zyoung/dev/SwiftyTesseract/SwiftyTesseract/SwiftyTesseract/tesseract-4.1.0/ios/x86_64-apple-darwin/share -I/Users/zyoung/dev/SwiftyTesseract/SwiftyTesseract/SwiftyTesseract/tesseract-4.1.0/ios/x86_64-apple-darwin/ -arch x86_64 -pipe -no-cpp-precomp -isysroot /Applications/Xcode.app/Contents/Developer/Platforms/iPhoneSimulator.platform/Developer/SDKs/iPhoneSimulator13.4.sdk -mios-simulator-version-min=11.0 -O2 -Wno-deprecated-register -std=c++17 -MT strngs.lo -MD -MP -MF .deps/strngs.Tpo -c ../../../../src/ccutil/strngs.cpp -o strngs.o
libtool: compile:  /Applications/Xcode.app/Contents/Developer/usr/bin/g++ --target=x86_64-apple-darwin -DHAVE_CONFIG_H -I. -I../../../../src/ccutil -I../.. -I/Users/zyoung/dev/SwiftyTesseract/SwiftyTesseract/SwiftyTesseract/tesseract-4.1.0/ios/x86_64-apple-darwin/ -arch x86_64 -pipe -no-cpp-precomp -isysroot /Applications/Xcode.app/Contents/Developer/Platforms/iPhoneSimulator.platform/Developer/SDKs/iPhoneSimulator13.4.sdk -mios-simulator-version-min=11.0 -O2 -fembed-bitcode -I/Users/zyoung/dev/SwiftyTesseract/SwiftyTesseract/SwiftyTesseract/leptonica-1.78.0/ios/x86_64-apple-darwin/include/leptonica -DTESSDATA_PREFIX=/Users/zyoung/dev/SwiftyTesseract/SwiftyTesseract/SwiftyTesseract/tesseract-4.1.0/ios/x86_64-apple-darwin/share -I/Users/zyoung/dev/SwiftyTesseract/SwiftyTesseract/SwiftyTesseract/tesseract-4.1.0/ios/x86_64-apple-darwin/ -arch x86_64 -pipe -no-cpp-precomp -isysroot /Applications/Xcode.app/Contents/Developer/Platforms/iPhoneSimulator.platform/Developer/SDKs/iPhoneSimulator13.4.sdk -mios-simulator-version-min=11.0 -O2 -Wno-deprecated-register -std=c++17 -MT scanutils.lo -MD -MP -MF .deps/scanutils.Tpo -c ../../../../src/ccutil/scanutils.cpp -o scanutils.o
libtool: compile:  /Applications/Xcode.app/Contents/Developer/usr/bin/g++ --target=x86_64-apple-darwin -DHAVE_CONFIG_H -I. -I../../../../src/ccutil -I../.. -I/Users/zyoung/dev/SwiftyTesseract/SwiftyTesseract/SwiftyTesseract/tesseract-4.1.0/ios/x86_64-apple-darwin/ -arch x86_64 -pipe -no-cpp-precomp -isysroot /Applications/Xcode.app/Contents/Developer/Platforms/iPhoneSimulator.platform/Developer/SDKs/iPhoneSimulator13.4.sdk -mios-simulator-version-min=11.0 -O2 -fembed-bitcode -I/Users/zyoung/dev/SwiftyTesseract/SwiftyTesseract/SwiftyTesseract/leptonica-1.78.0/ios/x86_64-apple-darwin/include/leptonica -DTESSDATA_PREFIX=/Users/zyoung/dev/SwiftyTesseract/SwiftyTesseract/SwiftyTesseract/tesseract-4.1.0/ios/x86_64-apple-darwin/share -I/Users/zyoung/dev/SwiftyTesseract/SwiftyTesseract/SwiftyTesseract/tesseract-4.1.0/ios/x86_64-apple-darwin/ -arch x86_64 -pipe -no-cpp-precomp -isysroot /Applications/Xcode.app/Contents/Developer/Platforms/iPhoneSimulator.platform/Developer/SDKs/iPhoneSimulator13.4.sdk -mios-simulator-version-min=11.0 -O2 -Wno-deprecated-register -std=c++17 -MT tessdatamanager.lo -MD -MP -MF .deps/tessdatamanager.Tpo -c ../../../../src/ccutil/tessdatamanager.cpp -o tessdatamanager.o
libtool: compile:  /Applications/Xcode.app/Contents/Developer/usr/bin/g++ --target=x86_64-apple-darwin -DHAVE_CONFIG_H -I. -I../../../../src/ccutil -I../.. -I/Users/zyoung/dev/SwiftyTesseract/SwiftyTesseract/SwiftyTesseract/tesseract-4.1.0/ios/x86_64-apple-darwin/ -arch x86_64 -pipe -no-cpp-precomp -isysroot /Applications/Xcode.app/Contents/Developer/Platforms/iPhoneSimulator.platform/Developer/SDKs/iPhoneSimulator13.4.sdk -mios-simulator-version-min=11.0 -O2 -fembed-bitcode -I/Users/zyoung/dev/SwiftyTesseract/SwiftyTesseract/SwiftyTesseract/leptonica-1.78.0/ios/x86_64-apple-darwin/include/leptonica -DTESSDATA_PREFIX=/Users/zyoung/dev/SwiftyTesseract/SwiftyTesseract/SwiftyTesseract/tesseract-4.1.0/ios/x86_64-apple-darwin/share -I/Users/zyoung/dev/SwiftyTesseract/SwiftyTesseract/SwiftyTesseract/tesseract-4.1.0/ios/x86_64-apple-darwin/ -arch x86_64 -pipe -no-cpp-precomp -isysroot /Applications/Xcode.app/Contents/Developer/Platforms/iPhoneSimulator.platform/Developer/SDKs/iPhoneSimulator13.4.sdk -mios-simulator-version-min=11.0 -O2 -Wno-deprecated-register -std=c++17 -MT tprintf.lo -MD -MP -MF .deps/tprintf.Tpo -c ../../../../src/ccutil/tprintf.cpp -o tprintf.o
libtool: compile:  /Applications/Xcode.app/Contents/Developer/usr/bin/g++ --target=x86_64-apple-darwin -DHAVE_CONFIG_H -I. -I../../../../src/ccutil -I../.. -I/Users/zyoung/dev/SwiftyTesseract/SwiftyTesseract/SwiftyTesseract/tesseract-4.1.0/ios/x86_64-apple-darwin/ -arch x86_64 -pipe -no-cpp-precomp -isysroot /Applications/Xcode.app/Contents/Developer/Platforms/iPhoneSimulator.platform/Developer/SDKs/iPhoneSimulator13.4.sdk -mios-simulator-version-min=11.0 -O2 -fembed-bitcode -I/Users/zyoung/dev/SwiftyTesseract/SwiftyTesseract/SwiftyTesseract/leptonica-1.78.0/ios/x86_64-apple-darwin/include/leptonica -DTESSDATA_PREFIX=/Users/zyoung/dev/SwiftyTesseract/SwiftyTesseract/SwiftyTesseract/tesseract-4.1.0/ios/x86_64-apple-darwin/share -I/Users/zyoung/dev/SwiftyTesseract/SwiftyTesseract/SwiftyTesseract/tesseract-4.1.0/ios/x86_64-apple-darwin/ -arch x86_64 -pipe -no-cpp-precomp -isysroot /Applications/Xcode.app/Contents/Developer/Platforms/iPhoneSimulator.platform/Developer/SDKs/iPhoneSimulator13.4.sdk -mios-simulator-version-min=11.0 -O2 -Wno-deprecated-register -std=c++17 -MT unichar.lo -MD -MP -MF .deps/unichar.Tpo -c ../../../../src/ccutil/unichar.cpp -o unichar.o
libtool: compile:  /Applications/Xcode.app/Contents/Developer/usr/bin/g++ --target=x86_64-apple-darwin -DHAVE_CONFIG_H -I. -I../../../../src/ccutil -I../.. -I/Users/zyoung/dev/SwiftyTesseract/SwiftyTesseract/SwiftyTesseract/tesseract-4.1.0/ios/x86_64-apple-darwin/ -arch x86_64 -pipe -no-cpp-precomp -isysroot /Applications/Xcode.app/Contents/Developer/Platforms/iPhoneSimulator.platform/Developer/SDKs/iPhoneSimulator13.4.sdk -mios-simulator-version-min=11.0 -O2 -fembed-bitcode -I/Users/zyoung/dev/SwiftyTesseract/SwiftyTesseract/SwiftyTesseract/leptonica-1.78.0/ios/x86_64-apple-darwin/include/leptonica -DTESSDATA_PREFIX=/Users/zyoung/dev/SwiftyTesseract/SwiftyTesseract/SwiftyTesseract/tesseract-4.1.0/ios/x86_64-apple-darwin/share -I/Users/zyoung/dev/SwiftyTesseract/SwiftyTesseract/SwiftyTesseract/tesseract-4.1.0/ios/x86_64-apple-darwin/ -arch x86_64 -pipe -no-cpp-precomp -isysroot /Applications/Xcode.app/Contents/Developer/Platforms/iPhoneSimulator.platform/Developer/SDKs/iPhoneSimulator13.4.sdk -mios-simulator-version-min=11.0 -O2 -Wno-deprecated-register -std=c++17 -MT unicharcompress.lo -MD -MP -MF .deps/unicharcompress.Tpo -c ../../../../src/ccutil/unicharcompress.cpp -o unicharcompress.o
libtool: compile:  /Applications/Xcode.app/Contents/Developer/usr/bin/g++ --target=x86_64-apple-darwin -DHAVE_CONFIG_H -I. -I../../../../src/ccutil -I../.. -I/Users/zyoung/dev/SwiftyTesseract/SwiftyTesseract/SwiftyTesseract/tesseract-4.1.0/ios/x86_64-apple-darwin/ -arch x86_64 -pipe -no-cpp-precomp -isysroot /Applications/Xcode.app/Contents/Developer/Platforms/iPhoneSimulator.platform/Developer/SDKs/iPhoneSimulator13.4.sdk -mios-simulator-version-min=11.0 -O2 -fembed-bitcode -I/Users/zyoung/dev/SwiftyTesseract/SwiftyTesseract/SwiftyTesseract/leptonica-1.78.0/ios/x86_64-apple-darwin/include/leptonica -DTESSDATA_PREFIX=/Users/zyoung/dev/SwiftyTesseract/SwiftyTesseract/SwiftyTesseract/tesseract-4.1.0/ios/x86_64-apple-darwin/share -I/Users/zyoung/dev/SwiftyTesseract/SwiftyTesseract/SwiftyTesseract/tesseract-4.1.0/ios/x86_64-apple-darwin/ -arch x86_64 -pipe -no-cpp-precomp -isysroot /Applications/Xcode.app/Contents/Developer/Platforms/iPhoneSimulator.platform/Developer/SDKs/iPhoneSimulator13.4.sdk -mios-simulator-version-min=11.0 -O2 -Wno-deprecated-register -std=c++17 -MT unicharmap.lo -MD -MP -MF .deps/unicharmap.Tpo -c ../../../../src/ccutil/unicharmap.cpp -o unicharmap.o
libtool: compile:  /Applications/Xcode.app/Contents/Developer/usr/bin/g++ --target=x86_64-apple-darwin -DHAVE_CONFIG_H -I. -I../../../../src/ccutil -I../.. -I/Users/zyoung/dev/SwiftyTesseract/SwiftyTesseract/SwiftyTesseract/tesseract-4.1.0/ios/x86_64-apple-darwin/ -arch x86_64 -pipe -no-cpp-precomp -isysroot /Applications/Xcode.app/Contents/Developer/Platforms/iPhoneSimulator.platform/Developer/SDKs/iPhoneSimulator13.4.sdk -mios-simulator-version-min=11.0 -O2 -fembed-bitcode -I/Users/zyoung/dev/SwiftyTesseract/SwiftyTesseract/SwiftyTesseract/leptonica-1.78.0/ios/x86_64-apple-darwin/include/leptonica -DTESSDATA_PREFIX=/Users/zyoung/dev/SwiftyTesseract/SwiftyTesseract/SwiftyTesseract/tesseract-4.1.0/ios/x86_64-apple-darwin/share -I/Users/zyoung/dev/SwiftyTesseract/SwiftyTesseract/SwiftyTesseract/tesseract-4.1.0/ios/x86_64-apple-darwin/ -arch x86_64 -pipe -no-cpp-precomp -isysroot /Applications/Xcode.app/Contents/Developer/Platforms/iPhoneSimulator.platform/Developer/SDKs/iPhoneSimulator13.4.sdk -mios-simulator-version-min=11.0 -O2 -Wno-deprecated-register -std=c++17 -MT unicharset.lo -MD -MP -MF .deps/unicharset.Tpo -c ../../../../src/ccutil/unicharset.cpp -o unicharset.o
libtool: compile:  /Applications/Xcode.app/Contents/Developer/usr/bin/g++ --target=x86_64-apple-darwin -DHAVE_CONFIG_H -I. -I../../../../src/ccutil -I../.. -I/Users/zyoung/dev/SwiftyTesseract/SwiftyTesseract/SwiftyTesseract/tesseract-4.1.0/ios/x86_64-apple-darwin/ -arch x86_64 -pipe -no-cpp-precomp -isysroot /Applications/Xcode.app/Contents/Developer/Platforms/iPhoneSimulator.platform/Developer/SDKs/iPhoneSimulator13.4.sdk -mios-simulator-version-min=11.0 -O2 -fembed-bitcode -I/Users/zyoung/dev/SwiftyTesseract/SwiftyTesseract/SwiftyTesseract/leptonica-1.78.0/ios/x86_64-apple-darwin/include/leptonica -DTESSDATA_PREFIX=/Users/zyoung/dev/SwiftyTesseract/SwiftyTesseract/SwiftyTesseract/tesseract-4.1.0/ios/x86_64-apple-darwin/share -I/Users/zyoung/dev/SwiftyTesseract/SwiftyTesseract/SwiftyTesseract/tesseract-4.1.0/ios/x86_64-apple-darwin/ -arch x86_64 -pipe -no-cpp-precomp -isysroot /Applications/Xcode.app/Contents/Developer/Platforms/iPhoneSimulator.platform/Developer/SDKs/iPhoneSimulator13.4.sdk -mios-simulator-version-min=11.0 -O2 -Wno-deprecated-register -std=c++17 -MT unicodes.lo -MD -MP -MF .deps/unicodes.Tpo -c ../../../../src/ccutil/unicodes.cpp -o unicodes.o
libtool: compile:  /Applications/Xcode.app/Contents/Developer/usr/bin/g++ --target=x86_64-apple-darwin -DHAVE_CONFIG_H -I. -I../../../../src/ccutil -I../.. -I/Users/zyoung/dev/SwiftyTesseract/SwiftyTesseract/SwiftyTesseract/tesseract-4.1.0/ios/x86_64-apple-darwin/ -arch x86_64 -pipe -no-cpp-precomp -isysroot /Applications/Xcode.app/Contents/Developer/Platforms/iPhoneSimulator.platform/Developer/SDKs/iPhoneSimulator13.4.sdk -mios-simulator-version-min=11.0 -O2 -fembed-bitcode -I/Users/zyoung/dev/SwiftyTesseract/SwiftyTesseract/SwiftyTesseract/leptonica-1.78.0/ios/x86_64-apple-darwin/include/leptonica -DTESSDATA_PREFIX=/Users/zyoung/dev/SwiftyTesseract/SwiftyTesseract/SwiftyTesseract/tesseract-4.1.0/ios/x86_64-apple-darwin/share -I/Users/zyoung/dev/SwiftyTesseract/SwiftyTesseract/SwiftyTesseract/tesseract-4.1.0/ios/x86_64-apple-darwin/ -arch x86_64 -pipe -no-cpp-precomp -isysroot /Applications/Xcode.app/Contents/Developer/Platforms/iPhoneSimulator.platform/Developer/SDKs/iPhoneSimulator13.4.sdk -mios-simulator-version-min=11.0 -O2 -Wno-deprecated-register -std=c++17 -MT params.lo -MD -MP -MF .deps/params.Tpo -c ../../../../src/ccutil/params.cpp -o params.o
libtool: compile:  /Applications/Xcode.app/Contents/Developer/usr/bin/g++ --target=x86_64-apple-darwin -DHAVE_CONFIG_H -I. -I../../../../src/ccutil -I../.. -I/Users/zyoung/dev/SwiftyTesseract/SwiftyTesseract/SwiftyTesseract/tesseract-4.1.0/ios/x86_64-apple-darwin/ -arch x86_64 -pipe -no-cpp-precomp -isysroot /Applications/Xcode.app/Contents/Developer/Platforms/iPhoneSimulator.platform/Developer/SDKs/iPhoneSimulator13.4.sdk -mios-simulator-version-min=11.0 -O2 -fembed-bitcode -I/Users/zyoung/dev/SwiftyTesseract/SwiftyTesseract/SwiftyTesseract/leptonica-1.78.0/ios/x86_64-apple-darwin/include/leptonica -DTESSDATA_PREFIX=/Users/zyoung/dev/SwiftyTesseract/SwiftyTesseract/SwiftyTesseract/tesseract-4.1.0/ios/x86_64-apple-darwin/share -I/Users/zyoung/dev/SwiftyTesseract/SwiftyTesseract/SwiftyTesseract/tesseract-4.1.0/ios/x86_64-apple-darwin/ -arch x86_64 -pipe -no-cpp-precomp -isysroot /Applications/Xcode.app/Contents/Developer/Platforms/iPhoneSimulator.platform/Developer/SDKs/iPhoneSimulator13.4.sdk -mios-simulator-version-min=11.0 -O2 -Wno-deprecated-register -std=c++17 -MT universalambigs.lo -MD -MP -MF .deps/universalambigs.Tpo -c ../../../../src/ccutil/universalambigs.cpp -o universalambigs.o
libtool: link: ar cru .libs/libtesseract_ccutil.a  ambigs.o basedir.o bitvector.o ccutil.o clst.o elst2.o elst.o errcode.o fileio.o globaloc.o indexmapbidi.o mainblk.o serialis.o strngs.o scanutils.o tessdatamanager.o tprintf.o unichar.o unicharcompress.o unicharmap.o unicharset.o unicodes.o params.o universalambigs.o
libtool: link: ranlib .libs/libtesseract_ccutil.a
libtool: link: ( cd ".libs" && rm -f "libtesseract_ccutil.la" && ln -s "../libtesseract_ccutil.la" "libtesseract_ccutil.la" )
Making all in src/viewer
libtool: compile:  /Applications/Xcode.app/Contents/Developer/usr/bin/g++ --target=x86_64-apple-darwin -DHAVE_CONFIG_H -I. -I../../../../src/viewer -I../.. -DNDEBUG -I../../../../src/ccutil -I/Users/zyoung/dev/SwiftyTesseract/SwiftyTesseract/SwiftyTesseract/tesseract-4.1.0/ios/x86_64-apple-darwin/ -arch x86_64 -pipe -no-cpp-precomp -isysroot /Applications/Xcode.app/Contents/Developer/Platforms/iPhoneSimulator.platform/Developer/SDKs/iPhoneSimulator13.4.sdk -mios-simulator-version-min=11.0 -O2 -fembed-bitcode -I/Users/zyoung/dev/SwiftyTesseract/SwiftyTesseract/SwiftyTesseract/leptonica-1.78.0/ios/x86_64-apple-darwin/include/leptonica -I/Users/zyoung/dev/SwiftyTesseract/SwiftyTesseract/SwiftyTesseract/tesseract-4.1.0/ios/x86_64-apple-darwin/ -arch x86_64 -pipe -no-cpp-precomp -isysroot /Applications/Xcode.app/Contents/Developer/Platforms/iPhoneSimulator.platform/Developer/SDKs/iPhoneSimulator13.4.sdk -mios-simulator-version-min=11.0 -O2 -Wno-deprecated-register -std=c++17 -MT svmnode.lo -MD -MP -MF .deps/svmnode.Tpo -c ../../../../src/viewer/svmnode.cpp -o svmnode.o
libtool: compile:  /Applications/Xcode.app/Contents/Developer/usr/bin/g++ --target=x86_64-apple-darwin -DHAVE_CONFIG_H -I. -I../../../../src/viewer -I../.. -DNDEBUG -I../../../../src/ccutil -I/Users/zyoung/dev/SwiftyTesseract/SwiftyTesseract/SwiftyTesseract/tesseract-4.1.0/ios/x86_64-apple-darwin/ -arch x86_64 -pipe -no-cpp-precomp -isysroot /Applications/Xcode.app/Contents/Developer/Platforms/iPhoneSimulator.platform/Developer/SDKs/iPhoneSimulator13.4.sdk -mios-simulator-version-min=11.0 -O2 -fembed-bitcode -I/Users/zyoung/dev/SwiftyTesseract/SwiftyTesseract/SwiftyTesseract/leptonica-1.78.0/ios/x86_64-apple-darwin/include/leptonica -I/Users/zyoung/dev/SwiftyTesseract/SwiftyTesseract/SwiftyTesseract/tesseract-4.1.0/ios/x86_64-apple-darwin/ -arch x86_64 -pipe -no-cpp-precomp -isysroot /Applications/Xcode.app/Contents/Developer/Platforms/iPhoneSimulator.platform/Developer/SDKs/iPhoneSimulator13.4.sdk -mios-simulator-version-min=11.0 -O2 -Wno-deprecated-register -std=c++17 -MT scrollview.lo -MD -MP -MF .deps/scrollview.Tpo -c ../../../../src/viewer/scrollview.cpp -o scrollview.o
libtool: compile:  /Applications/Xcode.app/Contents/Developer/usr/bin/g++ --target=x86_64-apple-darwin -DHAVE_CONFIG_H -I. -I../../../../src/viewer -I../.. -DNDEBUG -I../../../../src/ccutil -I/Users/zyoung/dev/SwiftyTesseract/SwiftyTesseract/SwiftyTesseract/tesseract-4.1.0/ios/x86_64-apple-darwin/ -arch x86_64 -pipe -no-cpp-precomp -isysroot /Applications/Xcode.app/Contents/Developer/Platforms/iPhoneSimulator.platform/Developer/SDKs/iPhoneSimulator13.4.sdk -mios-simulator-version-min=11.0 -O2 -fembed-bitcode -I/Users/zyoung/dev/SwiftyTesseract/SwiftyTesseract/SwiftyTesseract/leptonica-1.78.0/ios/x86_64-apple-darwin/include/leptonica -I/Users/zyoung/dev/SwiftyTesseract/SwiftyTesseract/SwiftyTesseract/tesseract-4.1.0/ios/x86_64-apple-darwin/ -arch x86_64 -pipe -no-cpp-precomp -isysroot /Applications/Xcode.app/Contents/Developer/Platforms/iPhoneSimulator.platform/Developer/SDKs/iPhoneSimulator13.4.sdk -mios-simulator-version-min=11.0 -O2 -Wno-deprecated-register -std=c++17 -MT svutil.lo -MD -MP -MF .deps/svutil.Tpo -c ../../../../src/viewer/svutil.cpp -o svutil.o
libtool: link: ar cru .libs/libtesseract_viewer.a  scrollview.o svmnode.o svutil.o
libtool: link: ranlib .libs/libtesseract_viewer.a
libtool: link: ( cd ".libs" && rm -f "libtesseract_viewer.la" && ln -s "../libtesseract_viewer.la" "libtesseract_viewer.la" )
Making all in src/cutil
libtool: compile:  /Applications/Xcode.app/Contents/Developer/usr/bin/g++ --target=x86_64-apple-darwin -DHAVE_CONFIG_H -I. -I../../../../src/cutil -I../.. -DNDEBUG -I../../../../src/ccutil -I../../../../src/viewer -I/Users/zyoung/dev/SwiftyTesseract/SwiftyTesseract/SwiftyTesseract/tesseract-4.1.0/ios/x86_64-apple-darwin/ -arch x86_64 -pipe -no-cpp-precomp -isysroot /Applications/Xcode.app/Contents/Developer/Platforms/iPhoneSimulator.platform/Developer/SDKs/iPhoneSimulator13.4.sdk -mios-simulator-version-min=11.0 -O2 -fembed-bitcode -I/Users/zyoung/dev/SwiftyTesseract/SwiftyTesseract/SwiftyTesseract/leptonica-1.78.0/ios/x86_64-apple-darwin/include/leptonica -I/Users/zyoung/dev/SwiftyTesseract/SwiftyTesseract/SwiftyTesseract/tesseract-4.1.0/ios/x86_64-apple-darwin/ -arch x86_64 -pipe -no-cpp-precomp -isysroot /Applications/Xcode.app/Contents/Developer/Platforms/iPhoneSimulator.platform/Developer/SDKs/iPhoneSimulator13.4.sdk -mios-simulator-version-min=11.0 -O2 -Wno-deprecated-register -std=c++17 -MT bitvec.lo -MD -MP -MF .deps/bitvec.Tpo -c ../../../../src/cutil/bitvec.cpp -o bitvec.o
libtool: compile:  /Applications/Xcode.app/Contents/Developer/usr/bin/g++ --target=x86_64-apple-darwin -DHAVE_CONFIG_H -I. -I../../../../src/cutil -I../.. -DNDEBUG -I../../../../src/ccutil -I../../../../src/viewer -I/Users/zyoung/dev/SwiftyTesseract/SwiftyTesseract/SwiftyTesseract/tesseract-4.1.0/ios/x86_64-apple-darwin/ -arch x86_64 -pipe -no-cpp-precomp -isysroot /Applications/Xcode.app/Contents/Developer/Platforms/iPhoneSimulator.platform/Developer/SDKs/iPhoneSimulator13.4.sdk -mios-simulator-version-min=11.0 -O2 -fembed-bitcode -I/Users/zyoung/dev/SwiftyTesseract/SwiftyTesseract/SwiftyTesseract/leptonica-1.78.0/ios/x86_64-apple-darwin/include/leptonica -I/Users/zyoung/dev/SwiftyTesseract/SwiftyTesseract/SwiftyTesseract/tesseract-4.1.0/ios/x86_64-apple-darwin/ -arch x86_64 -pipe -no-cpp-precomp -isysroot /Applications/Xcode.app/Contents/Developer/Platforms/iPhoneSimulator.platform/Developer/SDKs/iPhoneSimulator13.4.sdk -mios-simulator-version-min=11.0 -O2 -Wno-deprecated-register -std=c++17 -MT callcpp.lo -MD -MP -MF .deps/callcpp.Tpo -c ../../../../src/cutil/callcpp.cpp -o callcpp.o
libtool: compile:  /Applications/Xcode.app/Contents/Developer/usr/bin/g++ --target=x86_64-apple-darwin -DHAVE_CONFIG_H -I. -I../../../../src/cutil -I../.. -DNDEBUG -I../../../../src/ccutil -I../../../../src/viewer -I/Users/zyoung/dev/SwiftyTesseract/SwiftyTesseract/SwiftyTesseract/tesseract-4.1.0/ios/x86_64-apple-darwin/ -arch x86_64 -pipe -no-cpp-precomp -isysroot /Applications/Xcode.app/Contents/Developer/Platforms/iPhoneSimulator.platform/Developer/SDKs/iPhoneSimulator13.4.sdk -mios-simulator-version-min=11.0 -O2 -fembed-bitcode -I/Users/zyoung/dev/SwiftyTesseract/SwiftyTesseract/SwiftyTesseract/leptonica-1.78.0/ios/x86_64-apple-darwin/include/leptonica -I/Users/zyoung/dev/SwiftyTesseract/SwiftyTesseract/SwiftyTesseract/tesseract-4.1.0/ios/x86_64-apple-darwin/ -arch x86_64 -pipe -no-cpp-precomp -isysroot /Applications/Xcode.app/Contents/Developer/Platforms/iPhoneSimulator.platform/Developer/SDKs/iPhoneSimulator13.4.sdk -mios-simulator-version-min=11.0 -O2 -Wno-deprecated-register -std=c++17 -MT oldlist.lo -MD -MP -MF .deps/oldlist.Tpo -c ../../../../src/cutil/oldlist.cpp -o oldlist.o
libtool: compile:  /Applications/Xcode.app/Contents/Developer/usr/bin/g++ --target=x86_64-apple-darwin -DHAVE_CONFIG_H -I. -I../../../../src/cutil -I../.. -DNDEBUG -I../../../../src/ccutil -I../../../../src/viewer -I/Users/zyoung/dev/SwiftyTesseract/SwiftyTesseract/SwiftyTesseract/tesseract-4.1.0/ios/x86_64-apple-darwin/ -arch x86_64 -pipe -no-cpp-precomp -isysroot /Applications/Xcode.app/Contents/Developer/Platforms/iPhoneSimulator.platform/Developer/SDKs/iPhoneSimulator13.4.sdk -mios-simulator-version-min=11.0 -O2 -fembed-bitcode -I/Users/zyoung/dev/SwiftyTesseract/SwiftyTesseract/SwiftyTesseract/leptonica-1.78.0/ios/x86_64-apple-darwin/include/leptonica -I/Users/zyoung/dev/SwiftyTesseract/SwiftyTesseract/SwiftyTesseract/tesseract-4.1.0/ios/x86_64-apple-darwin/ -arch x86_64 -pipe -no-cpp-precomp -isysroot /Applications/Xcode.app/Contents/Developer/Platforms/iPhoneSimulator.platform/Developer/SDKs/iPhoneSimulator13.4.sdk -mios-simulator-version-min=11.0 -O2 -Wno-deprecated-register -std=c++17 -MT emalloc.lo -MD -MP -MF .deps/emalloc.Tpo -c ../../../../src/cutil/emalloc.cpp -o emalloc.o
libtool: compile:  /Applications/Xcode.app/Contents/Developer/usr/bin/g++ --target=x86_64-apple-darwin -DHAVE_CONFIG_H -I. -I../../../../src/cutil -I../.. -DNDEBUG -I../../../../src/ccutil -I../../../../src/viewer -I/Users/zyoung/dev/SwiftyTesseract/SwiftyTesseract/SwiftyTesseract/tesseract-4.1.0/ios/x86_64-apple-darwin/ -arch x86_64 -pipe -no-cpp-precomp -isysroot /Applications/Xcode.app/Contents/Developer/Platforms/iPhoneSimulator.platform/Developer/SDKs/iPhoneSimulator13.4.sdk -mios-simulator-version-min=11.0 -O2 -fembed-bitcode -I/Users/zyoung/dev/SwiftyTesseract/SwiftyTesseract/SwiftyTesseract/leptonica-1.78.0/ios/x86_64-apple-darwin/include/leptonica -I/Users/zyoung/dev/SwiftyTesseract/SwiftyTesseract/SwiftyTesseract/tesseract-4.1.0/ios/x86_64-apple-darwin/ -arch x86_64 -pipe -no-cpp-precomp -isysroot /Applications/Xcode.app/Contents/Developer/Platforms/iPhoneSimulator.platform/Developer/SDKs/iPhoneSimulator13.4.sdk -mios-simulator-version-min=11.0 -O2 -Wno-deprecated-register -std=c++17 -MT cutil_class.lo -MD -MP -MF .deps/cutil_class.Tpo -c ../../../../src/cutil/cutil_class.cpp -o cutil_class.o
libtool: compile:  /Applications/Xcode.app/Contents/Developer/usr/bin/g++ --target=x86_64-apple-darwin -DHAVE_CONFIG_H -I. -I../../../../src/cutil -I../.. -DNDEBUG -I../../../../src/ccutil -I../../../../src/viewer -I/Users/zyoung/dev/SwiftyTesseract/SwiftyTesseract/SwiftyTesseract/tesseract-4.1.0/ios/x86_64-apple-darwin/ -arch x86_64 -pipe -no-cpp-precomp -isysroot /Applications/Xcode.app/Contents/Developer/Platforms/iPhoneSimulator.platform/Developer/SDKs/iPhoneSimulator13.4.sdk -mios-simulator-version-min=11.0 -O2 -fembed-bitcode -I/Users/zyoung/dev/SwiftyTesseract/SwiftyTesseract/SwiftyTesseract/leptonica-1.78.0/ios/x86_64-apple-darwin/include/leptonica -I/Users/zyoung/dev/SwiftyTesseract/SwiftyTesseract/SwiftyTesseract/tesseract-4.1.0/ios/x86_64-apple-darwin/ -arch x86_64 -pipe -no-cpp-precomp -isysroot /Applications/Xcode.app/Contents/Developer/Platforms/iPhoneSimulator.platform/Developer/SDKs/iPhoneSimulator13.4.sdk -mios-simulator-version-min=11.0 -O2 -Wno-deprecated-register -std=c++17 -MT structures.lo -MD -MP -MF .deps/structures.Tpo -c ../../../../src/cutil/structures.cpp -o structures.o
libtool: link: ar cru .libs/libtesseract_cutil.a  bitvec.o callcpp.o cutil_class.o emalloc.o oldlist.o structures.o
libtool: link: ranlib .libs/libtesseract_cutil.a
libtool: link: ( cd ".libs" && rm -f "libtesseract_cutil.la" && ln -s "../libtesseract_cutil.la" "libtesseract_cutil.la" )
Making all in src/opencl
libtool: compile:  /Applications/Xcode.app/Contents/Developer/usr/bin/g++ --target=x86_64-apple-darwin -DHAVE_CONFIG_H -I. -I../../../../src/opencl -I../.. -DNDEBUG -I../../../../src/ccutil -I../../../../src/ccstruct -I../../../../src/ccmain -I/Users/zyoung/dev/SwiftyTesseract/SwiftyTesseract/SwiftyTesseract/tesseract-4.1.0/ios/x86_64-apple-darwin/ -arch x86_64 -pipe -no-cpp-precomp -isysroot /Applications/Xcode.app/Contents/Developer/Platforms/iPhoneSimulator.platform/Developer/SDKs/iPhoneSimulator13.4.sdk -mios-simulator-version-min=11.0 -O2 -fembed-bitcode -I/Users/zyoung/dev/SwiftyTesseract/SwiftyTesseract/SwiftyTesseract/leptonica-1.78.0/ios/x86_64-apple-darwin/include/leptonica -I/Users/zyoung/dev/SwiftyTesseract/SwiftyTesseract/SwiftyTesseract/tesseract-4.1.0/ios/x86_64-apple-darwin/ -arch x86_64 -pipe -no-cpp-precomp -isysroot /Applications/Xcode.app/Contents/Developer/Platforms/iPhoneSimulator.platform/Developer/SDKs/iPhoneSimulator13.4.sdk -mios-simulator-version-min=11.0 -O2 -Wno-deprecated-register -std=c++17 -MT openclwrapper.lo -MD -MP -MF .deps/openclwrapper.Tpo -c ../../../../src/opencl/openclwrapper.cpp -o openclwrapper.o
libtool: link: ar cru .libs/libtesseract_opencl.a  openclwrapper.o
libtool: link: ranlib .libs/libtesseract_opencl.a
libtool: link: ( cd ".libs" && rm -f "libtesseract_opencl.la" && ln -s "../libtesseract_opencl.la" "libtesseract_opencl.la" )
Making all in src/ccstruct
libtool: compile:  /Applications/Xcode.app/Contents/Developer/usr/bin/g++ --target=x86_64-apple-darwin -DHAVE_CONFIG_H -I. -I../../../../src/ccstruct -I../.. -DNDEBUG -I../../../../src/ccutil -I../../../../src/cutil -I../../../../src/viewer -I../../../../src/opencl -I/Users/zyoung/dev/SwiftyTesseract/SwiftyTesseract/SwiftyTesseract/tesseract-4.1.0/ios/x86_64-apple-darwin/ -arch x86_64 -pipe -no-cpp-precomp -isysroot /Applications/Xcode.app/Contents/Developer/Platforms/iPhoneSimulator.platform/Developer/SDKs/iPhoneSimulator13.4.sdk -mios-simulator-version-min=11.0 -O2 -fembed-bitcode -I/Users/zyoung/dev/SwiftyTesseract/SwiftyTesseract/SwiftyTesseract/leptonica-1.78.0/ios/x86_64-apple-darwin/include/leptonica -I/Users/zyoung/dev/SwiftyTesseract/SwiftyTesseract/SwiftyTesseract/tesseract-4.1.0/ios/x86_64-apple-darwin/ -arch x86_64 -pipe -no-cpp-precomp -isysroot /Applications/Xcode.app/Contents/Developer/Platforms/iPhoneSimulator.platform/Developer/SDKs/iPhoneSimulator13.4.sdk -mios-simulator-version-min=11.0 -O2 -Wno-deprecated-register -std=c++17 -MT blobs.lo -MD -MP -MF .deps/blobs.Tpo -c ../../../../src/ccstruct/blobs.cpp -o blobs.o
libtool: compile:  /Applications/Xcode.app/Contents/Developer/usr/bin/g++ --target=x86_64-apple-darwin -DHAVE_CONFIG_H -I. -I../../../../src/ccstruct -I../.. -DNDEBUG -I../../../../src/ccutil -I../../../../src/cutil -I../../../../src/viewer -I../../../../src/opencl -I/Users/zyoung/dev/SwiftyTesseract/SwiftyTesseract/SwiftyTesseract/tesseract-4.1.0/ios/x86_64-apple-darwin/ -arch x86_64 -pipe -no-cpp-precomp -isysroot /Applications/Xcode.app/Contents/Developer/Platforms/iPhoneSimulator.platform/Developer/SDKs/iPhoneSimulator13.4.sdk -mios-simulator-version-min=11.0 -O2 -fembed-bitcode -I/Users/zyoung/dev/SwiftyTesseract/SwiftyTesseract/SwiftyTesseract/leptonica-1.78.0/ios/x86_64-apple-darwin/include/leptonica -I/Users/zyoung/dev/SwiftyTesseract/SwiftyTesseract/SwiftyTesseract/tesseract-4.1.0/ios/x86_64-apple-darwin/ -arch x86_64 -pipe -no-cpp-precomp -isysroot /Applications/Xcode.app/Contents/Developer/Platforms/iPhoneSimulator.platform/Developer/SDKs/iPhoneSimulator13.4.sdk -mios-simulator-version-min=11.0 -O2 -Wno-deprecated-register -std=c++17 -MT blamer.lo -MD -MP -MF .deps/blamer.Tpo -c ../../../../src/ccstruct/blamer.cpp -o blamer.o
libtool: compile:  /Applications/Xcode.app/Contents/Developer/usr/bin/g++ --target=x86_64-apple-darwin -DHAVE_CONFIG_H -I. -I../../../../src/ccstruct -I../.. -DNDEBUG -I../../../../src/ccutil -I../../../../src/cutil -I../../../../src/viewer -I../../../../src/opencl -I/Users/zyoung/dev/SwiftyTesseract/SwiftyTesseract/SwiftyTesseract/tesseract-4.1.0/ios/x86_64-apple-darwin/ -arch x86_64 -pipe -no-cpp-precomp -isysroot /Applications/Xcode.app/Contents/Developer/Platforms/iPhoneSimulator.platform/Developer/SDKs/iPhoneSimulator13.4.sdk -mios-simulator-version-min=11.0 -O2 -fembed-bitcode -I/Users/zyoung/dev/SwiftyTesseract/SwiftyTesseract/SwiftyTesseract/leptonica-1.78.0/ios/x86_64-apple-darwin/include/leptonica -I/Users/zyoung/dev/SwiftyTesseract/SwiftyTesseract/SwiftyTesseract/tesseract-4.1.0/ios/x86_64-apple-darwin/ -arch x86_64 -pipe -no-cpp-precomp -isysroot /Applications/Xcode.app/Contents/Developer/Platforms/iPhoneSimulator.platform/Developer/SDKs/iPhoneSimulator13.4.sdk -mios-simulator-version-min=11.0 -O2 -Wno-deprecated-register -std=c++17 -MT blobbox.lo -MD -MP -MF .deps/blobbox.Tpo -c ../../../../src/ccstruct/blobbox.cpp -o blobbox.o
libtool: compile:  /Applications/Xcode.app/Contents/Developer/usr/bin/g++ --target=x86_64-apple-darwin -DHAVE_CONFIG_H -I. -I../../../../src/ccstruct -I../.. -DNDEBUG -I../../../../src/ccutil -I../../../../src/cutil -I../../../../src/viewer -I../../../../src/opencl -I/Users/zyoung/dev/SwiftyTesseract/SwiftyTesseract/SwiftyTesseract/tesseract-4.1.0/ios/x86_64-apple-darwin/ -arch x86_64 -pipe -no-cpp-precomp -isysroot /Applications/Xcode.app/Contents/Developer/Platforms/iPhoneSimulator.platform/Developer/SDKs/iPhoneSimulator13.4.sdk -mios-simulator-version-min=11.0 -O2 -fembed-bitcode -I/Users/zyoung/dev/SwiftyTesseract/SwiftyTesseract/SwiftyTesseract/leptonica-1.78.0/ios/x86_64-apple-darwin/include/leptonica -I/Users/zyoung/dev/SwiftyTesseract/SwiftyTesseract/SwiftyTesseract/tesseract-4.1.0/ios/x86_64-apple-darwin/ -arch x86_64 -pipe -no-cpp-precomp -isysroot /Applications/Xcode.app/Contents/Developer/Platforms/iPhoneSimulator.platform/Developer/SDKs/iPhoneSimulator13.4.sdk -mios-simulator-version-min=11.0 -O2 -Wno-deprecated-register -std=c++17 -MT boxword.lo -MD -MP -MF .deps/boxword.Tpo -c ../../../../src/ccstruct/boxword.cpp -o boxword.o
libtool: compile:  /Applications/Xcode.app/Contents/Developer/usr/bin/g++ --target=x86_64-apple-darwin -DHAVE_CONFIG_H -I. -I../../../../src/ccstruct -I../.. -DNDEBUG -I../../../../src/ccutil -I../../../../src/cutil -I../../../../src/viewer -I../../../../src/opencl -I/Users/zyoung/dev/SwiftyTesseract/SwiftyTesseract/SwiftyTesseract/tesseract-4.1.0/ios/x86_64-apple-darwin/ -arch x86_64 -pipe -no-cpp-precomp -isysroot /Applications/Xcode.app/Contents/Developer/Platforms/iPhoneSimulator.platform/Developer/SDKs/iPhoneSimulator13.4.sdk -mios-simulator-version-min=11.0 -O2 -fembed-bitcode -I/Users/zyoung/dev/SwiftyTesseract/SwiftyTesseract/SwiftyTesseract/leptonica-1.78.0/ios/x86_64-apple-darwin/include/leptonica -I/Users/zyoung/dev/SwiftyTesseract/SwiftyTesseract/SwiftyTesseract/tesseract-4.1.0/ios/x86_64-apple-darwin/ -arch x86_64 -pipe -no-cpp-precomp -isysroot /Applications/Xcode.app/Contents/Developer/Platforms/iPhoneSimulator.platform/Developer/SDKs/iPhoneSimulator13.4.sdk -mios-simulator-version-min=11.0 -O2 -Wno-deprecated-register -std=c++17 -MT ccstruct.lo -MD -MP -MF .deps/ccstruct.Tpo -c ../../../../src/ccstruct/ccstruct.cpp -o ccstruct.o
libtool: compile:  /Applications/Xcode.app/Contents/Developer/usr/bin/g++ --target=x86_64-apple-darwin -DHAVE_CONFIG_H -I. -I../../../../src/ccstruct -I../.. -DNDEBUG -I../../../../src/ccutil -I../../../../src/cutil -I../../../../src/viewer -I../../../../src/opencl -I/Users/zyoung/dev/SwiftyTesseract/SwiftyTesseract/SwiftyTesseract/tesseract-4.1.0/ios/x86_64-apple-darwin/ -arch x86_64 -pipe -no-cpp-precomp -isysroot /Applications/Xcode.app/Contents/Developer/Platforms/iPhoneSimulator.platform/Developer/SDKs/iPhoneSimulator13.4.sdk -mios-simulator-version-min=11.0 -O2 -fembed-bitcode -I/Users/zyoung/dev/SwiftyTesseract/SwiftyTesseract/SwiftyTesseract/leptonica-1.78.0/ios/x86_64-apple-darwin/include/leptonica -I/Users/zyoung/dev/SwiftyTesseract/SwiftyTesseract/SwiftyTesseract/tesseract-4.1.0/ios/x86_64-apple-darwin/ -arch x86_64 -pipe -no-cpp-precomp -isysroot /Applications/Xcode.app/Contents/Developer/Platforms/iPhoneSimulator.platform/Developer/SDKs/iPhoneSimulator13.4.sdk -mios-simulator-version-min=11.0 -O2 -Wno-deprecated-register -std=c++17 -MT coutln.lo -MD -MP -MF .deps/coutln.Tpo -c ../../../../src/ccstruct/coutln.cpp -o coutln.o
libtool: compile:  /Applications/Xcode.app/Contents/Developer/usr/bin/g++ --target=x86_64-apple-darwin -DHAVE_CONFIG_H -I. -I../../../../src/ccstruct -I../.. -DNDEBUG -I../../../../src/ccutil -I../../../../src/cutil -I../../../../src/viewer -I../../../../src/opencl -I/Users/zyoung/dev/SwiftyTesseract/SwiftyTesseract/SwiftyTesseract/tesseract-4.1.0/ios/x86_64-apple-darwin/ -arch x86_64 -pipe -no-cpp-precomp -isysroot /Applications/Xcode.app/Contents/Developer/Platforms/iPhoneSimulator.platform/Developer/SDKs/iPhoneSimulator13.4.sdk -mios-simulator-version-min=11.0 -O2 -fembed-bitcode -I/Users/zyoung/dev/SwiftyTesseract/SwiftyTesseract/SwiftyTesseract/leptonica-1.78.0/ios/x86_64-apple-darwin/include/leptonica -I/Users/zyoung/dev/SwiftyTesseract/SwiftyTesseract/SwiftyTesseract/tesseract-4.1.0/ios/x86_64-apple-darwin/ -arch x86_64 -pipe -no-cpp-precomp -isysroot /Applications/Xcode.app/Contents/Developer/Platforms/iPhoneSimulator.platform/Developer/SDKs/iPhoneSimulator13.4.sdk -mios-simulator-version-min=11.0 -O2 -Wno-deprecated-register -std=c++17 -MT boxread.lo -MD -MP -MF .deps/boxread.Tpo -c ../../../../src/ccstruct/boxread.cpp -o boxread.o
libtool: compile:  /Applications/Xcode.app/Contents/Developer/usr/bin/g++ --target=x86_64-apple-darwin -DHAVE_CONFIG_H -I. -I../../../../src/ccstruct -I../.. -DNDEBUG -I../../../../src/ccutil -I../../../../src/cutil -I../../../../src/viewer -I../../../../src/opencl -I/Users/zyoung/dev/SwiftyTesseract/SwiftyTesseract/SwiftyTesseract/tesseract-4.1.0/ios/x86_64-apple-darwin/ -arch x86_64 -pipe -no-cpp-precomp -isysroot /Applications/Xcode.app/Contents/Developer/Platforms/iPhoneSimulator.platform/Developer/SDKs/iPhoneSimulator13.4.sdk -mios-simulator-version-min=11.0 -O2 -fembed-bitcode -I/Users/zyoung/dev/SwiftyTesseract/SwiftyTesseract/SwiftyTesseract/leptonica-1.78.0/ios/x86_64-apple-darwin/include/leptonica -I/Users/zyoung/dev/SwiftyTesseract/SwiftyTesseract/SwiftyTesseract/tesseract-4.1.0/ios/x86_64-apple-darwin/ -arch x86_64 -pipe -no-cpp-precomp -isysroot /Applications/Xcode.app/Contents/Developer/Platforms/iPhoneSimulator.platform/Developer/SDKs/iPhoneSimulator13.4.sdk -mios-simulator-version-min=11.0 -O2 -Wno-deprecated-register -std=c++17 -MT blread.lo -MD -MP -MF .deps/blread.Tpo -c ../../../../src/ccstruct/blread.cpp -o blread.o
libtool: compile:  /Applications/Xcode.app/Contents/Developer/usr/bin/g++ --target=x86_64-apple-darwin -DHAVE_CONFIG_H -I. -I../../../../src/ccstruct -I../.. -DNDEBUG -I../../../../src/ccutil -I../../../../src/cutil -I../../../../src/viewer -I../../../../src/opencl -I/Users/zyoung/dev/SwiftyTesseract/SwiftyTesseract/SwiftyTesseract/tesseract-4.1.0/ios/x86_64-apple-darwin/ -arch x86_64 -pipe -no-cpp-precomp -isysroot /Applications/Xcode.app/Contents/Developer/Platforms/iPhoneSimulator.platform/Developer/SDKs/iPhoneSimulator13.4.sdk -mios-simulator-version-min=11.0 -O2 -fembed-bitcode -I/Users/zyoung/dev/SwiftyTesseract/SwiftyTesseract/SwiftyTesseract/leptonica-1.78.0/ios/x86_64-apple-darwin/include/leptonica -I/Users/zyoung/dev/SwiftyTesseract/SwiftyTesseract/SwiftyTesseract/tesseract-4.1.0/ios/x86_64-apple-darwin/ -arch x86_64 -pipe -no-cpp-precomp -isysroot /Applications/Xcode.app/Contents/Developer/Platforms/iPhoneSimulator.platform/Developer/SDKs/iPhoneSimulator13.4.sdk -mios-simulator-version-min=11.0 -O2 -Wno-deprecated-register -std=c++17 -MT detlinefit.lo -MD -MP -MF .deps/detlinefit.Tpo -c ../../../../src/ccstruct/detlinefit.cpp -o detlinefit.o
libtool: compile:  /Applications/Xcode.app/Contents/Developer/usr/bin/g++ --target=x86_64-apple-darwin -DHAVE_CONFIG_H -I. -I../../../../src/ccstruct -I../.. -DNDEBUG -I../../../../src/ccutil -I../../../../src/cutil -I../../../../src/viewer -I../../../../src/opencl -I/Users/zyoung/dev/SwiftyTesseract/SwiftyTesseract/SwiftyTesseract/tesseract-4.1.0/ios/x86_64-apple-darwin/ -arch x86_64 -pipe -no-cpp-precomp -isysroot /Applications/Xcode.app/Contents/Developer/Platforms/iPhoneSimulator.platform/Developer/SDKs/iPhoneSimulator13.4.sdk -mios-simulator-version-min=11.0 -O2 -fembed-bitcode -I/Users/zyoung/dev/SwiftyTesseract/SwiftyTesseract/SwiftyTesseract/leptonica-1.78.0/ios/x86_64-apple-darwin/include/leptonica -I/Users/zyoung/dev/SwiftyTesseract/SwiftyTesseract/SwiftyTesseract/tesseract-4.1.0/ios/x86_64-apple-darwin/ -arch x86_64 -pipe -no-cpp-precomp -isysroot /Applications/Xcode.app/Contents/Developer/Platforms/iPhoneSimulator.platform/Developer/SDKs/iPhoneSimulator13.4.sdk -mios-simulator-version-min=11.0 -O2 -Wno-deprecated-register -std=c++17 -MT dppoint.lo -MD -MP -MF .deps/dppoint.Tpo -c ../../../../src/ccstruct/dppoint.cpp -o dppoint.o
libtool: compile:  /Applications/Xcode.app/Contents/Developer/usr/bin/g++ --target=x86_64-apple-darwin -DHAVE_CONFIG_H -I. -I../../../../src/ccstruct -I../.. -DNDEBUG -I../../../../src/ccutil -I../../../../src/cutil -I../../../../src/viewer -I../../../../src/opencl -I/Users/zyoung/dev/SwiftyTesseract/SwiftyTesseract/SwiftyTesseract/tesseract-4.1.0/ios/x86_64-apple-darwin/ -arch x86_64 -pipe -no-cpp-precomp -isysroot /Applications/Xcode.app/Contents/Developer/Platforms/iPhoneSimulator.platform/Developer/SDKs/iPhoneSimulator13.4.sdk -mios-simulator-version-min=11.0 -O2 -fembed-bitcode -I/Users/zyoung/dev/SwiftyTesseract/SwiftyTesseract/SwiftyTesseract/leptonica-1.78.0/ios/x86_64-apple-darwin/include/leptonica -I/Users/zyoung/dev/SwiftyTesseract/SwiftyTesseract/SwiftyTesseract/tesseract-4.1.0/ios/x86_64-apple-darwin/ -arch x86_64 -pipe -no-cpp-precomp -isysroot /Applications/Xcode.app/Contents/Developer/Platforms/iPhoneSimulator.platform/Developer/SDKs/iPhoneSimulator13.4.sdk -mios-simulator-version-min=11.0 -O2 -Wno-deprecated-register -std=c++17 -MT fontinfo.lo -MD -MP -MF .deps/fontinfo.Tpo -c ../../../../src/ccstruct/fontinfo.cpp -o fontinfo.o
libtool: compile:  /Applications/Xcode.app/Contents/Developer/usr/bin/g++ --target=x86_64-apple-darwin -DHAVE_CONFIG_H -I. -I../../../../src/ccstruct -I../.. -DNDEBUG -I../../../../src/ccutil -I../../../../src/cutil -I../../../../src/viewer -I../../../../src/opencl -I/Users/zyoung/dev/SwiftyTesseract/SwiftyTesseract/SwiftyTesseract/tesseract-4.1.0/ios/x86_64-apple-darwin/ -arch x86_64 -pipe -no-cpp-precomp -isysroot /Applications/Xcode.app/Contents/Developer/Platforms/iPhoneSimulator.platform/Developer/SDKs/iPhoneSimulator13.4.sdk -mios-simulator-version-min=11.0 -O2 -fembed-bitcode -I/Users/zyoung/dev/SwiftyTesseract/SwiftyTesseract/SwiftyTesseract/leptonica-1.78.0/ios/x86_64-apple-darwin/include/leptonica -I/Users/zyoung/dev/SwiftyTesseract/SwiftyTesseract/SwiftyTesseract/tesseract-4.1.0/ios/x86_64-apple-darwin/ -arch x86_64 -pipe -no-cpp-precomp -isysroot /Applications/Xcode.app/Contents/Developer/Platforms/iPhoneSimulator.platform/Developer/SDKs/iPhoneSimulator13.4.sdk -mios-simulator-version-min=11.0 -O2 -Wno-deprecated-register -std=c++17 -MT imagedata.lo -MD -MP -MF .deps/imagedata.Tpo -c ../../../../src/ccstruct/imagedata.cpp -o imagedata.o
libtool: compile:  /Applications/Xcode.app/Contents/Developer/usr/bin/g++ --target=x86_64-apple-darwin -DHAVE_CONFIG_H -I. -I../../../../src/ccstruct -I../.. -DNDEBUG -I../../../../src/ccutil -I../../../../src/cutil -I../../../../src/viewer -I../../../../src/opencl -I/Users/zyoung/dev/SwiftyTesseract/SwiftyTesseract/SwiftyTesseract/tesseract-4.1.0/ios/x86_64-apple-darwin/ -arch x86_64 -pipe -no-cpp-precomp -isysroot /Applications/Xcode.app/Contents/Developer/Platforms/iPhoneSimulator.platform/Developer/SDKs/iPhoneSimulator13.4.sdk -mios-simulator-version-min=11.0 -O2 -fembed-bitcode -I/Users/zyoung/dev/SwiftyTesseract/SwiftyTesseract/SwiftyTesseract/leptonica-1.78.0/ios/x86_64-apple-darwin/include/leptonica -I/Users/zyoung/dev/SwiftyTesseract/SwiftyTesseract/SwiftyTesseract/tesseract-4.1.0/ios/x86_64-apple-darwin/ -arch x86_64 -pipe -no-cpp-precomp -isysroot /Applications/Xcode.app/Contents/Developer/Platforms/iPhoneSimulator.platform/Developer/SDKs/iPhoneSimulator13.4.sdk -mios-simulator-version-min=11.0 -O2 -Wno-deprecated-register -std=c++17 -MT linlsq.lo -MD -MP -MF .deps/linlsq.Tpo -c ../../../../src/ccstruct/linlsq.cpp -o linlsq.o
libtool: compile:  /Applications/Xcode.app/Contents/Developer/usr/bin/g++ --target=x86_64-apple-darwin -DHAVE_CONFIG_H -I. -I../../../../src/ccstruct -I../.. -DNDEBUG -I../../../../src/ccutil -I../../../../src/cutil -I../../../../src/viewer -I../../../../src/opencl -I/Users/zyoung/dev/SwiftyTesseract/SwiftyTesseract/SwiftyTesseract/tesseract-4.1.0/ios/x86_64-apple-darwin/ -arch x86_64 -pipe -no-cpp-precomp -isysroot /Applications/Xcode.app/Contents/Developer/Platforms/iPhoneSimulator.platform/Developer/SDKs/iPhoneSimulator13.4.sdk -mios-simulator-version-min=11.0 -O2 -fembed-bitcode -I/Users/zyoung/dev/SwiftyTesseract/SwiftyTesseract/SwiftyTesseract/leptonica-1.78.0/ios/x86_64-apple-darwin/include/leptonica -I/Users/zyoung/dev/SwiftyTesseract/SwiftyTesseract/SwiftyTesseract/tesseract-4.1.0/ios/x86_64-apple-darwin/ -arch x86_64 -pipe -no-cpp-precomp -isysroot /Applications/Xcode.app/Contents/Developer/Platforms/iPhoneSimulator.platform/Developer/SDKs/iPhoneSimulator13.4.sdk -mios-simulator-version-min=11.0 -O2 -Wno-deprecated-register -std=c++17 -MT matrix.lo -MD -MP -MF .deps/matrix.Tpo -c ../../../../src/ccstruct/matrix.cpp -o matrix.o
libtool: compile:  /Applications/Xcode.app/Contents/Developer/usr/bin/g++ --target=x86_64-apple-darwin -DHAVE_CONFIG_H -I. -I../../../../src/ccstruct -I../.. -DNDEBUG -I../../../../src/ccutil -I../../../../src/cutil -I../../../../src/viewer -I../../../../src/opencl -I/Users/zyoung/dev/SwiftyTesseract/SwiftyTesseract/SwiftyTesseract/tesseract-4.1.0/ios/x86_64-apple-darwin/ -arch x86_64 -pipe -no-cpp-precomp -isysroot /Applications/Xcode.app/Contents/Developer/Platforms/iPhoneSimulator.platform/Developer/SDKs/iPhoneSimulator13.4.sdk -mios-simulator-version-min=11.0 -O2 -fembed-bitcode -I/Users/zyoung/dev/SwiftyTesseract/SwiftyTesseract/SwiftyTesseract/leptonica-1.78.0/ios/x86_64-apple-darwin/include/leptonica -I/Users/zyoung/dev/SwiftyTesseract/SwiftyTesseract/SwiftyTesseract/tesseract-4.1.0/ios/x86_64-apple-darwin/ -arch x86_64 -pipe -no-cpp-precomp -isysroot /Applications/Xcode.app/Contents/Developer/Platforms/iPhoneSimulator.platform/Developer/SDKs/iPhoneSimulator13.4.sdk -mios-simulator-version-min=11.0 -O2 -Wno-deprecated-register -std=c++17 -MT mod128.lo -MD -MP -MF .deps/mod128.Tpo -c ../../../../src/ccstruct/mod128.cpp -o mod128.o
libtool: compile:  /Applications/Xcode.app/Contents/Developer/usr/bin/g++ --target=x86_64-apple-darwin -DHAVE_CONFIG_H -I. -I../../../../src/ccstruct -I../.. -DNDEBUG -I../../../../src/ccutil -I../../../../src/cutil -I../../../../src/viewer -I../../../../src/opencl -I/Users/zyoung/dev/SwiftyTesseract/SwiftyTesseract/SwiftyTesseract/tesseract-4.1.0/ios/x86_64-apple-darwin/ -arch x86_64 -pipe -no-cpp-precomp -isysroot /Applications/Xcode.app/Contents/Developer/Platforms/iPhoneSimulator.platform/Developer/SDKs/iPhoneSimulator13.4.sdk -mios-simulator-version-min=11.0 -O2 -fembed-bitcode -I/Users/zyoung/dev/SwiftyTesseract/SwiftyTesseract/SwiftyTesseract/leptonica-1.78.0/ios/x86_64-apple-darwin/include/leptonica -I/Users/zyoung/dev/SwiftyTesseract/SwiftyTesseract/SwiftyTesseract/tesseract-4.1.0/ios/x86_64-apple-darwin/ -arch x86_64 -pipe -no-cpp-precomp -isysroot /Applications/Xcode.app/Contents/Developer/Platforms/iPhoneSimulator.platform/Developer/SDKs/iPhoneSimulator13.4.sdk -mios-simulator-version-min=11.0 -O2 -Wno-deprecated-register -std=c++17 -MT normalis.lo -MD -MP -MF .deps/normalis.Tpo -c ../../../../src/ccstruct/normalis.cpp -o normalis.o
libtool: compile:  /Applications/Xcode.app/Contents/Developer/usr/bin/g++ --target=x86_64-apple-darwin -DHAVE_CONFIG_H -I. -I../../../../src/ccstruct -I../.. -DNDEBUG -I../../../../src/ccutil -I../../../../src/cutil -I../../../../src/viewer -I../../../../src/opencl -I/Users/zyoung/dev/SwiftyTesseract/SwiftyTesseract/SwiftyTesseract/tesseract-4.1.0/ios/x86_64-apple-darwin/ -arch x86_64 -pipe -no-cpp-precomp -isysroot /Applications/Xcode.app/Contents/Developer/Platforms/iPhoneSimulator.platform/Developer/SDKs/iPhoneSimulator13.4.sdk -mios-simulator-version-min=11.0 -O2 -fembed-bitcode -I/Users/zyoung/dev/SwiftyTesseract/SwiftyTesseract/SwiftyTesseract/leptonica-1.78.0/ios/x86_64-apple-darwin/include/leptonica -I/Users/zyoung/dev/SwiftyTesseract/SwiftyTesseract/SwiftyTesseract/tesseract-4.1.0/ios/x86_64-apple-darwin/ -arch x86_64 -pipe -no-cpp-precomp -isysroot /Applications/Xcode.app/Contents/Developer/Platforms/iPhoneSimulator.platform/Developer/SDKs/iPhoneSimulator13.4.sdk -mios-simulator-version-min=11.0 -O2 -Wno-deprecated-register -std=c++17 -MT ocrblock.lo -MD -MP -MF .deps/ocrblock.Tpo -c ../../../../src/ccstruct/ocrblock.cpp -o ocrblock.o
libtool: compile:  /Applications/Xcode.app/Contents/Developer/usr/bin/g++ --target=x86_64-apple-darwin -DHAVE_CONFIG_H -I. -I../../../../src/ccstruct -I../.. -DNDEBUG -I../../../../src/ccutil -I../../../../src/cutil -I../../../../src/viewer -I../../../../src/opencl -I/Users/zyoung/dev/SwiftyTesseract/SwiftyTesseract/SwiftyTesseract/tesseract-4.1.0/ios/x86_64-apple-darwin/ -arch x86_64 -pipe -no-cpp-precomp -isysroot /Applications/Xcode.app/Contents/Developer/Platforms/iPhoneSimulator.platform/Developer/SDKs/iPhoneSimulator13.4.sdk -mios-simulator-version-min=11.0 -O2 -fembed-bitcode -I/Users/zyoung/dev/SwiftyTesseract/SwiftyTesseract/SwiftyTesseract/leptonica-1.78.0/ios/x86_64-apple-darwin/include/leptonica -I/Users/zyoung/dev/SwiftyTesseract/SwiftyTesseract/SwiftyTesseract/tesseract-4.1.0/ios/x86_64-apple-darwin/ -arch x86_64 -pipe -no-cpp-precomp -isysroot /Applications/Xcode.app/Contents/Developer/Platforms/iPhoneSimulator.platform/Developer/SDKs/iPhoneSimulator13.4.sdk -mios-simulator-version-min=11.0 -O2 -Wno-deprecated-register -std=c++17 -MT ocrpara.lo -MD -MP -MF .deps/ocrpara.Tpo -c ../../../../src/ccstruct/ocrpara.cpp -o ocrpara.o
libtool: compile:  /Applications/Xcode.app/Contents/Developer/usr/bin/g++ --target=x86_64-apple-darwin -DHAVE_CONFIG_H -I. -I../../../../src/ccstruct -I../.. -DNDEBUG -I../../../../src/ccutil -I../../../../src/cutil -I../../../../src/viewer -I../../../../src/opencl -I/Users/zyoung/dev/SwiftyTesseract/SwiftyTesseract/SwiftyTesseract/tesseract-4.1.0/ios/x86_64-apple-darwin/ -arch x86_64 -pipe -no-cpp-precomp -isysroot /Applications/Xcode.app/Contents/Developer/Platforms/iPhoneSimulator.platform/Developer/SDKs/iPhoneSimulator13.4.sdk -mios-simulator-version-min=11.0 -O2 -fembed-bitcode -I/Users/zyoung/dev/SwiftyTesseract/SwiftyTesseract/SwiftyTesseract/leptonica-1.78.0/ios/x86_64-apple-darwin/include/leptonica -I/Users/zyoung/dev/SwiftyTesseract/SwiftyTesseract/SwiftyTesseract/tesseract-4.1.0/ios/x86_64-apple-darwin/ -arch x86_64 -pipe -no-cpp-precomp -isysroot /Applications/Xcode.app/Contents/Developer/Platforms/iPhoneSimulator.platform/Developer/SDKs/iPhoneSimulator13.4.sdk -mios-simulator-version-min=11.0 -O2 -Wno-deprecated-register -std=c++17 -MT ocrrow.lo -MD -MP -MF .deps/ocrrow.Tpo -c ../../../../src/ccstruct/ocrrow.cpp -o ocrrow.o
libtool: compile:  /Applications/Xcode.app/Contents/Developer/usr/bin/g++ --target=x86_64-apple-darwin -DHAVE_CONFIG_H -I. -I../../../../src/ccstruct -I../.. -DNDEBUG -I../../../../src/ccutil -I../../../../src/cutil -I../../../../src/viewer -I../../../../src/opencl -I/Users/zyoung/dev/SwiftyTesseract/SwiftyTesseract/SwiftyTesseract/tesseract-4.1.0/ios/x86_64-apple-darwin/ -arch x86_64 -pipe -no-cpp-precomp -isysroot /Applications/Xcode.app/Contents/Developer/Platforms/iPhoneSimulator.platform/Developer/SDKs/iPhoneSimulator13.4.sdk -mios-simulator-version-min=11.0 -O2 -fembed-bitcode -I/Users/zyoung/dev/SwiftyTesseract/SwiftyTesseract/SwiftyTesseract/leptonica-1.78.0/ios/x86_64-apple-darwin/include/leptonica -I/Users/zyoung/dev/SwiftyTesseract/SwiftyTesseract/SwiftyTesseract/tesseract-4.1.0/ios/x86_64-apple-darwin/ -arch x86_64 -pipe -no-cpp-precomp -isysroot /Applications/Xcode.app/Contents/Developer/Platforms/iPhoneSimulator.platform/Developer/SDKs/iPhoneSimulator13.4.sdk -mios-simulator-version-min=11.0 -O2 -Wno-deprecated-register -std=c++17 -MT otsuthr.lo -MD -MP -MF .deps/otsuthr.Tpo -c ../../../../src/ccstruct/otsuthr.cpp -o otsuthr.o
libtool: compile:  /Applications/Xcode.app/Contents/Developer/usr/bin/g++ --target=x86_64-apple-darwin -DHAVE_CONFIG_H -I. -I../../../../src/ccstruct -I../.. -DNDEBUG -I../../../../src/ccutil -I../../../../src/cutil -I../../../../src/viewer -I../../../../src/opencl -I/Users/zyoung/dev/SwiftyTesseract/SwiftyTesseract/SwiftyTesseract/tesseract-4.1.0/ios/x86_64-apple-darwin/ -arch x86_64 -pipe -no-cpp-precomp -isysroot /Applications/Xcode.app/Contents/Developer/Platforms/iPhoneSimulator.platform/Developer/SDKs/iPhoneSimulator13.4.sdk -mios-simulator-version-min=11.0 -O2 -fembed-bitcode -I/Users/zyoung/dev/SwiftyTesseract/SwiftyTesseract/SwiftyTesseract/leptonica-1.78.0/ios/x86_64-apple-darwin/include/leptonica -I/Users/zyoung/dev/SwiftyTesseract/SwiftyTesseract/SwiftyTesseract/tesseract-4.1.0/ios/x86_64-apple-darwin/ -arch x86_64 -pipe -no-cpp-precomp -isysroot /Applications/Xcode.app/Contents/Developer/Platforms/iPhoneSimulator.platform/Developer/SDKs/iPhoneSimulator13.4.sdk -mios-simulator-version-min=11.0 -O2 -Wno-deprecated-register -std=c++17 -MT pageres.lo -MD -MP -MF .deps/pageres.Tpo -c ../../../../src/ccstruct/pageres.cpp -o pageres.o
libtool: compile:  /Applications/Xcode.app/Contents/Developer/usr/bin/g++ --target=x86_64-apple-darwin -DHAVE_CONFIG_H -I. -I../../../../src/ccstruct -I../.. -DNDEBUG -I../../../../src/ccutil -I../../../../src/cutil -I../../../../src/viewer -I../../../../src/opencl -I/Users/zyoung/dev/SwiftyTesseract/SwiftyTesseract/SwiftyTesseract/tesseract-4.1.0/ios/x86_64-apple-darwin/ -arch x86_64 -pipe -no-cpp-precomp -isysroot /Applications/Xcode.app/Contents/Developer/Platforms/iPhoneSimulator.platform/Developer/SDKs/iPhoneSimulator13.4.sdk -mios-simulator-version-min=11.0 -O2 -fembed-bitcode -I/Users/zyoung/dev/SwiftyTesseract/SwiftyTesseract/SwiftyTesseract/leptonica-1.78.0/ios/x86_64-apple-darwin/include/leptonica -I/Users/zyoung/dev/SwiftyTesseract/SwiftyTesseract/SwiftyTesseract/tesseract-4.1.0/ios/x86_64-apple-darwin/ -arch x86_64 -pipe -no-cpp-precomp -isysroot /Applications/Xcode.app/Contents/Developer/Platforms/iPhoneSimulator.platform/Developer/SDKs/iPhoneSimulator13.4.sdk -mios-simulator-version-min=11.0 -O2 -Wno-deprecated-register -std=c++17 -MT pdblock.lo -MD -MP -MF .deps/pdblock.Tpo -c ../../../../src/ccstruct/pdblock.cpp -o pdblock.o
libtool: compile:  /Applications/Xcode.app/Contents/Developer/usr/bin/g++ --target=x86_64-apple-darwin -DHAVE_CONFIG_H -I. -I../../../../src/ccstruct -I../.. -DNDEBUG -I../../../../src/ccutil -I../../../../src/cutil -I../../../../src/viewer -I../../../../src/opencl -I/Users/zyoung/dev/SwiftyTesseract/SwiftyTesseract/SwiftyTesseract/tesseract-4.1.0/ios/x86_64-apple-darwin/ -arch x86_64 -pipe -no-cpp-precomp -isysroot /Applications/Xcode.app/Contents/Developer/Platforms/iPhoneSimulator.platform/Developer/SDKs/iPhoneSimulator13.4.sdk -mios-simulator-version-min=11.0 -O2 -fembed-bitcode -I/Users/zyoung/dev/SwiftyTesseract/SwiftyTesseract/SwiftyTesseract/leptonica-1.78.0/ios/x86_64-apple-darwin/include/leptonica -I/Users/zyoung/dev/SwiftyTesseract/SwiftyTesseract/SwiftyTesseract/tesseract-4.1.0/ios/x86_64-apple-darwin/ -arch x86_64 -pipe -no-cpp-precomp -isysroot /Applications/Xcode.app/Contents/Developer/Platforms/iPhoneSimulator.platform/Developer/SDKs/iPhoneSimulator13.4.sdk -mios-simulator-version-min=11.0 -O2 -Wno-deprecated-register -std=c++17 -MT points.lo -MD -MP -MF .deps/points.Tpo -c ../../../../src/ccstruct/points.cpp -o points.o
libtool: compile:  /Applications/Xcode.app/Contents/Developer/usr/bin/g++ --target=x86_64-apple-darwin -DHAVE_CONFIG_H -I. -I../../../../src/ccstruct -I../.. -DNDEBUG -I../../../../src/ccutil -I../../../../src/cutil -I../../../../src/viewer -I../../../../src/opencl -I/Users/zyoung/dev/SwiftyTesseract/SwiftyTesseract/SwiftyTesseract/tesseract-4.1.0/ios/x86_64-apple-darwin/ -arch x86_64 -pipe -no-cpp-precomp -isysroot /Applications/Xcode.app/Contents/Developer/Platforms/iPhoneSimulator.platform/Developer/SDKs/iPhoneSimulator13.4.sdk -mios-simulator-version-min=11.0 -O2 -fembed-bitcode -I/Users/zyoung/dev/SwiftyTesseract/SwiftyTesseract/SwiftyTesseract/leptonica-1.78.0/ios/x86_64-apple-darwin/include/leptonica -I/Users/zyoung/dev/SwiftyTesseract/SwiftyTesseract/SwiftyTesseract/tesseract-4.1.0/ios/x86_64-apple-darwin/ -arch x86_64 -pipe -no-cpp-precomp -isysroot /Applications/Xcode.app/Contents/Developer/Platforms/iPhoneSimulator.platform/Developer/SDKs/iPhoneSimulator13.4.sdk -mios-simulator-version-min=11.0 -O2 -Wno-deprecated-register -std=c++17 -MT polyaprx.lo -MD -MP -MF .deps/polyaprx.Tpo -c ../../../../src/ccstruct/polyaprx.cpp -o polyaprx.o
libtool: compile:  /Applications/Xcode.app/Contents/Developer/usr/bin/g++ --target=x86_64-apple-darwin -DHAVE_CONFIG_H -I. -I../../../../src/ccstruct -I../.. -DNDEBUG -I../../../../src/ccutil -I../../../../src/cutil -I../../../../src/viewer -I../../../../src/opencl -I/Users/zyoung/dev/SwiftyTesseract/SwiftyTesseract/SwiftyTesseract/tesseract-4.1.0/ios/x86_64-apple-darwin/ -arch x86_64 -pipe -no-cpp-precomp -isysroot /Applications/Xcode.app/Contents/Developer/Platforms/iPhoneSimulator.platform/Developer/SDKs/iPhoneSimulator13.4.sdk -mios-simulator-version-min=11.0 -O2 -fembed-bitcode -I/Users/zyoung/dev/SwiftyTesseract/SwiftyTesseract/SwiftyTesseract/leptonica-1.78.0/ios/x86_64-apple-darwin/include/leptonica -I/Users/zyoung/dev/SwiftyTesseract/SwiftyTesseract/SwiftyTesseract/tesseract-4.1.0/ios/x86_64-apple-darwin/ -arch x86_64 -pipe -no-cpp-precomp -isysroot /Applications/Xcode.app/Contents/Developer/Platforms/iPhoneSimulator.platform/Developer/SDKs/iPhoneSimulator13.4.sdk -mios-simulator-version-min=11.0 -O2 -Wno-deprecated-register -std=c++17 -MT polyblk.lo -MD -MP -MF .deps/polyblk.Tpo -c ../../../../src/ccstruct/polyblk.cpp -o polyblk.o
libtool: compile:  /Applications/Xcode.app/Contents/Developer/usr/bin/g++ --target=x86_64-apple-darwin -DHAVE_CONFIG_H -I. -I../../../../src/ccstruct -I../.. -DNDEBUG -I../../../../src/ccutil -I../../../../src/cutil -I../../../../src/viewer -I../../../../src/opencl -I/Users/zyoung/dev/SwiftyTesseract/SwiftyTesseract/SwiftyTesseract/tesseract-4.1.0/ios/x86_64-apple-darwin/ -arch x86_64 -pipe -no-cpp-precomp -isysroot /Applications/Xcode.app/Contents/Developer/Platforms/iPhoneSimulator.platform/Developer/SDKs/iPhoneSimulator13.4.sdk -mios-simulator-version-min=11.0 -O2 -fembed-bitcode -I/Users/zyoung/dev/SwiftyTesseract/SwiftyTesseract/SwiftyTesseract/leptonica-1.78.0/ios/x86_64-apple-darwin/include/leptonica -I/Users/zyoung/dev/SwiftyTesseract/SwiftyTesseract/SwiftyTesseract/tesseract-4.1.0/ios/x86_64-apple-darwin/ -arch x86_64 -pipe -no-cpp-precomp -isysroot /Applications/Xcode.app/Contents/Developer/Platforms/iPhoneSimulator.platform/Developer/SDKs/iPhoneSimulator13.4.sdk -mios-simulator-version-min=11.0 -O2 -Wno-deprecated-register -std=c++17 -MT params_training_featdef.lo -MD -MP -MF .deps/params_training_featdef.Tpo -c ../../../../src/ccstruct/params_training_featdef.cpp -o params_training_featdef.o
libtool: compile:  /Applications/Xcode.app/Contents/Developer/usr/bin/g++ --target=x86_64-apple-darwin -DHAVE_CONFIG_H -I. -I../../../../src/ccstruct -I../.. -DNDEBUG -I../../../../src/ccutil -I../../../../src/cutil -I../../../../src/viewer -I../../../../src/opencl -I/Users/zyoung/dev/SwiftyTesseract/SwiftyTesseract/SwiftyTesseract/tesseract-4.1.0/ios/x86_64-apple-darwin/ -arch x86_64 -pipe -no-cpp-precomp -isysroot /Applications/Xcode.app/Contents/Developer/Platforms/iPhoneSimulator.platform/Developer/SDKs/iPhoneSimulator13.4.sdk -mios-simulator-version-min=11.0 -O2 -fembed-bitcode -I/Users/zyoung/dev/SwiftyTesseract/SwiftyTesseract/SwiftyTesseract/leptonica-1.78.0/ios/x86_64-apple-darwin/include/leptonica -I/Users/zyoung/dev/SwiftyTesseract/SwiftyTesseract/SwiftyTesseract/tesseract-4.1.0/ios/x86_64-apple-darwin/ -arch x86_64 -pipe -no-cpp-precomp -isysroot /Applications/Xcode.app/Contents/Developer/Platforms/iPhoneSimulator.platform/Developer/SDKs/iPhoneSimulator13.4.sdk -mios-simulator-version-min=11.0 -O2 -Wno-deprecated-register -std=c++17 -MT publictypes.lo -MD -MP -MF .deps/publictypes.Tpo -c ../../../../src/ccstruct/publictypes.cpp -o publictypes.o
libtool: compile:  /Applications/Xcode.app/Contents/Developer/usr/bin/g++ --target=x86_64-apple-darwin -DHAVE_CONFIG_H -I. -I../../../../src/ccstruct -I../.. -DNDEBUG -I../../../../src/ccutil -I../../../../src/cutil -I../../../../src/viewer -I../../../../src/opencl -I/Users/zyoung/dev/SwiftyTesseract/SwiftyTesseract/SwiftyTesseract/tesseract-4.1.0/ios/x86_64-apple-darwin/ -arch x86_64 -pipe -no-cpp-precomp -isysroot /Applications/Xcode.app/Contents/Developer/Platforms/iPhoneSimulator.platform/Developer/SDKs/iPhoneSimulator13.4.sdk -mios-simulator-version-min=11.0 -O2 -fembed-bitcode -I/Users/zyoung/dev/SwiftyTesseract/SwiftyTesseract/SwiftyTesseract/leptonica-1.78.0/ios/x86_64-apple-darwin/include/leptonica -I/Users/zyoung/dev/SwiftyTesseract/SwiftyTesseract/SwiftyTesseract/tesseract-4.1.0/ios/x86_64-apple-darwin/ -arch x86_64 -pipe -no-cpp-precomp -isysroot /Applications/Xcode.app/Contents/Developer/Platforms/iPhoneSimulator.platform/Developer/SDKs/iPhoneSimulator13.4.sdk -mios-simulator-version-min=11.0 -O2 -Wno-deprecated-register -std=c++17 -MT quadlsq.lo -MD -MP -MF .deps/quadlsq.Tpo -c ../../../../src/ccstruct/quadlsq.cpp -o quadlsq.o
libtool: compile:  /Applications/Xcode.app/Contents/Developer/usr/bin/g++ --target=x86_64-apple-darwin -DHAVE_CONFIG_H -I. -I../../../../src/ccstruct -I../.. -DNDEBUG -I../../../../src/ccutil -I../../../../src/cutil -I../../../../src/viewer -I../../../../src/opencl -I/Users/zyoung/dev/SwiftyTesseract/SwiftyTesseract/SwiftyTesseract/tesseract-4.1.0/ios/x86_64-apple-darwin/ -arch x86_64 -pipe -no-cpp-precomp -isysroot /Applications/Xcode.app/Contents/Developer/Platforms/iPhoneSimulator.platform/Developer/SDKs/iPhoneSimulator13.4.sdk -mios-simulator-version-min=11.0 -O2 -fembed-bitcode -I/Users/zyoung/dev/SwiftyTesseract/SwiftyTesseract/SwiftyTesseract/leptonica-1.78.0/ios/x86_64-apple-darwin/include/leptonica -I/Users/zyoung/dev/SwiftyTesseract/SwiftyTesseract/SwiftyTesseract/tesseract-4.1.0/ios/x86_64-apple-darwin/ -arch x86_64 -pipe -no-cpp-precomp -isysroot /Applications/Xcode.app/Contents/Developer/Platforms/iPhoneSimulator.platform/Developer/SDKs/iPhoneSimulator13.4.sdk -mios-simulator-version-min=11.0 -O2 -Wno-deprecated-register -std=c++17 -MT quspline.lo -MD -MP -MF .deps/quspline.Tpo -c ../../../../src/ccstruct/quspline.cpp -o quspline.o
libtool: compile:  /Applications/Xcode.app/Contents/Developer/usr/bin/g++ --target=x86_64-apple-darwin -DHAVE_CONFIG_H -I. -I../../../../src/ccstruct -I../.. -DNDEBUG -I../../../../src/ccutil -I../../../../src/cutil -I../../../../src/viewer -I../../../../src/opencl -I/Users/zyoung/dev/SwiftyTesseract/SwiftyTesseract/SwiftyTesseract/tesseract-4.1.0/ios/x86_64-apple-darwin/ -arch x86_64 -pipe -no-cpp-precomp -isysroot /Applications/Xcode.app/Contents/Developer/Platforms/iPhoneSimulator.platform/Developer/SDKs/iPhoneSimulator13.4.sdk -mios-simulator-version-min=11.0 -O2 -fembed-bitcode -I/Users/zyoung/dev/SwiftyTesseract/SwiftyTesseract/SwiftyTesseract/leptonica-1.78.0/ios/x86_64-apple-darwin/include/leptonica -I/Users/zyoung/dev/SwiftyTesseract/SwiftyTesseract/SwiftyTesseract/tesseract-4.1.0/ios/x86_64-apple-darwin/ -arch x86_64 -pipe -no-cpp-precomp -isysroot /Applications/Xcode.app/Contents/Developer/Platforms/iPhoneSimulator.platform/Developer/SDKs/iPhoneSimulator13.4.sdk -mios-simulator-version-min=11.0 -O2 -Wno-deprecated-register -std=c++17 -MT ratngs.lo -MD -MP -MF .deps/ratngs.Tpo -c ../../../../src/ccstruct/ratngs.cpp -o ratngs.o
libtool: compile:  /Applications/Xcode.app/Contents/Developer/usr/bin/g++ --target=x86_64-apple-darwin -DHAVE_CONFIG_H -I. -I../../../../src/ccstruct -I../.. -DNDEBUG -I../../../../src/ccutil -I../../../../src/cutil -I../../../../src/viewer -I../../../../src/opencl -I/Users/zyoung/dev/SwiftyTesseract/SwiftyTesseract/SwiftyTesseract/tesseract-4.1.0/ios/x86_64-apple-darwin/ -arch x86_64 -pipe -no-cpp-precomp -isysroot /Applications/Xcode.app/Contents/Developer/Platforms/iPhoneSimulator.platform/Developer/SDKs/iPhoneSimulator13.4.sdk -mios-simulator-version-min=11.0 -O2 -fembed-bitcode -I/Users/zyoung/dev/SwiftyTesseract/SwiftyTesseract/SwiftyTesseract/leptonica-1.78.0/ios/x86_64-apple-darwin/include/leptonica -I/Users/zyoung/dev/SwiftyTesseract/SwiftyTesseract/SwiftyTesseract/tesseract-4.1.0/ios/x86_64-apple-darwin/ -arch x86_64 -pipe -no-cpp-precomp -isysroot /Applications/Xcode.app/Contents/Developer/Platforms/iPhoneSimulator.platform/Developer/SDKs/iPhoneSimulator13.4.sdk -mios-simulator-version-min=11.0 -O2 -Wno-deprecated-register -std=c++17 -MT rect.lo -MD -MP -MF .deps/rect.Tpo -c ../../../../src/ccstruct/rect.cpp -o rect.o
libtool: compile:  /Applications/Xcode.app/Contents/Developer/usr/bin/g++ --target=x86_64-apple-darwin -DHAVE_CONFIG_H -I. -I../../../../src/ccstruct -I../.. -DNDEBUG -I../../../../src/ccutil -I../../../../src/cutil -I../../../../src/viewer -I../../../../src/opencl -I/Users/zyoung/dev/SwiftyTesseract/SwiftyTesseract/SwiftyTesseract/tesseract-4.1.0/ios/x86_64-apple-darwin/ -arch x86_64 -pipe -no-cpp-precomp -isysroot /Applications/Xcode.app/Contents/Developer/Platforms/iPhoneSimulator.platform/Developer/SDKs/iPhoneSimulator13.4.sdk -mios-simulator-version-min=11.0 -O2 -fembed-bitcode -I/Users/zyoung/dev/SwiftyTesseract/SwiftyTesseract/SwiftyTesseract/leptonica-1.78.0/ios/x86_64-apple-darwin/include/leptonica -I/Users/zyoung/dev/SwiftyTesseract/SwiftyTesseract/SwiftyTesseract/tesseract-4.1.0/ios/x86_64-apple-darwin/ -arch x86_64 -pipe -no-cpp-precomp -isysroot /Applications/Xcode.app/Contents/Developer/Platforms/iPhoneSimulator.platform/Developer/SDKs/iPhoneSimulator13.4.sdk -mios-simulator-version-min=11.0 -O2 -Wno-deprecated-register -std=c++17 -MT rejctmap.lo -MD -MP -MF .deps/rejctmap.Tpo -c ../../../../src/ccstruct/rejctmap.cpp -o rejctmap.o
libtool: compile:  /Applications/Xcode.app/Contents/Developer/usr/bin/g++ --target=x86_64-apple-darwin -DHAVE_CONFIG_H -I. -I../../../../src/ccstruct -I../.. -DNDEBUG -I../../../../src/ccutil -I../../../../src/cutil -I../../../../src/viewer -I../../../../src/opencl -I/Users/zyoung/dev/SwiftyTesseract/SwiftyTesseract/SwiftyTesseract/tesseract-4.1.0/ios/x86_64-apple-darwin/ -arch x86_64 -pipe -no-cpp-precomp -isysroot /Applications/Xcode.app/Contents/Developer/Platforms/iPhoneSimulator.platform/Developer/SDKs/iPhoneSimulator13.4.sdk -mios-simulator-version-min=11.0 -O2 -fembed-bitcode -I/Users/zyoung/dev/SwiftyTesseract/SwiftyTesseract/SwiftyTesseract/leptonica-1.78.0/ios/x86_64-apple-darwin/include/leptonica -I/Users/zyoung/dev/SwiftyTesseract/SwiftyTesseract/SwiftyTesseract/tesseract-4.1.0/ios/x86_64-apple-darwin/ -arch x86_64 -pipe -no-cpp-precomp -isysroot /Applications/Xcode.app/Contents/Developer/Platforms/iPhoneSimulator.platform/Developer/SDKs/iPhoneSimulator13.4.sdk -mios-simulator-version-min=11.0 -O2 -Wno-deprecated-register -std=c++17 -MT seam.lo -MD -MP -MF .deps/seam.Tpo -c ../../../../src/ccstruct/seam.cpp -o seam.o
libtool: compile:  /Applications/Xcode.app/Contents/Developer/usr/bin/g++ --target=x86_64-apple-darwin -DHAVE_CONFIG_H -I. -I../../../../src/ccstruct -I../.. -DNDEBUG -I../../../../src/ccutil -I../../../../src/cutil -I../../../../src/viewer -I../../../../src/opencl -I/Users/zyoung/dev/SwiftyTesseract/SwiftyTesseract/SwiftyTesseract/tesseract-4.1.0/ios/x86_64-apple-darwin/ -arch x86_64 -pipe -no-cpp-precomp -isysroot /Applications/Xcode.app/Contents/Developer/Platforms/iPhoneSimulator.platform/Developer/SDKs/iPhoneSimulator13.4.sdk -mios-simulator-version-min=11.0 -O2 -fembed-bitcode -I/Users/zyoung/dev/SwiftyTesseract/SwiftyTesseract/SwiftyTesseract/leptonica-1.78.0/ios/x86_64-apple-darwin/include/leptonica -I/Users/zyoung/dev/SwiftyTesseract/SwiftyTesseract/SwiftyTesseract/tesseract-4.1.0/ios/x86_64-apple-darwin/ -arch x86_64 -pipe -no-cpp-precomp -isysroot /Applications/Xcode.app/Contents/Developer/Platforms/iPhoneSimulator.platform/Developer/SDKs/iPhoneSimulator13.4.sdk -mios-simulator-version-min=11.0 -O2 -Wno-deprecated-register -std=c++17 -MT split.lo -MD -MP -MF .deps/split.Tpo -c ../../../../src/ccstruct/split.cpp -o split.o
libtool: compile:  /Applications/Xcode.app/Contents/Developer/usr/bin/g++ --target=x86_64-apple-darwin -DHAVE_CONFIG_H -I. -I../../../../src/ccstruct -I../.. -DNDEBUG -I../../../../src/ccutil -I../../../../src/cutil -I../../../../src/viewer -I../../../../src/opencl -I/Users/zyoung/dev/SwiftyTesseract/SwiftyTesseract/SwiftyTesseract/tesseract-4.1.0/ios/x86_64-apple-darwin/ -arch x86_64 -pipe -no-cpp-precomp -isysroot /Applications/Xcode.app/Contents/Developer/Platforms/iPhoneSimulator.platform/Developer/SDKs/iPhoneSimulator13.4.sdk -mios-simulator-version-min=11.0 -O2 -fembed-bitcode -I/Users/zyoung/dev/SwiftyTesseract/SwiftyTesseract/SwiftyTesseract/leptonica-1.78.0/ios/x86_64-apple-darwin/include/leptonica -I/Users/zyoung/dev/SwiftyTesseract/SwiftyTesseract/SwiftyTesseract/tesseract-4.1.0/ios/x86_64-apple-darwin/ -arch x86_64 -pipe -no-cpp-precomp -isysroot /Applications/Xcode.app/Contents/Developer/Platforms/iPhoneSimulator.platform/Developer/SDKs/iPhoneSimulator13.4.sdk -mios-simulator-version-min=11.0 -O2 -Wno-deprecated-register -std=c++17 -MT statistc.lo -MD -MP -MF .deps/statistc.Tpo -c ../../../../src/ccstruct/statistc.cpp -o statistc.o
libtool: compile:  /Applications/Xcode.app/Contents/Developer/usr/bin/g++ --target=x86_64-apple-darwin -DHAVE_CONFIG_H -I. -I../../../../src/ccstruct -I../.. -DNDEBUG -I../../../../src/ccutil -I../../../../src/cutil -I../../../../src/viewer -I../../../../src/opencl -I/Users/zyoung/dev/SwiftyTesseract/SwiftyTesseract/SwiftyTesseract/tesseract-4.1.0/ios/x86_64-apple-darwin/ -arch x86_64 -pipe -no-cpp-precomp -isysroot /Applications/Xcode.app/Contents/Developer/Platforms/iPhoneSimulator.platform/Developer/SDKs/iPhoneSimulator13.4.sdk -mios-simulator-version-min=11.0 -O2 -fembed-bitcode -I/Users/zyoung/dev/SwiftyTesseract/SwiftyTesseract/SwiftyTesseract/leptonica-1.78.0/ios/x86_64-apple-darwin/include/leptonica -I/Users/zyoung/dev/SwiftyTesseract/SwiftyTesseract/SwiftyTesseract/tesseract-4.1.0/ios/x86_64-apple-darwin/ -arch x86_64 -pipe -no-cpp-precomp -isysroot /Applications/Xcode.app/Contents/Developer/Platforms/iPhoneSimulator.platform/Developer/SDKs/iPhoneSimulator13.4.sdk -mios-simulator-version-min=11.0 -O2 -Wno-deprecated-register -std=c++17 -MT stepblob.lo -MD -MP -MF .deps/stepblob.Tpo -c ../../../../src/ccstruct/stepblob.cpp -o stepblob.o
libtool: compile:  /Applications/Xcode.app/Contents/Developer/usr/bin/g++ --target=x86_64-apple-darwin -DHAVE_CONFIG_H -I. -I../../../../src/ccstruct -I../.. -DNDEBUG -I../../../../src/ccutil -I../../../../src/cutil -I../../../../src/viewer -I../../../../src/opencl -I/Users/zyoung/dev/SwiftyTesseract/SwiftyTesseract/SwiftyTesseract/tesseract-4.1.0/ios/x86_64-apple-darwin/ -arch x86_64 -pipe -no-cpp-precomp -isysroot /Applications/Xcode.app/Contents/Developer/Platforms/iPhoneSimulator.platform/Developer/SDKs/iPhoneSimulator13.4.sdk -mios-simulator-version-min=11.0 -O2 -fembed-bitcode -I/Users/zyoung/dev/SwiftyTesseract/SwiftyTesseract/SwiftyTesseract/leptonica-1.78.0/ios/x86_64-apple-darwin/include/leptonica -I/Users/zyoung/dev/SwiftyTesseract/SwiftyTesseract/SwiftyTesseract/tesseract-4.1.0/ios/x86_64-apple-darwin/ -arch x86_64 -pipe -no-cpp-precomp -isysroot /Applications/Xcode.app/Contents/Developer/Platforms/iPhoneSimulator.platform/Developer/SDKs/iPhoneSimulator13.4.sdk -mios-simulator-version-min=11.0 -O2 -Wno-deprecated-register -std=c++17 -MT vecfuncs.lo -MD -MP -MF .deps/vecfuncs.Tpo -c ../../../../src/ccstruct/vecfuncs.cpp -o vecfuncs.o
libtool: compile:  /Applications/Xcode.app/Contents/Developer/usr/bin/g++ --target=x86_64-apple-darwin -DHAVE_CONFIG_H -I. -I../../../../src/ccstruct -I../.. -DNDEBUG -I../../../../src/ccutil -I../../../../src/cutil -I../../../../src/viewer -I../../../../src/opencl -I/Users/zyoung/dev/SwiftyTesseract/SwiftyTesseract/SwiftyTesseract/tesseract-4.1.0/ios/x86_64-apple-darwin/ -arch x86_64 -pipe -no-cpp-precomp -isysroot /Applications/Xcode.app/Contents/Developer/Platforms/iPhoneSimulator.platform/Developer/SDKs/iPhoneSimulator13.4.sdk -mios-simulator-version-min=11.0 -O2 -fembed-bitcode -I/Users/zyoung/dev/SwiftyTesseract/SwiftyTesseract/SwiftyTesseract/leptonica-1.78.0/ios/x86_64-apple-darwin/include/leptonica -I/Users/zyoung/dev/SwiftyTesseract/SwiftyTesseract/SwiftyTesseract/tesseract-4.1.0/ios/x86_64-apple-darwin/ -arch x86_64 -pipe -no-cpp-precomp -isysroot /Applications/Xcode.app/Contents/Developer/Platforms/iPhoneSimulator.platform/Developer/SDKs/iPhoneSimulator13.4.sdk -mios-simulator-version-min=11.0 -O2 -Wno-deprecated-register -std=c++17 -MT werd.lo -MD -MP -MF .deps/werd.Tpo -c ../../../../src/ccstruct/werd.cpp -o werd.o
libtool: link: ar cru .libs/libtesseract_ccstruct.a  blamer.o blobbox.o blobs.o blread.o boxread.o boxword.o ccstruct.o coutln.o detlinefit.o dppoint.o fontinfo.o imagedata.o linlsq.o matrix.o mod128.o normalis.o ocrblock.o ocrpara.o ocrrow.o otsuthr.o pageres.o pdblock.o points.o polyaprx.o polyblk.o params_training_featdef.o publictypes.o quadlsq.o quspline.o ratngs.o rect.o rejctmap.o seam.o split.o statistc.o stepblob.o vecfuncs.o werd.o
libtool: link: ranlib .libs/libtesseract_ccstruct.a
libtool: link: ( cd ".libs" && rm -f "libtesseract_ccstruct.la" && ln -s "../libtesseract_ccstruct.la" "libtesseract_ccstruct.la" )
Making all in src/dict
libtool: compile:  /Applications/Xcode.app/Contents/Developer/usr/bin/g++ --target=x86_64-apple-darwin -DHAVE_CONFIG_H -I. -I../../../../src/dict -I../.. -DNDEBUG -I../../../../src/cutil -I../../../../src/ccutil -I../../../../src/ccstruct -I../../../../src/viewer -I/Users/zyoung/dev/SwiftyTesseract/SwiftyTesseract/SwiftyTesseract/tesseract-4.1.0/ios/x86_64-apple-darwin/ -arch x86_64 -pipe -no-cpp-precomp -isysroot /Applications/Xcode.app/Contents/Developer/Platforms/iPhoneSimulator.platform/Developer/SDKs/iPhoneSimulator13.4.sdk -mios-simulator-version-min=11.0 -O2 -fembed-bitcode -I/Users/zyoung/dev/SwiftyTesseract/SwiftyTesseract/SwiftyTesseract/leptonica-1.78.0/ios/x86_64-apple-darwin/include/leptonica -I/Users/zyoung/dev/SwiftyTesseract/SwiftyTesseract/SwiftyTesseract/tesseract-4.1.0/ios/x86_64-apple-darwin/ -arch x86_64 -pipe -no-cpp-precomp -isysroot /Applications/Xcode.app/Contents/Developer/Platforms/iPhoneSimulator.platform/Developer/SDKs/iPhoneSimulator13.4.sdk -mios-simulator-version-min=11.0 -O2 -Wno-deprecated-register -std=c++17 -MT dawg.lo -MD -MP -MF .deps/dawg.Tpo -c ../../../../src/dict/dawg.cpp -o dawg.o
libtool: compile:  /Applications/Xcode.app/Contents/Developer/usr/bin/g++ --target=x86_64-apple-darwin -DHAVE_CONFIG_H -I. -I../../../../src/dict -I../.. -DNDEBUG -I../../../../src/cutil -I../../../../src/ccutil -I../../../../src/ccstruct -I../../../../src/viewer -I/Users/zyoung/dev/SwiftyTesseract/SwiftyTesseract/SwiftyTesseract/tesseract-4.1.0/ios/x86_64-apple-darwin/ -arch x86_64 -pipe -no-cpp-precomp -isysroot /Applications/Xcode.app/Contents/Developer/Platforms/iPhoneSimulator.platform/Developer/SDKs/iPhoneSimulator13.4.sdk -mios-simulator-version-min=11.0 -O2 -fembed-bitcode -I/Users/zyoung/dev/SwiftyTesseract/SwiftyTesseract/SwiftyTesseract/leptonica-1.78.0/ios/x86_64-apple-darwin/include/leptonica -I/Users/zyoung/dev/SwiftyTesseract/SwiftyTesseract/SwiftyTesseract/tesseract-4.1.0/ios/x86_64-apple-darwin/ -arch x86_64 -pipe -no-cpp-precomp -isysroot /Applications/Xcode.app/Contents/Developer/Platforms/iPhoneSimulator.platform/Developer/SDKs/iPhoneSimulator13.4.sdk -mios-simulator-version-min=11.0 -O2 -Wno-deprecated-register -std=c++17 -MT dawg_cache.lo -MD -MP -MF .deps/dawg_cache.Tpo -c ../../../../src/dict/dawg_cache.cpp -o dawg_cache.o
libtool: compile:  /Applications/Xcode.app/Contents/Developer/usr/bin/g++ --target=x86_64-apple-darwin -DHAVE_CONFIG_H -I. -I../../../../src/dict -I../.. -DNDEBUG -I../../../../src/cutil -I../../../../src/ccutil -I../../../../src/ccstruct -I../../../../src/viewer -I/Users/zyoung/dev/SwiftyTesseract/SwiftyTesseract/SwiftyTesseract/tesseract-4.1.0/ios/x86_64-apple-darwin/ -arch x86_64 -pipe -no-cpp-precomp -isysroot /Applications/Xcode.app/Contents/Developer/Platforms/iPhoneSimulator.platform/Developer/SDKs/iPhoneSimulator13.4.sdk -mios-simulator-version-min=11.0 -O2 -fembed-bitcode -I/Users/zyoung/dev/SwiftyTesseract/SwiftyTesseract/SwiftyTesseract/leptonica-1.78.0/ios/x86_64-apple-darwin/include/leptonica -I/Users/zyoung/dev/SwiftyTesseract/SwiftyTesseract/SwiftyTesseract/tesseract-4.1.0/ios/x86_64-apple-darwin/ -arch x86_64 -pipe -no-cpp-precomp -isysroot /Applications/Xcode.app/Contents/Developer/Platforms/iPhoneSimulator.platform/Developer/SDKs/iPhoneSimulator13.4.sdk -mios-simulator-version-min=11.0 -O2 -Wno-deprecated-register -std=c++17 -MT context.lo -MD -MP -MF .deps/context.Tpo -c ../../../../src/dict/context.cpp -o context.o
libtool: compile:  /Applications/Xcode.app/Contents/Developer/usr/bin/g++ --target=x86_64-apple-darwin -DHAVE_CONFIG_H -I. -I../../../../src/dict -I../.. -DNDEBUG -I../../../../src/cutil -I../../../../src/ccutil -I../../../../src/ccstruct -I../../../../src/viewer -I/Users/zyoung/dev/SwiftyTesseract/SwiftyTesseract/SwiftyTesseract/tesseract-4.1.0/ios/x86_64-apple-darwin/ -arch x86_64 -pipe -no-cpp-precomp -isysroot /Applications/Xcode.app/Contents/Developer/Platforms/iPhoneSimulator.platform/Developer/SDKs/iPhoneSimulator13.4.sdk -mios-simulator-version-min=11.0 -O2 -fembed-bitcode -I/Users/zyoung/dev/SwiftyTesseract/SwiftyTesseract/SwiftyTesseract/leptonica-1.78.0/ios/x86_64-apple-darwin/include/leptonica -I/Users/zyoung/dev/SwiftyTesseract/SwiftyTesseract/SwiftyTesseract/tesseract-4.1.0/ios/x86_64-apple-darwin/ -arch x86_64 -pipe -no-cpp-precomp -isysroot /Applications/Xcode.app/Contents/Developer/Platforms/iPhoneSimulator.platform/Developer/SDKs/iPhoneSimulator13.4.sdk -mios-simulator-version-min=11.0 -O2 -Wno-deprecated-register -std=c++17 -MT trie.lo -MD -MP -MF .deps/trie.Tpo -c ../../../../src/dict/trie.cpp -o trie.o
libtool: compile:  /Applications/Xcode.app/Contents/Developer/usr/bin/g++ --target=x86_64-apple-darwin -DHAVE_CONFIG_H -I. -I../../../../src/dict -I../.. -DNDEBUG -I../../../../src/cutil -I../../../../src/ccutil -I../../../../src/ccstruct -I../../../../src/viewer -I/Users/zyoung/dev/SwiftyTesseract/SwiftyTesseract/SwiftyTesseract/tesseract-4.1.0/ios/x86_64-apple-darwin/ -arch x86_64 -pipe -no-cpp-precomp -isysroot /Applications/Xcode.app/Contents/Developer/Platforms/iPhoneSimulator.platform/Developer/SDKs/iPhoneSimulator13.4.sdk -mios-simulator-version-min=11.0 -O2 -fembed-bitcode -I/Users/zyoung/dev/SwiftyTesseract/SwiftyTesseract/SwiftyTesseract/leptonica-1.78.0/ios/x86_64-apple-darwin/include/leptonica -I/Users/zyoung/dev/SwiftyTesseract/SwiftyTesseract/SwiftyTesseract/tesseract-4.1.0/ios/x86_64-apple-darwin/ -arch x86_64 -pipe -no-cpp-precomp -isysroot /Applications/Xcode.app/Contents/Developer/Platforms/iPhoneSimulator.platform/Developer/SDKs/iPhoneSimulator13.4.sdk -mios-simulator-version-min=11.0 -O2 -Wno-deprecated-register -std=c++17 -MT stopper.lo -MD -MP -MF .deps/stopper.Tpo -c ../../../../src/dict/stopper.cpp -o stopper.o
libtool: compile:  /Applications/Xcode.app/Contents/Developer/usr/bin/g++ --target=x86_64-apple-darwin -DHAVE_CONFIG_H -I. -I../../../../src/dict -I../.. -DNDEBUG -I../../../../src/cutil -I../../../../src/ccutil -I../../../../src/ccstruct -I../../../../src/viewer -I/Users/zyoung/dev/SwiftyTesseract/SwiftyTesseract/SwiftyTesseract/tesseract-4.1.0/ios/x86_64-apple-darwin/ -arch x86_64 -pipe -no-cpp-precomp -isysroot /Applications/Xcode.app/Contents/Developer/Platforms/iPhoneSimulator.platform/Developer/SDKs/iPhoneSimulator13.4.sdk -mios-simulator-version-min=11.0 -O2 -fembed-bitcode -I/Users/zyoung/dev/SwiftyTesseract/SwiftyTesseract/SwiftyTesseract/leptonica-1.78.0/ios/x86_64-apple-darwin/include/leptonica -I/Users/zyoung/dev/SwiftyTesseract/SwiftyTesseract/SwiftyTesseract/tesseract-4.1.0/ios/x86_64-apple-darwin/ -arch x86_64 -pipe -no-cpp-precomp -isysroot /Applications/Xcode.app/Contents/Developer/Platforms/iPhoneSimulator.platform/Developer/SDKs/iPhoneSimulator13.4.sdk -mios-simulator-version-min=11.0 -O2 -Wno-deprecated-register -std=c++17 -MT permdawg.lo -MD -MP -MF .deps/permdawg.Tpo -c ../../../../src/dict/permdawg.cpp -o permdawg.o
libtool: compile:  /Applications/Xcode.app/Contents/Developer/usr/bin/g++ --target=x86_64-apple-darwin -DHAVE_CONFIG_H -I. -I../../../../src/dict -I../.. -DNDEBUG -I../../../../src/cutil -I../../../../src/ccutil -I../../../../src/ccstruct -I../../../../src/viewer -I/Users/zyoung/dev/SwiftyTesseract/SwiftyTesseract/SwiftyTesseract/tesseract-4.1.0/ios/x86_64-apple-darwin/ -arch x86_64 -pipe -no-cpp-precomp -isysroot /Applications/Xcode.app/Contents/Developer/Platforms/iPhoneSimulator.platform/Developer/SDKs/iPhoneSimulator13.4.sdk -mios-simulator-version-min=11.0 -O2 -fembed-bitcode -I/Users/zyoung/dev/SwiftyTesseract/SwiftyTesseract/SwiftyTesseract/leptonica-1.78.0/ios/x86_64-apple-darwin/include/leptonica -I/Users/zyoung/dev/SwiftyTesseract/SwiftyTesseract/SwiftyTesseract/tesseract-4.1.0/ios/x86_64-apple-darwin/ -arch x86_64 -pipe -no-cpp-precomp -isysroot /Applications/Xcode.app/Contents/Developer/Platforms/iPhoneSimulator.platform/Developer/SDKs/iPhoneSimulator13.4.sdk -mios-simulator-version-min=11.0 -O2 -Wno-deprecated-register -std=c++17 -MT hyphen.lo -MD -MP -MF .deps/hyphen.Tpo -c ../../../../src/dict/hyphen.cpp -o hyphen.o
libtool: compile:  /Applications/Xcode.app/Contents/Developer/usr/bin/g++ --target=x86_64-apple-darwin -DHAVE_CONFIG_H -I. -I../../../../src/dict -I../.. -DNDEBUG -I../../../../src/cutil -I../../../../src/ccutil -I../../../../src/ccstruct -I../../../../src/viewer -I/Users/zyoung/dev/SwiftyTesseract/SwiftyTesseract/SwiftyTesseract/tesseract-4.1.0/ios/x86_64-apple-darwin/ -arch x86_64 -pipe -no-cpp-precomp -isysroot /Applications/Xcode.app/Contents/Developer/Platforms/iPhoneSimulator.platform/Developer/SDKs/iPhoneSimulator13.4.sdk -mios-simulator-version-min=11.0 -O2 -fembed-bitcode -I/Users/zyoung/dev/SwiftyTesseract/SwiftyTesseract/SwiftyTesseract/leptonica-1.78.0/ios/x86_64-apple-darwin/include/leptonica -I/Users/zyoung/dev/SwiftyTesseract/SwiftyTesseract/SwiftyTesseract/tesseract-4.1.0/ios/x86_64-apple-darwin/ -arch x86_64 -pipe -no-cpp-precomp -isysroot /Applications/Xcode.app/Contents/Developer/Platforms/iPhoneSimulator.platform/Developer/SDKs/iPhoneSimulator13.4.sdk -mios-simulator-version-min=11.0 -O2 -Wno-deprecated-register -std=c++17 -MT dict.lo -MD -MP -MF .deps/dict.Tpo -c ../../../../src/dict/dict.cpp -o dict.o
libtool: link: ar cru .libs/libtesseract_dict.a  context.o dawg.o dawg_cache.o dict.o hyphen.o permdawg.o stopper.o trie.o
libtool: link: ranlib .libs/libtesseract_dict.a
libtool: link: ( cd ".libs" && rm -f "libtesseract_dict.la" && ln -s "../libtesseract_dict.la" "libtesseract_dict.la" )
Making all in src/classify
libtool: compile:  /Applications/Xcode.app/Contents/Developer/usr/bin/g++ --target=x86_64-apple-darwin -DHAVE_CONFIG_H -I. -I../../../../src/classify -I../.. -DNDEBUG -I../../../../src/cutil -I../../../../src/ccutil -I../../../../src/ccstruct -I../../../../src/dict -I../../../../src/viewer -I/Users/zyoung/dev/SwiftyTesseract/SwiftyTesseract/SwiftyTesseract/tesseract-4.1.0/ios/x86_64-apple-darwin/ -arch x86_64 -pipe -no-cpp-precomp -isysroot /Applications/Xcode.app/Contents/Developer/Platforms/iPhoneSimulator.platform/Developer/SDKs/iPhoneSimulator13.4.sdk -mios-simulator-version-min=11.0 -O2 -fembed-bitcode -I/Users/zyoung/dev/SwiftyTesseract/SwiftyTesseract/SwiftyTesseract/leptonica-1.78.0/ios/x86_64-apple-darwin/include/leptonica -I/Users/zyoung/dev/SwiftyTesseract/SwiftyTesseract/SwiftyTesseract/tesseract-4.1.0/ios/x86_64-apple-darwin/ -arch x86_64 -pipe -no-cpp-precomp -isysroot /Applications/Xcode.app/Contents/Developer/Platforms/iPhoneSimulator.platform/Developer/SDKs/iPhoneSimulator13.4.sdk -mios-simulator-version-min=11.0 -O2 -Wno-deprecated-register -std=c++17 -MT adaptmatch.lo -MD -MP -MF .deps/adaptmatch.Tpo -c ../../../../src/classify/adaptmatch.cpp -o adaptmatch.o
libtool: compile:  /Applications/Xcode.app/Contents/Developer/usr/bin/g++ --target=x86_64-apple-darwin -DHAVE_CONFIG_H -I. -I../../../../src/classify -I../.. -DNDEBUG -I../../../../src/cutil -I../../../../src/ccutil -I../../../../src/ccstruct -I../../../../src/dict -I../../../../src/viewer -I/Users/zyoung/dev/SwiftyTesseract/SwiftyTesseract/SwiftyTesseract/tesseract-4.1.0/ios/x86_64-apple-darwin/ -arch x86_64 -pipe -no-cpp-precomp -isysroot /Applications/Xcode.app/Contents/Developer/Platforms/iPhoneSimulator.platform/Developer/SDKs/iPhoneSimulator13.4.sdk -mios-simulator-version-min=11.0 -O2 -fembed-bitcode -I/Users/zyoung/dev/SwiftyTesseract/SwiftyTesseract/SwiftyTesseract/leptonica-1.78.0/ios/x86_64-apple-darwin/include/leptonica -I/Users/zyoung/dev/SwiftyTesseract/SwiftyTesseract/SwiftyTesseract/tesseract-4.1.0/ios/x86_64-apple-darwin/ -arch x86_64 -pipe -no-cpp-precomp -isysroot /Applications/Xcode.app/Contents/Developer/Platforms/iPhoneSimulator.platform/Developer/SDKs/iPhoneSimulator13.4.sdk -mios-simulator-version-min=11.0 -O2 -Wno-deprecated-register -std=c++17 -MT cluster.lo -MD -MP -MF .deps/cluster.Tpo -c ../../../../src/classify/cluster.cpp -o cluster.o
libtool: compile:  /Applications/Xcode.app/Contents/Developer/usr/bin/g++ --target=x86_64-apple-darwin -DHAVE_CONFIG_H -I. -I../../../../src/classify -I../.. -DNDEBUG -I../../../../src/cutil -I../../../../src/ccutil -I../../../../src/ccstruct -I../../../../src/dict -I../../../../src/viewer -I/Users/zyoung/dev/SwiftyTesseract/SwiftyTesseract/SwiftyTesseract/tesseract-4.1.0/ios/x86_64-apple-darwin/ -arch x86_64 -pipe -no-cpp-precomp -isysroot /Applications/Xcode.app/Contents/Developer/Platforms/iPhoneSimulator.platform/Developer/SDKs/iPhoneSimulator13.4.sdk -mios-simulator-version-min=11.0 -O2 -fembed-bitcode -I/Users/zyoung/dev/SwiftyTesseract/SwiftyTesseract/SwiftyTesseract/leptonica-1.78.0/ios/x86_64-apple-darwin/include/leptonica -I/Users/zyoung/dev/SwiftyTesseract/SwiftyTesseract/SwiftyTesseract/tesseract-4.1.0/ios/x86_64-apple-darwin/ -arch x86_64 -pipe -no-cpp-precomp -isysroot /Applications/Xcode.app/Contents/Developer/Platforms/iPhoneSimulator.platform/Developer/SDKs/iPhoneSimulator13.4.sdk -mios-simulator-version-min=11.0 -O2 -Wno-deprecated-register -std=c++17 -MT clusttool.lo -MD -MP -MF .deps/clusttool.Tpo -c ../../../../src/classify/clusttool.cpp -o clusttool.o
libtool: compile:  /Applications/Xcode.app/Contents/Developer/usr/bin/g++ --target=x86_64-apple-darwin -DHAVE_CONFIG_H -I. -I../../../../src/classify -I../.. -DNDEBUG -I../../../../src/cutil -I../../../../src/ccutil -I../../../../src/ccstruct -I../../../../src/dict -I../../../../src/viewer -I/Users/zyoung/dev/SwiftyTesseract/SwiftyTesseract/SwiftyTesseract/tesseract-4.1.0/ios/x86_64-apple-darwin/ -arch x86_64 -pipe -no-cpp-precomp -isysroot /Applications/Xcode.app/Contents/Developer/Platforms/iPhoneSimulator.platform/Developer/SDKs/iPhoneSimulator13.4.sdk -mios-simulator-version-min=11.0 -O2 -fembed-bitcode -I/Users/zyoung/dev/SwiftyTesseract/SwiftyTesseract/SwiftyTesseract/leptonica-1.78.0/ios/x86_64-apple-darwin/include/leptonica -I/Users/zyoung/dev/SwiftyTesseract/SwiftyTesseract/SwiftyTesseract/tesseract-4.1.0/ios/x86_64-apple-darwin/ -arch x86_64 -pipe -no-cpp-precomp -isysroot /Applications/Xcode.app/Contents/Developer/Platforms/iPhoneSimulator.platform/Developer/SDKs/iPhoneSimulator13.4.sdk -mios-simulator-version-min=11.0 -O2 -Wno-deprecated-register -std=c++17 -MT classify.lo -MD -MP -MF .deps/classify.Tpo -c ../../../../src/classify/classify.cpp -o classify.o
libtool: compile:  /Applications/Xcode.app/Contents/Developer/usr/bin/g++ --target=x86_64-apple-darwin -DHAVE_CONFIG_H -I. -I../../../../src/classify -I../.. -DNDEBUG -I../../../../src/cutil -I../../../../src/ccutil -I../../../../src/ccstruct -I../../../../src/dict -I../../../../src/viewer -I/Users/zyoung/dev/SwiftyTesseract/SwiftyTesseract/SwiftyTesseract/tesseract-4.1.0/ios/x86_64-apple-darwin/ -arch x86_64 -pipe -no-cpp-precomp -isysroot /Applications/Xcode.app/Contents/Developer/Platforms/iPhoneSimulator.platform/Developer/SDKs/iPhoneSimulator13.4.sdk -mios-simulator-version-min=11.0 -O2 -fembed-bitcode -I/Users/zyoung/dev/SwiftyTesseract/SwiftyTesseract/SwiftyTesseract/leptonica-1.78.0/ios/x86_64-apple-darwin/include/leptonica -I/Users/zyoung/dev/SwiftyTesseract/SwiftyTesseract/SwiftyTesseract/tesseract-4.1.0/ios/x86_64-apple-darwin/ -arch x86_64 -pipe -no-cpp-precomp -isysroot /Applications/Xcode.app/Contents/Developer/Platforms/iPhoneSimulator.platform/Developer/SDKs/iPhoneSimulator13.4.sdk -mios-simulator-version-min=11.0 -O2 -Wno-deprecated-register -std=c++17 -MT errorcounter.lo -MD -MP -MF .deps/errorcounter.Tpo -c ../../../../src/classify/errorcounter.cpp -o errorcounter.o
libtool: compile:  /Applications/Xcode.app/Contents/Developer/usr/bin/g++ --target=x86_64-apple-darwin -DHAVE_CONFIG_H -I. -I../../../../src/classify -I../.. -DNDEBUG -I../../../../src/cutil -I../../../../src/ccutil -I../../../../src/ccstruct -I../../../../src/dict -I../../../../src/viewer -I/Users/zyoung/dev/SwiftyTesseract/SwiftyTesseract/SwiftyTesseract/tesseract-4.1.0/ios/x86_64-apple-darwin/ -arch x86_64 -pipe -no-cpp-precomp -isysroot /Applications/Xcode.app/Contents/Developer/Platforms/iPhoneSimulator.platform/Developer/SDKs/iPhoneSimulator13.4.sdk -mios-simulator-version-min=11.0 -O2 -fembed-bitcode -I/Users/zyoung/dev/SwiftyTesseract/SwiftyTesseract/SwiftyTesseract/leptonica-1.78.0/ios/x86_64-apple-darwin/include/leptonica -I/Users/zyoung/dev/SwiftyTesseract/SwiftyTesseract/SwiftyTesseract/tesseract-4.1.0/ios/x86_64-apple-darwin/ -arch x86_64 -pipe -no-cpp-precomp -isysroot /Applications/Xcode.app/Contents/Developer/Platforms/iPhoneSimulator.platform/Developer/SDKs/iPhoneSimulator13.4.sdk -mios-simulator-version-min=11.0 -O2 -Wno-deprecated-register -std=c++17 -MT cutoffs.lo -MD -MP -MF .deps/cutoffs.Tpo -c ../../../../src/classify/cutoffs.cpp -o cutoffs.o
libtool: compile:  /Applications/Xcode.app/Contents/Developer/usr/bin/g++ --target=x86_64-apple-darwin -DHAVE_CONFIG_H -I. -I../../../../src/classify -I../.. -DNDEBUG -I../../../../src/cutil -I../../../../src/ccutil -I../../../../src/ccstruct -I../../../../src/dict -I../../../../src/viewer -I/Users/zyoung/dev/SwiftyTesseract/SwiftyTesseract/SwiftyTesseract/tesseract-4.1.0/ios/x86_64-apple-darwin/ -arch x86_64 -pipe -no-cpp-precomp -isysroot /Applications/Xcode.app/Contents/Developer/Platforms/iPhoneSimulator.platform/Developer/SDKs/iPhoneSimulator13.4.sdk -mios-simulator-version-min=11.0 -O2 -fembed-bitcode -I/Users/zyoung/dev/SwiftyTesseract/SwiftyTesseract/SwiftyTesseract/leptonica-1.78.0/ios/x86_64-apple-darwin/include/leptonica -I/Users/zyoung/dev/SwiftyTesseract/SwiftyTesseract/SwiftyTesseract/tesseract-4.1.0/ios/x86_64-apple-darwin/ -arch x86_64 -pipe -no-cpp-precomp -isysroot /Applications/Xcode.app/Contents/Developer/Platforms/iPhoneSimulator.platform/Developer/SDKs/iPhoneSimulator13.4.sdk -mios-simulator-version-min=11.0 -O2 -Wno-deprecated-register -std=c++17 -MT blobclass.lo -MD -MP -MF .deps/blobclass.Tpo -c ../../../../src/classify/blobclass.cpp -o blobclass.o
libtool: compile:  /Applications/Xcode.app/Contents/Developer/usr/bin/g++ --target=x86_64-apple-darwin -DHAVE_CONFIG_H -I. -I../../../../src/classify -I../.. -DNDEBUG -I../../../../src/cutil -I../../../../src/ccutil -I../../../../src/ccstruct -I../../../../src/dict -I../../../../src/viewer -I/Users/zyoung/dev/SwiftyTesseract/SwiftyTesseract/SwiftyTesseract/tesseract-4.1.0/ios/x86_64-apple-darwin/ -arch x86_64 -pipe -no-cpp-precomp -isysroot /Applications/Xcode.app/Contents/Developer/Platforms/iPhoneSimulator.platform/Developer/SDKs/iPhoneSimulator13.4.sdk -mios-simulator-version-min=11.0 -O2 -fembed-bitcode -I/Users/zyoung/dev/SwiftyTesseract/SwiftyTesseract/SwiftyTesseract/leptonica-1.78.0/ios/x86_64-apple-darwin/include/leptonica -I/Users/zyoung/dev/SwiftyTesseract/SwiftyTesseract/SwiftyTesseract/tesseract-4.1.0/ios/x86_64-apple-darwin/ -arch x86_64 -pipe -no-cpp-precomp -isysroot /Applications/Xcode.app/Contents/Developer/Platforms/iPhoneSimulator.platform/Developer/SDKs/iPhoneSimulator13.4.sdk -mios-simulator-version-min=11.0 -O2 -Wno-deprecated-register -std=c++17 -MT adaptive.lo -MD -MP -MF .deps/adaptive.Tpo -c ../../../../src/classify/adaptive.cpp -o adaptive.o
libtool: compile:  /Applications/Xcode.app/Contents/Developer/usr/bin/g++ --target=x86_64-apple-darwin -DHAVE_CONFIG_H -I. -I../../../../src/classify -I../.. -DNDEBUG -I../../../../src/cutil -I../../../../src/ccutil -I../../../../src/ccstruct -I../../../../src/dict -I../../../../src/viewer -I/Users/zyoung/dev/SwiftyTesseract/SwiftyTesseract/SwiftyTesseract/tesseract-4.1.0/ios/x86_64-apple-darwin/ -arch x86_64 -pipe -no-cpp-precomp -isysroot /Applications/Xcode.app/Contents/Developer/Platforms/iPhoneSimulator.platform/Developer/SDKs/iPhoneSimulator13.4.sdk -mios-simulator-version-min=11.0 -O2 -fembed-bitcode -I/Users/zyoung/dev/SwiftyTesseract/SwiftyTesseract/SwiftyTesseract/leptonica-1.78.0/ios/x86_64-apple-darwin/include/leptonica -I/Users/zyoung/dev/SwiftyTesseract/SwiftyTesseract/SwiftyTesseract/tesseract-4.1.0/ios/x86_64-apple-darwin/ -arch x86_64 -pipe -no-cpp-precomp -isysroot /Applications/Xcode.app/Contents/Developer/Platforms/iPhoneSimulator.platform/Developer/SDKs/iPhoneSimulator13.4.sdk -mios-simulator-version-min=11.0 -O2 -Wno-deprecated-register -std=c++17 -MT float2int.lo -MD -MP -MF .deps/float2int.Tpo -c ../../../../src/classify/float2int.cpp -o float2int.o
libtool: compile:  /Applications/Xcode.app/Contents/Developer/usr/bin/g++ --target=x86_64-apple-darwin -DHAVE_CONFIG_H -I. -I../../../../src/classify -I../.. -DNDEBUG -I../../../../src/cutil -I../../../../src/ccutil -I../../../../src/ccstruct -I../../../../src/dict -I../../../../src/viewer -I/Users/zyoung/dev/SwiftyTesseract/SwiftyTesseract/SwiftyTesseract/tesseract-4.1.0/ios/x86_64-apple-darwin/ -arch x86_64 -pipe -no-cpp-precomp -isysroot /Applications/Xcode.app/Contents/Developer/Platforms/iPhoneSimulator.platform/Developer/SDKs/iPhoneSimulator13.4.sdk -mios-simulator-version-min=11.0 -O2 -fembed-bitcode -I/Users/zyoung/dev/SwiftyTesseract/SwiftyTesseract/SwiftyTesseract/leptonica-1.78.0/ios/x86_64-apple-darwin/include/leptonica -I/Users/zyoung/dev/SwiftyTesseract/SwiftyTesseract/SwiftyTesseract/tesseract-4.1.0/ios/x86_64-apple-darwin/ -arch x86_64 -pipe -no-cpp-precomp -isysroot /Applications/Xcode.app/Contents/Developer/Platforms/iPhoneSimulator.platform/Developer/SDKs/iPhoneSimulator13.4.sdk -mios-simulator-version-min=11.0 -O2 -Wno-deprecated-register -std=c++17 -MT featdefs.lo -MD -MP -MF .deps/featdefs.Tpo -c ../../../../src/classify/featdefs.cpp -o featdefs.o
libtool: compile:  /Applications/Xcode.app/Contents/Developer/usr/bin/g++ --target=x86_64-apple-darwin -DHAVE_CONFIG_H -I. -I../../../../src/classify -I../.. -DNDEBUG -I../../../../src/cutil -I../../../../src/ccutil -I../../../../src/ccstruct -I../../../../src/dict -I../../../../src/viewer -I/Users/zyoung/dev/SwiftyTesseract/SwiftyTesseract/SwiftyTesseract/tesseract-4.1.0/ios/x86_64-apple-darwin/ -arch x86_64 -pipe -no-cpp-precomp -isysroot /Applications/Xcode.app/Contents/Developer/Platforms/iPhoneSimulator.platform/Developer/SDKs/iPhoneSimulator13.4.sdk -mios-simulator-version-min=11.0 -O2 -fembed-bitcode -I/Users/zyoung/dev/SwiftyTesseract/SwiftyTesseract/SwiftyTesseract/leptonica-1.78.0/ios/x86_64-apple-darwin/include/leptonica -I/Users/zyoung/dev/SwiftyTesseract/SwiftyTesseract/SwiftyTesseract/tesseract-4.1.0/ios/x86_64-apple-darwin/ -arch x86_64 -pipe -no-cpp-precomp -isysroot /Applications/Xcode.app/Contents/Developer/Platforms/iPhoneSimulator.platform/Developer/SDKs/iPhoneSimulator13.4.sdk -mios-simulator-version-min=11.0 -O2 -Wno-deprecated-register -std=c++17 -MT fpoint.lo -MD -MP -MF .deps/fpoint.Tpo -c ../../../../src/classify/fpoint.cpp -o fpoint.o
libtool: compile:  /Applications/Xcode.app/Contents/Developer/usr/bin/g++ --target=x86_64-apple-darwin -DHAVE_CONFIG_H -I. -I../../../../src/classify -I../.. -DNDEBUG -I../../../../src/cutil -I../../../../src/ccutil -I../../../../src/ccstruct -I../../../../src/dict -I../../../../src/viewer -I/Users/zyoung/dev/SwiftyTesseract/SwiftyTesseract/SwiftyTesseract/tesseract-4.1.0/ios/x86_64-apple-darwin/ -arch x86_64 -pipe -no-cpp-precomp -isysroot /Applications/Xcode.app/Contents/Developer/Platforms/iPhoneSimulator.platform/Developer/SDKs/iPhoneSimulator13.4.sdk -mios-simulator-version-min=11.0 -O2 -fembed-bitcode -I/Users/zyoung/dev/SwiftyTesseract/SwiftyTesseract/SwiftyTesseract/leptonica-1.78.0/ios/x86_64-apple-darwin/include/leptonica -I/Users/zyoung/dev/SwiftyTesseract/SwiftyTesseract/SwiftyTesseract/tesseract-4.1.0/ios/x86_64-apple-darwin/ -arch x86_64 -pipe -no-cpp-precomp -isysroot /Applications/Xcode.app/Contents/Developer/Platforms/iPhoneSimulator.platform/Developer/SDKs/iPhoneSimulator13.4.sdk -mios-simulator-version-min=11.0 -O2 -Wno-deprecated-register -std=c++17 -MT intfeaturedist.lo -MD -MP -MF .deps/intfeaturedist.Tpo -c ../../../../src/classify/intfeaturedist.cpp -o intfeaturedist.o
libtool: compile:  /Applications/Xcode.app/Contents/Developer/usr/bin/g++ --target=x86_64-apple-darwin -DHAVE_CONFIG_H -I. -I../../../../src/classify -I../.. -DNDEBUG -I../../../../src/cutil -I../../../../src/ccutil -I../../../../src/ccstruct -I../../../../src/dict -I../../../../src/viewer -I/Users/zyoung/dev/SwiftyTesseract/SwiftyTesseract/SwiftyTesseract/tesseract-4.1.0/ios/x86_64-apple-darwin/ -arch x86_64 -pipe -no-cpp-precomp -isysroot /Applications/Xcode.app/Contents/Developer/Platforms/iPhoneSimulator.platform/Developer/SDKs/iPhoneSimulator13.4.sdk -mios-simulator-version-min=11.0 -O2 -fembed-bitcode -I/Users/zyoung/dev/SwiftyTesseract/SwiftyTesseract/SwiftyTesseract/leptonica-1.78.0/ios/x86_64-apple-darwin/include/leptonica -I/Users/zyoung/dev/SwiftyTesseract/SwiftyTesseract/SwiftyTesseract/tesseract-4.1.0/ios/x86_64-apple-darwin/ -arch x86_64 -pipe -no-cpp-precomp -isysroot /Applications/Xcode.app/Contents/Developer/Platforms/iPhoneSimulator.platform/Developer/SDKs/iPhoneSimulator13.4.sdk -mios-simulator-version-min=11.0 -O2 -Wno-deprecated-register -std=c++17 -MT intfeaturemap.lo -MD -MP -MF .deps/intfeaturemap.Tpo -c ../../../../src/classify/intfeaturemap.cpp -o intfeaturemap.o
libtool: compile:  /Applications/Xcode.app/Contents/Developer/usr/bin/g++ --target=x86_64-apple-darwin -DHAVE_CONFIG_H -I. -I../../../../src/classify -I../.. -DNDEBUG -I../../../../src/cutil -I../../../../src/ccutil -I../../../../src/ccstruct -I../../../../src/dict -I../../../../src/viewer -I/Users/zyoung/dev/SwiftyTesseract/SwiftyTesseract/SwiftyTesseract/tesseract-4.1.0/ios/x86_64-apple-darwin/ -arch x86_64 -pipe -no-cpp-precomp -isysroot /Applications/Xcode.app/Contents/Developer/Platforms/iPhoneSimulator.platform/Developer/SDKs/iPhoneSimulator13.4.sdk -mios-simulator-version-min=11.0 -O2 -fembed-bitcode -I/Users/zyoung/dev/SwiftyTesseract/SwiftyTesseract/SwiftyTesseract/leptonica-1.78.0/ios/x86_64-apple-darwin/include/leptonica -I/Users/zyoung/dev/SwiftyTesseract/SwiftyTesseract/SwiftyTesseract/tesseract-4.1.0/ios/x86_64-apple-darwin/ -arch x86_64 -pipe -no-cpp-precomp -isysroot /Applications/Xcode.app/Contents/Developer/Platforms/iPhoneSimulator.platform/Developer/SDKs/iPhoneSimulator13.4.sdk -mios-simulator-version-min=11.0 -O2 -Wno-deprecated-register -std=c++17 -MT intfeaturespace.lo -MD -MP -MF .deps/intfeaturespace.Tpo -c ../../../../src/classify/intfeaturespace.cpp -o intfeaturespace.o
libtool: compile:  /Applications/Xcode.app/Contents/Developer/usr/bin/g++ --target=x86_64-apple-darwin -DHAVE_CONFIG_H -I. -I../../../../src/classify -I../.. -DNDEBUG -I../../../../src/cutil -I../../../../src/ccutil -I../../../../src/ccstruct -I../../../../src/dict -I../../../../src/viewer -I/Users/zyoung/dev/SwiftyTesseract/SwiftyTesseract/SwiftyTesseract/tesseract-4.1.0/ios/x86_64-apple-darwin/ -arch x86_64 -pipe -no-cpp-precomp -isysroot /Applications/Xcode.app/Contents/Developer/Platforms/iPhoneSimulator.platform/Developer/SDKs/iPhoneSimulator13.4.sdk -mios-simulator-version-min=11.0 -O2 -fembed-bitcode -I/Users/zyoung/dev/SwiftyTesseract/SwiftyTesseract/SwiftyTesseract/leptonica-1.78.0/ios/x86_64-apple-darwin/include/leptonica -I/Users/zyoung/dev/SwiftyTesseract/SwiftyTesseract/SwiftyTesseract/tesseract-4.1.0/ios/x86_64-apple-darwin/ -arch x86_64 -pipe -no-cpp-precomp -isysroot /Applications/Xcode.app/Contents/Developer/Platforms/iPhoneSimulator.platform/Developer/SDKs/iPhoneSimulator13.4.sdk -mios-simulator-version-min=11.0 -O2 -Wno-deprecated-register -std=c++17 -MT intfx.lo -MD -MP -MF .deps/intfx.Tpo -c ../../../../src/classify/intfx.cpp -o intfx.o
libtool: compile:  /Applications/Xcode.app/Contents/Developer/usr/bin/g++ --target=x86_64-apple-darwin -DHAVE_CONFIG_H -I. -I../../../../src/classify -I../.. -DNDEBUG -I../../../../src/cutil -I../../../../src/ccutil -I../../../../src/ccstruct -I../../../../src/dict -I../../../../src/viewer -I/Users/zyoung/dev/SwiftyTesseract/SwiftyTesseract/SwiftyTesseract/tesseract-4.1.0/ios/x86_64-apple-darwin/ -arch x86_64 -pipe -no-cpp-precomp -isysroot /Applications/Xcode.app/Contents/Developer/Platforms/iPhoneSimulator.platform/Developer/SDKs/iPhoneSimulator13.4.sdk -mios-simulator-version-min=11.0 -O2 -fembed-bitcode -I/Users/zyoung/dev/SwiftyTesseract/SwiftyTesseract/SwiftyTesseract/leptonica-1.78.0/ios/x86_64-apple-darwin/include/leptonica -I/Users/zyoung/dev/SwiftyTesseract/SwiftyTesseract/SwiftyTesseract/tesseract-4.1.0/ios/x86_64-apple-darwin/ -arch x86_64 -pipe -no-cpp-precomp -isysroot /Applications/Xcode.app/Contents/Developer/Platforms/iPhoneSimulator.platform/Developer/SDKs/iPhoneSimulator13.4.sdk -mios-simulator-version-min=11.0 -O2 -Wno-deprecated-register -std=c++17 -MT intmatcher.lo -MD -MP -MF .deps/intmatcher.Tpo -c ../../../../src/classify/intmatcher.cpp -o intmatcher.o
libtool: compile:  /Applications/Xcode.app/Contents/Developer/usr/bin/g++ --target=x86_64-apple-darwin -DHAVE_CONFIG_H -I. -I../../../../src/classify -I../.. -DNDEBUG -I../../../../src/cutil -I../../../../src/ccutil -I../../../../src/ccstruct -I../../../../src/dict -I../../../../src/viewer -I/Users/zyoung/dev/SwiftyTesseract/SwiftyTesseract/SwiftyTesseract/tesseract-4.1.0/ios/x86_64-apple-darwin/ -arch x86_64 -pipe -no-cpp-precomp -isysroot /Applications/Xcode.app/Contents/Developer/Platforms/iPhoneSimulator.platform/Developer/SDKs/iPhoneSimulator13.4.sdk -mios-simulator-version-min=11.0 -O2 -fembed-bitcode -I/Users/zyoung/dev/SwiftyTesseract/SwiftyTesseract/SwiftyTesseract/leptonica-1.78.0/ios/x86_64-apple-darwin/include/leptonica -I/Users/zyoung/dev/SwiftyTesseract/SwiftyTesseract/SwiftyTesseract/tesseract-4.1.0/ios/x86_64-apple-darwin/ -arch x86_64 -pipe -no-cpp-precomp -isysroot /Applications/Xcode.app/Contents/Developer/Platforms/iPhoneSimulator.platform/Developer/SDKs/iPhoneSimulator13.4.sdk -mios-simulator-version-min=11.0 -O2 -Wno-deprecated-register -std=c++17 -MT intproto.lo -MD -MP -MF .deps/intproto.Tpo -c ../../../../src/classify/intproto.cpp -o intproto.o
libtool: compile:  /Applications/Xcode.app/Contents/Developer/usr/bin/g++ --target=x86_64-apple-darwin -DHAVE_CONFIG_H -I. -I../../../../src/classify -I../.. -DNDEBUG -I../../../../src/cutil -I../../../../src/ccutil -I../../../../src/ccstruct -I../../../../src/dict -I../../../../src/viewer -I/Users/zyoung/dev/SwiftyTesseract/SwiftyTesseract/SwiftyTesseract/tesseract-4.1.0/ios/x86_64-apple-darwin/ -arch x86_64 -pipe -no-cpp-precomp -isysroot /Applications/Xcode.app/Contents/Developer/Platforms/iPhoneSimulator.platform/Developer/SDKs/iPhoneSimulator13.4.sdk -mios-simulator-version-min=11.0 -O2 -fembed-bitcode -I/Users/zyoung/dev/SwiftyTesseract/SwiftyTesseract/SwiftyTesseract/leptonica-1.78.0/ios/x86_64-apple-darwin/include/leptonica -I/Users/zyoung/dev/SwiftyTesseract/SwiftyTesseract/SwiftyTesseract/tesseract-4.1.0/ios/x86_64-apple-darwin/ -arch x86_64 -pipe -no-cpp-precomp -isysroot /Applications/Xcode.app/Contents/Developer/Platforms/iPhoneSimulator.platform/Developer/SDKs/iPhoneSimulator13.4.sdk -mios-simulator-version-min=11.0 -O2 -Wno-deprecated-register -std=c++17 -MT kdtree.lo -MD -MP -MF .deps/kdtree.Tpo -c ../../../../src/classify/kdtree.cpp -o kdtree.o
libtool: compile:  /Applications/Xcode.app/Contents/Developer/usr/bin/g++ --target=x86_64-apple-darwin -DHAVE_CONFIG_H -I. -I../../../../src/classify -I../.. -DNDEBUG -I../../../../src/cutil -I../../../../src/ccutil -I../../../../src/ccstruct -I../../../../src/dict -I../../../../src/viewer -I/Users/zyoung/dev/SwiftyTesseract/SwiftyTesseract/SwiftyTesseract/tesseract-4.1.0/ios/x86_64-apple-darwin/ -arch x86_64 -pipe -no-cpp-precomp -isysroot /Applications/Xcode.app/Contents/Developer/Platforms/iPhoneSimulator.platform/Developer/SDKs/iPhoneSimulator13.4.sdk -mios-simulator-version-min=11.0 -O2 -fembed-bitcode -I/Users/zyoung/dev/SwiftyTesseract/SwiftyTesseract/SwiftyTesseract/leptonica-1.78.0/ios/x86_64-apple-darwin/include/leptonica -I/Users/zyoung/dev/SwiftyTesseract/SwiftyTesseract/SwiftyTesseract/tesseract-4.1.0/ios/x86_64-apple-darwin/ -arch x86_64 -pipe -no-cpp-precomp -isysroot /Applications/Xcode.app/Contents/Developer/Platforms/iPhoneSimulator.platform/Developer/SDKs/iPhoneSimulator13.4.sdk -mios-simulator-version-min=11.0 -O2 -Wno-deprecated-register -std=c++17 -MT mastertrainer.lo -MD -MP -MF .deps/mastertrainer.Tpo -c ../../../../src/classify/mastertrainer.cpp -o mastertrainer.o
libtool: compile:  /Applications/Xcode.app/Contents/Developer/usr/bin/g++ --target=x86_64-apple-darwin -DHAVE_CONFIG_H -I. -I../../../../src/classify -I../.. -DNDEBUG -I../../../../src/cutil -I../../../../src/ccutil -I../../../../src/ccstruct -I../../../../src/dict -I../../../../src/viewer -I/Users/zyoung/dev/SwiftyTesseract/SwiftyTesseract/SwiftyTesseract/tesseract-4.1.0/ios/x86_64-apple-darwin/ -arch x86_64 -pipe -no-cpp-precomp -isysroot /Applications/Xcode.app/Contents/Developer/Platforms/iPhoneSimulator.platform/Developer/SDKs/iPhoneSimulator13.4.sdk -mios-simulator-version-min=11.0 -O2 -fembed-bitcode -I/Users/zyoung/dev/SwiftyTesseract/SwiftyTesseract/SwiftyTesseract/leptonica-1.78.0/ios/x86_64-apple-darwin/include/leptonica -I/Users/zyoung/dev/SwiftyTesseract/SwiftyTesseract/SwiftyTesseract/tesseract-4.1.0/ios/x86_64-apple-darwin/ -arch x86_64 -pipe -no-cpp-precomp -isysroot /Applications/Xcode.app/Contents/Developer/Platforms/iPhoneSimulator.platform/Developer/SDKs/iPhoneSimulator13.4.sdk -mios-simulator-version-min=11.0 -O2 -Wno-deprecated-register -std=c++17 -MT mf.lo -MD -MP -MF .deps/mf.Tpo -c ../../../../src/classify/mf.cpp -o mf.o
libtool: compile:  /Applications/Xcode.app/Contents/Developer/usr/bin/g++ --target=x86_64-apple-darwin -DHAVE_CONFIG_H -I. -I../../../../src/classify -I../.. -DNDEBUG -I../../../../src/cutil -I../../../../src/ccutil -I../../../../src/ccstruct -I../../../../src/dict -I../../../../src/viewer -I/Users/zyoung/dev/SwiftyTesseract/SwiftyTesseract/SwiftyTesseract/tesseract-4.1.0/ios/x86_64-apple-darwin/ -arch x86_64 -pipe -no-cpp-precomp -isysroot /Applications/Xcode.app/Contents/Developer/Platforms/iPhoneSimulator.platform/Developer/SDKs/iPhoneSimulator13.4.sdk -mios-simulator-version-min=11.0 -O2 -fembed-bitcode -I/Users/zyoung/dev/SwiftyTesseract/SwiftyTesseract/SwiftyTesseract/leptonica-1.78.0/ios/x86_64-apple-darwin/include/leptonica -I/Users/zyoung/dev/SwiftyTesseract/SwiftyTesseract/SwiftyTesseract/tesseract-4.1.0/ios/x86_64-apple-darwin/ -arch x86_64 -pipe -no-cpp-precomp -isysroot /Applications/Xcode.app/Contents/Developer/Platforms/iPhoneSimulator.platform/Developer/SDKs/iPhoneSimulator13.4.sdk -mios-simulator-version-min=11.0 -O2 -Wno-deprecated-register -std=c++17 -MT mfdefs.lo -MD -MP -MF .deps/mfdefs.Tpo -c ../../../../src/classify/mfdefs.cpp -o mfdefs.o
libtool: compile:  /Applications/Xcode.app/Contents/Developer/usr/bin/g++ --target=x86_64-apple-darwin -DHAVE_CONFIG_H -I. -I../../../../src/classify -I../.. -DNDEBUG -I../../../../src/cutil -I../../../../src/ccutil -I../../../../src/ccstruct -I../../../../src/dict -I../../../../src/viewer -I/Users/zyoung/dev/SwiftyTesseract/SwiftyTesseract/SwiftyTesseract/tesseract-4.1.0/ios/x86_64-apple-darwin/ -arch x86_64 -pipe -no-cpp-precomp -isysroot /Applications/Xcode.app/Contents/Developer/Platforms/iPhoneSimulator.platform/Developer/SDKs/iPhoneSimulator13.4.sdk -mios-simulator-version-min=11.0 -O2 -fembed-bitcode -I/Users/zyoung/dev/SwiftyTesseract/SwiftyTesseract/SwiftyTesseract/leptonica-1.78.0/ios/x86_64-apple-darwin/include/leptonica -I/Users/zyoung/dev/SwiftyTesseract/SwiftyTesseract/SwiftyTesseract/tesseract-4.1.0/ios/x86_64-apple-darwin/ -arch x86_64 -pipe -no-cpp-precomp -isysroot /Applications/Xcode.app/Contents/Developer/Platforms/iPhoneSimulator.platform/Developer/SDKs/iPhoneSimulator13.4.sdk -mios-simulator-version-min=11.0 -O2 -Wno-deprecated-register -std=c++17 -MT mfoutline.lo -MD -MP -MF .deps/mfoutline.Tpo -c ../../../../src/classify/mfoutline.cpp -o mfoutline.o
libtool: compile:  /Applications/Xcode.app/Contents/Developer/usr/bin/g++ --target=x86_64-apple-darwin -DHAVE_CONFIG_H -I. -I../../../../src/classify -I../.. -DNDEBUG -I../../../../src/cutil -I../../../../src/ccutil -I../../../../src/ccstruct -I../../../../src/dict -I../../../../src/viewer -I/Users/zyoung/dev/SwiftyTesseract/SwiftyTesseract/SwiftyTesseract/tesseract-4.1.0/ios/x86_64-apple-darwin/ -arch x86_64 -pipe -no-cpp-precomp -isysroot /Applications/Xcode.app/Contents/Developer/Platforms/iPhoneSimulator.platform/Developer/SDKs/iPhoneSimulator13.4.sdk -mios-simulator-version-min=11.0 -O2 -fembed-bitcode -I/Users/zyoung/dev/SwiftyTesseract/SwiftyTesseract/SwiftyTesseract/leptonica-1.78.0/ios/x86_64-apple-darwin/include/leptonica -I/Users/zyoung/dev/SwiftyTesseract/SwiftyTesseract/SwiftyTesseract/tesseract-4.1.0/ios/x86_64-apple-darwin/ -arch x86_64 -pipe -no-cpp-precomp -isysroot /Applications/Xcode.app/Contents/Developer/Platforms/iPhoneSimulator.platform/Developer/SDKs/iPhoneSimulator13.4.sdk -mios-simulator-version-min=11.0 -O2 -Wno-deprecated-register -std=c++17 -MT mfx.lo -MD -MP -MF .deps/mfx.Tpo -c ../../../../src/classify/mfx.cpp -o mfx.o
libtool: compile:  /Applications/Xcode.app/Contents/Developer/usr/bin/g++ --target=x86_64-apple-darwin -DHAVE_CONFIG_H -I. -I../../../../src/classify -I../.. -DNDEBUG -I../../../../src/cutil -I../../../../src/ccutil -I../../../../src/ccstruct -I../../../../src/dict -I../../../../src/viewer -I/Users/zyoung/dev/SwiftyTesseract/SwiftyTesseract/SwiftyTesseract/tesseract-4.1.0/ios/x86_64-apple-darwin/ -arch x86_64 -pipe -no-cpp-precomp -isysroot /Applications/Xcode.app/Contents/Developer/Platforms/iPhoneSimulator.platform/Developer/SDKs/iPhoneSimulator13.4.sdk -mios-simulator-version-min=11.0 -O2 -fembed-bitcode -I/Users/zyoung/dev/SwiftyTesseract/SwiftyTesseract/SwiftyTesseract/leptonica-1.78.0/ios/x86_64-apple-darwin/include/leptonica -I/Users/zyoung/dev/SwiftyTesseract/SwiftyTesseract/SwiftyTesseract/tesseract-4.1.0/ios/x86_64-apple-darwin/ -arch x86_64 -pipe -no-cpp-precomp -isysroot /Applications/Xcode.app/Contents/Developer/Platforms/iPhoneSimulator.platform/Developer/SDKs/iPhoneSimulator13.4.sdk -mios-simulator-version-min=11.0 -O2 -Wno-deprecated-register -std=c++17 -MT normmatch.lo -MD -MP -MF .deps/normmatch.Tpo -c ../../../../src/classify/normmatch.cpp -o normmatch.o
libtool: compile:  /Applications/Xcode.app/Contents/Developer/usr/bin/g++ --target=x86_64-apple-darwin -DHAVE_CONFIG_H -I. -I../../../../src/classify -I../.. -DNDEBUG -I../../../../src/cutil -I../../../../src/ccutil -I../../../../src/ccstruct -I../../../../src/dict -I../../../../src/viewer -I/Users/zyoung/dev/SwiftyTesseract/SwiftyTesseract/SwiftyTesseract/tesseract-4.1.0/ios/x86_64-apple-darwin/ -arch x86_64 -pipe -no-cpp-precomp -isysroot /Applications/Xcode.app/Contents/Developer/Platforms/iPhoneSimulator.platform/Developer/SDKs/iPhoneSimulator13.4.sdk -mios-simulator-version-min=11.0 -O2 -fembed-bitcode -I/Users/zyoung/dev/SwiftyTesseract/SwiftyTesseract/SwiftyTesseract/leptonica-1.78.0/ios/x86_64-apple-darwin/include/leptonica -I/Users/zyoung/dev/SwiftyTesseract/SwiftyTesseract/SwiftyTesseract/tesseract-4.1.0/ios/x86_64-apple-darwin/ -arch x86_64 -pipe -no-cpp-precomp -isysroot /Applications/Xcode.app/Contents/Developer/Platforms/iPhoneSimulator.platform/Developer/SDKs/iPhoneSimulator13.4.sdk -mios-simulator-version-min=11.0 -O2 -Wno-deprecated-register -std=c++17 -MT normfeat.lo -MD -MP -MF .deps/normfeat.Tpo -c ../../../../src/classify/normfeat.cpp -o normfeat.o
libtool: compile:  /Applications/Xcode.app/Contents/Developer/usr/bin/g++ --target=x86_64-apple-darwin -DHAVE_CONFIG_H -I. -I../../../../src/classify -I../.. -DNDEBUG -I../../../../src/cutil -I../../../../src/ccutil -I../../../../src/ccstruct -I../../../../src/dict -I../../../../src/viewer -I/Users/zyoung/dev/SwiftyTesseract/SwiftyTesseract/SwiftyTesseract/tesseract-4.1.0/ios/x86_64-apple-darwin/ -arch x86_64 -pipe -no-cpp-precomp -isysroot /Applications/Xcode.app/Contents/Developer/Platforms/iPhoneSimulator.platform/Developer/SDKs/iPhoneSimulator13.4.sdk -mios-simulator-version-min=11.0 -O2 -fembed-bitcode -I/Users/zyoung/dev/SwiftyTesseract/SwiftyTesseract/SwiftyTesseract/leptonica-1.78.0/ios/x86_64-apple-darwin/include/leptonica -I/Users/zyoung/dev/SwiftyTesseract/SwiftyTesseract/SwiftyTesseract/tesseract-4.1.0/ios/x86_64-apple-darwin/ -arch x86_64 -pipe -no-cpp-precomp -isysroot /Applications/Xcode.app/Contents/Developer/Platforms/iPhoneSimulator.platform/Developer/SDKs/iPhoneSimulator13.4.sdk -mios-simulator-version-min=11.0 -O2 -Wno-deprecated-register -std=c++17 -MT ocrfeatures.lo -MD -MP -MF .deps/ocrfeatures.Tpo -c ../../../../src/classify/ocrfeatures.cpp -o ocrfeatures.o
libtool: compile:  /Applications/Xcode.app/Contents/Developer/usr/bin/g++ --target=x86_64-apple-darwin -DHAVE_CONFIG_H -I. -I../../../../src/classify -I../.. -DNDEBUG -I../../../../src/cutil -I../../../../src/ccutil -I../../../../src/ccstruct -I../../../../src/dict -I../../../../src/viewer -I/Users/zyoung/dev/SwiftyTesseract/SwiftyTesseract/SwiftyTesseract/tesseract-4.1.0/ios/x86_64-apple-darwin/ -arch x86_64 -pipe -no-cpp-precomp -isysroot /Applications/Xcode.app/Contents/Developer/Platforms/iPhoneSimulator.platform/Developer/SDKs/iPhoneSimulator13.4.sdk -mios-simulator-version-min=11.0 -O2 -fembed-bitcode -I/Users/zyoung/dev/SwiftyTesseract/SwiftyTesseract/SwiftyTesseract/leptonica-1.78.0/ios/x86_64-apple-darwin/include/leptonica -I/Users/zyoung/dev/SwiftyTesseract/SwiftyTesseract/SwiftyTesseract/tesseract-4.1.0/ios/x86_64-apple-darwin/ -arch x86_64 -pipe -no-cpp-precomp -isysroot /Applications/Xcode.app/Contents/Developer/Platforms/iPhoneSimulator.platform/Developer/SDKs/iPhoneSimulator13.4.sdk -mios-simulator-version-min=11.0 -O2 -Wno-deprecated-register -std=c++17 -MT outfeat.lo -MD -MP -MF .deps/outfeat.Tpo -c ../../../../src/classify/outfeat.cpp -o outfeat.o
libtool: compile:  /Applications/Xcode.app/Contents/Developer/usr/bin/g++ --target=x86_64-apple-darwin -DHAVE_CONFIG_H -I. -I../../../../src/classify -I../.. -DNDEBUG -I../../../../src/cutil -I../../../../src/ccutil -I../../../../src/ccstruct -I../../../../src/dict -I../../../../src/viewer -I/Users/zyoung/dev/SwiftyTesseract/SwiftyTesseract/SwiftyTesseract/tesseract-4.1.0/ios/x86_64-apple-darwin/ -arch x86_64 -pipe -no-cpp-precomp -isysroot /Applications/Xcode.app/Contents/Developer/Platforms/iPhoneSimulator.platform/Developer/SDKs/iPhoneSimulator13.4.sdk -mios-simulator-version-min=11.0 -O2 -fembed-bitcode -I/Users/zyoung/dev/SwiftyTesseract/SwiftyTesseract/SwiftyTesseract/leptonica-1.78.0/ios/x86_64-apple-darwin/include/leptonica -I/Users/zyoung/dev/SwiftyTesseract/SwiftyTesseract/SwiftyTesseract/tesseract-4.1.0/ios/x86_64-apple-darwin/ -arch x86_64 -pipe -no-cpp-precomp -isysroot /Applications/Xcode.app/Contents/Developer/Platforms/iPhoneSimulator.platform/Developer/SDKs/iPhoneSimulator13.4.sdk -mios-simulator-version-min=11.0 -O2 -Wno-deprecated-register -std=c++17 -MT picofeat.lo -MD -MP -MF .deps/picofeat.Tpo -c ../../../../src/classify/picofeat.cpp -o picofeat.o
libtool: compile:  /Applications/Xcode.app/Contents/Developer/usr/bin/g++ --target=x86_64-apple-darwin -DHAVE_CONFIG_H -I. -I../../../../src/classify -I../.. -DNDEBUG -I../../../../src/cutil -I../../../../src/ccutil -I../../../../src/ccstruct -I../../../../src/dict -I../../../../src/viewer -I/Users/zyoung/dev/SwiftyTesseract/SwiftyTesseract/SwiftyTesseract/tesseract-4.1.0/ios/x86_64-apple-darwin/ -arch x86_64 -pipe -no-cpp-precomp -isysroot /Applications/Xcode.app/Contents/Developer/Platforms/iPhoneSimulator.platform/Developer/SDKs/iPhoneSimulator13.4.sdk -mios-simulator-version-min=11.0 -O2 -fembed-bitcode -I/Users/zyoung/dev/SwiftyTesseract/SwiftyTesseract/SwiftyTesseract/leptonica-1.78.0/ios/x86_64-apple-darwin/include/leptonica -I/Users/zyoung/dev/SwiftyTesseract/SwiftyTesseract/SwiftyTesseract/tesseract-4.1.0/ios/x86_64-apple-darwin/ -arch x86_64 -pipe -no-cpp-precomp -isysroot /Applications/Xcode.app/Contents/Developer/Platforms/iPhoneSimulator.platform/Developer/SDKs/iPhoneSimulator13.4.sdk -mios-simulator-version-min=11.0 -O2 -Wno-deprecated-register -std=c++17 -MT protos.lo -MD -MP -MF .deps/protos.Tpo -c ../../../../src/classify/protos.cpp -o protos.o
libtool: compile:  /Applications/Xcode.app/Contents/Developer/usr/bin/g++ --target=x86_64-apple-darwin -DHAVE_CONFIG_H -I. -I../../../../src/classify -I../.. -DNDEBUG -I../../../../src/cutil -I../../../../src/ccutil -I../../../../src/ccstruct -I../../../../src/dict -I../../../../src/viewer -I/Users/zyoung/dev/SwiftyTesseract/SwiftyTesseract/SwiftyTesseract/tesseract-4.1.0/ios/x86_64-apple-darwin/ -arch x86_64 -pipe -no-cpp-precomp -isysroot /Applications/Xcode.app/Contents/Developer/Platforms/iPhoneSimulator.platform/Developer/SDKs/iPhoneSimulator13.4.sdk -mios-simulator-version-min=11.0 -O2 -fembed-bitcode -I/Users/zyoung/dev/SwiftyTesseract/SwiftyTesseract/SwiftyTesseract/leptonica-1.78.0/ios/x86_64-apple-darwin/include/leptonica -I/Users/zyoung/dev/SwiftyTesseract/SwiftyTesseract/SwiftyTesseract/tesseract-4.1.0/ios/x86_64-apple-darwin/ -arch x86_64 -pipe -no-cpp-precomp -isysroot /Applications/Xcode.app/Contents/Developer/Platforms/iPhoneSimulator.platform/Developer/SDKs/iPhoneSimulator13.4.sdk -mios-simulator-version-min=11.0 -O2 -Wno-deprecated-register -std=c++17 -MT sampleiterator.lo -MD -MP -MF .deps/sampleiterator.Tpo -c ../../../../src/classify/sampleiterator.cpp -o sampleiterator.o
libtool: compile:  /Applications/Xcode.app/Contents/Developer/usr/bin/g++ --target=x86_64-apple-darwin -DHAVE_CONFIG_H -I. -I../../../../src/classify -I../.. -DNDEBUG -I../../../../src/cutil -I../../../../src/ccutil -I../../../../src/ccstruct -I../../../../src/dict -I../../../../src/viewer -I/Users/zyoung/dev/SwiftyTesseract/SwiftyTesseract/SwiftyTesseract/tesseract-4.1.0/ios/x86_64-apple-darwin/ -arch x86_64 -pipe -no-cpp-precomp -isysroot /Applications/Xcode.app/Contents/Developer/Platforms/iPhoneSimulator.platform/Developer/SDKs/iPhoneSimulator13.4.sdk -mios-simulator-version-min=11.0 -O2 -fembed-bitcode -I/Users/zyoung/dev/SwiftyTesseract/SwiftyTesseract/SwiftyTesseract/leptonica-1.78.0/ios/x86_64-apple-darwin/include/leptonica -I/Users/zyoung/dev/SwiftyTesseract/SwiftyTesseract/SwiftyTesseract/tesseract-4.1.0/ios/x86_64-apple-darwin/ -arch x86_64 -pipe -no-cpp-precomp -isysroot /Applications/Xcode.app/Contents/Developer/Platforms/iPhoneSimulator.platform/Developer/SDKs/iPhoneSimulator13.4.sdk -mios-simulator-version-min=11.0 -O2 -Wno-deprecated-register -std=c++17 -MT shapeclassifier.lo -MD -MP -MF .deps/shapeclassifier.Tpo -c ../../../../src/classify/shapeclassifier.cpp -o shapeclassifier.o
libtool: compile:  /Applications/Xcode.app/Contents/Developer/usr/bin/g++ --target=x86_64-apple-darwin -DHAVE_CONFIG_H -I. -I../../../../src/classify -I../.. -DNDEBUG -I../../../../src/cutil -I../../../../src/ccutil -I../../../../src/ccstruct -I../../../../src/dict -I../../../../src/viewer -I/Users/zyoung/dev/SwiftyTesseract/SwiftyTesseract/SwiftyTesseract/tesseract-4.1.0/ios/x86_64-apple-darwin/ -arch x86_64 -pipe -no-cpp-precomp -isysroot /Applications/Xcode.app/Contents/Developer/Platforms/iPhoneSimulator.platform/Developer/SDKs/iPhoneSimulator13.4.sdk -mios-simulator-version-min=11.0 -O2 -fembed-bitcode -I/Users/zyoung/dev/SwiftyTesseract/SwiftyTesseract/SwiftyTesseract/leptonica-1.78.0/ios/x86_64-apple-darwin/include/leptonica -I/Users/zyoung/dev/SwiftyTesseract/SwiftyTesseract/SwiftyTesseract/tesseract-4.1.0/ios/x86_64-apple-darwin/ -arch x86_64 -pipe -no-cpp-precomp -isysroot /Applications/Xcode.app/Contents/Developer/Platforms/iPhoneSimulator.platform/Developer/SDKs/iPhoneSimulator13.4.sdk -mios-simulator-version-min=11.0 -O2 -Wno-deprecated-register -std=c++17 -MT shapetable.lo -MD -MP -MF .deps/shapetable.Tpo -c ../../../../src/classify/shapetable.cpp -o shapetable.o
libtool: compile:  /Applications/Xcode.app/Contents/Developer/usr/bin/g++ --target=x86_64-apple-darwin -DHAVE_CONFIG_H -I. -I../../../../src/classify -I../.. -DNDEBUG -I../../../../src/cutil -I../../../../src/ccutil -I../../../../src/ccstruct -I../../../../src/dict -I../../../../src/viewer -I/Users/zyoung/dev/SwiftyTesseract/SwiftyTesseract/SwiftyTesseract/tesseract-4.1.0/ios/x86_64-apple-darwin/ -arch x86_64 -pipe -no-cpp-precomp -isysroot /Applications/Xcode.app/Contents/Developer/Platforms/iPhoneSimulator.platform/Developer/SDKs/iPhoneSimulator13.4.sdk -mios-simulator-version-min=11.0 -O2 -fembed-bitcode -I/Users/zyoung/dev/SwiftyTesseract/SwiftyTesseract/SwiftyTesseract/leptonica-1.78.0/ios/x86_64-apple-darwin/include/leptonica -I/Users/zyoung/dev/SwiftyTesseract/SwiftyTesseract/SwiftyTesseract/tesseract-4.1.0/ios/x86_64-apple-darwin/ -arch x86_64 -pipe -no-cpp-precomp -isysroot /Applications/Xcode.app/Contents/Developer/Platforms/iPhoneSimulator.platform/Developer/SDKs/iPhoneSimulator13.4.sdk -mios-simulator-version-min=11.0 -O2 -Wno-deprecated-register -std=c++17 -MT tessclassifier.lo -MD -MP -MF .deps/tessclassifier.Tpo -c ../../../../src/classify/tessclassifier.cpp -o tessclassifier.o
libtool: compile:  /Applications/Xcode.app/Contents/Developer/usr/bin/g++ --target=x86_64-apple-darwin -DHAVE_CONFIG_H -I. -I../../../../src/classify -I../.. -DNDEBUG -I../../../../src/cutil -I../../../../src/ccutil -I../../../../src/ccstruct -I../../../../src/dict -I../../../../src/viewer -I/Users/zyoung/dev/SwiftyTesseract/SwiftyTesseract/SwiftyTesseract/tesseract-4.1.0/ios/x86_64-apple-darwin/ -arch x86_64 -pipe -no-cpp-precomp -isysroot /Applications/Xcode.app/Contents/Developer/Platforms/iPhoneSimulator.platform/Developer/SDKs/iPhoneSimulator13.4.sdk -mios-simulator-version-min=11.0 -O2 -fembed-bitcode -I/Users/zyoung/dev/SwiftyTesseract/SwiftyTesseract/SwiftyTesseract/leptonica-1.78.0/ios/x86_64-apple-darwin/include/leptonica -I/Users/zyoung/dev/SwiftyTesseract/SwiftyTesseract/SwiftyTesseract/tesseract-4.1.0/ios/x86_64-apple-darwin/ -arch x86_64 -pipe -no-cpp-precomp -isysroot /Applications/Xcode.app/Contents/Developer/Platforms/iPhoneSimulator.platform/Developer/SDKs/iPhoneSimulator13.4.sdk -mios-simulator-version-min=11.0 -O2 -Wno-deprecated-register -std=c++17 -MT trainingsample.lo -MD -MP -MF .deps/trainingsample.Tpo -c ../../../../src/classify/trainingsample.cpp -o trainingsample.o
libtool: compile:  /Applications/Xcode.app/Contents/Developer/usr/bin/g++ --target=x86_64-apple-darwin -DHAVE_CONFIG_H -I. -I../../../../src/classify -I../.. -DNDEBUG -I../../../../src/cutil -I../../../../src/ccutil -I../../../../src/ccstruct -I../../../../src/dict -I../../../../src/viewer -I/Users/zyoung/dev/SwiftyTesseract/SwiftyTesseract/SwiftyTesseract/tesseract-4.1.0/ios/x86_64-apple-darwin/ -arch x86_64 -pipe -no-cpp-precomp -isysroot /Applications/Xcode.app/Contents/Developer/Platforms/iPhoneSimulator.platform/Developer/SDKs/iPhoneSimulator13.4.sdk -mios-simulator-version-min=11.0 -O2 -fembed-bitcode -I/Users/zyoung/dev/SwiftyTesseract/SwiftyTesseract/SwiftyTesseract/leptonica-1.78.0/ios/x86_64-apple-darwin/include/leptonica -I/Users/zyoung/dev/SwiftyTesseract/SwiftyTesseract/SwiftyTesseract/tesseract-4.1.0/ios/x86_64-apple-darwin/ -arch x86_64 -pipe -no-cpp-precomp -isysroot /Applications/Xcode.app/Contents/Developer/Platforms/iPhoneSimulator.platform/Developer/SDKs/iPhoneSimulator13.4.sdk -mios-simulator-version-min=11.0 -O2 -Wno-deprecated-register -std=c++17 -MT trainingsampleset.lo -MD -MP -MF .deps/trainingsampleset.Tpo -c ../../../../src/classify/trainingsampleset.cpp -o trainingsampleset.o
libtool: link: ar cru .libs/libtesseract_classify.a  blobclass.o classify.o adaptive.o adaptmatch.o cluster.o clusttool.o cutoffs.o errorcounter.o featdefs.o float2int.o fpoint.o intfeaturedist.o intfeaturemap.o intfeaturespace.o intfx.o intmatcher.o intproto.o kdtree.o mastertrainer.o mf.o mfdefs.o mfoutline.o mfx.o normfeat.o normmatch.o ocrfeatures.o outfeat.o picofeat.o protos.o sampleiterator.o shapeclassifier.o shapetable.o tessclassifier.o trainingsample.o trainingsampleset.o
libtool: link: ranlib .libs/libtesseract_classify.a
libtool: link: ( cd ".libs" && rm -f "libtesseract_classify.la" && ln -s "../libtesseract_classify.la" "libtesseract_classify.la" )
Making all in src/wordrec
libtool: compile:  /Applications/Xcode.app/Contents/Developer/usr/bin/g++ --target=x86_64-apple-darwin -DHAVE_CONFIG_H -I. -I../../../../src/wordrec -I../.. -DNDEBUG -I../../../../src/ccstruct -I../../../../src/ccutil -I../../../../src/cutil -I../../../../src/classify -I../../../../src/dict -I../../../../src/viewer -I/Users/zyoung/dev/SwiftyTesseract/SwiftyTesseract/SwiftyTesseract/tesseract-4.1.0/ios/x86_64-apple-darwin/ -arch x86_64 -pipe -no-cpp-precomp -isysroot /Applications/Xcode.app/Contents/Developer/Platforms/iPhoneSimulator.platform/Developer/SDKs/iPhoneSimulator13.4.sdk -mios-simulator-version-min=11.0 -O2 -fembed-bitcode -I/Users/zyoung/dev/SwiftyTesseract/SwiftyTesseract/SwiftyTesseract/leptonica-1.78.0/ios/x86_64-apple-darwin/include/leptonica -I/Users/zyoung/dev/SwiftyTesseract/SwiftyTesseract/SwiftyTesseract/tesseract-4.1.0/ios/x86_64-apple-darwin/ -arch x86_64 -pipe -no-cpp-precomp -isysroot /Applications/Xcode.app/Contents/Developer/Platforms/iPhoneSimulator.platform/Developer/SDKs/iPhoneSimulator13.4.sdk -mios-simulator-version-min=11.0 -O2 -Wno-deprecated-register -std=c++17 -MT tface.lo -MD -MP -MF .deps/tface.Tpo -c ../../../../src/wordrec/tface.cpp -o tface.o
libtool: compile:  /Applications/Xcode.app/Contents/Developer/usr/bin/g++ --target=x86_64-apple-darwin -DHAVE_CONFIG_H -I. -I../../../../src/wordrec -I../.. -DNDEBUG -I../../../../src/ccstruct -I../../../../src/ccutil -I../../../../src/cutil -I../../../../src/classify -I../../../../src/dict -I../../../../src/viewer -I/Users/zyoung/dev/SwiftyTesseract/SwiftyTesseract/SwiftyTesseract/tesseract-4.1.0/ios/x86_64-apple-darwin/ -arch x86_64 -pipe -no-cpp-precomp -isysroot /Applications/Xcode.app/Contents/Developer/Platforms/iPhoneSimulator.platform/Developer/SDKs/iPhoneSimulator13.4.sdk -mios-simulator-version-min=11.0 -O2 -fembed-bitcode -I/Users/zyoung/dev/SwiftyTesseract/SwiftyTesseract/SwiftyTesseract/leptonica-1.78.0/ios/x86_64-apple-darwin/include/leptonica -I/Users/zyoung/dev/SwiftyTesseract/SwiftyTesseract/SwiftyTesseract/tesseract-4.1.0/ios/x86_64-apple-darwin/ -arch x86_64 -pipe -no-cpp-precomp -isysroot /Applications/Xcode.app/Contents/Developer/Platforms/iPhoneSimulator.platform/Developer/SDKs/iPhoneSimulator13.4.sdk -mios-simulator-version-min=11.0 -O2 -Wno-deprecated-register -std=c++17 -MT associate.lo -MD -MP -MF .deps/associate.Tpo -c ../../../../src/wordrec/associate.cpp -o associate.o
libtool: compile:  /Applications/Xcode.app/Contents/Developer/usr/bin/g++ --target=x86_64-apple-darwin -DHAVE_CONFIG_H -I. -I../../../../src/wordrec -I../.. -DNDEBUG -I../../../../src/ccstruct -I../../../../src/ccutil -I../../../../src/cutil -I../../../../src/classify -I../../../../src/dict -I../../../../src/viewer -I/Users/zyoung/dev/SwiftyTesseract/SwiftyTesseract/SwiftyTesseract/tesseract-4.1.0/ios/x86_64-apple-darwin/ -arch x86_64 -pipe -no-cpp-precomp -isysroot /Applications/Xcode.app/Contents/Developer/Platforms/iPhoneSimulator.platform/Developer/SDKs/iPhoneSimulator13.4.sdk -mios-simulator-version-min=11.0 -O2 -fembed-bitcode -I/Users/zyoung/dev/SwiftyTesseract/SwiftyTesseract/SwiftyTesseract/leptonica-1.78.0/ios/x86_64-apple-darwin/include/leptonica -I/Users/zyoung/dev/SwiftyTesseract/SwiftyTesseract/SwiftyTesseract/tesseract-4.1.0/ios/x86_64-apple-darwin/ -arch x86_64 -pipe -no-cpp-precomp -isysroot /Applications/Xcode.app/Contents/Developer/Platforms/iPhoneSimulator.platform/Developer/SDKs/iPhoneSimulator13.4.sdk -mios-simulator-version-min=11.0 -O2 -Wno-deprecated-register -std=c++17 -MT gradechop.lo -MD -MP -MF .deps/gradechop.Tpo -c ../../../../src/wordrec/gradechop.cpp -o gradechop.o
libtool: compile:  /Applications/Xcode.app/Contents/Developer/usr/bin/g++ --target=x86_64-apple-darwin -DHAVE_CONFIG_H -I. -I../../../../src/wordrec -I../.. -DNDEBUG -I../../../../src/ccstruct -I../../../../src/ccutil -I../../../../src/cutil -I../../../../src/classify -I../../../../src/dict -I../../../../src/viewer -I/Users/zyoung/dev/SwiftyTesseract/SwiftyTesseract/SwiftyTesseract/tesseract-4.1.0/ios/x86_64-apple-darwin/ -arch x86_64 -pipe -no-cpp-precomp -isysroot /Applications/Xcode.app/Contents/Developer/Platforms/iPhoneSimulator.platform/Developer/SDKs/iPhoneSimulator13.4.sdk -mios-simulator-version-min=11.0 -O2 -fembed-bitcode -I/Users/zyoung/dev/SwiftyTesseract/SwiftyTesseract/SwiftyTesseract/leptonica-1.78.0/ios/x86_64-apple-darwin/include/leptonica -I/Users/zyoung/dev/SwiftyTesseract/SwiftyTesseract/SwiftyTesseract/tesseract-4.1.0/ios/x86_64-apple-darwin/ -arch x86_64 -pipe -no-cpp-precomp -isysroot /Applications/Xcode.app/Contents/Developer/Platforms/iPhoneSimulator.platform/Developer/SDKs/iPhoneSimulator13.4.sdk -mios-simulator-version-min=11.0 -O2 -Wno-deprecated-register -std=c++17 -MT wordrec.lo -MD -MP -MF .deps/wordrec.Tpo -c ../../../../src/wordrec/wordrec.cpp -o wordrec.o
libtool: compile:  /Applications/Xcode.app/Contents/Developer/usr/bin/g++ --target=x86_64-apple-darwin -DHAVE_CONFIG_H -I. -I../../../../src/wordrec -I../.. -DNDEBUG -I../../../../src/ccstruct -I../../../../src/ccutil -I../../../../src/cutil -I../../../../src/classify -I../../../../src/dict -I../../../../src/viewer -I/Users/zyoung/dev/SwiftyTesseract/SwiftyTesseract/SwiftyTesseract/tesseract-4.1.0/ios/x86_64-apple-darwin/ -arch x86_64 -pipe -no-cpp-precomp -isysroot /Applications/Xcode.app/Contents/Developer/Platforms/iPhoneSimulator.platform/Developer/SDKs/iPhoneSimulator13.4.sdk -mios-simulator-version-min=11.0 -O2 -fembed-bitcode -I/Users/zyoung/dev/SwiftyTesseract/SwiftyTesseract/SwiftyTesseract/leptonica-1.78.0/ios/x86_64-apple-darwin/include/leptonica -I/Users/zyoung/dev/SwiftyTesseract/SwiftyTesseract/SwiftyTesseract/tesseract-4.1.0/ios/x86_64-apple-darwin/ -arch x86_64 -pipe -no-cpp-precomp -isysroot /Applications/Xcode.app/Contents/Developer/Platforms/iPhoneSimulator.platform/Developer/SDKs/iPhoneSimulator13.4.sdk -mios-simulator-version-min=11.0 -O2 -Wno-deprecated-register -std=c++17 -MT chopper.lo -MD -MP -MF .deps/chopper.Tpo -c ../../../../src/wordrec/chopper.cpp -o chopper.o
libtool: compile:  /Applications/Xcode.app/Contents/Developer/usr/bin/g++ --target=x86_64-apple-darwin -DHAVE_CONFIG_H -I. -I../../../../src/wordrec -I../.. -DNDEBUG -I../../../../src/ccstruct -I../../../../src/ccutil -I../../../../src/cutil -I../../../../src/classify -I../../../../src/dict -I../../../../src/viewer -I/Users/zyoung/dev/SwiftyTesseract/SwiftyTesseract/SwiftyTesseract/tesseract-4.1.0/ios/x86_64-apple-darwin/ -arch x86_64 -pipe -no-cpp-precomp -isysroot /Applications/Xcode.app/Contents/Developer/Platforms/iPhoneSimulator.platform/Developer/SDKs/iPhoneSimulator13.4.sdk -mios-simulator-version-min=11.0 -O2 -fembed-bitcode -I/Users/zyoung/dev/SwiftyTesseract/SwiftyTesseract/SwiftyTesseract/leptonica-1.78.0/ios/x86_64-apple-darwin/include/leptonica -I/Users/zyoung/dev/SwiftyTesseract/SwiftyTesseract/SwiftyTesseract/tesseract-4.1.0/ios/x86_64-apple-darwin/ -arch x86_64 -pipe -no-cpp-precomp -isysroot /Applications/Xcode.app/Contents/Developer/Platforms/iPhoneSimulator.platform/Developer/SDKs/iPhoneSimulator13.4.sdk -mios-simulator-version-min=11.0 -O2 -Wno-deprecated-register -std=c++17 -MT chop.lo -MD -MP -MF .deps/chop.Tpo -c ../../../../src/wordrec/chop.cpp -o chop.o
libtool: compile:  /Applications/Xcode.app/Contents/Developer/usr/bin/g++ --target=x86_64-apple-darwin -DHAVE_CONFIG_H -I. -I../../../../src/wordrec -I../.. -DNDEBUG -I../../../../src/ccstruct -I../../../../src/ccutil -I../../../../src/cutil -I../../../../src/classify -I../../../../src/dict -I../../../../src/viewer -I/Users/zyoung/dev/SwiftyTesseract/SwiftyTesseract/SwiftyTesseract/tesseract-4.1.0/ios/x86_64-apple-darwin/ -arch x86_64 -pipe -no-cpp-precomp -isysroot /Applications/Xcode.app/Contents/Developer/Platforms/iPhoneSimulator.platform/Developer/SDKs/iPhoneSimulator13.4.sdk -mios-simulator-version-min=11.0 -O2 -fembed-bitcode -I/Users/zyoung/dev/SwiftyTesseract/SwiftyTesseract/SwiftyTesseract/leptonica-1.78.0/ios/x86_64-apple-darwin/include/leptonica -I/Users/zyoung/dev/SwiftyTesseract/SwiftyTesseract/SwiftyTesseract/tesseract-4.1.0/ios/x86_64-apple-darwin/ -arch x86_64 -pipe -no-cpp-precomp -isysroot /Applications/Xcode.app/Contents/Developer/Platforms/iPhoneSimulator.platform/Developer/SDKs/iPhoneSimulator13.4.sdk -mios-simulator-version-min=11.0 -O2 -Wno-deprecated-register -std=c++17 -MT drawfx.lo -MD -MP -MF .deps/drawfx.Tpo -c ../../../../src/wordrec/drawfx.cpp -o drawfx.o
libtool: compile:  /Applications/Xcode.app/Contents/Developer/usr/bin/g++ --target=x86_64-apple-darwin -DHAVE_CONFIG_H -I. -I../../../../src/wordrec -I../.. -DNDEBUG -I../../../../src/ccstruct -I../../../../src/ccutil -I../../../../src/cutil -I../../../../src/classify -I../../../../src/dict -I../../../../src/viewer -I/Users/zyoung/dev/SwiftyTesseract/SwiftyTesseract/SwiftyTesseract/tesseract-4.1.0/ios/x86_64-apple-darwin/ -arch x86_64 -pipe -no-cpp-precomp -isysroot /Applications/Xcode.app/Contents/Developer/Platforms/iPhoneSimulator.platform/Developer/SDKs/iPhoneSimulator13.4.sdk -mios-simulator-version-min=11.0 -O2 -fembed-bitcode -I/Users/zyoung/dev/SwiftyTesseract/SwiftyTesseract/SwiftyTesseract/leptonica-1.78.0/ios/x86_64-apple-darwin/include/leptonica -I/Users/zyoung/dev/SwiftyTesseract/SwiftyTesseract/SwiftyTesseract/tesseract-4.1.0/ios/x86_64-apple-darwin/ -arch x86_64 -pipe -no-cpp-precomp -isysroot /Applications/Xcode.app/Contents/Developer/Platforms/iPhoneSimulator.platform/Developer/SDKs/iPhoneSimulator13.4.sdk -mios-simulator-version-min=11.0 -O2 -Wno-deprecated-register -std=c++17 -MT findseam.lo -MD -MP -MF .deps/findseam.Tpo -c ../../../../src/wordrec/findseam.cpp -o findseam.o
libtool: compile:  /Applications/Xcode.app/Contents/Developer/usr/bin/g++ --target=x86_64-apple-darwin -DHAVE_CONFIG_H -I. -I../../../../src/wordrec -I../.. -DNDEBUG -I../../../../src/ccstruct -I../../../../src/ccutil -I../../../../src/cutil -I../../../../src/classify -I../../../../src/dict -I../../../../src/viewer -I/Users/zyoung/dev/SwiftyTesseract/SwiftyTesseract/SwiftyTesseract/tesseract-4.1.0/ios/x86_64-apple-darwin/ -arch x86_64 -pipe -no-cpp-precomp -isysroot /Applications/Xcode.app/Contents/Developer/Platforms/iPhoneSimulator.platform/Developer/SDKs/iPhoneSimulator13.4.sdk -mios-simulator-version-min=11.0 -O2 -fembed-bitcode -I/Users/zyoung/dev/SwiftyTesseract/SwiftyTesseract/SwiftyTesseract/leptonica-1.78.0/ios/x86_64-apple-darwin/include/leptonica -I/Users/zyoung/dev/SwiftyTesseract/SwiftyTesseract/SwiftyTesseract/tesseract-4.1.0/ios/x86_64-apple-darwin/ -arch x86_64 -pipe -no-cpp-precomp -isysroot /Applications/Xcode.app/Contents/Developer/Platforms/iPhoneSimulator.platform/Developer/SDKs/iPhoneSimulator13.4.sdk -mios-simulator-version-min=11.0 -O2 -Wno-deprecated-register -std=c++17 -MT language_model.lo -MD -MP -MF .deps/language_model.Tpo -c ../../../../src/wordrec/language_model.cpp -o language_model.o
libtool: compile:  /Applications/Xcode.app/Contents/Developer/usr/bin/g++ --target=x86_64-apple-darwin -DHAVE_CONFIG_H -I. -I../../../../src/wordrec -I../.. -DNDEBUG -I../../../../src/ccstruct -I../../../../src/ccutil -I../../../../src/cutil -I../../../../src/classify -I../../../../src/dict -I../../../../src/viewer -I/Users/zyoung/dev/SwiftyTesseract/SwiftyTesseract/SwiftyTesseract/tesseract-4.1.0/ios/x86_64-apple-darwin/ -arch x86_64 -pipe -no-cpp-precomp -isysroot /Applications/Xcode.app/Contents/Developer/Platforms/iPhoneSimulator.platform/Developer/SDKs/iPhoneSimulator13.4.sdk -mios-simulator-version-min=11.0 -O2 -fembed-bitcode -I/Users/zyoung/dev/SwiftyTesseract/SwiftyTesseract/SwiftyTesseract/leptonica-1.78.0/ios/x86_64-apple-darwin/include/leptonica -I/Users/zyoung/dev/SwiftyTesseract/SwiftyTesseract/SwiftyTesseract/tesseract-4.1.0/ios/x86_64-apple-darwin/ -arch x86_64 -pipe -no-cpp-precomp -isysroot /Applications/Xcode.app/Contents/Developer/Platforms/iPhoneSimulator.platform/Developer/SDKs/iPhoneSimulator13.4.sdk -mios-simulator-version-min=11.0 -O2 -Wno-deprecated-register -std=c++17 -MT lm_consistency.lo -MD -MP -MF .deps/lm_consistency.Tpo -c ../../../../src/wordrec/lm_consistency.cpp -o lm_consistency.o
libtool: compile:  /Applications/Xcode.app/Contents/Developer/usr/bin/g++ --target=x86_64-apple-darwin -DHAVE_CONFIG_H -I. -I../../../../src/wordrec -I../.. -DNDEBUG -I../../../../src/ccstruct -I../../../../src/ccutil -I../../../../src/cutil -I../../../../src/classify -I../../../../src/dict -I../../../../src/viewer -I/Users/zyoung/dev/SwiftyTesseract/SwiftyTesseract/SwiftyTesseract/tesseract-4.1.0/ios/x86_64-apple-darwin/ -arch x86_64 -pipe -no-cpp-precomp -isysroot /Applications/Xcode.app/Contents/Developer/Platforms/iPhoneSimulator.platform/Developer/SDKs/iPhoneSimulator13.4.sdk -mios-simulator-version-min=11.0 -O2 -fembed-bitcode -I/Users/zyoung/dev/SwiftyTesseract/SwiftyTesseract/SwiftyTesseract/leptonica-1.78.0/ios/x86_64-apple-darwin/include/leptonica -I/Users/zyoung/dev/SwiftyTesseract/SwiftyTesseract/SwiftyTesseract/tesseract-4.1.0/ios/x86_64-apple-darwin/ -arch x86_64 -pipe -no-cpp-precomp -isysroot /Applications/Xcode.app/Contents/Developer/Platforms/iPhoneSimulator.platform/Developer/SDKs/iPhoneSimulator13.4.sdk -mios-simulator-version-min=11.0 -O2 -Wno-deprecated-register -std=c++17 -MT lm_pain_points.lo -MD -MP -MF .deps/lm_pain_points.Tpo -c ../../../../src/wordrec/lm_pain_points.cpp -o lm_pain_points.o
libtool: compile:  /Applications/Xcode.app/Contents/Developer/usr/bin/g++ --target=x86_64-apple-darwin -DHAVE_CONFIG_H -I. -I../../../../src/wordrec -I../.. -DNDEBUG -I../../../../src/ccstruct -I../../../../src/ccutil -I../../../../src/cutil -I../../../../src/classify -I../../../../src/dict -I../../../../src/viewer -I/Users/zyoung/dev/SwiftyTesseract/SwiftyTesseract/SwiftyTesseract/tesseract-4.1.0/ios/x86_64-apple-darwin/ -arch x86_64 -pipe -no-cpp-precomp -isysroot /Applications/Xcode.app/Contents/Developer/Platforms/iPhoneSimulator.platform/Developer/SDKs/iPhoneSimulator13.4.sdk -mios-simulator-version-min=11.0 -O2 -fembed-bitcode -I/Users/zyoung/dev/SwiftyTesseract/SwiftyTesseract/SwiftyTesseract/leptonica-1.78.0/ios/x86_64-apple-darwin/include/leptonica -I/Users/zyoung/dev/SwiftyTesseract/SwiftyTesseract/SwiftyTesseract/tesseract-4.1.0/ios/x86_64-apple-darwin/ -arch x86_64 -pipe -no-cpp-precomp -isysroot /Applications/Xcode.app/Contents/Developer/Platforms/iPhoneSimulator.platform/Developer/SDKs/iPhoneSimulator13.4.sdk -mios-simulator-version-min=11.0 -O2 -Wno-deprecated-register -std=c++17 -MT outlines.lo -MD -MP -MF .deps/outlines.Tpo -c ../../../../src/wordrec/outlines.cpp -o outlines.o
libtool: compile:  /Applications/Xcode.app/Contents/Developer/usr/bin/g++ --target=x86_64-apple-darwin -DHAVE_CONFIG_H -I. -I../../../../src/wordrec -I../.. -DNDEBUG -I../../../../src/ccstruct -I../../../../src/ccutil -I../../../../src/cutil -I../../../../src/classify -I../../../../src/dict -I../../../../src/viewer -I/Users/zyoung/dev/SwiftyTesseract/SwiftyTesseract/SwiftyTesseract/tesseract-4.1.0/ios/x86_64-apple-darwin/ -arch x86_64 -pipe -no-cpp-precomp -isysroot /Applications/Xcode.app/Contents/Developer/Platforms/iPhoneSimulator.platform/Developer/SDKs/iPhoneSimulator13.4.sdk -mios-simulator-version-min=11.0 -O2 -fembed-bitcode -I/Users/zyoung/dev/SwiftyTesseract/SwiftyTesseract/SwiftyTesseract/leptonica-1.78.0/ios/x86_64-apple-darwin/include/leptonica -I/Users/zyoung/dev/SwiftyTesseract/SwiftyTesseract/SwiftyTesseract/tesseract-4.1.0/ios/x86_64-apple-darwin/ -arch x86_64 -pipe -no-cpp-precomp -isysroot /Applications/Xcode.app/Contents/Developer/Platforms/iPhoneSimulator.platform/Developer/SDKs/iPhoneSimulator13.4.sdk -mios-simulator-version-min=11.0 -O2 -Wno-deprecated-register -std=c++17 -MT lm_state.lo -MD -MP -MF .deps/lm_state.Tpo -c ../../../../src/wordrec/lm_state.cpp -o lm_state.o
libtool: compile:  /Applications/Xcode.app/Contents/Developer/usr/bin/g++ --target=x86_64-apple-darwin -DHAVE_CONFIG_H -I. -I../../../../src/wordrec -I../.. -DNDEBUG -I../../../../src/ccstruct -I../../../../src/ccutil -I../../../../src/cutil -I../../../../src/classify -I../../../../src/dict -I../../../../src/viewer -I/Users/zyoung/dev/SwiftyTesseract/SwiftyTesseract/SwiftyTesseract/tesseract-4.1.0/ios/x86_64-apple-darwin/ -arch x86_64 -pipe -no-cpp-precomp -isysroot /Applications/Xcode.app/Contents/Developer/Platforms/iPhoneSimulator.platform/Developer/SDKs/iPhoneSimulator13.4.sdk -mios-simulator-version-min=11.0 -O2 -fembed-bitcode -I/Users/zyoung/dev/SwiftyTesseract/SwiftyTesseract/SwiftyTesseract/leptonica-1.78.0/ios/x86_64-apple-darwin/include/leptonica -I/Users/zyoung/dev/SwiftyTesseract/SwiftyTesseract/SwiftyTesseract/tesseract-4.1.0/ios/x86_64-apple-darwin/ -arch x86_64 -pipe -no-cpp-precomp -isysroot /Applications/Xcode.app/Contents/Developer/Platforms/iPhoneSimulator.platform/Developer/SDKs/iPhoneSimulator13.4.sdk -mios-simulator-version-min=11.0 -O2 -Wno-deprecated-register -std=c++17 -MT params_model.lo -MD -MP -MF .deps/params_model.Tpo -c ../../../../src/wordrec/params_model.cpp -o params_model.o
libtool: compile:  /Applications/Xcode.app/Contents/Developer/usr/bin/g++ --target=x86_64-apple-darwin -DHAVE_CONFIG_H -I. -I../../../../src/wordrec -I../.. -DNDEBUG -I../../../../src/ccstruct -I../../../../src/ccutil -I../../../../src/cutil -I../../../../src/classify -I../../../../src/dict -I../../../../src/viewer -I/Users/zyoung/dev/SwiftyTesseract/SwiftyTesseract/SwiftyTesseract/tesseract-4.1.0/ios/x86_64-apple-darwin/ -arch x86_64 -pipe -no-cpp-precomp -isysroot /Applications/Xcode.app/Contents/Developer/Platforms/iPhoneSimulator.platform/Developer/SDKs/iPhoneSimulator13.4.sdk -mios-simulator-version-min=11.0 -O2 -fembed-bitcode -I/Users/zyoung/dev/SwiftyTesseract/SwiftyTesseract/SwiftyTesseract/leptonica-1.78.0/ios/x86_64-apple-darwin/include/leptonica -I/Users/zyoung/dev/SwiftyTesseract/SwiftyTesseract/SwiftyTesseract/tesseract-4.1.0/ios/x86_64-apple-darwin/ -arch x86_64 -pipe -no-cpp-precomp -isysroot /Applications/Xcode.app/Contents/Developer/Platforms/iPhoneSimulator.platform/Developer/SDKs/iPhoneSimulator13.4.sdk -mios-simulator-version-min=11.0 -O2 -Wno-deprecated-register -std=c++17 -MT pieces.lo -MD -MP -MF .deps/pieces.Tpo -c ../../../../src/wordrec/pieces.cpp -o pieces.o
libtool: compile:  /Applications/Xcode.app/Contents/Developer/usr/bin/g++ --target=x86_64-apple-darwin -DHAVE_CONFIG_H -I. -I../../../../src/wordrec -I../.. -DNDEBUG -I../../../../src/ccstruct -I../../../../src/ccutil -I../../../../src/cutil -I../../../../src/classify -I../../../../src/dict -I../../../../src/viewer -I/Users/zyoung/dev/SwiftyTesseract/SwiftyTesseract/SwiftyTesseract/tesseract-4.1.0/ios/x86_64-apple-darwin/ -arch x86_64 -pipe -no-cpp-precomp -isysroot /Applications/Xcode.app/Contents/Developer/Platforms/iPhoneSimulator.platform/Developer/SDKs/iPhoneSimulator13.4.sdk -mios-simulator-version-min=11.0 -O2 -fembed-bitcode -I/Users/zyoung/dev/SwiftyTesseract/SwiftyTesseract/SwiftyTesseract/leptonica-1.78.0/ios/x86_64-apple-darwin/include/leptonica -I/Users/zyoung/dev/SwiftyTesseract/SwiftyTesseract/SwiftyTesseract/tesseract-4.1.0/ios/x86_64-apple-darwin/ -arch x86_64 -pipe -no-cpp-precomp -isysroot /Applications/Xcode.app/Contents/Developer/Platforms/iPhoneSimulator.platform/Developer/SDKs/iPhoneSimulator13.4.sdk -mios-simulator-version-min=11.0 -O2 -Wno-deprecated-register -std=c++17 -MT plotedges.lo -MD -MP -MF .deps/plotedges.Tpo -c ../../../../src/wordrec/plotedges.cpp -o plotedges.o
libtool: compile:  /Applications/Xcode.app/Contents/Developer/usr/bin/g++ --target=x86_64-apple-darwin -DHAVE_CONFIG_H -I. -I../../../../src/wordrec -I../.. -DNDEBUG -I../../../../src/ccstruct -I../../../../src/ccutil -I../../../../src/cutil -I../../../../src/classify -I../../../../src/dict -I../../../../src/viewer -I/Users/zyoung/dev/SwiftyTesseract/SwiftyTesseract/SwiftyTesseract/tesseract-4.1.0/ios/x86_64-apple-darwin/ -arch x86_64 -pipe -no-cpp-precomp -isysroot /Applications/Xcode.app/Contents/Developer/Platforms/iPhoneSimulator.platform/Developer/SDKs/iPhoneSimulator13.4.sdk -mios-simulator-version-min=11.0 -O2 -fembed-bitcode -I/Users/zyoung/dev/SwiftyTesseract/SwiftyTesseract/SwiftyTesseract/leptonica-1.78.0/ios/x86_64-apple-darwin/include/leptonica -I/Users/zyoung/dev/SwiftyTesseract/SwiftyTesseract/SwiftyTesseract/tesseract-4.1.0/ios/x86_64-apple-darwin/ -arch x86_64 -pipe -no-cpp-precomp -isysroot /Applications/Xcode.app/Contents/Developer/Platforms/iPhoneSimulator.platform/Developer/SDKs/iPhoneSimulator13.4.sdk -mios-simulator-version-min=11.0 -O2 -Wno-deprecated-register -std=c++17 -MT render.lo -MD -MP -MF .deps/render.Tpo -c ../../../../src/wordrec/render.cpp -o render.o
libtool: compile:  /Applications/Xcode.app/Contents/Developer/usr/bin/g++ --target=x86_64-apple-darwin -DHAVE_CONFIG_H -I. -I../../../../src/wordrec -I../.. -DNDEBUG -I../../../../src/ccstruct -I../../../../src/ccutil -I../../../../src/cutil -I../../../../src/classify -I../../../../src/dict -I../../../../src/viewer -I/Users/zyoung/dev/SwiftyTesseract/SwiftyTesseract/SwiftyTesseract/tesseract-4.1.0/ios/x86_64-apple-darwin/ -arch x86_64 -pipe -no-cpp-precomp -isysroot /Applications/Xcode.app/Contents/Developer/Platforms/iPhoneSimulator.platform/Developer/SDKs/iPhoneSimulator13.4.sdk -mios-simulator-version-min=11.0 -O2 -fembed-bitcode -I/Users/zyoung/dev/SwiftyTesseract/SwiftyTesseract/SwiftyTesseract/leptonica-1.78.0/ios/x86_64-apple-darwin/include/leptonica -I/Users/zyoung/dev/SwiftyTesseract/SwiftyTesseract/SwiftyTesseract/tesseract-4.1.0/ios/x86_64-apple-darwin/ -arch x86_64 -pipe -no-cpp-precomp -isysroot /Applications/Xcode.app/Contents/Developer/Platforms/iPhoneSimulator.platform/Developer/SDKs/iPhoneSimulator13.4.sdk -mios-simulator-version-min=11.0 -O2 -Wno-deprecated-register -std=c++17 -MT segsearch.lo -MD -MP -MF .deps/segsearch.Tpo -c ../../../../src/wordrec/segsearch.cpp -o segsearch.o
libtool: compile:  /Applications/Xcode.app/Contents/Developer/usr/bin/g++ --target=x86_64-apple-darwin -DHAVE_CONFIG_H -I. -I../../../../src/wordrec -I../.. -DNDEBUG -I../../../../src/ccstruct -I../../../../src/ccutil -I../../../../src/cutil -I../../../../src/classify -I../../../../src/dict -I../../../../src/viewer -I/Users/zyoung/dev/SwiftyTesseract/SwiftyTesseract/SwiftyTesseract/tesseract-4.1.0/ios/x86_64-apple-darwin/ -arch x86_64 -pipe -no-cpp-precomp -isysroot /Applications/Xcode.app/Contents/Developer/Platforms/iPhoneSimulator.platform/Developer/SDKs/iPhoneSimulator13.4.sdk -mios-simulator-version-min=11.0 -O2 -fembed-bitcode -I/Users/zyoung/dev/SwiftyTesseract/SwiftyTesseract/SwiftyTesseract/leptonica-1.78.0/ios/x86_64-apple-darwin/include/leptonica -I/Users/zyoung/dev/SwiftyTesseract/SwiftyTesseract/SwiftyTesseract/tesseract-4.1.0/ios/x86_64-apple-darwin/ -arch x86_64 -pipe -no-cpp-precomp -isysroot /Applications/Xcode.app/Contents/Developer/Platforms/iPhoneSimulator.platform/Developer/SDKs/iPhoneSimulator13.4.sdk -mios-simulator-version-min=11.0 -O2 -Wno-deprecated-register -std=c++17 -MT wordclass.lo -MD -MP -MF .deps/wordclass.Tpo -c ../../../../src/wordrec/wordclass.cpp -o wordclass.o
libtool: link: ar cru .libs/libtesseract_wordrec.a  tface.o wordrec.o associate.o chop.o chopper.o drawfx.o findseam.o gradechop.o language_model.o lm_consistency.o lm_pain_points.o lm_state.o outlines.o params_model.o pieces.o plotedges.o render.o segsearch.o wordclass.o
libtool: link: ranlib .libs/libtesseract_wordrec.a
libtool: link: ( cd ".libs" && rm -f "libtesseract_wordrec.la" && ln -s "../libtesseract_wordrec.la" "libtesseract_wordrec.la" )
Making all in src/textord
libtool: compile:  /Applications/Xcode.app/Contents/Developer/usr/bin/g++ --target=x86_64-apple-darwin -DHAVE_CONFIG_H -I. -I../../../../src/textord -I../.. -DNDEBUG -I../../../../src/ccstruct -I../../../../src/ccutil -I../../../../src/viewer -I../../../../src/ccmain -I../../../../src/wordrec -I../../../../src/api -I../../../../src/cutil -I../../../../src/classify -I../../../../src/dict -I../../../../src/opencl -I/Users/zyoung/dev/SwiftyTesseract/SwiftyTesseract/SwiftyTesseract/tesseract-4.1.0/ios/x86_64-apple-darwin/ -arch x86_64 -pipe -no-cpp-precomp -isysroot /Applications/Xcode.app/Contents/Developer/Platforms/iPhoneSimulator.platform/Developer/SDKs/iPhoneSimulator13.4.sdk -mios-simulator-version-min=11.0 -O2 -fembed-bitcode -I/Users/zyoung/dev/SwiftyTesseract/SwiftyTesseract/SwiftyTesseract/leptonica-1.78.0/ios/x86_64-apple-darwin/include/leptonica -I/Users/zyoung/dev/SwiftyTesseract/SwiftyTesseract/SwiftyTesseract/tesseract-4.1.0/ios/x86_64-apple-darwin/ -arch x86_64 -pipe -no-cpp-precomp -isysroot /Applications/Xcode.app/Contents/Developer/Platforms/iPhoneSimulator.platform/Developer/SDKs/iPhoneSimulator13.4.sdk -mios-simulator-version-min=11.0 -O2 -Wno-deprecated-register -std=c++17 -MT bbgrid.lo -MD -MP -MF .deps/bbgrid.Tpo -c ../../../../src/textord/bbgrid.cpp -o bbgrid.o
libtool: compile:  /Applications/Xcode.app/Contents/Developer/usr/bin/g++ --target=x86_64-apple-darwin -DHAVE_CONFIG_H -I. -I../../../../src/textord -I../.. -DNDEBUG -I../../../../src/ccstruct -I../../../../src/ccutil -I../../../../src/viewer -I../../../../src/ccmain -I../../../../src/wordrec -I../../../../src/api -I../../../../src/cutil -I../../../../src/classify -I../../../../src/dict -I../../../../src/opencl -I/Users/zyoung/dev/SwiftyTesseract/SwiftyTesseract/SwiftyTesseract/tesseract-4.1.0/ios/x86_64-apple-darwin/ -arch x86_64 -pipe -no-cpp-precomp -isysroot /Applications/Xcode.app/Contents/Developer/Platforms/iPhoneSimulator.platform/Developer/SDKs/iPhoneSimulator13.4.sdk -mios-simulator-version-min=11.0 -O2 -fembed-bitcode -I/Users/zyoung/dev/SwiftyTesseract/SwiftyTesseract/SwiftyTesseract/leptonica-1.78.0/ios/x86_64-apple-darwin/include/leptonica -I/Users/zyoung/dev/SwiftyTesseract/SwiftyTesseract/SwiftyTesseract/tesseract-4.1.0/ios/x86_64-apple-darwin/ -arch x86_64 -pipe -no-cpp-precomp -isysroot /Applications/Xcode.app/Contents/Developer/Platforms/iPhoneSimulator.platform/Developer/SDKs/iPhoneSimulator13.4.sdk -mios-simulator-version-min=11.0 -O2 -Wno-deprecated-register -std=c++17 -MT ccnontextdetect.lo -MD -MP -MF .deps/ccnontextdetect.Tpo -c ../../../../src/textord/ccnontextdetect.cpp -o ccnontextdetect.o
libtool: compile:  /Applications/Xcode.app/Contents/Developer/usr/bin/g++ --target=x86_64-apple-darwin -DHAVE_CONFIG_H -I. -I../../../../src/textord -I../.. -DNDEBUG -I../../../../src/ccstruct -I../../../../src/ccutil -I../../../../src/viewer -I../../../../src/ccmain -I../../../../src/wordrec -I../../../../src/api -I../../../../src/cutil -I../../../../src/classify -I../../../../src/dict -I../../../../src/opencl -I/Users/zyoung/dev/SwiftyTesseract/SwiftyTesseract/SwiftyTesseract/tesseract-4.1.0/ios/x86_64-apple-darwin/ -arch x86_64 -pipe -no-cpp-precomp -isysroot /Applications/Xcode.app/Contents/Developer/Platforms/iPhoneSimulator.platform/Developer/SDKs/iPhoneSimulator13.4.sdk -mios-simulator-version-min=11.0 -O2 -fembed-bitcode -I/Users/zyoung/dev/SwiftyTesseract/SwiftyTesseract/SwiftyTesseract/leptonica-1.78.0/ios/x86_64-apple-darwin/include/leptonica -I/Users/zyoung/dev/SwiftyTesseract/SwiftyTesseract/SwiftyTesseract/tesseract-4.1.0/ios/x86_64-apple-darwin/ -arch x86_64 -pipe -no-cpp-precomp -isysroot /Applications/Xcode.app/Contents/Developer/Platforms/iPhoneSimulator.platform/Developer/SDKs/iPhoneSimulator13.4.sdk -mios-simulator-version-min=11.0 -O2 -Wno-deprecated-register -std=c++17 -MT blkocc.lo -MD -MP -MF .deps/blkocc.Tpo -c ../../../../src/textord/blkocc.cpp -o blkocc.o
libtool: compile:  /Applications/Xcode.app/Contents/Developer/usr/bin/g++ --target=x86_64-apple-darwin -DHAVE_CONFIG_H -I. -I../../../../src/textord -I../.. -DNDEBUG -I../../../../src/ccstruct -I../../../../src/ccutil -I../../../../src/viewer -I../../../../src/ccmain -I../../../../src/wordrec -I../../../../src/api -I../../../../src/cutil -I../../../../src/classify -I../../../../src/dict -I../../../../src/opencl -I/Users/zyoung/dev/SwiftyTesseract/SwiftyTesseract/SwiftyTesseract/tesseract-4.1.0/ios/x86_64-apple-darwin/ -arch x86_64 -pipe -no-cpp-precomp -isysroot /Applications/Xcode.app/Contents/Developer/Platforms/iPhoneSimulator.platform/Developer/SDKs/iPhoneSimulator13.4.sdk -mios-simulator-version-min=11.0 -O2 -fembed-bitcode -I/Users/zyoung/dev/SwiftyTesseract/SwiftyTesseract/SwiftyTesseract/leptonica-1.78.0/ios/x86_64-apple-darwin/include/leptonica -I/Users/zyoung/dev/SwiftyTesseract/SwiftyTesseract/SwiftyTesseract/tesseract-4.1.0/ios/x86_64-apple-darwin/ -arch x86_64 -pipe -no-cpp-precomp -isysroot /Applications/Xcode.app/Contents/Developer/Platforms/iPhoneSimulator.platform/Developer/SDKs/iPhoneSimulator13.4.sdk -mios-simulator-version-min=11.0 -O2 -Wno-deprecated-register -std=c++17 -MT colfind.lo -MD -MP -MF .deps/colfind.Tpo -c ../../../../src/textord/colfind.cpp -o colfind.o
libtool: compile:  /Applications/Xcode.app/Contents/Developer/usr/bin/g++ --target=x86_64-apple-darwin -DHAVE_CONFIG_H -I. -I../../../../src/textord -I../.. -DNDEBUG -I../../../../src/ccstruct -I../../../../src/ccutil -I../../../../src/viewer -I../../../../src/ccmain -I../../../../src/wordrec -I../../../../src/api -I../../../../src/cutil -I../../../../src/classify -I../../../../src/dict -I../../../../src/opencl -I/Users/zyoung/dev/SwiftyTesseract/SwiftyTesseract/SwiftyTesseract/tesseract-4.1.0/ios/x86_64-apple-darwin/ -arch x86_64 -pipe -no-cpp-precomp -isysroot /Applications/Xcode.app/Contents/Developer/Platforms/iPhoneSimulator.platform/Developer/SDKs/iPhoneSimulator13.4.sdk -mios-simulator-version-min=11.0 -O2 -fembed-bitcode -I/Users/zyoung/dev/SwiftyTesseract/SwiftyTesseract/SwiftyTesseract/leptonica-1.78.0/ios/x86_64-apple-darwin/include/leptonica -I/Users/zyoung/dev/SwiftyTesseract/SwiftyTesseract/SwiftyTesseract/tesseract-4.1.0/ios/x86_64-apple-darwin/ -arch x86_64 -pipe -no-cpp-precomp -isysroot /Applibtool: compile:  /Applications/Xcode.app/Contents/Developer/usr/bin/g++ --target=x86_64-apple-darwin -DHAVE_CONFIG_H -I. -I../../../../src/textord -I../.. -DNDEBUG -I../../../../src/ccstruct -I../../../../src/ccutil -I../../../../src/viewer -I../../../../src/ccmain -I../../../../src/wordrec -I../../../../src/api -I../../../../src/cutil -I../../../../src/classify -I../../../../src/dict -I../../../../src/opencl -I/Users/zyoung/dev/SwiftyTesseract/SwiftyTesseract/SwiftyTesseract/tesseract-4.1.0/ios/x86_64-apple-darwin/ -arch x86_64 -pipe -no-cpp-precomp -isysroot /Applications/Xcode.app/Contents/Developer/Platforms/iPhoneSimulator.platform/Developer/SDKs/iPhoneSimulator13.4.sdk -mios-simulator-version-min=11.0 -O2 -fembed-bitcode -I/Users/zyoung/dev/SwiftyTesseract/SwiftyTesseract/SwiftyTesseract/leptonica-1.78.0/ios/x86_64-apple-darwin/include/leptonica -I/Users/zyoung/dev/SwiftyTesseract/SwiftyTesseract/SwiftyTesseract/tesseract-4.1.0/ios/x86_64-apple-darwin/ -arch x86_64 -pipe -no-cpp-precomp -isysroot /Applications/Xcode.app/Contents/Developer/Platforms/iPhoneSimulator.platform/Developer/SDKs/iPhoneSimulator13.4.sdk -mios-simulator-version-min=11.0 -O2 -Wno-deprecated-register -std=c++17 -MT baselinedetect.lo -MD -MP -MF .deps/baselinedetect.Tpo -c ../../../../src/textord/baselinedetect.cpp -o baselinedetect.o
lications/Xcode.app/Contents/Developer/Platforms/iPhoneSimulator.platform/Developer/SDKs/iPhoneSimulator13.4.sdk -mios-simulator-version-min=11.0 -O2 -Wno-deprecated-register -std=c++17 -MT cjkpitch.lo -MD -MP -MF .deps/cjkpitch.Tpo -c ../../../../src/textord/cjkpitch.cpp -o cjkpitch.o
libtool: compile:  /Applications/Xcode.app/Contents/Developer/usr/bin/g++ --target=x86_64-apple-darwin -DHAVE_CONFIG_H -I. -I../../../../src/textord -I../.. -DNDEBUG -I../../../../src/ccstruct -I../../../../src/ccutil -I../../../../src/viewer -I../../../../src/ccmain -I../../../../src/wordrec -I../../../../src/api -I../../../../src/cutil -I../../../../src/classify -I../../../../src/dict -I../../../../src/opencl -I/Users/zyoung/dev/SwiftyTesseract/SwiftyTesseract/SwiftyTesseract/tesseract-4.1.0/ios/x86_64-apple-darwin/ -arch x86_64 -pipe -no-cpp-precomp -isysroot /Applications/Xcode.app/Contents/Developer/Platforms/iPhoneSimulator.platform/Developer/SDKs/iPhoneSimulator13.4.sdk -mios-simulator-version-min=11.0 -O2 -fembed-bitcode -I/Users/zyoung/dev/SwiftyTesseract/SwiftyTesseract/SwiftyTesseract/leptonica-1.78.0/ios/x86_64-apple-darwin/include/leptonica -I/Users/zyoung/dev/SwiftyTesseract/SwiftyTesseract/SwiftyTesseract/tesseract-4.1.0/ios/x86_64-apple-darwin/ -arch x86_64 -pipe -no-cpp-precomp -isysroot /Applications/Xcode.app/Contents/Developer/Platforms/iPhoneSimulator.platform/Developer/SDKs/iPhoneSimulator13.4.sdk -mios-simulator-version-min=11.0 -O2 -Wno-deprecated-register -std=c++17 -MT blobgrid.lo -MD -MP -MF .deps/blobgrid.Tpo -c ../../../../src/textord/blobgrid.cpp -o blobgrid.o
libtool: compile:  /Applications/Xcode.app/Contents/Developer/usr/bin/g++ --target=x86_64-apple-darwin -DHAVE_CONFIG_H -I. -I../../../../src/textord -I../.. -DNDEBUG -I../../../../src/ccstruct -I../../../../src/ccutil -I../../../../src/viewer -I../../../../src/ccmain -I../../../../src/wordrec -I../../../../src/api -I../../../../src/cutil -I../../../../src/classify -I../../../../src/dict -I../../../../src/opencl -I/Users/zyoung/dev/SwiftyTesseract/SwiftyTesseract/SwiftyTesseract/tesseract-4.1.0/ios/x86_64-apple-darwin/ -arch x86_64 -pipe -no-cpp-precomp -isysroot /Applications/Xcode.app/Contents/Developer/Platforms/iPhoneSimulator.platform/Developer/SDKs/iPhoneSimulator13.4.sdk -mios-simulator-version-min=11.0 -O2 -fembed-bitcode -I/Users/zyoung/dev/SwiftyTesseract/SwiftyTesseract/SwiftyTesseract/leptonica-1.78.0/ios/x86_64-apple-darwin/include/leptonica -I/Users/zyoung/dev/SwiftyTesseract/SwiftyTesseract/SwiftyTesseract/tesseract-4.1.0/ios/x86_64-apple-darwin/ -arch x86_64 -pipe -no-cpp-precomp -isysroot /Applications/Xcode.app/Contents/Developer/Platforms/iPhoneSimulator.platform/Developer/SDKs/iPhoneSimulator13.4.sdk -mios-simulator-version-min=11.0 -O2 -Wno-deprecated-register -std=c++17 -MT alignedblob.lo -MD -MP -MF .deps/alignedblob.Tpo -c ../../../../src/textord/alignedblob.cpp -o alignedblob.o
libtool: compile:  /Applications/Xcode.app/Contents/Developer/usr/bin/g++ --target=x86_64-apple-darwin -DHAVE_CONFIG_H -I. -I../../../../src/textord -I../.. -DNDEBUG -I../../../../src/ccstruct -I../../../../src/ccutil -I../../../../src/viewer -I../../../../src/ccmain -I../../../../src/wordrec -I../../../../src/api -I../../../../src/cutil -I../../../../src/classify -I../../../../src/dict -I../../../../src/opencl -I/Users/zyoung/dev/SwiftyTesseract/SwiftyTesseract/SwiftyTesseract/tesseract-4.1.0/ios/x86_64-apple-darwin/ -arch x86_64 -pipe -no-cpp-precomp -isysroot /Applications/Xcode.app/Contents/Developer/Platforms/iPhoneSimulator.platform/Developer/SDKs/iPhoneSimulator13.4.sdk -mios-simulator-version-min=11.0 -O2 -fembed-bitcode -I/Users/zyoung/dev/SwiftyTesseract/SwiftyTesseract/SwiftyTesseract/leptonica-1.78.0/ios/x86_64-apple-darwin/include/leptonica -I/Users/zyoung/dev/SwiftyTesseract/SwiftyTesseract/SwiftyTesseract/tesseract-4.1.0/ios/x86_64-apple-darwin/ -arch x86_64 -pipe -no-cpp-precomp -isysroot /Applications/Xcode.app/Contents/Developer/Platforms/iPhoneSimulator.platform/Developer/SDKs/iPhoneSimulator13.4.sdk -mios-simulator-version-min=11.0 -O2 -Wno-deprecated-register -std=c++17 -MT colpartition.lo -MD -MP -MF .deps/colpartition.Tpo -c ../../../../src/textord/colpartition.cpp -o colpartition.o
libtool: compile:  /Applications/Xcode.app/Contents/Developer/usr/bin/g++ --target=x86_64-apple-darwin -DHAVE_CONFIG_H -I. -I../../../../src/textord -I../.. -DNDEBUG -I../../../../src/ccstruct -I../../../../src/ccutil -I../../../../src/viewer -I../../../../src/ccmain -I../../../../src/wordrec -I../../../../src/api -I../../../../src/cutil -I../../../../src/classify -I../../../../src/dict -I../../../../src/opencl -I/Users/zyoung/dev/SwiftyTesseract/SwiftyTesseract/SwiftyTesseract/tesseract-4.1.0/ios/x86_64-apple-darwin/ -arch x86_64 -pipe -no-cpp-precomp -isysroot /Applications/Xcode.app/Contents/Developer/Platforms/iPhoneSimulator.platform/Developer/SDKs/iPhoneSimulator13.4.sdk -mios-simulator-version-min=11.0 -O2 -fembed-bitcode -I/Users/zyoung/dev/SwiftyTesseract/SwiftyTesseract/SwiftyTesseract/leptonica-1.78.0/ios/x86_64-apple-darwin/include/leptonica -I/Users/zyoung/dev/SwiftyTesseract/SwiftyTesseract/SwiftyTesseract/tesseract-4.1.0/ios/x86_64-apple-darwin/ -arch x86_64 -pipe -no-cpp-precomp -isysroot /Applications/Xcode.app/Contents/Developer/Platforms/iPhoneSimulator.platform/Developer/SDKs/iPhoneSimulator13.4.sdk -mios-simulator-version-min=11.0 -O2 -Wno-deprecated-register -std=c++17 -MT colpartitionset.lo -MD -MP -MF .deps/colpartitionset.Tpo -c ../../../../src/textord/colpartitionset.cpp -o colpartitionset.o
libtool: compile:  /Applications/Xcode.app/Contents/Developer/usr/bin/g++ --target=x86_64-apple-darwin -DHAVE_CONFIG_H -I. -I../../../../src/textord -I../.. -DNDEBUG -I../../../../src/ccstruct -I../../../../src/ccutil -I../../../../src/viewer -I../../../../src/ccmain -I../../../../src/wordrec -I../../../../src/api -I../../../../src/cutil -I../../../../src/classify -I../../../../src/dict -I../../../../src/opencl -I/Users/zyoung/dev/SwiftyTesseract/SwiftyTesseract/SwiftyTesseract/tesseract-4.1.0/ios/x86_64-apple-darwin/ -arch x86_64 -pipe -no-cpp-precomp -isysroot /Applications/Xcode.app/Contents/Developer/Platforms/iPhoneSimulator.platform/Developer/SDKs/iPhoneSimulator13.4.sdk -mios-simulator-version-min=11.0 -O2 -fembed-bitcode -I/Users/zyoung/dev/SwiftyTesseract/SwiftyTesseract/SwiftyTesseract/leptonica-1.78.0/ios/x86_64-apple-darwin/include/leptonica -I/Users/zyoung/dev/SwiftyTesseract/SwiftyTesseract/SwiftyTesseract/tesseract-4.1.0/ios/x86_64-apple-darwin/ -arch x86_64 -pipe -no-cpp-precomp -isysroot /Applications/Xcode.app/Contents/Developer/Platforms/iPhoneSimulator.platform/Developer/SDKs/iPhoneSimulator13.4.sdk -mios-simulator-version-min=11.0 -O2 -Wno-deprecated-register -std=c++17 -MT colpartitiongrid.lo -MD -MP -MF .deps/colpartitiongrid.Tpo -c ../../../../src/textord/colpartitiongrid.cpp -o colpartitiongrid.o
libtool: compile:  /Applications/Xcode.app/Contents/Developer/usr/bin/g++ --target=x86_64-apple-darwin -DHAVE_CONFIG_H -I. -I../../../../src/textord -I../.. -DNDEBUG -I../../../../src/ccstruct -I../../../../src/ccutil -I../../../../src/viewer -I../../../../src/ccmain -I../../../../src/wordrec -I../../../../src/api -I../../../../src/cutil -I../../../../src/classify -I../../../../src/dict -I../../../../src/opencl -I/Users/zyoung/dev/SwiftyTesseract/SwiftyTesseract/SwiftyTesseract/tesseract-4.1.0/ios/x86_64-apple-darwin/ -arch x86_64 -pipe -no-cpp-precomp -isysroot /Applications/Xcode.app/Contents/Developer/Platforms/iPhoneSimulator.platform/Developer/SDKs/iPhoneSimulator13.4.sdk -mios-simulator-version-min=11.0 -O2 -fembed-bitcode -I/Users/zyoung/dev/SwiftyTesseract/SwiftyTesseract/SwiftyTesseract/leptonica-1.78.0/ios/x86_64-apple-darwin/include/leptonica -I/Users/zyoung/dev/SwiftyTesseract/SwiftyTesseract/SwiftyTesseract/tesseract-4.1.0/ios/x86_64-apple-darwin/ -arch x86_64 -pipe -no-cpp-precomp -isysroot /Applications/Xcode.app/Contents/Developer/Platforms/iPhoneSimulator.platform/Developer/SDKs/iPhoneSimulator13.4.sdk -mios-simulator-version-min=11.0 -O2 -Wno-deprecated-register -std=c++17 -MT devanagari_processing.lo -MD -MP -MF .deps/devanagari_processing.Tpo -c ../../../../src/textord/devanagari_processing.cpp -o devanagari_processing.o
libtool: compile:  /Applications/Xcode.app/Contents/Developer/usr/bin/g++ --target=x86_64-apple-darwin -DHAVE_CONFIG_H -I. -I../../../../src/textord -I../.. -DNDEBUG -I../../../../src/ccstruct -I../../../../src/ccutil -I../../../../src/viewer -I../../../../src/ccmain -I../../../../src/wordrec -I../../../../src/api -I../../../../src/cutil -I../../../../src/classify -I../../../../src/dict -I../../../../src/opencl -I/Users/zyoung/dev/SwiftyTesseract/SwiftyTesseract/SwiftyTesseract/tesseract-4.1.0/ios/x86_64-apple-darwin/ -arch x86_64 -pipe -no-cpp-precomp -isysroot /Applications/Xcode.app/Contents/Developer/Platforms/iPhoneSimulator.platform/Developer/SDKs/iPhoneSimulator13.4.sdk -mios-simulator-version-min=11.0 -O2 -fembed-bitcode -I/Users/zyoung/dev/SwiftyTesseract/SwiftyTesseract/SwiftyTesseract/leptonica-1.78.0/ios/x86_64-apple-darwin/include/leptonica -I/Users/zyoung/dev/SwiftyTesseract/SwiftyTesseract/SwiftyTesseract/tesseract-4.1.0/ios/x86_64-apple-darwin/ -arch x86_64 -pipe -no-cpp-precomp -isysroot /Applications/Xcode.app/Contents/Developer/Platforms/iPhoneSimulator.platform/Developer/SDKs/iPhoneSimulator13.4.sdk -mios-simulator-version-min=11.0 -O2 -Wno-deprecated-register -std=c++17 -MT drawedg.lo -MD -MP -MF .deps/drawedg.Tpo -c ../../../../src/textord/drawedg.cpp -o drawedg.o
libtool: compile:  /Applications/Xcode.app/Contents/Developer/usr/bin/g++ --target=x86_64-apple-darwin -DHAVE_CONFIG_H -I. -I../../../../src/textord -I../.. -DNDEBUG -I../../../../src/ccstruct -I../../../../src/ccutil -I../../../../src/viewer -I../../../../src/ccmain -I../../../../src/wordrec -I../../../../src/api -I../../../../src/cutil -I../../../../src/classify -I../../../../src/dict -I../../../../src/opencl -I/Users/zyoung/dev/SwiftyTesseract/SwiftyTesseract/SwiftyTesseract/tesseract-4.1.0/ios/x86_64-apple-darwin/ -arch x86_64 -pipe -no-cpp-precomp -isysroot /Applications/Xcode.app/Contents/Developer/Platforms/iPhoneSimulator.platform/Developer/SDKs/iPhoneSimulator13.4.sdk -mios-simulator-version-min=11.0 -O2 -fembed-bitcode -I/Users/zyoung/dev/SwiftyTesseract/SwiftyTesseract/SwiftyTesseract/leptonica-1.78.0/ios/x86_64-apple-darwin/include/leptonica -I/Users/zyoung/dev/SwiftyTesseract/SwiftyTesseract/SwiftyTesseract/tesseract-4.1.0/ios/x86_64-apple-darwin/ -arch x86_64 -pipe -no-cpp-precomp -isysroot /Applications/Xcode.app/Contents/Developer/Platforms/iPhoneSimulator.platform/Developer/SDKs/iPhoneSimulator13.4.sdk -mios-simulator-version-min=11.0 -O2 -Wno-deprecated-register -std=c++17 -MT drawtord.lo -MD -MP -MF .deps/drawtord.Tpo -c ../../../../src/textord/drawtord.cpp -o drawtord.o
libtool: compile:  /Applications/Xcode.app/Contents/Developer/usr/bin/g++ --target=x86_64-apple-darwin -DHAVE_CONFIG_H -I. -I../../../../src/textord -I../.. -DNDEBUG -I../../../../src/ccstruct -I../../../../src/ccutil -I../../../../src/viewer -I../../../../src/ccmain -I../../../../src/wordrec -I../../../../src/api -I../../../../src/cutil -I../../../../src/classify -I../../../../src/dict -I../../../../src/opencl -I/Users/zyoung/dev/SwiftyTesseract/SwiftyTesseract/SwiftyTesseract/tesseract-4.1.0/ios/x86_64-apple-darwin/ -arch x86_64 -pipe -no-cpp-precomp -isysroot /Applications/Xcode.app/Contents/Developer/Platforms/iPhoneSimulator.platform/Developer/SDKs/iPhoneSimulator13.4.sdk -mios-simulator-version-min=11.0 -O2 -fembed-bitcode -I/Users/zyoung/dev/SwiftyTesseract/SwiftyTesseract/SwiftyTesseract/leptonica-1.78.0/ios/x86_64-apple-darwin/include/leptonica -I/Users/zyoung/dev/SwiftyTesseract/SwiftyTesseract/SwiftyTesseract/tesseract-4.1.0/ios/x86_64-apple-darwin/ -arch x86_64 -pipe -no-cpp-precomp -isysroot /Applications/Xcode.app/Contents/Developer/Platforms/iPhoneSimulator.platform/Developer/SDKs/iPhoneSimulator13.4.sdk -mios-simulator-version-min=11.0 -O2 -Wno-deprecated-register -std=c++17 -MT edgblob.lo -MD -MP -MF .deps/edgblob.Tpo -c ../../../../src/textord/edgblob.cpp -o edgblob.o
libtool: compile:  /Applications/Xcode.app/Contents/Developer/usr/bin/g++ --target=x86_64-apple-darwin -DHAVE_CONFIG_H -I. -I../../../../src/textord -I../.. -DNDEBUG -I../../../../src/ccstruct -I../../../../src/ccutil -I../../../../src/viewer -I../../../../src/ccmain -I../../../../src/wordrec -I../../../../src/api -I../../../../src/cutil -I../../../../src/classify -I../../../../src/dict -I../../../../src/opencl -I/Users/zyoung/dev/SwiftyTesseract/SwiftyTesseract/SwiftyTesseract/tesseract-4.1.0/ios/x86_64-apple-darwin/ -arch x86_64 -pipe -no-cpp-precomp -isysroot /Applications/Xcode.app/Contents/Developer/Platforms/iPhoneSimulator.platform/Developer/SDKs/iPhoneSimulator13.4.sdk -mios-simulator-version-min=11.0 -O2 -fembed-bitcode -I/Users/zyoung/dev/SwiftyTesseract/SwiftyTesseract/SwiftyTesseract/leptonica-1.78.0/ios/x86_64-apple-darwin/include/leptonica -I/Users/zyoung/dev/SwiftyTesseract/SwiftyTesseract/SwiftyTesseract/tesseract-4.1.0/ios/x86_64-apple-darwin/ -arch x86_64 -pipe -no-cpp-precomp -isysroot /Applications/Xcode.app/Contents/Developer/Platforms/iPhoneSimulator.platform/Developer/SDKs/iPhoneSimulator13.4.sdk -mios-simulator-version-min=11.0 -O2 -Wno-deprecated-register -std=c++17 -MT edgloop.lo -MD -MP -MF .deps/edgloop.Tpo -c ../../../../src/textord/edgloop.cpp -o edgloop.o
libtool: compile:  /Applications/Xcode.app/Contents/Developer/usr/bin/g++ --target=x86_64-apple-darwin -DHAVE_CONFIG_H -I. -I../../../../src/textord -I../.. -DNDEBUG -I../../../../src/ccstruct -I../../../../src/ccutil -I../../../../src/viewer -I../../../../src/ccmain -I../../../../src/wordrec -I../../../../src/api -I../../../../src/cutil -I../../../../src/classify -I../../../../src/dict -I../../../../src/opencl -I/Users/zyoung/dev/SwiftyTesseract/SwiftyTesseract/SwiftyTesseract/tesseract-4.1.0/ios/x86_64-apple-darwin/ -arch x86_64 -pipe -no-cpp-precomp -isysroot /Applications/Xcode.app/Contents/Developer/Platforms/iPhoneSimulator.platform/Developer/SDKs/iPhoneSimulator13.4.sdk -mios-simulator-version-min=11.0 -O2 -fembed-bitcode -I/Users/zyoung/dev/SwiftyTesseract/SwiftyTesseract/SwiftyTesseract/leptonica-1.78.0/ios/x86_64-apple-darwin/include/leptonica -I/Users/zyoung/dev/SwiftyTesseract/SwiftyTesseract/SwiftyTesseract/tesseract-4.1.0/ios/x86_64-apple-darwin/ -arch x86_64 -pipe -no-cpp-precomp -isysroot /Applications/Xcode.app/Contents/Developer/Platforms/iPhoneSimulator.platform/Developer/SDKs/iPhoneSimulator13.4.sdk -mios-simulator-version-min=11.0 -O2 -Wno-deprecated-register -std=c++17 -MT equationdetectbase.lo -MD -MP -MF .deps/equationdetectbase.Tpo -c ../../../../src/textord/equationdetectbase.cpp -o equationdetectbase.o
libtool: compile:  /Applications/Xcode.app/Contents/Developer/usr/bin/g++ --target=x86_64-apple-darwin -DHAVE_CONFIG_H -I. -I../../../../src/textord -I../.. -DNDEBUG -I../../../../src/ccstruct -I../../../../src/ccutil -I../../../../src/viewer -I../../../../src/ccmain -I../../../../src/wordrec -I../../../../src/api -I../../../../src/cutil -I../../../../src/classify -I../../../../src/dict -I../../../../src/opencl -I/Users/zyoung/dev/SwiftyTesseract/SwiftyTesseract/SwiftyTesseract/tesseract-4.1.0/ios/x86_64-apple-darwin/ -arch x86_64 -pipe -no-cpp-precomp -isysroot /Applications/Xcode.app/Contents/Developer/Platforms/iPhoneSimulator.platform/Developer/SDKs/iPhoneSimulator13.4.sdk -mios-simulator-version-min=11.0 -O2 -fembed-bitcode -I/Users/zyoung/dev/SwiftyTesseract/SwiftyTesseract/SwiftyTesseract/leptonica-1.78.0/ios/x86_64-apple-darwin/include/leptonica -I/Users/zyoung/dev/SwiftyTesseract/SwiftyTesseract/SwiftyTesseract/tesseract-4.1.0/ios/x86_64-apple-darwin/ -arch x86_64 -pipe -no-cpp-precomp -isysroot /Applications/Xcode.app/Contents/Developer/Platforms/iPhoneSimulator.platform/Developer/SDKs/iPhoneSimulator13.4.sdk -mios-simulator-version-min=11.0 -O2 -Wno-deprecated-register -std=c++17 -MT fpchop.lo -MD -MP -MF .deps/fpchop.Tpo -c ../../../../src/textord/fpchop.cpp -o fpchop.o
libtool: compile:  /Applications/Xcode.app/Contents/Developer/usr/bin/g++ --target=x86_64-apple-darwin -DHAVE_CONFIG_H -I. -I../../../../src/textord -I../.. -DNDEBUG -I../../../../src/ccstruct -I../../../../src/ccutil -I../../../../src/viewer -I../../../../src/ccmain -I../../../../src/wordrec -I../../../../src/api -I../../../../src/cutil -I../../../../src/classify -I../../../../src/dict -I../../../../src/opencl -I/Users/zyoung/dev/SwiftyTesseract/SwiftyTesseract/SwiftyTesseract/tesseract-4.1.0/ios/x86_64-apple-darwin/ -arch x86_64 -pipe -no-cpp-precomp -isysroot /Applications/Xcode.app/Contents/Developer/Platforms/iPhoneSimulator.platform/Developer/SDKs/iPhoneSimulator13.4.sdk -mios-simulator-version-min=11.0 -O2 -fembed-bitcode -I/Users/zyoung/dev/SwiftyTesseract/SwiftyTesseract/SwiftyTesseract/leptonica-1.78.0/ios/x86_64-apple-darwin/include/leptonica -I/Users/zyoung/dev/SwiftyTesseract/SwiftyTesseract/SwiftyTesseract/tesseract-4.1.0/ios/x86_64-apple-darwin/ -arch x86_64 -pipe -no-cpp-precomp -isysroot /Applications/Xcode.app/Contents/Developer/Platforms/iPhoneSimulator.platform/Developer/SDKs/iPhoneSimulator13.4.sdk -mios-simulator-version-min=11.0 -O2 -Wno-deprecated-register -std=c++17 -MT gap_map.lo -MD -MP -MF .deps/gap_map.Tpo -c ../../../../src/textord/gap_map.cpp -o gap_map.o
libtool: compile:  /Applications/Xcode.app/Contents/Developer/usr/bin/g++ --target=x86_64-apple-darwin -DHAVE_CONFIG_H -I. -I../../../../src/textord -I../.. -DNDEBUG -I../../../../src/ccstruct -I../../../../src/ccutil -I../../../../src/viewer -I../../../../src/ccmain -I../../../../src/wordrec -I../../../../src/api -I../../../../src/cutil -I../../../../src/classify -I../../../../src/dict -I../../../../src/opencl -I/Users/zyoung/dev/SwiftyTesseract/SwiftyTesseract/SwiftyTesseract/tesseract-4.1.0/ios/x86_64-apple-darwin/ -arch x86_64 -pipe -no-cpp-precomp -isysroot /Applications/Xcode.app/Contents/Developer/Platforms/iPhoneSimulator.platform/Developer/SDKs/iPhoneSimulator13.4.sdk -mios-simulator-version-min=11.0 -O2 -fembed-bitcode -I/Users/zyoung/dev/SwiftyTesseract/SwiftyTesseract/SwiftyTesseract/leptonica-1.78.0/ios/x86_64-apple-darwin/include/leptonica -I/Users/zyoung/dev/SwiftyTesseract/SwiftyTesseract/SwiftyTesseract/tesseract-4.1.0/ios/x86_64-apple-darwin/ -arch x86_64 -pipe -no-cpp-precomp -isysroot /Applications/Xcode.app/Contents/Developer/Platforms/iPhoneSimulator.platform/Developer/SDKs/iPhoneSimulator13.4.sdk -mios-simulator-version-min=11.0 -O2 -Wno-deprecated-register -std=c++17 -MT imagefind.lo -MD -MP -MF .deps/imagefind.Tpo -c ../../../../src/textord/imagefind.cpp -o imagefind.o
libtool: compile:  /Applications/Xcode.app/Contents/Developer/usr/bin/g++ --target=x86_64-apple-darwin -DHAVE_CONFIG_H -I. -I../../../../src/textord -I../.. -DNDEBUG -I../../../../src/ccstruct -I../../../../src/ccutil -I../../../../src/viewer -I../../../../src/ccmain -I../../../../src/wordrec -I../../../../src/api -I../../../../src/cutil -I../../../../src/classify -I../../../../src/dict -I../../../../src/opencl -I/Users/zyoung/dev/SwiftyTesseract/SwiftyTesseract/SwiftyTesseract/tesseract-4.1.0/ios/x86_64-apple-darwin/ -arch x86_64 -pipe -no-cpp-precomp -isysroot /Applications/Xcode.app/Contents/Developer/Platforms/iPhoneSimulator.platform/Developer/SDKs/iPhoneSimulator13.4.sdk -mios-simulator-version-min=11.0 -O2 -fembed-bitcode -I/Users/zyoung/dev/SwiftyTesseract/SwiftyTesseract/SwiftyTesseract/leptonica-1.78.0/ios/x86_64-apple-darwin/include/leptonica -I/Users/zyoung/dev/SwiftyTesseract/SwiftyTesseract/SwiftyTesseract/tesseract-4.1.0/ios/x86_64-apple-darwin/ -arch x86_64 -pipe -no-cpp-precomp -isysroot /Applications/Xcode.app/Contents/Developer/Platforms/iPhoneSimulator.platform/Developer/SDKs/iPhoneSimulator13.4.sdk -mios-simulator-version-min=11.0 -O2 -Wno-deprecated-register -std=c++17 -MT linefind.lo -MD -MP -MF .deps/linefind.Tpo -c ../../../../src/textord/linefind.cpp -o linefind.o
libtool: compile:  /Applications/Xcode.app/Contents/Developer/usr/bin/g++ --target=x86_64-apple-darwin -DHAVE_CONFIG_H -I. -I../../../../src/textord -I../.. -DNDEBUG -I../../../../src/ccstruct -I../../../../src/ccutil -I../../../../src/viewer -I../../../../src/ccmain -I../../../../src/wordrec -I../../../../src/api -I../../../../src/cutil -I../../../../src/classify -I../../../../src/dict -I../../../../src/opencl -I/Users/zyoung/dev/SwiftyTesseract/SwiftyTesseract/SwiftyTesseract/tesseract-4.1.0/ios/x86_64-apple-darwin/ -arch x86_64 -pipe -no-cpp-precomp -isysroot /Applications/Xcode.app/Contents/Developer/Platforms/iPhoneSimulator.platform/Developer/SDKs/iPhoneSimulator13.4.sdk -mios-simulator-version-min=11.0 -O2 -fembed-bitcode -I/Users/zyoung/dev/SwiftyTesseract/SwiftyTesseract/SwiftyTesseract/leptonica-1.78.0/ios/x86_64-apple-darwin/include/leptonica -I/Users/zyoung/dev/SwiftyTesseract/SwiftyTesseract/SwiftyTesseract/tesseract-4.1.0/ios/x86_64-apple-darwin/ -arch x86_64 -pipe -no-cpp-precomp -isysroot /Applications/Xcode.app/Contents/Developer/Platforms/iPhoneSimulator.platform/Developer/SDKs/iPhoneSimulator13.4.sdk -mios-simulator-version-min=11.0 -O2 -Wno-deprecated-register -std=c++17 -MT makerow.lo -MD -MP -MF .deps/makerow.Tpo -c ../../../../src/textord/makerow.cpp -o makerow.o
libtool: compile:  /Applications/Xcode.app/Contents/Developer/usr/bin/g++ --target=x86_64-apple-darwin -DHAVE_CONFIG_H -I. -I../../../../src/textord -I../.. -DNDEBUG -I../../../../src/ccstruct -I../../../../src/ccutil -I../../../../src/viewer -I../../../../src/ccmain -I../../../../src/wordrec -I../../../../src/api -I../../../../src/cutil -I../../../../src/classify -I../../../../src/dict -I../../../../src/opencl -I/Users/zyoung/dev/SwiftyTesseract/SwiftyTesseract/SwiftyTesseract/tesseract-4.1.0/ios/x86_64-apple-darwin/ -arch x86_64 -pipe -no-cpp-precomp -isysroot /Applications/Xcode.app/Contents/Developer/Platforms/iPhoneSimulator.platform/Developer/SDKs/iPhoneSimulator13.4.sdk -mios-simulator-version-min=11.0 -O2 -fembed-bitcode -I/Users/zyoung/dev/SwiftyTesseract/SwiftyTesseract/SwiftyTesseract/leptonica-1.78.0/ios/x86_64-apple-darwin/include/leptonica -I/Users/zyoung/dev/SwiftyTesseract/SwiftyTesseract/SwiftyTesseract/tesseract-4.1.0/ios/x86_64-apple-darwin/ -arch x86_64 -pipe -no-cpp-precomp -isysroot /Applications/Xcode.app/Contents/Developer/Platforms/iPhoneSimulator.platform/Developer/SDKs/iPhoneSimulator13.4.sdk -mios-simulator-version-min=11.0 -O2 -Wno-deprecated-register -std=c++17 -MT oldbasel.lo -MD -MP -MF .deps/oldbasel.Tpo -c ../../../../src/textord/oldbasel.cpp -o oldbasel.o
libtool: compile:  /Applications/Xcode.app/Contents/Developer/usr/bin/g++ --target=x86_64-apple-darwin -DHAVE_CONFIG_H -I. -I../../../../src/textord -I../.. -DNDEBUG -I../../../../src/ccstruct -I../../../../src/ccutil -I../../../../src/viewer -I../../../../src/ccmain -I../../../../src/wordrec -I../../../../src/api -I../../../../src/cutil -I../../../../src/classify -I../../../../src/dict -I../../../../src/opencl -I/Users/zyoung/dev/SwiftyTesseract/SwiftyTesseract/SwiftyTesseract/tesseract-4.1.0/ios/x86_64-apple-darwin/ -arch x86_64 -pipe -no-cpp-precomp -isysroot /Applications/Xcode.app/Contents/Developer/Platforms/iPhoneSimulator.platform/Developer/SDKs/iPhoneSimulator13.4.sdk -mios-simulator-version-min=11.0 -O2 -fembed-bitcode -I/Users/zyoung/dev/SwiftyTesseract/SwiftyTesseract/SwiftyTesseract/leptonica-1.78.0/ios/x86_64-apple-darwin/include/leptonica -I/Users/zyoung/dev/SwiftyTesseract/SwiftyTesseract/SwiftyTesseract/tesseract-4.1.0/ios/x86_64-apple-darwin/ -arch x86_64 -pipe -no-cpp-precomp -isysroot /Applications/Xcode.app/Contents/Developer/Platforms/iPhoneSimulator.platform/Developer/SDKs/iPhoneSimulator13.4.sdk -mios-simulator-version-min=11.0 -O2 -Wno-deprecated-register -std=c++17 -MT pithsync.lo -MD -MP -MF .deps/pithsync.Tpo -c ../../../../src/textord/pithsync.cpp -o pithsync.o
libtool: compile:  /Applications/Xcode.app/Contents/Developer/usr/bin/g++ --target=x86_64-apple-darwin -DHAVE_CONFIG_H -I. -I../../../../src/textord -I../.. -DNDEBUG -I../../../../src/ccstruct -I../../../../src/ccutil -I../../../../src/viewer -I../../../../src/ccmain -I../../../../src/wordrec -I../../../../src/api -I../../../../src/cutil -I../../../../src/classify -I../../../../src/dict -I../../../../src/opencl -I/Users/zyoung/dev/SwiftyTesseract/SwiftyTesseract/SwiftyTesseract/tesseract-4.1.0/ios/x86_64-apple-darwin/ -arch x86_64 -pipe -no-cpp-precomp -isysroot /Applications/Xcode.app/Contents/Developer/Platforms/iPhoneSimulator.platform/Developer/SDKs/iPhoneSimulator13.4.sdk -mios-simulator-version-min=11.0 -O2 -fembed-bitcode -I/Users/zyoung/dev/SwiftyTesseract/SwiftyTesseract/SwiftyTesseract/leptonica-1.78.0/ios/x86_64-apple-darwin/include/leptonica -I/Users/zyoung/dev/SwiftyTesseract/SwiftyTesseract/SwiftyTesseract/tesseract-4.1.0/ios/x86_64-apple-darwin/ -arch x86_64 -pipe -no-cpp-precomp -isysroot /Applications/Xcode.app/Contents/Developer/Platforms/iPhoneSimulator.platform/Developer/SDKs/iPhoneSimulator13.4.sdk -mios-simulator-version-min=11.0 -O2 -Wno-deprecated-register -std=c++17 -MT pitsync1.lo -MD -MP -MF .deps/pitsync1.Tpo -c ../../../../src/textord/pitsync1.cpp -o pitsync1.o
libtool: compile:  /Applications/Xcode.app/Contents/Developer/usr/bin/g++ --target=x86_64-apple-darwin -DHAVE_CONFIG_H -I. -I../../../../src/textord -I../.. -DNDEBUG -I../../../../src/ccstruct -I../../../../src/ccutil -I../../../../src/viewer -I../../../../src/ccmain -I../../../../src/wordrec -I../../../../src/api -I../../../../src/cutil -I../../../../src/classify -I../../../../src/dict -I../../../../src/opencl -I/Users/zyoung/dev/SwiftyTesseract/SwiftyTesseract/SwiftyTesseract/tesseract-4.1.0/ios/x86_64-apple-darwin/ -arch x86_64 -pipe -no-cpp-precomp -isysroot /Applications/Xcode.app/Contents/Developer/Platforms/iPhoneSimulator.platform/Developer/SDKs/iPhoneSimulator13.4.sdk -mios-simulator-version-min=11.0 -O2 -fembed-bitcode -I/Users/zyoung/dev/SwiftyTesseract/SwiftyTesseract/SwiftyTesseract/leptonica-1.78.0/ios/x86_64-apple-darwin/include/leptonica -I/Users/zyoung/dev/SwiftyTesseract/SwiftyTesseract/SwiftyTesseract/tesseract-4.1.0/ios/x86_64-apple-darwin/ -arch x86_64 -pipe -no-cpp-precomp -isysroot /Applications/Xcode.app/Contents/Developer/Platforms/iPhoneSimulator.platform/Developer/SDKs/iPhoneSimulator13.4.sdk -mios-simulator-version-min=11.0 -O2 -Wno-deprecated-register -std=c++17 -MT scanedg.lo -MD -MP -MF .deps/scanedg.Tpo -c ../../../../src/textord/scanedg.cpp -o scanedg.o
libtool: compile:  /Applications/Xcode.app/Contents/Developer/usr/bin/g++ --target=x86_64-apple-darwin -DHAVE_CONFIG_H -I. -I../../../../src/textord -I../.. -DNDEBUG -I../../../../src/ccstruct -I../../../../src/ccutil -I../../../../src/viewer -I../../../../src/ccmain -I../../../../src/wordrec -I../../../../src/api -I../../../../src/cutil -I../../../../src/classify -I../../../../src/dict -I../../../../src/opencl -I/Users/zyoung/dev/SwiftyTesseract/SwiftyTesseract/SwiftyTesseract/tesseract-4.1.0/ios/x86_64-apple-darwin/ -arch x86_64 -pipe -no-cpp-precomp -isysroot /Applications/Xcode.app/Contents/Developer/Platforms/iPhoneSimulator.platform/Developer/SDKs/iPhoneSimulator13.4.sdk -mios-simulator-version-min=11.0 -O2 -fembed-bitcode -I/Users/zyoung/dev/SwiftyTesseract/SwiftyTesseract/SwiftyTesseract/leptonica-1.78.0/ios/x86_64-apple-darwin/include/leptonica -I/Users/zyoung/dev/SwiftyTesseract/SwiftyTesseract/SwiftyTesseract/tesseract-4.1.0/ios/x86_64-apple-darwin/ -arch x86_64 -pipe -no-cpp-precomp -isysroot /Applications/Xcode.app/Contents/Developer/Platforms/iPhoneSimulator.platform/Developer/SDKs/iPhoneSimulator13.4.sdk -mios-simulator-version-min=11.0 -O2 -Wno-deprecated-register -std=c++17 -MT sortflts.lo -MD -MP -MF .deps/sortflts.Tpo -c ../../../../src/textord/sortflts.cpp -o sortflts.o
libtool: compile:  /Applications/Xcode.app/Contents/Developer/usr/bin/g++ --target=x86_64-apple-darwin -DHAVE_CONFIG_H -I. -I../../../../src/textord -I../.. -DNDEBUG -I../../../../src/ccstruct -I../../../../src/ccutil -I../../../../src/viewer -I../../../../src/ccmain -I../../../../src/wordrec -I../../../../src/api -I../../../../src/cutil -I../../../../src/classify -I../../../../src/dict -I../../../../src/opencl -I/Users/zyoung/dev/SwiftyTesseract/SwiftyTesseract/SwiftyTesseract/tesseract-4.1.0/ios/x86_64-apple-darwin/ -arch x86_64 -pipe -no-cpp-precomp -isysroot /Applications/Xcode.app/Contents/Developer/Platforms/iPhoneSimulator.platform/Developer/SDKs/iPhoneSimulator13.4.sdk -mios-simulator-version-min=11.0 -O2 -fembed-bitcode -I/Users/zyoung/dev/SwiftyTesseract/SwiftyTesseract/SwiftyTesseract/leptonica-1.78.0/ios/x86_64-apple-darwin/include/leptonica -I/Users/zyoung/dev/SwiftyTesseract/SwiftyTesseract/SwiftyTesseract/tesseract-4.1.0/ios/x86_64-apple-darwin/ -arch x86_64 -pipe -no-cpp-precomp -isysroot /Applications/Xcode.app/Contents/Developer/Platforms/iPhoneSimulator.platform/Developer/SDKs/iPhoneSimulator13.4.sdk -mios-simulator-version-min=11.0 -O2 -Wno-deprecated-register -std=c++17 -MT strokewidth.lo -MD -MP -MF .deps/strokewidth.Tpo -c ../../../../src/textord/strokewidth.cpp -o strokewidth.o
libtool: compile:  /Applications/Xcode.app/Contents/Developer/usr/bin/g++ --target=x86_64-apple-darwin -DHAVE_CONFIG_H -I. -I../../../../src/textord -I../.. -DNDEBUG -I../../../../src/ccstruct -I../../../../src/ccutil -I../../../../src/viewer -I../../../../src/ccmain -I../../../../src/wordrec -I../../../../src/api -I../../../../src/cutil -I../../../../src/classify -I../../../../src/dict -I../../../../src/opencl -I/Users/zyoung/dev/SwiftyTesseract/SwiftyTesseract/SwiftyTesseract/tesseract-4.1.0/ios/x86_64-apple-darwin/ -arch x86_64 -pipe -no-cpp-precomp -isysroot /Applications/Xcode.app/Contents/Developer/Platforms/iPhoneSimulator.platform/Developer/SDKs/iPhoneSimulator13.4.sdk -mios-simulator-version-min=11.0 -O2 -fembed-bitcode -I/Users/zyoung/dev/SwiftyTesseract/SwiftyTesseract/SwiftyTesseract/leptonica-1.78.0/ios/x86_64-apple-darwin/include/leptonica -I/Users/zyoung/dev/SwiftyTesseract/SwiftyTesseract/SwiftyTesseract/tesseract-4.1.0/ios/x86_64-apple-darwin/ -arch x86_64 -pipe -no-cpp-precomp -isysroot /Applications/Xcode.app/Contents/Developer/Platforms/iPhoneSimulator.platform/Developer/SDKs/iPhoneSimulator13.4.sdk -mios-simulator-version-min=11.0 -O2 -Wno-deprecated-register -std=c++17 -MT tabfind.lo -MD -MP -MF .deps/tabfind.Tpo -c ../../../../src/textord/tabfind.cpp -o tabfind.o
libtool: compile:  /Applications/Xcode.app/Contents/Developer/usr/bin/g++ --target=x86_64-apple-darwin -DHAVE_CONFIG_H -I. -I../../../../src/textord -I../.. -DNDEBUG -I../../../../src/ccstruct -I../../../../src/ccutil -I../../../../src/viewer -I../../../../src/ccmain -I../../../../src/wordrec -I../../../../src/api -I../../../../src/cutil -I../../../../src/classify -I../../../../src/dict -I../../../../src/opencl -I/Users/zyoung/dev/SwiftyTesseract/SwiftyTesseract/SwiftyTesseract/tesseract-4.1.0/ios/x86_64-apple-darwin/ -arch x86_64 -pipe -no-cpp-precomp -isysroot /Applications/Xcode.app/Contents/Developer/Platforms/iPhoneSimulator.platform/Developer/SDKs/iPhoneSimulator13.4.sdk -mios-simulator-version-min=11.0 -O2 -fembed-bitcode -I/Users/zyoung/dev/SwiftyTesseract/SwiftyTesseract/SwiftyTesseract/leptonica-1.78.0/ios/x86_64-apple-darwin/include/leptonica -I/Users/zyoung/dev/SwiftyTesseract/SwiftyTesseract/SwiftyTesseract/tesseract-4.1.0/ios/x86_64-apple-darwin/ -arch x86_64 -pipe -no-cpp-precomp -isysroot /Applications/Xcode.app/Contents/Developer/Platforms/iPhoneSimulator.platform/Developer/SDKs/iPhoneSimulator13.4.sdk -mios-simulator-version-min=11.0 -O2 -Wno-deprecated-register -std=c++17 -MT tabvector.lo -MD -MP -MF .deps/tabvector.Tpo -c ../../../../src/textord/tabvector.cpp -o tabvector.o
libtool: compile:  /Applications/Xcode.app/Contents/Developer/usr/bin/g++ --target=x86_64-apple-darwin -DHAVE_CONFIG_H -I. -I../../../../src/textord -I../.. -DNDEBUG -I../../../../src/ccstruct -I../../../../src/ccutil -I../../../../src/viewer -I../../../../src/ccmain -I../../../../src/wordrec -I../../../../src/api -I../../../../src/cutil -I../../../../src/classify -I../../../../src/dict -I../../../../src/opencl -I/Users/zyoung/dev/SwiftyTesseract/SwiftyTesseract/SwiftyTesseract/tesseract-4.1.0/ios/x86_64-apple-darwin/ -arch x86_64 -pipe -no-cpp-precomp -isysroot /Applications/Xcode.app/Contents/Developer/Platforms/iPhoneSimulator.platform/Developer/SDKs/iPhoneSimulator13.4.sdk -mios-simulator-version-min=11.0 -O2 -fembed-bitcode -I/Users/zyoung/dev/SwiftyTesseract/SwiftyTesseract/SwiftyTesseract/leptonica-1.78.0/ios/x86_64-apple-darwin/include/leptonica -I/Users/zyoung/dev/SwiftyTesseract/SwiftyTesseract/SwiftyTesseract/tesseract-4.1.0/ios/x86_64-apple-darwin/ -arch x86_64 -pipe -no-cpp-precomp -isysroot /Applications/Xcode.app/Contents/Developer/Platforms/iPhoneSimulator.platform/Developer/SDKs/iPhoneSimulator13.4.sdk -mios-simulator-version-min=11.0 -O2 -Wno-deprecated-register -std=c++17 -MT tablefind.lo -MD -MP -MF .deps/tablefind.Tpo -c ../../../../src/textord/tablefind.cpp -o tablefind.o
libtool: compile:  /Applications/Xcode.app/Contents/Developer/usr/bin/g++ --target=x86_64-apple-darwin -DHAVE_CONFIG_H -I. -I../../../../src/textord -I../.. -DNDEBUG -I../../../../src/ccstruct -I../../../../src/ccutil -I../../../../src/viewer -I../../../../src/ccmain -I../../../../src/wordrec -I../../../../src/api -I../../../../src/cutil -I../../../../src/classify -I../../../../src/dict -I../../../../src/opencl -I/Users/zyoung/dev/SwiftyTesseract/SwiftyTesseract/SwiftyTesseract/tesseract-4.1.0/ios/x86_64-apple-darwin/ -arch x86_64 -pipe -no-cpp-precomp -isysroot /Applications/Xcode.app/Contents/Developer/Platforms/iPhoneSimulator.platform/Developer/SDKs/iPhoneSimulator13.4.sdk -mios-simulator-version-min=11.0 -O2 -fembed-bitcode -I/Users/zyoung/dev/SwiftyTesseract/SwiftyTesseract/SwiftyTesseract/leptonica-1.78.0/ios/x86_64-apple-darwin/include/leptonica -I/Users/zyoung/dev/SwiftyTesseract/SwiftyTesseract/SwiftyTesseract/tesseract-4.1.0/ios/x86_64-apple-darwin/ -arch x86_64 -pipe -no-cpp-precomp -isysroot /Applications/Xcode.app/Contents/Developer/Platforms/iPhoneSimulator.platform/Developer/SDKs/iPhoneSimulator13.4.sdk -mios-simulator-version-min=11.0 -O2 -Wno-deprecated-register -std=c++17 -MT tablerecog.lo -MD -MP -MF .deps/tablerecog.Tpo -c ../../../../src/textord/tablerecog.cpp -o tablerecog.o
libtool: compile:  /Applications/Xcode.app/Contents/Developer/usr/bin/g++ --target=x86_64-apple-darwin -DHAVE_CONFIG_H -I. -I../../../../src/textord -I../.. -DNDEBUG -I../../../../src/ccstruct -I../../../../src/ccutil -I../../../../src/viewer -I../../../../src/ccmain -I../../../../src/wordrec -I../../../../src/api -I../../../../src/cutil -I../../../../src/classify -I../../../../src/dict -I../../../../src/opencl -I/Users/zyoung/dev/SwiftyTesseract/SwiftyTesseract/SwiftyTesseract/tesseract-4.1.0/ios/x86_64-apple-darwin/ -arch x86_64 -pipe -no-cpp-precomp -isysroot /Applications/Xcode.app/Contents/Developer/Platforms/iPhoneSimulator.platform/Developer/SDKs/iPhoneSimulator13.4.sdk -mios-simulator-version-min=11.0 -O2 -fembed-bitcode -I/Users/zyoung/dev/SwiftyTesseract/SwiftyTesseract/SwiftyTesseract/leptonica-1.78.0/ios/x86_64-apple-darwin/include/leptonica -I/Users/zyoung/dev/SwiftyTesseract/SwiftyTesseract/SwiftyTesseract/tesseract-4.1.0/ios/x86_64-apple-darwin/ -arch x86_64 -pipe -no-cpp-precomp -isysroot /Applications/Xcode.app/Contents/Developer/Platforms/iPhoneSimulator.platform/Developer/SDKs/iPhoneSimulator13.4.sdk -mios-simulator-version-min=11.0 -O2 -Wno-deprecated-register -std=c++17 -MT textlineprojection.lo -MD -MP -MF .deps/textlineprojection.Tpo -c ../../../../src/textord/textlineprojection.cpp -o textlineprojection.o
libtool: compile:  /Applications/Xcode.app/Contents/Developer/usr/bin/g++ --target=x86_64-apple-darwin -DHAVE_CONFIG_H -I. -I../../../../src/textord -I../.. -DNDEBUG -I../../../../src/ccstruct -I../../../../src/ccutil -I../../../../src/viewer -I../../../../src/ccmain -I../../../../src/wordrec -I../../../../src/api -I../../../../src/cutil -I../../../../src/classify -I../../../../src/dict -I../../../../src/opencl -I/Users/zyoung/dev/SwiftyTesseract/SwiftyTesseract/SwiftyTesseract/tesseract-4.1.0/ios/x86_64-apple-darwin/ -arch x86_64 -pipe -no-cpp-precomp -isysroot /Applications/Xcode.app/Contents/Developer/Platforms/iPhoneSimulator.platform/Developer/SDKs/iPhoneSimulator13.4.sdk -mios-simulator-version-min=11.0 -O2 -fembed-bitcode -I/Users/zyoung/dev/SwiftyTesseract/SwiftyTesseract/SwiftyTesseract/leptonica-1.78.0/ios/x86_64-apple-darwin/include/leptonica -I/Users/zyoung/dev/SwiftyTesseract/SwiftyTesseract/SwiftyTesseract/tesseract-4.1.0/ios/x86_64-apple-darwin/ -arch x86_64 -pipe -no-cpp-precomp -isysroot /Applications/Xcode.app/Contents/Developer/Platforms/iPhoneSimulator.platform/Developer/SDKs/iPhoneSimulator13.4.sdk -mios-simulator-version-min=11.0 -O2 -Wno-deprecated-register -std=c++17 -MT textord.lo -MD -MP -MF .deps/textord.Tpo -c ../../../../src/textord/textord.cpp -o textord.o
libtool: compile:  /Applications/Xcode.app/Contents/Developer/usr/bin/g++ --target=x86_64-apple-darwin -DHAVE_CONFIG_H -I. -I../../../../src/textord -I../.. -DNDEBUG -I../../../../src/ccstruct -I../../../../src/ccutil -I../../../../src/viewer -I../../../../src/ccmain -I../../../../src/wordrec -I../../../../src/api -I../../../../src/cutil -I../../../../src/classify -I../../../../src/dict -I../../../../src/opencl -I/Users/zyoung/dev/SwiftyTesseract/SwiftyTesseract/SwiftyTesseract/tesseract-4.1.0/ios/x86_64-apple-darwin/ -arch x86_64 -pipe -no-cpp-precomp -isysroot /Applications/Xcode.app/Contents/Developer/Platforms/iPhoneSimulator.platform/Developer/SDKs/iPhoneSimulator13.4.sdk -mios-simulator-version-min=11.0 -O2 -fembed-bitcode -I/Users/zyoung/dev/SwiftyTesseract/SwiftyTesseract/SwiftyTesseract/leptonica-1.78.0/ios/x86_64-apple-darwin/include/leptonica -I/Users/zyoung/dev/SwiftyTesseract/SwiftyTesseract/SwiftyTesseract/tesseract-4.1.0/ios/x86_64-apple-darwin/ -arch x86_64 -pipe -no-cpp-precomp -isysroot /Applications/Xcode.app/Contents/Developer/Platforms/iPhoneSimulator.platform/Developer/SDKs/iPhoneSimulator13.4.sdk -mios-simulator-version-min=11.0 -O2 -Wno-deprecated-register -std=c++17 -MT topitch.lo -MD -MP -MF .deps/topitch.Tpo -c ../../../../src/textord/topitch.cpp -o topitch.o
libtool: compile:  /Applications/Xcode.app/Contents/Developer/usr/bin/g++ --target=x86_64-apple-darwin -DHAVE_CONFIG_H -I. -I../../../../src/textord -I../.. -DNDEBUG -I../../../../src/ccstruct -I../../../../src/ccutil -I../../../../src/viewer -I../../../../src/ccmain -I../../../../src/wordrec -I../../../../src/api -I../../../../src/cutil -I../../../../src/classify -I../../../../src/dict -I../../../../src/opencl -I/Users/zyoung/dev/SwiftyTesseract/SwiftyTesseract/SwiftyTesseract/tesseract-4.1.0/ios/x86_64-apple-darwin/ -arch x86_64 -pipe -no-cpp-precomp -isysroot /Applications/Xcode.app/Contents/Developer/Platforms/iPhoneSimulator.platform/Developer/SDKs/iPhoneSimulator13.4.sdk -mios-simulator-version-min=11.0 -O2 -fembed-bitcode -I/Users/zyoung/dev/SwiftyTesseract/SwiftyTesseract/SwiftyTesseract/leptonica-1.78.0/ios/x86_64-apple-darwin/include/leptonica -I/Users/zyoung/dev/SwiftyTesseract/SwiftyTesseract/SwiftyTesseract/tesseract-4.1.0/ios/x86_64-apple-darwin/ -arch x86_64 -pipe -no-cpp-precomp -isysroot /Applications/Xcode.app/Contents/Developer/Platforms/iPhoneSimulator.platform/Developer/SDKs/iPhoneSimulator13.4.sdk -mios-simulator-version-min=11.0 -O2 -Wno-deprecated-register -std=c++17 -MT tordmain.lo -MD -MP -MF .deps/tordmain.Tpo -c ../../../../src/textord/tordmain.cpp -o tordmain.o
libtool: compile:  /Applications/Xcode.app/Contents/Developer/usr/bin/g++ --target=x86_64-apple-darwin -DHAVE_CONFIG_H -I. -I../../../../src/textord -I../.. -DNDEBUG -I../../../../src/ccstruct -I../../../../src/ccutil -I../../../../src/viewer -I../../../../src/ccmain -I../../../../src/wordrec -I../../../../src/api -I../../../../src/cutil -I../../../../src/classify -I../../../../src/dict -I../../../../src/opencl -I/Users/zyoung/dev/SwiftyTesseract/SwiftyTesseract/SwiftyTesseract/tesseract-4.1.0/ios/x86_64-apple-darwin/ -arch x86_64 -pipe -no-cpp-precomp -isysroot /Applications/Xcode.app/Contents/Developer/Platforms/iPhoneSimulator.platform/Developer/SDKs/iPhoneSimulator13.4.sdk -mios-simulator-version-min=11.0 -O2 -fembed-bitcode -I/Users/zyoung/dev/SwiftyTesseract/SwiftyTesseract/SwiftyTesseract/leptonica-1.78.0/ios/x86_64-apple-darwin/include/leptonica -I/Users/zyoung/dev/SwiftyTesseract/SwiftyTesseract/SwiftyTesseract/tesseract-4.1.0/ios/x86_64-apple-darwin/ -arch x86_64 -pipe -no-cpp-precomp -isysroot /Applications/Xcode.app/Contents/Developer/Platforms/iPhoneSimulator.platform/Developer/SDKs/iPhoneSimulator13.4.sdk -mios-simulator-version-min=11.0 -O2 -Wno-deprecated-register -std=c++17 -MT tospace.lo -MD -MP -MF .deps/tospace.Tpo -c ../../../../src/textord/tospace.cpp -o tospace.o
libtool: compile:  /Applications/Xcode.app/Contents/Developer/usr/bin/g++ --target=x86_64-apple-darwin -DHAVE_CONFIG_H -I. -I../../../../src/textord -I../.. -DNDEBUG -I../../../../src/ccstruct -I../../../../src/ccutil -I../../../../src/viewer -I../../../../src/ccmain -I../../../../src/wordrec -I../../../../src/api -I../../../../src/cutil -I../../../../src/classify -I../../../../src/dict -I../../../../src/opencl -I/Users/zyoung/dev/SwiftyTesseract/SwiftyTesseract/SwiftyTesseract/tesseract-4.1.0/ios/x86_64-apple-darwin/ -arch x86_64 -pipe -no-cpp-precomp -isysroot /Applications/Xcode.app/Contents/Developer/Platforms/iPhoneSimulator.platform/Developer/SDKs/iPhoneSimulator13.4.sdk -mios-simulator-version-min=11.0 -O2 -fembed-bitcode -I/Users/zyoung/dev/SwiftyTesseract/SwiftyTesseract/SwiftyTesseract/leptonica-1.78.0/ios/x86_64-apple-darwin/include/leptonica -I/Users/zyoung/dev/SwiftyTesseract/SwiftyTesseract/SwiftyTesseract/tesseract-4.1.0/ios/x86_64-apple-darwin/ -arch x86_64 -pipe -no-cpp-precomp -isysroot /Applications/Xcode.app/Contents/Developer/Platforms/iPhoneSimulator.platform/Developer/SDKs/iPhoneSimulator13.4.sdk -mios-simulator-version-min=11.0 -O2 -Wno-deprecated-register -std=c++17 -MT tovars.lo -MD -MP -MF .deps/tovars.Tpo -c ../../../../src/textord/tovars.cpp -o tovars.o
libtool: compile:  /Applications/Xcode.app/Contents/Developer/usr/bin/g++ --target=x86_64-apple-darwin -DHAVE_CONFIG_H -I. -I../../../../src/textord -I../.. -DNDEBUG -I../../../../src/ccstruct -I../../../../src/ccutil -I../../../../src/viewer -I../../../../src/ccmain -I../../../../src/wordrec -I../../../../src/api -I../../../../src/cutil -I../../../../src/classify -I../../../../src/dict -I../../../../src/opencl -I/Users/zyoung/dev/SwiftyTesseract/SwiftyTesseract/SwiftyTesseract/tesseract-4.1.0/ios/x86_64-apple-darwin/ -arch x86_64 -pipe -no-cpp-precomp -isysroot /Applications/Xcode.app/Contents/Developer/Platforms/iPhoneSimulator.platform/Developer/SDKs/iPhoneSimulator13.4.sdk -mios-simulator-version-min=11.0 -O2 -fembed-bitcode -I/Users/zyoung/dev/SwiftyTesseract/SwiftyTesseract/SwiftyTesseract/leptonica-1.78.0/ios/x86_64-apple-darwin/include/leptonica -I/Users/zyoung/dev/SwiftyTesseract/SwiftyTesseract/SwiftyTesseract/tesseract-4.1.0/ios/x86_64-apple-darwin/ -arch x86_64 -pipe -no-cpp-precomp -isysroot /Applications/Xcode.app/Contents/Developer/Platforms/iPhoneSimulator.platform/Developer/SDKs/iPhoneSimulator13.4.sdk -mios-simulator-version-min=11.0 -O2 -Wno-deprecated-register -std=c++17 -MT underlin.lo -MD -MP -MF .deps/underlin.Tpo -c ../../../../src/textord/underlin.cpp -o underlin.o
libtool: compile:  /Applications/Xcode.app/Contents/Developer/usr/bin/g++ --target=x86_64-apple-darwin -DHAVE_CONFIG_H -I. -I../../../../src/textord -I../.. -DNDEBUG -I../../../../src/ccstruct -I../../../../src/ccutil -I../../../../src/viewer -I../../../../src/ccmain -I../../../../src/wordrec -I../../../../src/api -I../../../../src/cutil -I../../../../src/classify -I../../../../src/dict -I../../../../src/opencl -I/Users/zyoung/dev/SwiftyTesseract/SwiftyTesseract/SwiftyTesseract/tesseract-4.1.0/ios/x86_64-apple-darwin/ -arch x86_64 -pipe -no-cpp-precomp -isysroot /Applications/Xcode.app/Contents/Developer/Platforms/iPhoneSimulator.platform/Developer/SDKs/iPhoneSimulator13.4.sdk -mios-simulator-version-min=11.0 -O2 -fembed-bitcode -I/Users/zyoung/dev/SwiftyTesseract/SwiftyTesseract/SwiftyTesseract/leptonica-1.78.0/ios/x86_64-apple-darwin/include/leptonica -I/Users/zyoung/dev/SwiftyTesseract/SwiftyTesseract/SwiftyTesseract/tesseract-4.1.0/ios/x86_64-apple-darwin/ -arch x86_64 -pipe -no-cpp-precomp -isysroot /Applications/Xcode.app/Contents/Developer/Platforms/iPhoneSimulator.platform/Developer/SDKs/iPhoneSimulator13.4.sdk -mios-simulator-version-min=11.0 -O2 -Wno-deprecated-register -std=c++17 -MT wordseg.lo -MD -MP -MF .deps/wordseg.Tpo -c ../../../../src/textord/wordseg.cpp -o wordseg.o
libtool: compile:  /Applications/Xcode.app/Contents/Developer/usr/bin/g++ --target=x86_64-apple-darwin -DHAVE_CONFIG_H -I. -I../../../../src/textord -I../.. -DNDEBUG -I../../../../src/ccstruct -I../../../../src/ccutil -I../../../../src/viewer -I../../../../src/ccmain -I../../../../src/wordrec -I../../../../src/api -I../../../../src/cutil -I../../../../src/classify -I../../../../src/dict -I../../../../src/opencl -I/Users/zyoung/dev/SwiftyTesseract/SwiftyTesseract/SwiftyTesseract/tesseract-4.1.0/ios/x86_64-apple-darwin/ -arch x86_64 -pipe -no-cpp-precomp -isysroot /Applications/Xcode.app/Contents/Developer/Platforms/iPhoneSimulator.platform/Developer/SDKs/iPhoneSimulator13.4.sdk -mios-simulator-version-min=11.0 -O2 -fembed-bitcode -I/Users/zyoung/dev/SwiftyTesseract/SwiftyTesseract/SwiftyTesseract/leptonica-1.78.0/ios/x86_64-apple-darwin/include/leptonica -I/Users/zyoung/dev/SwiftyTesseract/SwiftyTesseract/SwiftyTesseract/tesseract-4.1.0/ios/x86_64-apple-darwin/ -arch x86_64 -pipe -no-cpp-precomp -isysroot /Applications/Xcode.app/Contents/Developer/Platforms/iPhoneSimulator.platform/Developer/SDKs/iPhoneSimulator13.4.sdk -mios-simulator-version-min=11.0 -O2 -Wno-deprecated-register -std=c++17 -MT workingpartset.lo -MD -MP -MF .deps/workingpartset.Tpo -c ../../../../src/textord/workingpartset.cpp -o workingpartset.o
libtool: link: ar cru .libs/libtesseract_textord.a  alignedblob.o baselinedetect.o bbgrid.o blkocc.o blobgrid.o ccnontextdetect.o cjkpitch.o colfind.o colpartition.o colpartitionset.o colpartitiongrid.o devanagari_processing.o drawedg.o drawtord.o edgblob.o edgloop.o equationdetectbase.o fpchop.o gap_map.o imagefind.o linefind.o makerow.o oldbasel.o pithsync.o pitsync1.o scanedg.o sortflts.o strokewidth.o tabfind.o tablefind.o tabvector.o tablerecog.o textlineprojection.o textord.o topitch.o tordmain.o tospace.o tovars.o underlin.o wordseg.o workingpartset.o
libtool: link: ranlib .libs/libtesseract_textord.a
libtool: link: ( cd ".libs" && rm -f "libtesseract_textord.la" && ln -s "../libtesseract_textord.la" "libtesseract_textord.la" )
Making all in src/lstm
libtool: compile:  /Applications/Xcode.app/Contents/Developer/usr/bin/g++ --target=x86_64-apple-darwin -DHAVE_CONFIG_H -I. -I../../../../src/lstm -I../.. -DNDEBUG -I../../../../src/ccutil -I../../../../src/cutil -I../../../../src/ccstruct -I../../../../src/arch -I../../../../src/viewer -I../../../../src/classify -I../../../../src/dict -I../../../../src/lstm -I/Users/zyoung/dev/SwiftyTesseract/SwiftyTesseract/SwiftyTesseract/tesseract-4.1.0/ios/x86_64-apple-darwin/ -arch x86_64 -pipe -no-cpp-precomp -isysroot /Applications/Xcode.app/Contents/Developer/Platforms/iPhoneSimulator.platform/Developer/SDKs/iPhoneSimulator13.4.sdk -mios-simulator-version-min=11.0 -O2 -fembed-bitcode -I/Users/zyoung/dev/SwiftyTesseract/SwiftyTesseract/SwiftyTesseract/leptonica-1.78.0/ios/x86_64-apple-darwin/include/leptonica -DTESSDATA_PREFIX=/Users/zyoung/dev/SwiftyTesseract/SwiftyTesseract/SwiftyTesseract/tesseract-4.1.0/ios/x86_64-apple-darwin/share -I/Users/zyoung/dev/SwiftyTesseract/SwiftyTesseract/SwiftyTesseract/tesseract-4.1.0/ios/x86_64-apple-darwin/ -arch x86_64 -pipe -no-cpp-precomp -isysroot /Applications/Xcode.app/Contents/Developer/Platforms/iPhoneSimulator.platform/Developer/SDKs/iPhoneSimulator13.4.sdk -mios-simulator-version-min=11.0 -O2 -Wno-deprecated-register -std=c++17 -MT lstm.lo -MD -MP -MF .deps/lstm.Tpo -c ../../../../src/lstm/lstm.cpp -o lstm.o
libtool: compile:  /Applications/Xcode.app/Contents/Developer/usr/bin/g++ --target=x86_64-apple-darwin -DHAVE_CONFIG_H -I. -I../../../../src/lstm -I../.. -DNDEBUG -I../../../../src/ccutil -I../../../../src/cutil -I../../../../src/ccstruct -I../../../../src/arch -I../../../../src/viewer -I../../../../src/classify -I../../../../src/dict -I../../../../src/lstm -I/Users/zyoung/dev/SwiftyTesseract/SwiftyTesseract/SwiftyTesseract/tesseract-4.1.0/ios/x86_64-apple-darwin/ -arch x86_64 -pipe -no-cpp-precomp -isysroot /Applications/Xcode.app/Contents/Developer/Platforms/iPhoneSimulator.platform/Developer/SDKs/iPhoneSimulator13.4.sdk -mios-simulator-version-min=11.0 -O2 -fembed-bitcode -I/Users/zyoung/dev/SwiftyTesseract/SwiftyTesseract/SwiftyTesseract/leptonica-1.78.0/ios/x86_64-apple-darwin/include/leptonica -DTESSDATA_PREFIX=/Users/zyoung/dev/SwiftyTesseract/SwiftyTesseract/SwiftyTesseract/tesseract-4.1.0/ios/x86_64-apple-darwin/share -I/Users/zyoung/dev/SwiftyTesseract/SwiftyTesseract/SwiftyTesseract/tesseract-4.1.0/ios/x86_64-apple-darwin/ -arch x86_64 -pipe -no-cpp-precomp -isysroot /Applications/Xcode.app/Contents/Developer/Platforms/iPhoneSimulator.platform/Developer/SDKs/iPhoneSimulator13.4.sdk -mios-simulator-version-min=11.0 -O2 -Wno-deprecated-register -std=c++17 -MT functions.lo -MD -MP -MF .deps/functions.Tpo -c ../../../../src/lstm/functions.cpp -o functions.o
libtool: compile:  /Applications/Xcode.app/Contents/Developer/usr/bin/g++ --target=x86_64-apple-darwin -DHAVE_CONFIG_H -I. -I../../../../src/lstm -I../.. -DNDEBUG -I../../../../src/ccutil -I../../../../src/cutil -I../../../../src/ccstruct -I../../../../src/arch -I../../../../src/viewer -I../../../../src/classify -I../../../../src/dict -I../../../../src/lstm -I/Users/zyoung/dev/SwiftyTesseract/SwiftyTesseract/SwiftyTesseract/tesseract-4.1.0/ios/x86_64-apple-darwin/ -arch x86_64 -pipe -no-cpp-precomp -isysroot /Applications/Xcode.app/Contents/Developer/Platforms/iPhoneSimulator.platform/Developer/SDKs/iPhoneSimulator13.4.sdk -mios-simulator-version-min=11.0 -O2 -fembed-bitcode -I/Users/zyoung/dev/SwiftyTesseract/SwiftyTesseract/SwiftyTesseract/leptonica-1.78.0/ios/x86_64-apple-darwin/include/leptonica -DTESSDATA_PREFIX=/Users/zyoung/dev/SwiftyTesseract/SwiftyTesseract/SwiftyTesseract/tesseract-4.1.0/ios/x86_64-apple-darwin/share -I/Users/zyoung/dev/SwiftyTesseract/SwiftyTesseract/SwiftyTesseract/tesseract-4.1.0/ios/x86_64-apple-darwin/ -arch x86_64 -pipe -no-cpp-precomp -isysroot /Applications/Xcode.app/Contents/Developer/Platforms/iPhoneSimulator.platform/Developer/SDKs/iPhoneSimulator13.4.sdk -mios-simulator-version-min=11.0 -O2 -Wno-deprecated-register -std=c++17 -MT fullyconnected.lo -MD -MP -MF .deps/fullyconnected.Tpo -c ../../../../src/lstm/fullyconnected.cpp -o fullyconnected.o
libtool: compile:  /Applications/Xcode.app/Contents/Developer/usr/bin/g++ --target=x86_64-apple-darwin -DHAVE_CONFIG_H -I. -I../../../../src/lstm -I../.. -DNDEBUG -I../../../../src/ccutil -I../../../../src/cutil -I../../../../src/ccstruct -I../../../../src/arch -I../../../../src/viewer -I../../../../src/classify -I../../../../src/dict -I../../../../src/lstm -I/Users/zyoung/dev/SwiftyTesseract/SwiftyTesseract/SwiftyTesseract/tesseract-4.1.0/ios/x86_64-apple-darwin/ -arch x86_64 -pipe -no-cpp-precomp -isysroot /Applications/Xcode.app/Contents/Developer/Platforms/iPhoneSimulator.platform/Developer/SDKs/iPhoneSimulator13.4.sdk -mios-simulator-version-min=11.0 -O2 -fembed-bitcode -I/Users/zyoung/dev/SwiftyTesseract/SwiftyTesseract/SwiftyTesseract/leptonica-1.78.0/ios/x86_64-apple-darwin/include/leptonica -DTESSDATA_PREFIX=/Users/zyoung/dev/SwiftyTesseract/SwiftyTesseract/SwiftyTesseract/tesseract-4.1.0/ios/x86_64-apple-darwin/share -I/Users/zyoung/dev/SwiftyTesseract/SwiftyTesseract/SwiftyTesseract/tesseract-4.1.0/ios/x86_64-apple-darwin/ -arch x86_64 -pipe -no-cpp-precomp -isysroot /Applications/Xcode.app/Contents/Developer/Platforms/iPhoneSimulator.platform/Developer/SDKs/iPhoneSimulator13.4.sdk -mios-simulator-version-min=11.0 -O2 -Wno-deprecated-register -std=c++17 -MT ctc.lo -MD -MP -MF .deps/ctc.Tpo -c ../../../../src/lstm/ctc.cpp -o ctc.o
libtool: compile:  /Applications/Xcode.app/Contents/Developer/usr/bin/g++ --target=x86_64-apple-darwin -DHAVE_CONFIG_H -I. -I../../../../src/lstm -I../.. -DNDEBUG -I../../../../src/ccutil -I../../../../src/cutil -I../../../../src/ccstruct -I../../../../src/arch -I../../../../src/viewer -I../../../../src/classify -I../../../../src/dict -I../../../../src/lstm -I/Users/zyoung/dev/SwiftyTesseract/SwiftyTesseract/SwiftyTesseract/tesseract-4.1.0/ios/x86_64-apple-darwin/ -arch x86_64 -pipe -no-cpp-precomp -isysroot /Applications/Xcode.app/Contents/Developer/Platforms/iPhoneSimulator.platform/Developer/SDKs/iPhoneSimulator13.4.sdk -mios-simulator-version-min=11.0 -O2 -fembed-bitcode -I/Users/zyoung/dev/SwiftyTesseract/SwiftyTesseract/SwiftyTesseract/leptonica-1.78.0/ios/x86_64-apple-darwin/include/leptonica -DTESSDATA_PREFIX=/Users/zyoung/dev/SwiftyTesseract/SwiftyTesseract/SwiftyTesseract/tesseract-4.1.0/ios/x86_64-apple-darwin/share -I/Users/zyoung/dev/SwiftyTesseract/SwiftyTesseract/SwiftyTesseract/tesseract-4.1.0/ios/x86_64-apple-darwin/ -arch x86_64 -pipe -no-cpp-precomp -isysroot /Applications/Xcode.app/Contents/Developer/Platforms/iPhoneSimulator.platform/Developer/SDKs/iPhoneSimulator13.4.sdk -mios-simulator-version-min=11.0 -O2 -Wno-deprecated-register -std=c++17 -MT convolve.lo -MD -MP -MF .deps/convolve.Tpo -c ../../../../src/lstm/convolve.cpp -o convolve.o
libtool: compile:  /Applications/Xcode.app/Contents/Developer/usr/bin/g++ --target=x86_64-apple-darwin -DHAVE_CONFIG_H -I. -I../../../../src/lstm -I../.. -DNDEBUG -I../../../../src/ccutil -I../../../../src/cutil -I../../../../src/ccstruct -I../../../../src/arch -I../../../../src/viewer -I../../../../src/classify -I../../../../src/dict -I../../../../src/lstm -I/Users/zyoung/dev/SwiftyTesseract/SwiftyTesseract/SwiftyTesseract/tesseract-4.1.0/ios/x86_64-apple-darwin/ -arch x86_64 -pipe -no-cpp-precomp -isysroot /Applications/Xcode.app/Contents/Developer/Platforms/iPhoneSimulator.platform/Developer/SDKs/iPhoneSimulator13.4.sdk -mios-simulator-version-min=11.0 -O2 -fembed-bitcode -I/Users/zyoung/dev/SwiftyTesseract/SwiftyTesseract/SwiftyTesseract/leptonica-1.78.0/ios/x86_64-apple-darwin/include/leptonica -DTESSDATA_PREFIX=/Users/zyoung/dev/SwiftyTesseract/SwiftyTesseract/SwiftyTesseract/tesseract-4.1.0/ios/x86_64-apple-darwin/share -I/Users/zyoung/dev/SwiftyTesseract/SwiftyTesseract/SwiftyTesseract/tesseract-4.1.0/ios/x86_64-apple-darwin/ -arch x86_64 -pipe -no-cpp-precomp -isysroot /Applications/Xcode.app/Contents/Developer/Platforms/iPhoneSimulator.platform/Developer/SDKs/iPhoneSimulator13.4.sdk -mios-simulator-version-min=11.0 -O2 -Wno-deprecated-register -std=c++17 -MT lstmrecognizer.lo -MD -MP -MF .deps/lstmrecognizer.Tpo -c ../../../../src/lstm/lstmrecognizer.cpp -o lstmrecognizer.o
libtool: compile:  /Applications/Xcode.app/Contents/Developer/usr/bin/g++ --target=x86_64-apple-darwin -DHAVE_CONFIG_H -I. -I../../../../src/lstm -I../.. -DNDEBUG -I../../../../src/ccutil -I../../../../src/cutil -I../../../../src/ccstruct -I../../../../src/arch -I../../../../src/viewer -I../../../../src/classify -I../../../../src/dict -I../../../../src/lstm -I/Users/zyoung/dev/SwiftyTesseract/SwiftyTesseract/SwiftyTesseract/tesseract-4.1.0/ios/x86_64-apple-darwin/ -arch x86_64 -pipe -no-cpp-precomp -isysroot /Applications/Xcode.app/Contents/Developer/Platforms/iPhoneSimulator.platform/Developer/SDKs/iPhoneSimulator13.4.sdk -mios-simulator-version-min=11.0 -O2 -fembed-bitcode -I/Users/zyoung/dev/SwiftyTesseract/SwiftyTesseract/SwiftyTesseract/leptonica-1.78.0/ios/x86_64-apple-darwin/include/leptonica -DTESSDATA_PREFIX=/Users/zyoung/dev/SwiftyTesseract/SwiftyTesseract/SwiftyTesseract/tesseract-4.1.0/ios/x86_64-apple-darwin/share -I/Users/zyoung/dev/SwiftyTesseract/SwiftyTesseract/SwiftyTesseract/tesseract-4.1.0/ios/x86_64-apple-darwin/ -arch x86_64 -pipe -no-cpp-precomp -isysroot /Applications/Xcode.app/Contents/Developer/Platforms/iPhoneSimulator.platform/Developer/SDKs/iPhoneSimulator13.4.sdk -mios-simulator-version-min=11.0 -O2 -Wno-deprecated-register -std=c++17 -MT input.lo -MD -MP -MF .deps/input.Tpo -c ../../../../src/lstm/input.cpp -o input.o
libtool: compile:  /Applications/Xcode.app/Contents/Developer/usr/bin/g++ --target=x86_64-apple-darwin -DHAVE_CONFIG_H -I. -I../../../../src/lstm -I../.. -DNDEBUG -I../../../../src/ccutil -I../../../../src/cutil -I../../../../src/ccstruct -I../../../../src/arch -I../../../../src/viewer -I../../../../src/classify -I../../../../src/dict -I../../../../src/lstm -I/Users/zyoung/dev/SwiftyTesseract/SwiftyTesseract/SwiftyTesseract/tesseract-4.1.0/ios/x86_64-apple-darwin/ -arch x86_64 -pipe -no-cpp-precomp -isysroot /Applications/Xcode.app/Contents/Developer/Platforms/iPhoneSimulator.platform/Developer/SDKs/iPhoneSimulator13.4.sdk -mios-simulator-version-min=11.0 -O2 -fembed-bitcode -I/Users/zyoung/dev/SwiftyTesseract/SwiftyTesseract/SwiftyTesseract/leptonica-1.78.0/ios/x86_64-apple-darwin/include/leptonica -DTESSDATA_PREFIX=/Users/zyoung/dev/SwiftyTesseract/SwiftyTesseract/SwiftyTesseract/tesseract-4.1.0/ios/x86_64-apple-darwin/share -I/Users/zyoung/dev/SwiftyTesseract/SwiftyTesseract/SwiftyTesseract/tesseract-4.1.0/ios/x86_64-apple-darwin/ -arch x86_64 -pipe -no-cpp-precomp -isysroot /Applications/Xcode.app/Contents/Developer/Platforms/iPhoneSimulator.platform/Developer/SDKs/iPhoneSimulator13.4.sdk -mios-simulator-version-min=11.0 -O2 -Wno-deprecated-register -std=c++17 -MT lstmtrainer.lo -MD -MP -MF .deps/lstmtrainer.Tpo -c ../../../../src/lstm/lstmtrainer.cpp -o lstmtrainer.o
libtool: compile:  /Applications/Xcode.app/Contents/Developer/usr/bin/g++ --target=x86_64-apple-darwin -DHAVE_CONFIG_H -I. -I../../../../src/lstm -I../.. -DNDEBUG -I../../../../src/ccutil -I../../../../src/cutil -I../../../../src/ccstruct -I../../../../src/arch -I../../../../src/viewer -I../../../../src/classify -I../../../../src/dict -I../../../../src/lstm -I/Users/zyoung/dev/SwiftyTesseract/SwiftyTesseract/SwiftyTesseract/tesseract-4.1.0/ios/x86_64-apple-darwin/ -arch x86_64 -pipe -no-cpp-precomp -isysroot /Applications/Xcode.app/Contents/Developer/Platforms/iPhoneSimulator.platform/Developer/SDKs/iPhoneSimulator13.4.sdk -mios-simulator-version-min=11.0 -O2 -fembed-bitcode -I/Users/zyoung/dev/SwiftyTesseract/SwiftyTesseract/SwiftyTesseract/leptonica-1.78.0/ios/x86_64-apple-darwin/include/leptonica -DTESSDATA_PREFIX=/Users/zyoung/dev/SwiftyTesseract/SwiftyTesseract/SwiftyTesseract/tesseract-4.1.0/ios/x86_64-apple-darwin/share -I/Users/zyoung/dev/SwiftyTesseract/SwiftyTesseract/SwiftyTesseract/tesseract-4.1.0/ios/x86_64-apple-darwin/ -arch x86_64 -pipe -no-cpp-precomp -isysroot /Applications/Xcode.app/Contents/Developer/Platforms/iPhoneSimulator.platform/Developer/SDKs/iPhoneSimulator13.4.sdk -mios-simulator-version-min=11.0 -O2 -Wno-deprecated-register -std=c++17 -MT maxpool.lo -MD -MP -MF .deps/maxpool.Tpo -c ../../../../src/lstm/maxpool.cpp -o maxpool.o
libtool: compile:  /Applications/Xcode.app/Contents/Developer/usr/bin/g++ --target=x86_64-apple-darwin -DHAVE_CONFIG_H -I. -I../../../../src/lstm -I../.. -DNDEBUG -I../../../../src/ccutil -I../../../../src/cutil -I../../../../src/ccstruct -I../../../../src/arch -I../../../../src/viewer -I../../../../src/classify -I../../../../src/dict -I../../../../src/lstm -I/Users/zyoung/dev/SwiftyTesseract/SwiftyTesseract/SwiftyTesseract/tesseract-4.1.0/ios/x86_64-apple-darwin/ -arch x86_64 -pipe -no-cpp-precomp -isysroot /Applications/Xcode.app/Contents/Developer/Platforms/iPhoneSimulator.platform/Developer/SDKs/iPhoneSimulator13.4.sdk -mios-simulator-version-min=11.0 -O2 -fembed-bitcode -I/Users/zyoung/dev/SwiftyTesseract/SwiftyTesseract/SwiftyTesseract/leptonica-1.78.0/ios/x86_64-apple-darwin/include/leptonica -DTESSDATA_PREFIX=/Users/zyoung/dev/SwiftyTesseract/SwiftyTesseract/SwiftyTesseract/tesseract-4.1.0/ios/x86_64-apple-darwin/share -I/Users/zyoung/dev/SwiftyTesseract/SwiftyTesseract/SwiftyTesseract/tesseract-4.1.0/ios/x86_64-apple-darwin/ -arch x86_64 -pipe -no-cpp-precomp -isysroot /Applications/Xcode.app/Contents/Developer/Platforms/iPhoneSimulator.platform/Developer/SDKs/iPhoneSimulator13.4.sdk -mios-simulator-version-min=11.0 -O2 -Wno-deprecated-register -std=c++17 -MT networkbuilder.lo -MD -MP -MF .deps/networkbuilder.Tpo -c ../../../../src/lstm/networkbuilder.cpp -o networkbuilder.o
libtool: compile:  /Applications/Xcode.app/Contents/Developer/usr/bin/g++ --target=x86_64-apple-darwin -DHAVE_CONFIG_H -I. -I../../../../src/lstm -I../.. -DNDEBUG -I../../../../src/ccutil -I../../../../src/cutil -I../../../../src/ccstruct -I../../../../src/arch -I../../../../src/viewer -I../../../../src/classify -I../../../../src/dict -I../../../../src/lstm -I/Users/zyoung/dev/SwiftyTesseract/SwiftyTesseract/SwiftyTesseract/tesseract-4.1.0/ios/x86_64-apple-darwin/ -arch x86_64 -pipe -no-cpp-precomp -isysroot /Applications/Xcode.app/Contents/Developer/Platforms/iPhoneSimulator.platform/Developer/SDKs/iPhoneSimulator13.4.sdk -mios-simulator-version-min=11.0 -O2 -fembed-bitcode -I/Users/zyoung/dev/SwiftyTesseract/SwiftyTesseract/SwiftyTesseract/leptonica-1.78.0/ios/x86_64-apple-darwin/include/leptonica -DTESSDATA_PREFIX=/Users/zyoung/dev/SwiftyTesseract/SwiftyTesseract/SwiftyTesseract/tesseract-4.1.0/ios/x86_64-apple-darwin/share -I/Users/zyoung/dev/SwiftyTesseract/SwiftyTesseract/SwiftyTesseract/tesseract-4.1.0/ios/x86_64-apple-darwin/ -arch x86_64 -pipe -no-cpp-precomp -isysroot /Applications/Xcode.app/Contents/Developer/Platforms/iPhoneSimulator.platform/Developer/SDKs/iPhoneSimulator13.4.sdk -mios-simulator-version-min=11.0 -O2 -Wno-deprecated-register -std=c++17 -MT network.lo -MD -MP -MF .deps/network.Tpo -c ../../../../src/lstm/network.cpp -o network.o
libtool: compile:  /Applications/Xcode.app/Contents/Developer/usr/bin/g++ --target=x86_64-apple-darwin -DHAVE_CONFIG_H -I. -I../../../../src/lstm -I../.. -DNDEBUG -I../../../../src/ccutil -I../../../../src/cutil -I../../../../src/ccstruct -I../../../../src/arch -I../../../../src/viewer -I../../../../src/classify -I../../../../src/dict -I../../../../src/lstm -I/Users/zyoung/dev/SwiftyTesseract/SwiftyTesseract/SwiftyTesseract/tesseract-4.1.0/ios/x86_64-apple-darwin/ -arch x86_64 -pipe -no-cpp-precomp -isysroot /Applications/Xcode.app/Contents/Developer/Platforms/iPhoneSimulator.platform/Developer/SDKs/iPhoneSimulator13.4.sdk -mios-simulator-version-min=11.0 -O2 -fembed-bitcode -I/Users/zyoung/dev/SwiftyTesseract/SwiftyTesseract/SwiftyTesseract/leptonica-1.78.0/ios/x86_64-apple-darwin/include/leptonica -DTESSDATA_PREFIX=/Users/zyoung/dev/SwiftyTesseract/SwiftyTesseract/SwiftyTesseract/tesseract-4.1.0/ios/x86_64-apple-darwin/share -I/Users/zyoung/dev/SwiftyTesseract/SwiftyTesseract/SwiftyTesseract/tesseract-4.1.0/ios/x86_64-apple-darwin/ -arch x86_64 -pipe -no-cpp-precomp -isysroot /Applications/Xcode.app/Contents/Developer/Platforms/iPhoneSimulator.platform/Developer/SDKs/iPhoneSimulator13.4.sdk -mios-simulator-version-min=11.0 -O2 -Wno-deprecated-register -std=c++17 -MT networkio.lo -MD -MP -MF .deps/networkio.Tpo -c ../../../../src/lstm/networkio.cpp -o networkio.o
libtool: compile:  /Applications/Xcode.app/Contents/Developer/usr/bin/g++ --target=x86_64-apple-darwin -DHAVE_CONFIG_H -I. -I../../../../src/lstm -I../.. -DNDEBUG -I../../../../src/ccutil -I../../../../src/cutil -I../../../../src/ccstruct -I../../../../src/arch -I../../../../src/viewer -I../../../../src/classify -I../../../../src/dict -I../../../../src/lstm -I/Users/zyoung/dev/SwiftyTesseract/SwiftyTesseract/SwiftyTesseract/tesseract-4.1.0/ios/x86_64-apple-darwin/ -arch x86_64 -pipe -no-cpp-precomp -isysroot /Applications/Xcode.app/Contents/Developer/Platforms/iPhoneSimulator.platform/Developer/SDKs/iPhoneSimulator13.4.sdk -mios-simulator-version-min=11.0 -O2 -fembed-bitcode -I/Users/zyoung/dev/SwiftyTesseract/SwiftyTesseract/SwiftyTesseract/leptonica-1.78.0/ios/x86_64-apple-darwin/include/leptonica -DTESSDATA_PREFIX=/Users/zyoung/dev/SwiftyTesseract/SwiftyTesseract/SwiftyTesseract/tesseract-4.1.0/ios/x86_64-apple-darwin/share -I/Users/zyoung/dev/SwiftyTesseract/SwiftyTesseract/SwiftyTesseract/tesseract-4.1.0/ios/x86_64-apple-darwin/ -arch x86_64 -pipe -no-cpp-precomp -isysroot /Applications/Xcode.app/Contents/Developer/Platforms/iPhoneSimulator.platform/Developer/SDKs/iPhoneSimulator13.4.sdk -mios-simulator-version-min=11.0 -O2 -Wno-deprecated-register -std=c++17 -MT parallel.lo -MD -MP -MF .deps/parallel.Tpo -c ../../../../src/lstm/parallel.cpp -o parallel.o
libtool: compile:  /Applications/Xcode.app/Contents/Developer/usr/bin/g++ --target=x86_64-apple-darwin -DHAVE_CONFIG_H -I. -I../../../../src/lstm -I../.. -DNDEBUG -I../../../../src/ccutil -I../../../../src/cutil -I../../../../src/ccstruct -I../../../../src/arch -I../../../../src/viewer -I../../../../src/classify -I../../../../src/dict -I../../../../src/lstm -I/Users/zyoung/dev/SwiftyTesseract/SwiftyTesseract/SwiftyTesseract/tesseract-4.1.0/ios/x86_64-apple-darwin/ -arch x86_64 -pipe -no-cpp-precomp -isysroot /Applications/Xcode.app/Contents/Developer/Platforms/iPhoneSimulator.platform/Developer/SDKs/iPhoneSimulator13.4.sdk -mios-simulator-version-min=11.0 -O2 -fembed-bitcode -I/Users/zyoung/dev/SwiftyTesseract/SwiftyTesseract/SwiftyTesseract/leptonica-1.78.0/ios/x86_64-apple-darwin/include/leptonica -DTESSDATA_PREFIX=/Users/zyoung/dev/SwiftyTesseract/SwiftyTesseract/SwiftyTesseract/tesseract-4.1.0/ios/x86_64-apple-darwin/share -I/Users/zyoung/dev/SwiftyTesseract/SwiftyTesseract/SwiftyTesseract/tesseract-4.1.0/ios/x86_64-apple-darwin/ -arch x86_64 -pipe -no-cpp-precomp -isysroot /Applications/Xcode.app/Contents/Developer/Platforms/iPhoneSimulator.platform/Developer/SDKs/iPhoneSimulator13.4.sdk -mios-simulator-version-min=11.0 -O2 -Wno-deprecated-register -std=c++17 -MT plumbing.lo -MD -MP -MF .deps/plumbing.Tpo -c ../../../../src/lstm/plumbing.cpp -o plumbing.o
libtool: compile:  /Applications/Xcode.app/Contents/Developer/usr/bin/g++ --target=x86_64-apple-darwin -DHAVE_CONFIG_H -I. -I../../../../src/lstm -I../.. -DNDEBUG -I../../../../src/ccutil -I../../../../src/cutil -I../../../../src/ccstruct -I../../../../src/arch -I../../../../src/viewer -I../../../../src/classify -I../../../../src/dict -I../../../../src/lstm -I/Users/zyoung/dev/SwiftyTesseract/SwiftyTesseract/SwiftyTesseract/tesseract-4.1.0/ios/x86_64-apple-darwin/ -arch x86_64 -pipe -no-cpp-precomp -isysroot /Applications/Xcode.app/Contents/Developer/Platforms/iPhoneSimulator.platform/Developer/SDKs/iPhoneSimulator13.4.sdk -mios-simulator-version-min=11.0 -O2 -fembed-bitcode -I/Users/zyoung/dev/SwiftyTesseract/SwiftyTesseract/SwiftyTesseract/leptonica-1.78.0/ios/x86_64-apple-darwin/include/leptonica -DTESSDATA_PREFIX=/Users/zyoung/dev/SwiftyTesseract/SwiftyTesseract/SwiftyTesseract/tesseract-4.1.0/ios/x86_64-apple-darwin/share -I/Users/zyoung/dev/SwiftyTesseract/SwiftyTesseract/SwiftyTesseract/tesseract-4.1.0/ios/x86_64-apple-darwin/ -arch x86_64 -pipe -no-cpp-precomp -isysroot /Applications/Xcode.app/Contents/Developer/Platforms/iPhoneSimulator.platform/Developer/SDKs/iPhoneSimulator13.4.sdk -mios-simulator-version-min=11.0 -O2 -Wno-deprecated-register -std=c++17 -MT recodebeam.lo -MD -MP -MF .deps/recodebeam.Tpo -c ../../../../src/lstm/recodebeam.cpp -o recodebeam.o
libtool: compile:  /Applications/Xcode.app/Contents/Developer/usr/bin/g++ --target=x86_64-apple-darwin -DHAVE_CONFIG_H -I. -I../../../../src/lstm -I../.. -DNDEBUG -I../../../../src/ccutil -I../../../../src/cutil -I../../../../src/ccstruct -I../../../../src/arch -I../../../../src/viewer -I../../../../src/classify -I../../../../src/dict -I../../../../src/lstm -I/Users/zyoung/dev/SwiftyTesseract/SwiftyTesseract/SwiftyTesseract/tesseract-4.1.0/ios/x86_64-apple-darwin/ -arch x86_64 -pipe -no-cpp-precomp -isysroot /Applications/Xcode.app/Contents/Developer/Platforms/iPhoneSimulator.platform/Developer/SDKs/iPhoneSimulator13.4.sdk -mios-simulator-version-min=11.0 -O2 -fembed-bitcode -I/Users/zyoung/dev/SwiftyTesseract/SwiftyTesseract/SwiftyTesseract/leptonica-1.78.0/ios/x86_64-apple-darwin/include/leptonica -DTESSDATA_PREFIX=/Users/zyoung/dev/SwiftyTesseract/SwiftyTesseract/SwiftyTesseract/tesseract-4.1.0/ios/x86_64-apple-darwin/share -I/Users/zyoung/dev/SwiftyTesseract/SwiftyTesseract/SwiftyTesseract/tesseract-4.1.0/ios/x86_64-apple-darwin/ -arch x86_64 -pipe -no-cpp-precomp -isysroot /Applications/Xcode.app/Contents/Developer/Platforms/iPhoneSimulator.platform/Developer/SDKs/iPhoneSimulator13.4.sdk -mios-simulator-version-min=11.0 -O2 -Wno-deprecated-register -std=c++17 -MT reconfig.lo -MD -MP -MF .deps/reconfig.Tpo -c ../../../../src/lstm/reconfig.cpp -o reconfig.o
libtool: compile:  /Applications/Xcode.app/Contents/Developer/usr/bin/g++ --target=x86_64-apple-darwin -DHAVE_CONFIG_H -I. -I../../../../src/lstm -I../.. -DNDEBUG -I../../../../src/ccutil -I../../../../src/cutil -I../../../../src/ccstruct -I../../../../src/arch -I../../../../src/viewer -I../../../../src/classify -I../../../../src/dict -I../../../../src/lstm -I/Users/zyoung/dev/SwiftyTesseract/SwiftyTesseract/SwiftyTesseract/tesseract-4.1.0/ios/x86_64-apple-darwin/ -arch x86_64 -pipe -no-cpp-precomp -isysroot /Applications/Xcode.app/Contents/Developer/Platforms/iPhoneSimulator.platform/Developer/SDKs/iPhoneSimulator13.4.sdk -mios-simulator-version-min=11.0 -O2 -fembed-bitcode -I/Users/zyoung/dev/SwiftyTesseract/SwiftyTesseract/SwiftyTesseract/leptonica-1.78.0/ios/x86_64-apple-darwin/include/leptonica -DTESSDATA_PREFIX=/Users/zyoung/dev/SwiftyTesseract/SwiftyTesseract/SwiftyTesseract/tesseract-4.1.0/ios/x86_64-apple-darwin/share -I/Users/zyoung/dev/SwiftyTesseract/SwiftyTesseract/SwiftyTesseract/tesseract-4.1.0/ios/x86_64-apple-darwin/ -arch x86_64 -pipe -no-cpp-precomp -isysroot /Applications/Xcode.app/Contents/Developer/Platforms/iPhoneSimulator.platform/Developer/SDKs/iPhoneSimulator13.4.sdk -mios-simulator-version-min=11.0 -O2 -Wno-deprecated-register -std=c++17 -MT reversed.lo -MD -MP -MF .deps/reversed.Tpo -c ../../../../src/lstm/reversed.cpp -o reversed.o
libtool: compile:  /Applications/Xcode.app/Contents/Developer/usr/bin/g++ --target=x86_64-apple-darwin -DHAVE_CONFIG_H -I. -I../../../../src/lstm -I../.. -DNDEBUG -I../../../../src/ccutil -I../../../../src/cutil -I../../../../src/ccstruct -I../../../../src/arch -I../../../../src/viewer -I../../../../src/classify -I../../../../src/dict -I../../../../src/lstm -I/Users/zyoung/dev/SwiftyTesseract/SwiftyTesseract/SwiftyTesseract/tesseract-4.1.0/ios/x86_64-apple-darwin/ -arch x86_64 -pipe -no-cpp-precomp -isysroot /Applications/Xcode.app/Contents/Developer/Platforms/iPhoneSimulator.platform/Developer/SDKs/iPhoneSimulator13.4.sdk -mios-simulator-version-min=11.0 -O2 -fembed-bitcode -I/Users/zyoung/dev/SwiftyTesseract/SwiftyTesseract/SwiftyTesseract/leptonica-1.78.0/ios/x86_64-apple-darwin/include/leptonica -DTESSDATA_PREFIX=/Users/zyoung/dev/SwiftyTesseract/SwiftyTesseract/SwiftyTesseract/tesseract-4.1.0/ios/x86_64-apple-darwin/share -I/Users/zyoung/dev/SwiftyTesseract/SwiftyTesseract/SwiftyTesseract/tesseract-4.1.0/ios/x86_64-apple-darwin/ -arch x86_64 -pipe -no-cpp-precomp -isysroot /Applications/Xcode.app/Contents/Developer/Platforms/iPhoneSimulator.platform/Developer/SDKs/iPhoneSimulator13.4.sdk -mios-simulator-version-min=11.0 -O2 -Wno-deprecated-register -std=c++17 -MT series.lo -MD -MP -MF .deps/series.Tpo -c ../../../../src/lstm/series.cpp -o series.o
libtool: compile:  /Applications/Xcode.app/Contents/Developer/usr/bin/g++ --target=x86_64-apple-darwin -DHAVE_CONFIG_H -I. -I../../../../src/lstm -I../.. -DNDEBUG -I../../../../src/ccutil -I../../../../src/cutil -I../../../../src/ccstruct -I../../../../src/arch -I../../../../src/viewer -I../../../../src/classify -I../../../../src/dict -I../../../../src/lstm -I/Users/zyoung/dev/SwiftyTesseract/SwiftyTesseract/SwiftyTesseract/tesseract-4.1.0/ios/x86_64-apple-darwin/ -arch x86_64 -pipe -no-cpp-precomp -isysroot /Applications/Xcode.app/Contents/Developer/Platforms/iPhoneSimulator.platform/Developer/SDKs/iPhoneSimulator13.4.sdk -mios-simulator-version-min=11.0 -O2 -fembed-bitcode -I/Users/zyoung/dev/SwiftyTesseract/SwiftyTesseract/SwiftyTesseract/leptonica-1.78.0/ios/x86_64-apple-darwin/include/leptonica -DTESSDATA_PREFIX=/Users/zyoung/dev/SwiftyTesseract/SwiftyTesseract/SwiftyTesseract/tesseract-4.1.0/ios/x86_64-apple-darwin/share -I/Users/zyoung/dev/SwiftyTesseract/SwiftyTesseract/SwiftyTesseract/tesseract-4.1.0/ios/x86_64-apple-darwin/ -arch x86_64 -pipe -no-cpp-precomp -isysroot /Applications/Xcode.app/Contents/Developer/Platforms/iPhoneSimulator.platform/Developer/SDKs/iPhoneSimulator13.4.sdk -mios-simulator-version-min=11.0 -O2 -Wno-deprecated-register -std=c++17 -MT stridemap.lo -MD -MP -MF .deps/stridemap.Tpo -c ../../../../src/lstm/stridemap.cpp -o stridemap.o
libtool: compile:  /Applications/Xcode.app/Contents/Developer/usr/bin/g++ --target=x86_64-apple-darwin -DHAVE_CONFIG_H -I. -I../../../../src/lstm -I../.. -DNDEBUG -I../../../../src/ccutil -I../../../../src/cutil -I../../../../src/ccstruct -I../../../../src/arch -I../../../../src/viewer -I../../../../src/classify -I../../../../src/dict -I../../../../src/lstm -I/Users/zyoung/dev/SwiftyTesseract/SwiftyTesseract/SwiftyTesseract/tesseract-4.1.0/ios/x86_64-apple-darwin/ -arch x86_64 -pipe -no-cpp-precomp -isysroot /Applications/Xcode.app/Contents/Developer/Platforms/iPhoneSimulator.platform/Developer/SDKs/iPhoneSimulator13.4.sdk -mios-simulator-version-min=11.0 -O2 -fembed-bitcode -I/Users/zyoung/dev/SwiftyTesseract/SwiftyTesseract/SwiftyTesseract/leptonica-1.78.0/ios/x86_64-apple-darwin/include/leptonica -DTESSDATA_PREFIX=/Users/zyoung/dev/SwiftyTesseract/SwiftyTesseract/SwiftyTesseract/tesseract-4.1.0/ios/x86_64-apple-darwin/share -I/Users/zyoung/dev/SwiftyTesseract/SwiftyTesseract/SwiftyTesseract/tesseract-4.1.0/ios/x86_64-apple-darwin/ -arch x86_64 -pipe -no-cpp-precomp -isysroot /Applications/Xcode.app/Contents/Developer/Platforms/iPhoneSimulator.platform/Developer/SDKs/iPhoneSimulator13.4.sdk -mios-simulator-version-min=11.0 -O2 -Wno-deprecated-register -std=c++17 -MT tfnetwork.lo -MD -MP -MF .deps/tfnetwork.Tpo -c ../../../../src/lstm/tfnetwork.cpp -o tfnetwork.o
libtool: compile:  /Applications/Xcode.app/Contents/Developer/usr/bin/g++ --target=x86_64-apple-darwin -DHAVE_CONFIG_H -I. -I../../../../src/lstm -I../.. -DNDEBUG -I../../../../src/ccutil -I../../../../src/cutil -I../../../../src/ccstruct -I../../../../src/arch -I../../../../src/viewer -I../../../../src/classify -I../../../../src/dict -I../../../../src/lstm -I/Users/zyoung/dev/SwiftyTesseract/SwiftyTesseract/SwiftyTesseract/tesseract-4.1.0/ios/x86_64-apple-darwin/ -arch x86_64 -pipe -no-cpp-precomp -isysroot /Applications/Xcode.app/Contents/Developer/Platforms/iPhoneSimulator.platform/Developer/SDKs/iPhoneSimulator13.4.sdk -mios-simulator-version-min=11.0 -O2 -fembed-bitcode -I/Users/zyoung/dev/SwiftyTesseract/SwiftyTesseract/SwiftyTesseract/leptonica-1.78.0/ios/x86_64-apple-darwin/include/leptonica -DTESSDATA_PREFIX=/Users/zyoung/dev/SwiftyTesseract/SwiftyTesseract/SwiftyTesseract/tesseract-4.1.0/ios/x86_64-apple-darwin/share -I/Users/zyoung/dev/SwiftyTesseract/SwiftyTesseract/SwiftyTesseract/tesseract-4.1.0/ios/x86_64-apple-darwin/ -arch x86_64 -pipe -no-cpp-precomp -isysroot /Applications/Xcode.app/Contents/Developer/Platforms/iPhoneSimulator.platform/Developer/SDKs/iPhoneSimulator13.4.sdk -mios-simulator-version-min=11.0 -O2 -Wno-deprecated-register -std=c++17 -MT weightmatrix.lo -MD -MP -MF .deps/weightmatrix.Tpo -c ../../../../src/lstm/weightmatrix.cpp -o weightmatrix.o
libtool: link: ar cru .libs/libtesseract_lstm.a  convolve.o ctc.o fullyconnected.o functions.o input.o lstm.o lstmrecognizer.o lstmtrainer.o maxpool.o networkbuilder.o network.o networkio.o parallel.o plumbing.o recodebeam.o reconfig.o reversed.o series.o stridemap.o tfnetwork.o weightmatrix.o
libtool: link: ranlib .libs/libtesseract_lstm.a
libtool: link: ( cd ".libs" && rm -f "libtesseract_lstm.la" && ln -s "../libtesseract_lstm.la" "libtesseract_lstm.la" )
Making all in src/ccmain
libtool: compile:  /Applications/Xcode.app/Contents/Developer/usr/bin/g++ --target=x86_64-apple-darwin -DHAVE_CONFIG_H -I. -I../../../../src/ccmain -I../.. -DNDEBUG -I../../../../src/ccutil -I../../../../src/ccstruct -I../../../../src/arch -I../../../../src/lstm -I../../../../src/viewer -I../../../../src/classify -I../../../../src/dict -I../../../../src/wordrec -I../../../../src/cutil -I../../../../src/textord -I../../../../src/opencl -I/Users/zyoung/dev/SwiftyTesseract/SwiftyTesseract/SwiftyTesseract/tesseract-4.1.0/ios/x86_64-apple-darwin/ -arch x86_64 -pipe -no-cpp-precomp -isysroot /Applications/Xcode.app/Contents/Developer/Platforms/iPhoneSimulator.platform/Developer/SDKs/iPhoneSimulator13.4.sdk -mios-simulator-version-min=11.0 -O2 -fembed-bitcode -I/Users/zyoung/dev/SwiftyTesseract/SwiftyTesseract/SwiftyTesseract/leptonica-1.78.0/ios/x86_64-apple-darwin/include/leptonica -I/Users/zyoung/dev/SwiftyTesseract/SwiftyTesseract/SwiftyTesseract/tesseract-4.1.0/ios/x86_64-apple-darwin/ -arch x86_64 -pipe -no-cpp-precomp -isysroot /Applications/Xcode.app/Contents/Developer/Platforms/iPhoneSimulator.platform/Developer/SDKs/iPhoneSimulator13.4.sdk -mios-simulator-version-min=11.0 -O2 -Wno-deprecated-register -std=c++17 -MT control.lo -MD -MP -MF .deps/control.Tpo -c ../../../../src/ccmain/control.cpp -o control.o
libtool: compile:  /Applications/Xcode.app/Contents/Developer/usr/bin/g++ --target=x86_64-apple-darwin -DHAVE_CONFIG_H -I. -I../../../../src/ccmain -I../.. -DNDEBUG -I../../../../src/ccutil -I../../../../src/ccstruct -I../../../../src/arch -I../../../../src/lstm -I../../../../src/viewer -I../../../../src/classify -I../../../../src/dict -I../../../../src/wordrec -I../../../../src/cutil -I../../../../src/textord -I../../../../src/opencl -I/Users/zyoung/dev/SwiftyTesseract/SwiftyTesseract/SwiftyTesseract/tesseract-4.1.0/ios/x86_64-apple-darwin/ -arch x86_64 -pipe -no-cpp-precomp -isysroot /Applications/Xcode.app/Contents/Developer/Platforms/iPhoneSimulator.platform/Developer/SDKs/iPhoneSimulator13.4.sdk -mios-simulator-version-min=11.0 -O2 -fembed-bitcode -I/Users/zyoung/dev/SwiftyTesseract/SwiftyTesseract/SwiftyTesseract/leptonica-1.78.0/ios/x86_64-apple-darwin/include/leptonica -I/Users/zyoung/dev/SwiftyTesseract/SwiftyTesseract/SwiftyTesseract/tesseract-4.1.0/ios/x86_64-apple-darwin/ -arch x86_64 -pipe -no-cpp-precomp -isysroot /Applications/Xcode.app/Contents/Developer/Platforms/iPhoneSimulator.platform/Developer/SDKs/iPhoneSimulator13.4.sdk -mios-simulator-version-min=11.0 -O2 -Wno-deprecated-register -std=c++17 -MT linerec.lo -MD -MP -MF .deps/linerec.Tpo -c ../../../../src/ccmain/linerec.cpp -o linerec.o
libtool: compile:  /Applications/Xcode.app/Contents/Developer/usr/bin/g++ --target=x86_64-apple-darwin -DHAVE_CONFIG_H -I. -I../../../../src/ccmain -I../.. -DNDEBUG -I../../../../src/ccutil -I../../../../src/ccstruct -I../../../../src/arch -I../../../../src/lstm -I../../../../src/viewer -I../../../../src/classify -I../../../../src/dict -I../../../../src/wordrec -I../../../../src/cutil -I../../../../src/textord -I../../../../src/opencl -I/Users/zyoung/dev/SwiftyTesseract/SwiftyTesseract/SwiftyTesseract/tesseract-4.1.0/ios/x86_64-apple-darwin/ -arch x86_64 -pipe -no-cpp-precomp -isysroot /Applications/Xcode.app/Contents/Developer/Platforms/iPhoneSimulator.platform/Developer/SDKs/iPhoneSimulator13.4.sdk -mios-simulator-version-min=11.0 -O2 -fembed-bitcode -I/Users/zyoung/dev/SwiftyTesseract/SwiftyTesseract/SwiftyTesseract/leptonica-1.78.0/ios/x86_64-apple-darwin/include/leptonica -I/Users/zyoung/dev/SwiftyTesseract/SwiftyTesseract/SwiftyTesseract/tesseract-4.1.0/ios/x86_64-apple-darwin/ -arch x86_64 -pipe -no-cpp-precomp -isysroot /Applications/Xcode.app/Contents/Developer/Platforms/iPhoneSimulator.platform/Developer/SDKs/iPhoneSimulator13.4.sdk -mios-simulator-version-min=11.0 -O2 -Wno-deprecated-register -std=c++17 -MT mutableiterator.lo -MD -MP -MF .deps/mutableiterator.Tpo -c ../../../../src/ccmain/mutableiterator.cpp -o mutableiterator.o
libtool: compile:  /Applications/Xcode.app/Contents/Developer/usr/bin/g++ --target=x86_64-apple-darwin -DHAVE_CONFIG_H -I. -I../../../../src/ccmain -I../.. -DNDEBUG -I../../../../src/ccutil -I../../../../src/ccstruct -I../../../../src/arch -I../../../../src/lstm -I../../../../src/viewer -I../../../../src/classify -I../../../../src/dict -I../../../../src/wordrec -I../../../../src/cutil -I../../../../src/textord -I../../../../src/opencl -I/Users/zyoung/dev/SwiftyTesseract/SwiftyTesseract/SwiftyTesseract/tesseract-4.1.0/ios/x86_64-apple-darwin/ -arch x86_64 -pipe -no-cpp-precomp -isysroot /Applications/Xcode.app/Contents/Developer/Platforms/iPhoneSimulator.platform/Developer/SDKs/iPhoneSimulator13.4.sdk -mios-simulator-version-min=11.0 -O2 -fembed-bitcode -I/Users/zyoung/dev/SwiftyTesseract/SwiftyTesseract/SwiftyTesseract/leptonica-1.78.0/ios/x86_64-apple-darwin/include/leptonica -I/Users/zyoung/dev/SwiftyTesseract/SwiftyTesseract/SwiftyTesseract/tesseract-4.1.0/ios/x86_64-apple-darwin/ -arch x86_64 -pipe -no-cpp-precomp -isysroot /Applications/Xcode.app/Contents/Developer/Platforms/iPhoneSimulator.platform/Developer/SDKs/iPhoneSimulator13.4.sdk -mios-simulator-version-min=11.0 -O2 -Wno-deprecated-register -std=c++17 -MT ltrresultiterator.lo -MD -MP -MF .deps/ltrresultiterator.Tpo -c ../../../../src/ccmain/ltrresultiterator.cpp -o ltrresultiterator.o
libtool: compile:  /Applications/Xcode.app/Contents/Developer/usr/bin/g++ --target=x86_64-apple-darwin -DHAVE_CONFIG_H -I. -I../../../../src/ccmain -I../.. -DNDEBUG -I../../../../src/ccutil -I../../../../src/ccstruct -I../../../../src/arch -I../../../../src/lstm -I../../../../src/viewer -I../../../../src/classify -I../../../../src/dict -I../../../../src/wordrec -I../../../../src/cutil -I../../../../src/textord -I../../../../src/opencl -I/Users/zyoung/dev/SwiftyTesseract/SwiftyTesseract/SwiftyTesseract/tesseract-4.1.0/ios/x86_64-apple-darwin/ -arch x86_64 -pipe -no-cpp-precomp -isysroot /Applications/Xcode.app/Contents/Developer/Platforms/iPhoneSimulator.platform/Developer/SDKs/iPhoneSimulator13.4.sdk -mios-simulator-version-min=11.0 -O2 -fembed-bitcode -I/Users/zyoung/dev/SwiftyTesseract/SwiftyTesseract/SwiftyTesseract/leptonica-1.78.0/ios/x86_64-apple-darwin/include/leptonica -I/Users/zyoung/dev/SwiftyTesseract/SwiftyTesseract/SwiftyTesseract/tesseract-4.1.0/ios/x86_64-apple-darwin/ -arch x86_64 -pipe -no-cpp-precomp -isysroot /Applications/Xcode.app/Contents/Developer/Platforms/iPhoneSimulator.platform/Developer/SDKs/iPhoneSimulator13.4.sdk -mios-simulator-version-min=11.0 -O2 -Wno-deprecated-register -std=c++17 -MT output.lo -MD -MP -MF .deps/output.Tpo -c ../../../../src/ccmain/output.cpp -o output.o
libtool: compile:  /Applications/Xcode.app/Contents/Developer/usr/bin/g++ --target=x86_64-apple-darwin -DHAVE_CONFIG_H -I. -I../../../../src/ccmain -I../.. -DNDEBUG -I../../../../src/ccutil -I../../../../src/ccstruct -I../../../../src/arch -I../../../../src/lstm -I../../../../src/viewer -I../../../../src/classify -I../../../../src/dict -I../../../../src/wordrec -I../../../../src/cutil -I../../../../src/textord -I../../../../src/opencl -I/Users/zyoung/dev/SwiftyTesseract/SwiftyTesseract/SwiftyTesseract/tesseract-4.1.0/ios/x86_64-apple-darwin/ -arch x86_64 -pipe -no-cpp-precomp -isysroot /Applications/Xcode.app/Contents/Developer/Platforms/iPhoneSimulator.platform/Developer/SDKs/iPhoneSimulator13.4.sdk -mios-simulator-version-min=11.0 -O2 -fembed-bitcode -I/Users/zyoung/dev/SwiftyTesseract/SwiftyTesseract/SwiftyTesseract/leptonica-1.78.0/ios/x86_64-apple-darwin/include/leptonica -I/Users/zyoung/dev/SwiftyTesseract/SwiftyTesseract/SwiftyTesseract/tesseract-4.1.0/ios/x86_64-apple-darwin/ -arch x86_64 -pipe -no-cpp-precomp -isysroot /Applications/Xcode.app/Contents/Developer/Platforms/iPhoneSimulator.platform/Developer/SDKs/iPhoneSimulator13.4.sdk -mios-simulator-version-min=11.0 -O2 -Wno-deprecated-register -std=c++17 -MT pageiterator.lo -MD -MP -MF .deps/pageiterator.Tpo -c ../../../../src/ccmain/pageiterator.cpp -o pageiterator.o
libtool: compile:  /Applications/Xcode.app/Contents/Developer/usr/bin/g++ --target=x86_64-apple-darwin -DHAVE_CONFIG_H -I. -I../../../../src/ccmain -I../.. -DNDEBUG -I../../../../src/ccutil -I../../../../src/ccstruct -I../../../../src/arch -I../../../../src/lstm -I../../../../src/viewer -I../../../../src/classify -I../../../../src/dict -I../../../../src/wordrec -I../../../../src/cutil -I../../../../src/textord -I../../../../src/opencl -I/Users/zyoung/dev/SwiftyTesseract/SwiftyTesseract/SwiftyTesseract/tesseract-4.1.0/ios/x86_64-apple-darwin/ -arch x86_64 -pipe -no-cpp-precomp -isysroot /Applications/Xcode.app/Contents/Developer/Platforms/iPhoneSimulator.platform/Developer/SDKs/iPhoneSimulator13.4.sdk -mios-simulator-version-min=11.0 -O2 -fembed-bitcode -I/Users/zyoung/dev/SwiftyTesseract/SwiftyTesseract/SwiftyTesseract/leptonica-1.78.0/ios/x86_64-apple-darwin/include/leptonica -I/Users/zyoung/dev/SwiftyTesseract/SwiftyTesseract/SwiftyTesseract/tesseract-4.1.0/ios/x86_64-apple-darwin/ -arch x86_64 -pipe -no-cpp-precomp -isysroot /Applications/Xcode.app/Contents/Developer/Platforms/iPhoneSimulator.platform/Developer/SDKs/iPhoneSimulator13.4.sdk -mios-simulator-version-min=11.0 -O2 -Wno-deprecated-register -std=c++17 -MT pagesegmain.lo -MD -MP -MF .deps/pagesegmain.Tpo -c ../../../../src/ccmain/pagesegmain.cpp -o pagesegmain.o
libtool: compile:  /Applications/Xcode.app/Contents/Developer/usr/bin/g++ --target=x86_64-apple-darwin -DHAVE_CONFIG_H -I. -I../../../../src/ccmain -I../.. -DNDEBUG -I../../../../src/ccutil -I../../../../src/ccstruct -I../../../../src/arch -I../../../../src/lstm -I../../../../src/viewer -I../../../../src/classify -I../../../../src/dict -I../../../../src/wordrec -I../../../../src/cutil -I../../../../src/textord -I../../../../src/opencl -I/Users/zyoung/dev/SwiftyTesseract/SwiftyTesseract/SwiftyTesseract/tesseract-4.1.0/ios/x86_64-apple-darwin/ -arch x86_64 -pipe -no-cpp-precomp -isysroot /Applications/Xcode.app/Contents/Developer/Platforms/iPhoneSimulator.platform/Developer/SDKs/iPhoneSimulator13.4.sdk -mios-simulator-version-min=11.0 -O2 -fembed-bitcode -I/Users/zyoung/dev/SwiftyTesseract/SwiftyTesseract/SwiftyTesseract/leptonica-1.78.0/ios/x86_64-apple-darwin/include/leptonica -I/Users/zyoung/dev/SwiftyTesseract/SwiftyTesseract/SwiftyTesseract/tesseract-4.1.0/ios/x86_64-apple-darwin/ -arch x86_64 -pipe -no-cpp-precomp -isysroot /Applications/Xcode.app/Contents/Developer/Platforms/iPhoneSimulator.platform/Developer/SDKs/iPhoneSimulator13.4.sdk -mios-simulator-version-min=11.0 -O2 -Wno-deprecated-register -std=c++17 -MT applybox.lo -MD -MP -MF .deps/applybox.Tpo -c ../../../../src/ccmain/applybox.cpp -o applybox.o
libtool: compile:  /Applications/Xcode.app/Contents/Developer/usr/bin/g++ --target=x86_64-apple-darwin -DHAVE_CONFIG_H -I. -I../../../../src/ccmain -I../.. -DNDEBUG -I../../../../src/ccutil -I../../../../src/ccstruct -I../../../../src/arch -I../../../../src/lstm -I../../../../src/viewer -I../../../../src/classify -I../../../../src/dict -I../../../../src/wordrec -I../../../../src/cutil -I../../../../src/textord -I../../../../src/opencl -I/Users/zyoung/dev/SwiftyTesseract/SwiftyTesseract/SwiftyTesseract/tesseract-4.1.0/ios/x86_64-apple-darwin/ -arch x86_64 -pipe -no-cpp-precomp -isysroot /Applications/Xcode.app/Contents/Developer/Platforms/iPhoneSimulator.platform/Developer/SDKs/iPhoneSimulator13.4.sdk -mios-simulator-version-min=11.0 -O2 -fembed-bitcode -I/Users/zyoung/dev/SwiftyTesseract/SwiftyTesseract/SwiftyTesseract/leptonica-1.78.0/ios/x86_64-apple-darwin/include/leptonica -I/Users/zyoung/dev/SwiftyTesseract/SwiftyTesseract/SwiftyTesseract/tesseract-4.1.0/ios/x86_64-apple-darwin/ -arch x86_64 -pipe -no-cpp-precomp -isysroot /Applications/Xcode.app/Contents/Developer/Platforms/iPhoneSimulator.platform/Developer/SDKs/iPhoneSimulator13.4.sdk -mios-simulator-version-min=11.0 -O2 -Wno-deprecated-register -std=c++17 -MT pagewalk.lo -MD -MP -MF .deps/pagewalk.Tpo -c ../../../../src/ccmain/pagewalk.cpp -o pagewalk.o
libtool: compile:  /Applications/Xcode.app/Contents/Developer/usr/bin/g++ --target=x86_64-apple-darwin -DHAVE_CONFIG_H -I. -I../../../../src/ccmain -I../.. -DNDEBUG -I../../../../src/ccutil -I../../../../src/ccstruct -I../../../../src/arch -I../../../../src/lstm -I../../../../src/viewer -I../../../../src/classify -I../../../../src/dict -I../../../../src/wordrec -I../../../../src/cutil -I../../../../src/textord -I../../../../src/opencl -I/Users/zyoung/dev/SwiftyTesseract/SwiftyTesseract/SwiftyTesseract/tesseract-4.1.0/ios/x86_64-apple-darwin/ -arch x86_64 -pipe -no-cpp-precomp -isysroot /Applications/Xcode.app/Contents/Developer/Platforms/iPhoneSimulator.platform/Developer/SDKs/iPhoneSimulator13.4.sdk -mios-simulator-version-min=11.0 -O2 -fembed-bitcode -I/Users/zyoung/dev/SwiftyTesseract/SwiftyTesseract/SwiftyTesseract/leptonica-1.78.0/ios/x86_64-apple-darwin/include/leptonica -I/Users/zyoung/dev/SwiftyTesseract/SwiftyTesseract/SwiftyTesseract/tesseract-4.1.0/ios/x86_64-apple-darwin/ -arch x86_64 -pipe -no-cpp-precomp -isysroot /Applications/Xcode.app/Contents/Developer/Platforms/iPhoneSimulator.platform/Developer/SDKs/iPhoneSimulator13.4.sdk -mios-simulator-version-min=11.0 -O2 -Wno-deprecated-register -std=c++17 -MT paragraphs.lo -MD -MP -MF .deps/paragraphs.Tpo -c ../../../../src/ccmain/paragraphs.cpp -o paragraphs.o
libtool: compile:  /Applications/Xcode.app/Contents/Developer/usr/bin/g++ --target=x86_64-apple-darwin -DHAVE_CONFIG_H -I. -I../../../../src/ccmain -I../.. -DNDEBUG -I../../../../src/ccutil -I../../../../src/ccstruct -I../../../../src/arch -I../../../../src/lstm -I../../../../src/viewer -I../../../../src/classify -I../../../../src/dict -I../../../../src/wordrec -I../../../../src/cutil -I../../../../src/textord -I../../../../src/opencl -I/Users/zyoung/dev/SwiftyTesseract/SwiftyTesseract/SwiftyTesseract/tesseract-4.1.0/ios/x86_64-apple-darwin/ -arch x86_64 -pipe -no-cpp-precomp -isysroot /Applications/Xcode.app/Contents/Developer/Platforms/iPhoneSimulator.platform/Developer/SDKs/iPhoneSimulator13.4.sdk -mios-simulator-version-min=11.0 -O2 -fembed-bitcode -I/Users/zyoung/dev/SwiftyTesseract/SwiftyTesseract/SwiftyTesseract/leptonica-1.78.0/ios/x86_64-apple-darwin/include/leptonica -I/Users/zyoung/dev/SwiftyTesseract/SwiftyTesseract/SwiftyTesseract/tesseract-4.1.0/ios/x86_64-apple-darwin/ -arch x86_64 -pipe -no-cpp-precomp -isysroot /Applications/Xcode.app/Contents/Developer/Platforms/iPhoneSimulator.platform/Developer/SDKs/iPhoneSimulator13.4.sdk -mios-simulator-version-min=11.0 -O2 -Wno-deprecated-register -std=c++17 -MT paramsd.lo -MD -MP -MF .deps/paramsd.Tpo -c ../../../../src/ccmain/paramsd.cpp -o paramsd.o
libtool: compile:  /Applications/Xcode.app/Contents/Developer/usr/bin/g++ --target=x86_64-apple-darwin -DHAVE_CONFIG_H -I. -I../../../../src/ccmain -I../.. -DNDEBUG -I../../../../src/ccutil -I../../../../src/ccstruct -I../../../../src/arch -I../../../../src/lstm -I../../../../src/viewer -I../../../../src/classify -I../../../../src/dict -I../../../../src/wordrec -I../../../../src/cutil -I../../../../src/textord -I../../../../src/opencl -I/Users/zyoung/dev/SwiftyTesseract/SwiftyTesseract/SwiftyTesseract/tesseract-4.1.0/ios/x86_64-apple-darwin/ -arch x86_64 -pipe -no-cpp-precomp -isysroot /Applications/Xcode.app/Contents/Developer/Platforms/iPhoneSimulator.platform/Developer/SDKs/iPhoneSimulator13.4.sdk -mios-simulator-version-min=11.0 -O2 -fembed-bitcode -I/Users/zyoung/dev/SwiftyTesseract/SwiftyTesseract/SwiftyTesseract/leptonica-1.78.0/ios/x86_64-apple-darwin/include/leptonica -I/Users/zyoung/dev/SwiftyTesseract/SwiftyTesseract/SwiftyTesseract/tesseract-4.1.0/ios/x86_64-apple-darwin/ -arch x86_64 -pipe -no-cpp-precomp -isysroot /Applications/Xcode.app/Contents/Developer/Platforms/iPhoneSimulator.platform/Developer/SDKs/iPhoneSimulator13.4.sdk -mios-simulator-version-min=11.0 -O2 -Wno-deprecated-register -std=c++17 -MT pgedit.lo -MD -MP -MF .deps/pgedit.Tpo -c ../../../../src/ccmain/pgedit.cpp -o pgedit.o
libtool: compile:  /Applications/Xcode.app/Contents/Developer/usr/bin/g++ --target=x86_64-apple-darwin -DHAVE_CONFIG_H -I. -I../../../../src/ccmain -I../.. -DNDEBUG -I../../../../src/ccutil -I../../../../src/ccstruct -I../../../../src/arch -I../../../../src/lstm -I../../../../src/viewer -I../../../../src/classify -I../../../../src/dict -I../../../../src/wordrec -I../../../../src/cutil -I../../../../src/textord -I../../../../src/opencl -I/Users/zyoung/dev/SwiftyTesseract/SwiftyTesseract/SwiftyTesseract/tesseract-4.1.0/ios/x86_64-apple-darwin/ -arch x86_64 -pipe -no-cpp-precomp -isysroot /Applications/Xcode.app/Contents/Developer/Platforms/iPhoneSimulator.platform/Developer/SDKs/iPhoneSimulator13.4.sdk -mios-simulator-version-min=11.0 -O2 -fembed-bitcode -I/Users/zyoung/dev/SwiftyTesseract/SwiftyTesseract/SwiftyTesseract/leptonica-1.78.0/ios/x86_64-apple-darwin/include/leptonica -I/Users/zyoung/dev/SwiftyTesseract/SwiftyTesseract/SwiftyTesseract/tesseract-4.1.0/ios/x86_64-apple-darwin/ -arch x86_64 -pipe -no-cpp-precomp -isysroot /Applications/Xcode.app/Contents/Developer/Platforms/iPhoneSimulator.platform/Developer/SDKs/iPhoneSimulator13.4.sdk -mios-simulator-version-min=11.0 -O2 -Wno-deprecated-register -std=c++17 -MT recogtraining.lo -MD -MP -MF .deps/recogtraining.Tpo -c ../../../../src/ccmain/recogtraining.cpp -o recogtraining.o
libtool: compile:  /Applications/Xcode.app/Contents/Developer/usr/bin/g++ --target=x86_64-apple-darwin -DHAVE_CONFIG_H -I. -I../../../../src/ccmain -I../.. -DNDEBUG -I../../../../src/ccutil -I../../../../src/ccstruct -I../../../../src/arch -I../../../../src/lstm -I../../../../src/viewer -I../../../../src/classify -I../../../../src/dict -I../../../../src/wordrec -I../../../../src/cutil -I../../../../src/textord -I../../../../src/opencl -I/Users/zyoung/dev/SwiftyTesseract/SwiftyTesseract/SwiftyTesseract/tesseract-4.1.0/ios/x86_64-apple-darwin/ -arch x86_64 -pipe -no-cpp-precomp -isysroot /Applications/Xcode.app/Contents/Developer/Platforms/iPhoneSimulator.platform/Developer/SDKs/iPhoneSimulator13.4.sdk -mios-simulator-version-min=11.0 -O2 -fembed-bitcode -I/Users/zyoung/dev/SwiftyTesseract/SwiftyTesseract/SwiftyTesseract/leptonica-1.78.0/ios/x86_64-apple-darwin/include/leptonica -I/Users/zyoung/dev/SwiftyTesseract/SwiftyTesseract/SwiftyTesseract/tesseract-4.1.0/ios/x86_64-apple-darwin/ -arch x86_64 -pipe -no-cpp-precomp -isysroot /Applications/Xcode.app/Contents/Developer/Platforms/iPhoneSimulator.platform/Developer/SDKs/iPhoneSimulator13.4.sdk -mios-simulator-version-min=11.0 -O2 -Wno-deprecated-register -std=c++17 -MT reject.lo -MD -MP -MF .deps/reject.Tpo -c ../../../../src/ccmain/reject.cpp -o reject.o
libtool: compile:  /Applications/Xcode.app/Contents/Developer/usr/bin/g++ --target=x86_64-apple-darwin -DHAVE_CONFIG_H -I. -I../../../../src/ccmain -I../.. -DNDEBUG -I../../../../src/ccutil -I../../../../src/ccstruct -I../../../../src/arch -I../../../../src/lstm -I../../../../src/viewer -I../../../../src/classify -I../../../../src/dict -I../../../../src/wordrec -I../../../../src/cutil -I../../../../src/textord -I../../../../src/opencl -I/Users/zyoung/dev/SwiftyTesseract/SwiftyTesseract/SwiftyTesseract/tesseract-4.1.0/ios/x86_64-apple-darwin/ -arch x86_64 -pipe -no-cpp-precomp -isysroot /Applications/Xcode.app/Contents/Developer/Platforms/iPhoneSimulator.platform/Developer/SDKs/iPhoneSimulator13.4.sdk -mios-simulator-version-min=11.0 -O2 -fembed-bitcode -I/Users/zyoung/dev/SwiftyTesseract/SwiftyTesseract/SwiftyTesseract/leptonica-1.78.0/ios/x86_64-apple-darwin/include/leptonica -I/Users/zyoung/dev/SwiftyTesseract/SwiftyTesseract/SwiftyTesseract/tesseract-4.1.0/ios/x86_64-apple-darwin/ -arch x86_64 -pipe -no-cpp-precomp -isysroot /Applications/Xcode.app/Contents/Developer/Platforms/iPhoneSimulator.platform/Developer/SDKs/iPhoneSimulator13.4.sdk -mios-simulator-version-min=11.0 -O2 -Wno-deprecated-register -std=c++17 -MT resultiterator.lo -MD -MP -MF .deps/resultiterator.Tpo -c ../../../../src/ccmain/resultiterator.cpp -o resultiterator.o
libtool: compile:  /Applications/Xcode.app/Contents/Developer/usr/bin/g++ --target=x86_64-apple-darwin -DHAVE_CONFIG_H -I. -I../../../../src/ccmain -I../.. -DNDEBUG -I../../../../src/ccutil -I../../../../src/ccstruct -I../../../../src/arch -I../../../../src/lstm -I../../../../src/viewer -I../../../../src/classify -I../../../../src/dict -I../../../../src/wordrec -I../../../../src/cutil -I../../../../src/textord -I../../../../src/opencl -I/Users/zyoung/dev/SwiftyTesseract/SwiftyTesseract/SwiftyTesseract/tesseract-4.1.0/ios/x86_64-apple-darwin/ -arch x86_64 -pipe -no-cpp-precomp -isysroot /Applications/Xcode.app/Contents/Developer/Platforms/iPhoneSimulator.platform/Developer/SDKs/iPhoneSimulator13.4.sdk -mios-simulator-version-min=11.0 -O2 -fembed-bitcode -I/Users/zyoung/dev/SwiftyTesseract/SwiftyTesseract/SwiftyTesseract/leptonica-1.78.0/ios/x86_64-apple-darwin/include/leptonica -I/Users/zyoung/dev/SwiftyTesseract/SwiftyTesseract/SwiftyTesseract/tesseract-4.1.0/ios/x86_64-apple-darwin/ -arch x86_64 -pipe -no-cpp-precomp -isysroot /Applications/Xcode.app/Contents/Developer/Platforms/iPhoneSimulator.platform/Developer/SDKs/iPhoneSimulator13.4.sdk -mios-simulator-version-min=11.0 -O2 -Wno-deprecated-register -std=c++17 -MT tessedit.lo -MD -MP -MF .deps/tessedit.Tpo -c ../../../../src/ccmain/tessedit.cpp -o tessedit.o
libtool: compile:  /Applications/Xcode.app/Contents/Developer/usr/bin/g++ --target=x86_64-apple-darwin -DHAVE_CONFIG_H -I. -I../../../../src/ccmain -I../.. -DNDEBUG -I../../../../src/ccutil -I../../../../src/ccstruct -I../../../../src/arch -I../../../../src/lstm -I../../../../src/viewer -I../../../../src/classify -I../../../../src/dict -I../../../../src/wordrec -I../../../../src/cutil -I../../../../src/textord -I../../../../src/opencl -I/Users/zyoung/dev/SwiftyTesseract/SwiftyTesseract/SwiftyTesseract/tesseract-4.1.0/ios/x86_64-apple-darwin/ -arch x86_64 -pipe -no-cpp-precomp -isysroot /Applications/Xcode.app/Contents/Developer/Platforms/iPhoneSimulator.platform/Developer/SDKs/iPhoneSimulator13.4.sdk -mios-simulator-version-min=11.0 -O2 -fembed-bitcode -I/Users/zyoung/dev/SwiftyTesseract/SwiftyTesseract/SwiftyTesseract/leptonica-1.78.0/ios/x86_64-apple-darwin/include/leptonica -I/Users/zyoung/dev/SwiftyTesseract/SwiftyTesseract/SwiftyTesseract/tesseract-4.1.0/ios/x86_64-apple-darwin/ -arch x86_64 -pipe -no-cpp-precomp -isysroot /Applications/Xcode.app/Contents/Developer/Platforms/iPhoneSimulator.platform/Developer/SDKs/iPhoneSimulator13.4.sdk -mios-simulator-version-min=11.0 -O2 -Wno-deprecated-register -std=c++17 -MT tesseractclass.lo -MD -MP -MF .deps/tesseractclass.Tpo -c ../../../../src/ccmain/tesseractclass.cpp -o tesseractclass.o
libtool: compile:  /Applications/Xcode.app/Contents/Developer/usr/bin/g++ --target=x86_64-apple-darwin -DHAVE_CONFIG_H -I. -I../../../../src/ccmain -I../.. -DNDEBUG -I../../../../src/ccutil -I../../../../src/ccstruct -I../../../../src/arch -I../../../../src/lstm -I../../../../src/viewer -I../../../../src/classify -I../../../../src/dict -I../../../../src/wordrec -I../../../../src/cutil -I../../../../src/textord -I../../../../src/opencl -I/Users/zyoung/dev/SwiftyTesseract/SwiftyTesseract/SwiftyTesseract/tesseract-4.1.0/ios/x86_64-apple-darwin/ -arch x86_64 -pipe -no-cpp-precomp -isysroot /Applications/Xcode.app/Contents/Developer/Platforms/iPhoneSimulator.platform/Developer/SDKs/iPhoneSimulator13.4.sdk -mios-simulator-version-min=11.0 -O2 -fembed-bitcode -I/Users/zyoung/dev/SwiftyTesseract/SwiftyTesseract/SwiftyTesseract/leptonica-1.78.0/ios/x86_64-apple-darwin/include/leptonica -I/Users/zyoung/dev/SwiftyTesseract/SwiftyTesseract/SwiftyTesseract/tesseract-4.1.0/ios/x86_64-apple-darwin/ -arch x86_64 -pipe -no-cpp-precomp -isysroot /Applications/Xcode.app/Contents/Developer/Platforms/iPhoneSimulator.platform/Developer/SDKs/iPhoneSimulator13.4.sdk -mios-simulator-version-min=11.0 -O2 -Wno-deprecated-register -std=c++17 -MT tessvars.lo -MD -MP -MF .deps/tessvars.Tpo -c ../../../../src/ccmain/tessvars.cpp -o tessvars.o
libtool: compile:  /Applications/Xcode.app/Contents/Developer/usr/bin/g++ --target=x86_64-apple-darwin -DHAVE_CONFIG_H -I. -I../../../../src/ccmain -I../.. -DNDEBUG -I../../../../src/ccutil -I../../../../src/ccstruct -I../../../../src/arch -I../../../../src/lstm -I../../../../src/viewer -I../../../../src/classify -I../../../../src/dict -I../../../../src/wordrec -I../../../../src/cutil -I../../../../src/textord -I../../../../src/opencl -I/Users/zyoung/dev/SwiftyTesseract/SwiftyTesseract/SwiftyTesseract/tesseract-4.1.0/ios/x86_64-apple-darwin/ -arch x86_64 -pipe -no-cpp-precomp -isysroot /Applications/Xcode.app/Contents/Developer/Platforms/iPhoneSimulator.platform/Developer/SDKs/iPhoneSimulator13.4.sdk -mios-simulator-version-min=11.0 -O2 -fembed-bitcode -I/Users/zyoung/dev/SwiftyTesseract/SwiftyTesseract/SwiftyTesseract/leptonica-1.78.0/ios/x86_64-apple-darwin/include/leptonica -I/Users/zyoung/dev/SwiftyTesseract/SwiftyTesseract/SwiftyTesseract/tesseract-4.1.0/ios/x86_64-apple-darwin/ -arch x86_64 -pipe -no-cpp-precomp -isysroot /Applications/Xcode.app/Contents/Developer/Platforms/iPhoneSimulator.platform/Developer/SDKs/iPhoneSimulator13.4.sdk -mios-simulator-version-min=11.0 -O2 -Wno-deprecated-register -std=c++17 -MT thresholder.lo -MD -MP -MF .deps/thresholder.Tpo -c ../../../../src/ccmain/thresholder.cpp -o thresholder.o
libtool: compile:  /Applications/Xcode.app/Contents/Developer/usr/bin/g++ --target=x86_64-apple-darwin -DHAVE_CONFIG_H -I. -I../../../../src/ccmain -I../.. -DNDEBUG -I../../../../src/ccutil -I../../../../src/ccstruct -I../../../../src/arch -I../../../../src/lstm -I../../../../src/viewer -I../../../../src/classify -I../../../../src/dict -I../../../../src/wordrec -I../../../../src/cutil -I../../../../src/textord -I../../../../src/opencl -I/Users/zyoung/dev/SwiftyTesseract/SwiftyTesseract/SwiftyTesseract/tesseract-4.1.0/ios/x86_64-apple-darwin/ -arch x86_64 -pipe -no-cpp-precomp -isysroot /Applications/Xcode.app/Contents/Developer/Platforms/iPhoneSimulator.platform/Developer/SDKs/iPhoneSimulator13.4.sdk -mios-simulator-version-min=11.0 -O2 -fembed-bitcode -I/Users/zyoung/dev/SwiftyTesseract/SwiftyTesseract/SwiftyTesseract/leptonica-1.78.0/ios/x86_64-apple-darwin/include/leptonica -I/Users/zyoung/dev/SwiftyTesseract/SwiftyTesseract/SwiftyTesseract/tesseract-4.1.0/ios/x86_64-apple-darwin/ -arch x86_64 -pipe -no-cpp-precomp -isysroot /Applications/Xcode.app/Contents/Developer/Platforms/iPhoneSimulator.platform/Developer/SDKs/iPhoneSimulator13.4.sdk -mios-simulator-version-min=11.0 -O2 -Wno-deprecated-register -std=c++17 -MT werdit.lo -MD -MP -MF .deps/werdit.Tpo -c ../../../../src/ccmain/werdit.cpp -o werdit.o
libtool: compile:  /Applications/Xcode.app/Contents/Developer/usr/bin/g++ --target=x86_64-apple-darwin -DHAVE_CONFIG_H -I. -I../../../../src/ccmain -I../.. -DNDEBUG -I../../../../src/ccutil -I../../../../src/ccstruct -I../../../../src/arch -I../../../../src/lstm -I../../../../src/viewer -I../../../../src/classify -I../../../../src/dict -I../../../../src/wordrec -I../../../../src/cutil -I../../../../src/textord -I../../../../src/opencl -I/Users/zyoung/dev/SwiftyTesseract/SwiftyTesseract/SwiftyTesseract/tesseract-4.1.0/ios/x86_64-apple-darwin/ -arch x86_64 -pipe -no-cpp-precomp -isysroot /Applications/Xcode.app/Contents/Developer/Platforms/iPhoneSimulator.platform/Developer/SDKs/iPhoneSimulator13.4.sdk -mios-simulator-version-min=11.0 -O2 -fembed-bitcode -I/Users/zyoung/dev/SwiftyTesseract/SwiftyTesseract/SwiftyTesseract/leptonica-1.78.0/ios/x86_64-apple-darwin/include/leptonica -I/Users/zyoung/dev/SwiftyTesseract/SwiftyTesseract/SwiftyTesseract/tesseract-4.1.0/ios/x86_64-apple-darwin/ -arch x86_64 -pipe -no-cpp-precomp -isysroot /Applications/Xcode.app/Contents/Developer/Platforms/iPhoneSimulator.platform/Developer/SDKs/iPhoneSimulator13.4.sdk -mios-simulator-version-min=11.0 -O2 -Wno-deprecated-register -std=c++17 -MT adaptions.lo -MD -MP -MF .deps/adaptions.Tpo -c ../../../../src/ccmain/adaptions.cpp -o adaptions.o
libtool: compile:  /Applications/Xcode.app/Contents/Developer/usr/bin/g++ --target=x86_64-apple-darwin -DHAVE_CONFIG_H -I. -I../../../../src/ccmain -I../.. -DNDEBUG -I../../../../src/ccutil -I../../../../src/ccstruct -I../../../../src/arch -I../../../../src/lstm -I../../../../src/viewer -I../../../../src/classify -I../../../../src/dict -I../../../../src/wordrec -I../../../../src/cutil -I../../../../src/textord -I../../../../src/opencl -I/Users/zyoung/dev/SwiftyTesseract/SwiftyTesseract/SwiftyTesseract/tesseract-4.1.0/ios/x86_64-apple-darwin/ -arch x86_64 -pipe -no-cpp-precomp -isysroot /Applications/Xcode.app/Contents/Developer/Platforms/iPhoneSimulator.platform/Developer/SDKs/iPhoneSimulator13.4.sdk -mios-simulator-version-min=11.0 -O2 -fembed-bitcode -I/Users/zyoung/dev/SwiftyTesseract/SwiftyTesseract/SwiftyTesseract/leptonica-1.78.0/ios/x86_64-apple-darwin/include/leptonica -I/Users/zyoung/dev/SwiftyTesseract/SwiftyTesseract/SwiftyTesseract/tesseract-4.1.0/ios/x86_64-apple-darwin/ -arch x86_64 -pipe -no-cpp-precomp -isysroot /Applications/Xcode.app/Contents/Developer/Platforms/iPhoneSimulator.platform/Developer/SDKs/iPhoneSimulator13.4.sdk -mios-simulator-version-min=11.0 -O2 -Wno-deprecated-register -std=c++17 -MT docqual.lo -MD -MP -MF .deps/docqual.Tpo -c ../../../../src/ccmain/docqual.cpp -o docqual.o
libtool: compile:  /Applications/Xcode.app/Contents/Developer/usr/bin/g++ --target=x86_64-apple-darwin -DHAVE_CONFIG_H -I. -I../../../../src/ccmain -I../.. -DNDEBUG -I../../../../src/ccutil -I../../../../src/ccstruct -I../../../../src/arch -I../../../../src/lstm -I../../../../src/viewer -I../../../../src/classify -I../../../../src/dict -I../../../../src/wordrec -I../../../../src/cutil -I../../../../src/textord -I../../../../src/opencl -I/Users/zyoung/dev/SwiftyTesseract/SwiftyTesseract/SwiftyTesseract/tesseract-4.1.0/ios/x86_64-apple-darwin/ -arch x86_64 -pipe -no-cpp-precomp -isysroot /Applications/Xcode.app/Contents/Developer/Platforms/iPhoneSimulator.platform/Developer/SDKs/iPhoneSimulator13.4.sdk -mios-simulator-version-min=11.0 -O2 -fembed-bitcode -I/Users/zyoung/dev/SwiftyTesseract/SwiftyTesseract/SwiftyTesseract/leptonica-1.78.0/ios/x86_64-apple-darwin/include/leptonica -I/Users/zyoung/dev/SwiftyTesseract/SwiftyTesseract/SwiftyTesseract/tesseract-4.1.0/ios/x86_64-apple-darwin/ -arch x86_64 -pipe -no-cpp-precomp -isysroot /Applications/Xcode.app/Contents/Developer/Platforms/iPhoneSimulator.platform/Developer/SDKs/iPhoneSimulator13.4.sdk -mios-simulator-version-min=11.0 -O2 -Wno-deprecated-register -std=c++17 -MT equationdetect.lo -MD -MP -MF .deps/equationdetect.Tpo -c ../../../../src/ccmain/equationdetect.cpp -o equationdetect.o
libtool: compile:  /Applications/Xcode.app/Contents/Developer/usr/bin/g++ --target=x86_64-apple-darwin -DHAVE_CONFIG_H -I. -I../../../../src/ccmain -I../.. -DNDEBUG -I../../../../src/ccutil -I../../../../src/ccstruct -I../../../../src/arch -I../../../../src/lstm -I../../../../src/viewer -I../../../../src/classify -I../../../../src/dict -I../../../../src/wordrec -I../../../../src/cutil -I../../../../src/textord -I../../../../src/opencl -I/Users/zyoung/dev/SwiftyTesseract/SwiftyTesseract/SwiftyTesseract/tesseract-4.1.0/ios/x86_64-apple-darwin/ -arch x86_64 -pipe -no-cpp-precomp -isysroot /Applications/Xcode.app/Contents/Developer/Platforms/iPhoneSimulator.platform/Developer/SDKs/iPhoneSimulator13.4.sdk -mios-simulator-version-min=11.0 -O2 -fembed-bitcode -I/Users/zyoung/dev/SwiftyTesseract/SwiftyTesseract/SwiftyTesseract/leptonica-1.78.0/ios/x86_64-apple-darwin/include/leptonica -I/Users/zyoung/dev/SwiftyTesseract/SwiftyTesseract/SwiftyTesseract/tesseract-4.1.0/ios/x86_64-apple-darwin/ -arch x86_64 -pipe -no-cpp-precomp -isysroot /Applications/Xcode.app/Contents/Developer/Platforms/iPhoneSimulator.platform/Developer/SDKs/iPhoneSimulator13.4.sdk -mios-simulator-version-min=11.0 -O2 -Wno-deprecated-register -std=c++17 -MT fixspace.lo -MD -MP -MF .deps/fixspace.Tpo -c ../../../../src/ccmain/fixspace.cpp -o fixspace.o
libtool: compile:  /Applications/Xcode.app/Contents/Developer/usr/bin/g++ --target=x86_64-apple-darwin -DHAVE_CONFIG_H -I. -I../../../../src/ccmain -I../.. -DNDEBUG -I../../../../src/ccutil -I../../../../src/ccstruct -I../../../../src/arch -I../../../../src/lstm -I../../../../src/viewer -I../../../../src/classify -I../../../../src/dict -I../../../../src/wordrec -I../../../../src/cutil -I../../../../src/textord -I../../../../src/opencl -I/Users/zyoung/dev/SwiftyTesseract/SwiftyTesseract/SwiftyTesseract/tesseract-4.1.0/ios/x86_64-apple-darwin/ -arch x86_64 -pipe -no-cpp-precomp -isysroot /Applications/Xcode.app/Contents/Developer/Platforms/iPhoneSimulator.platform/Developer/SDKs/iPhoneSimulator13.4.sdk -mios-simulator-version-min=11.0 -O2 -fembed-bitcode -I/Users/zyoung/dev/SwiftyTesseract/SwiftyTesseract/SwiftyTesseract/leptonica-1.78.0/ios/x86_64-apple-darwin/include/leptonica -I/Users/zyoung/dev/SwiftyTesseract/SwiftyTesseract/SwiftyTesseract/tesseract-4.1.0/ios/x86_64-apple-darwin/ -arch x86_64 -pipe -no-cpp-precomp -isysroot /Applications/Xcode.app/Contents/Developer/Platforms/iPhoneSimulator.platform/Developer/SDKs/iPhoneSimulator13.4.sdk -mios-simulator-version-min=11.0 -O2 -Wno-deprecated-register -std=c++17 -MT fixxht.lo -MD -MP -MF .deps/fixxht.Tpo -c ../../../../src/ccmain/fixxht.cpp -o fixxht.o
libtool: compile:  /Applications/Xcode.app/Contents/Developer/usr/bin/g++ --target=x86_64-apple-darwin -DHAVE_CONFIG_H -I. -I../../../../src/ccmain -I../.. -DNDEBUG -I../../../../src/ccutil -I../../../../src/ccstruct -I../../../../src/arch -I../../../../src/lstm -I../../../../src/viewer -I../../../../src/classify -I../../../../src/dict -I../../../../src/wordrec -I../../../../src/cutil -I../../../../src/textord -I../../../../src/opencl -I/Users/zyoung/dev/SwiftyTesseract/SwiftyTesseract/SwiftyTesseract/tesseract-4.1.0/ios/x86_64-apple-darwin/ -arch x86_64 -pipe -no-cpp-precomp -isysroot /Applications/Xcode.app/Contents/Developer/Platforms/iPhoneSimulator.platform/Developer/SDKs/iPhoneSimulator13.4.sdk -mios-simulator-version-min=11.0 -O2 -fembed-bitcode -I/Users/zyoung/dev/SwiftyTesseract/SwiftyTesseract/SwiftyTesseract/leptonica-1.78.0/ios/x86_64-apple-darwin/include/leptonica -I/Users/zyoung/dev/SwiftyTesseract/SwiftyTesseract/SwiftyTesseract/tesseract-4.1.0/ios/x86_64-apple-darwin/ -arch x86_64 -pipe -no-cpp-precomp -isysroot /Applications/Xcode.app/Contents/Developer/Platforms/iPhoneSimulator.platform/Developer/SDKs/iPhoneSimulator13.4.sdk -mios-simulator-version-min=11.0 -O2 -Wno-deprecated-register -std=c++17 -MT osdetect.lo -MD -MP -MF .deps/osdetect.Tpo -c ../../../../src/ccmain/osdetect.cpp -o osdetect.o
libtool: compile:  /Applications/Xcode.app/Contents/Developer/usr/bin/g++ --target=x86_64-apple-darwin -DHAVE_CONFIG_H -I. -I../../../../src/ccmain -I../.. -DNDEBUG -I../../../../src/ccutil -I../../../../src/ccstruct -I../../../../src/arch -I../../../../src/lstm -I../../../../src/viewer -I../../../../src/classify -I../../../../src/dict -I../../../../src/wordrec -I../../../../src/cutil -I../../../../src/textord -I../../../../src/opencl -I/Users/zyoung/dev/SwiftyTesseract/SwiftyTesseract/SwiftyTesseract/tesseract-4.1.0/ios/x86_64-apple-darwin/ -arch x86_64 -pipe -no-cpp-precomp -isysroot /Applications/Xcode.app/Contents/Developer/Platforms/iPhoneSimulator.platform/Developer/SDKs/iPhoneSimulator13.4.sdk -mios-simulator-version-min=11.0 -O2 -fembed-bitcode -I/Users/zyoung/dev/SwiftyTesseract/SwiftyTesseract/SwiftyTesseract/leptonica-1.78.0/ios/x86_64-apple-darwin/include/leptonica -I/Users/zyoung/dev/SwiftyTesseract/SwiftyTesseract/SwiftyTesseract/tesseract-4.1.0/ios/x86_64-apple-darwin/ -arch x86_64 -pipe -no-cpp-precomp -isysroot /Applications/Xcode.app/Contents/Developer/Platforms/iPhoneSimulator.platform/Developer/SDKs/iPhoneSimulator13.4.sdk -mios-simulator-version-min=11.0 -O2 -Wno-deprecated-register -std=c++17 -MT par_control.lo -MD -MP -MF .deps/par_control.Tpo -c ../../../../src/ccmain/par_control.cpp -o par_control.o
libtool: compile:  /Applications/Xcode.app/Contents/Developer/usr/bin/g++ --target=x86_64-apple-darwin -DHAVE_CONFIG_H -I. -I../../../../src/ccmain -I../.. -DNDEBUG -I../../../../src/ccutil -I../../../../src/ccstruct -I../../../../src/arch -I../../../../src/lstm -I../../../../src/viewer -I../../../../src/classify -I../../../../src/dict -I../../../../src/wordrec -I../../../../src/cutil -I../../../../src/textord -I../../../../src/opencl -I/Users/zyoung/dev/SwiftyTesseract/SwiftyTesseract/SwiftyTesseract/tesseract-4.1.0/ios/x86_64-apple-darwin/ -arch x86_64 -pipe -no-cpp-precomp -isysroot /Applications/Xcode.app/Contents/Developer/Platforms/iPhoneSimulator.platform/Developer/SDKs/iPhoneSimulator13.4.sdk -mios-simulator-version-min=11.0 -O2 -fembed-bitcode -I/Users/zyoung/dev/SwiftyTesseract/SwiftyTesseract/SwiftyTesseract/leptonica-1.78.0/ios/x86_64-apple-darwin/include/leptonica -I/Users/zyoung/dev/SwiftyTesseract/SwiftyTesseract/SwiftyTesseract/tesseract-4.1.0/ios/x86_64-apple-darwin/ -arch x86_64 -pipe -no-cpp-precomp -isysroot /Applications/Xcode.app/Contents/Developer/Platforms/iPhoneSimulator.platform/Developer/SDKs/iPhoneSimulator13.4.sdk -mios-simulator-version-min=11.0 -O2 -Wno-deprecated-register -std=c++17 -MT superscript.lo -MD -MP -MF .deps/superscript.Tpo -c ../../../../src/ccmain/superscript.cpp -o superscript.o
libtool: compile:  /Applications/Xcode.app/Contents/Developer/usr/bin/g++ --target=x86_64-apple-darwin -DHAVE_CONFIG_H -I. -I../../../../src/ccmain -I../.. -DNDEBUG -I../../../../src/ccutil -I../../../../src/ccstruct -I../../../../src/arch -I../../../../src/lstm -I../../../../src/viewer -I../../../../src/classify -I../../../../src/dict -I../../../../src/wordrec -I../../../../src/cutil -I../../../../src/textord -I../../../../src/opencl -I/Users/zyoung/dev/SwiftyTesseract/SwiftyTesseract/SwiftyTesseract/tesseract-4.1.0/ios/x86_64-apple-darwin/ -arch x86_64 -pipe -no-cpp-precomp -isysroot /Applications/Xcode.app/Contents/Developer/Platforms/iPhoneSimulator.platform/Developer/SDKs/iPhoneSimulator13.4.sdk -mios-simulator-version-min=11.0 -O2 -fembed-bitcode -I/Users/zyoung/dev/SwiftyTesseract/SwiftyTesseract/SwiftyTesseract/leptonica-1.78.0/ios/x86_64-apple-darwin/include/leptonica -I/Users/zyoung/dev/SwiftyTesseract/SwiftyTesseract/SwiftyTesseract/tesseract-4.1.0/ios/x86_64-apple-darwin/ -arch x86_64 -pipe -no-cpp-precomp -isysroot /Applications/Xcode.app/Contents/Developer/Platforms/iPhoneSimulator.platform/Developer/SDKs/iPhoneSimulator13.4.sdk -mios-simulator-version-min=11.0 -O2 -Wno-deprecated-register -std=c++17 -MT tessbox.lo -MD -MP -MF .deps/tessbox.Tpo -c ../../../../src/ccmain/tessbox.cpp -o tessbox.o
libtool: compile:  /Applications/Xcode.app/Contents/Developer/usr/bin/g++ --target=x86_64-apple-darwin -DHAVE_CONFIG_H -I. -I../../../../src/ccmain -I../.. -DNDEBUG -I../../../../src/ccutil -I../../../../src/ccstruct -I../../../../src/arch -I../../../../src/lstm -I../../../../src/viewer -I../../../../src/classify -I../../../../src/dict -I../../../../src/wordrec -I../../../../src/cutil -I../../../../src/textord -I../../../../src/opencl -I/Users/zyoung/dev/SwiftyTesseract/SwiftyTesseract/SwiftyTesseract/tesseract-4.1.0/ios/x86_64-apple-darwin/ -arch x86_64 -pipe -no-cpp-precomp -isysroot /Applications/Xcode.app/Contents/Developer/Platforms/iPhoneSimulator.platform/Developer/SDKs/iPhoneSimulator13.4.sdk -mios-simulator-version-min=11.0 -O2 -fembed-bitcode -I/Users/zyoung/dev/SwiftyTesseract/SwiftyTesseract/SwiftyTesseract/leptonica-1.78.0/ios/x86_64-apple-darwin/include/leptonica -I/Users/zyoung/dev/SwiftyTesseract/SwiftyTesseract/SwiftyTesseract/tesseract-4.1.0/ios/x86_64-apple-darwin/ -arch x86_64 -pipe -no-cpp-precomp -isysroot /Applications/Xcode.app/Contents/Developer/Platforms/iPhoneSimulator.platform/Developer/SDKs/iPhoneSimulator13.4.sdk -mios-simulator-version-min=11.0 -O2 -Wno-deprecated-register -std=c++17 -MT tfacepp.lo -MD -MP -MF .deps/tfacepp.Tpo -c ../../../../src/ccmain/tfacepp.cpp -o tfacepp.o
libtool: link: ar cru .libs/libtesseract_main.a  applybox.o control.o linerec.o ltrresultiterator.o mutableiterator.o output.o pageiterator.o pagesegmain.o pagewalk.o paragraphs.o paramsd.o pgedit.o recogtraining.o reject.o resultiterator.o tessedit.o tesseractclass.o tessvars.o thresholder.o werdit.o adaptions.o docqual.o equationdetect.o fixspace.o fixxht.o osdetect.o par_control.o superscript.o tessbox.o tfacepp.o
libtool: link: ranlib .libs/libtesseract_main.a
libtool: link: ( cd ".libs" && rm -f "libtesseract_main.la" && ln -s "../libtesseract_main.la" "libtesseract_main.la" )
Making all in src/api
libtool: compile:  /Applications/Xcode.app/Contents/Developer/usr/bin/g++ --target=x86_64-apple-darwin -DHAVE_CONFIG_H -I. -I../../../../src/api -I../.. -DNDEBUG -DLOCALEDIR=\"/Users/zyoung/dev/SwiftyTesseract/SwiftyTesseract/SwiftyTesseract/tesseract-4.1.0/ios/x86_64-apple-darwin/share/locale\" -I../../../../src/arch -I../../../../src/lstm -I../../../../src/ccutil -I../../../../src/ccstruct -I../../../../src/viewer -I../../../../src/textord -I../../../../src/dict -I../../../../src/classify -I../../../../src/ccmain -I../../../../src/wordrec -I../../../../src/cutil -I../../../../src/opencl -I../../api -I/Users/zyoung/dev/SwiftyTesseract/SwiftyTesseract/SwiftyTesseract/tesseract-4.1.0/ios/x86_64-apple-darwin/ -arch x86_64 -pipe -no-cpp-precomp -isysroot /Applications/Xcode.app/Contents/Developer/Platforms/iPhoneSimulator.platform/Developer/SDKs/iPhoneSimulator13.4.sdk -mios-simulator-version-min=11.0 -O2 -fembed-bitcode -I/Users/zyoung/dev/SwiftyTesseract/SwiftyTesseract/SwiftyTesseract/leptonica-1.78.0/ios/x86_64-apple-darwin/include/leptonica -I/Users/zyoung/dev/SwiftyTesseract/SwiftyTesseract/SwiftyTesseract/tesseract-4.1.0/ios/x86_64-apple-darwin/ -arch x86_64 -pipe -no-cpp-precomp -isysroot /Applications/Xcode.app/Contents/Developer/Platforms/iPhoneSimulator.platform/Developer/SDKs/iPhoneSimulator13.4.sdk -mios-simulator-version-min=11.0 -O2 -Wno-deprecated-register -std=c++17 -MT libtesseract_api_la-pdfrenderer.lo -MD -MP -MF .deps/libtesseract_api_la-pdfrenderer.Tpo -c ../../../../src/api/pdfrenderer.cpp -o libtesseract_api_la-pdfrenderer.o
libtool: compile:  /Applications/Xcode.app/Contents/Developer/usr/bin/g++ --target=x86_64-apple-darwin -DHAVE_CONFIG_H -I. -I../../../../src/api -I../.. -DNDEBUG -DLOCALEDIR=\"/Users/zyoung/dev/SwiftyTesseract/SwiftyTesseract/SwiftyTesseract/tesseract-4.1.0/ios/x86_64-apple-darwin/share/locale\" -I../../../../src/arch -I../../../../src/lstm -I../../../../src/ccutil -I../../../../src/ccstruct -I../../../../src/viewer -I../../../../src/textord -I../../../../src/dict -I../../../../src/classify -I../../../../src/ccmain -I../../../../src/wordrec -I../../../../src/cutil -I../../../../src/opencl -I../../api -I/Users/zyoung/dev/SwiftyTesseract/SwiftyTesseract/SwiftyTesseract/tesseract-4.1.0/ios/x86_64-apple-darwin/ -arch x86_64 -pipe -no-cpp-precomp -isysroot /Applications/Xcode.app/Contents/Developer/Platforms/iPhoneSimulator.platform/Developer/SDKs/iPhoneSimulator13.4.sdk -mios-simulator-version-min=11.0 -O2 -fembed-bitcode -I/Users/zyoung/dev/SwiftyTesseract/SwiftyTesseract/SwiftyTesseract/leptonica-1.78.0/ios/x86_64-apple-darwin/include/leptonica -I/Users/zyoung/dev/SwiftyTesseract/SwiftyTesseract/SwiftyTesseract/tesseract-4.1.0/ios/x86_64-apple-darwin/ -arch x86_64 -pipe -no-cpp-precomp -isysroot /Applications/Xcode.app/Contents/Developer/Platforms/iPhoneSimulator.platform/Developer/SDKs/iPhoneSimulator13.4.sdk -mios-simulator-version-min=11.0 -O2 -Wno-deprecated-register -std=c++17 -MT libtesseract_api_la-capi.lo -MD -MP -MF .deps/libtesseract_api_la-capi.Tpo -c ../../../../src/api/capi.cpp -o libtesseract_api_la-capi.o
libtool: compile:  /Applications/Xcode.app/Contents/Developer/usr/bin/g++ --target=x86_64-apple-darwin -DHAVE_CONFIG_H -I. -I../../../../src/api -I../.. -DNDEBUG -DLOCALEDIR=\"/Users/zyoung/dev/SwiftyTesseract/SwiftyTesseract/SwiftyTesseract/tesseract-4.1.0/ios/x86_64-apple-darwin/share/locale\" -I../../../../src/arch -I../../../../src/lstm -I../../../../src/ccutil -I../../../../src/ccstruct -I../../../../src/viewer -I../../../../src/textord -I../../../../src/dict -I../../../../src/classify -I../../../../src/ccmain -I../../../../src/wordrec -I../../../../src/cutil -I../../../../src/opencl -I../../api -I/Users/zyoung/dev/SwiftyTesseract/SwiftyTesseract/SwiftyTesseract/tesseract-4.1.0/ios/x86_64-apple-darwin/ -arch x86_64 -pipe -no-cpp-precomp -isysroot /Applications/Xcode.app/Contents/Developer/Platforms/iPhoneSimulator.platform/Developer/SDKs/iPhoneSimulator13.4.sdk -mios-simulator-version-min=11.0 -O2 -fembed-bitcode -I/Users/zyoung/dev/SwiftyTesseract/SwiftyTesseract/SwiftyTesseract/leptonica-1.78.0/ios/x86_64-apple-darwin/include/leptonica -I/Users/zyoung/dev/SwiftyTesseract/SwiftyTesseract/SwiftyTesseract/tesseract-4.1.0/ios/x86_64-apple-darwin/ -arch x86_64 -pipe -no-cpp-precomp -isysroot /Applications/Xcode.app/Contents/Developer/Platforms/iPhoneSimulator.platform/Developer/SDKs/iPhoneSimulator13.4.sdk -mios-simulator-version-min=11.0 -O2 -Wno-deprecated-register -std=c++17 -MT libtesseract_api_la-wordstrboxrenderer.lo -MD -MP -MF .deps/libtesseract_api_la-wordstrboxrenderer.Tpo -c ../../../../src/api/wordstrboxrenderer.cpp -o libtesseract_api_la-wordstrboxrenderer.o
libtool: compile:  /Applications/Xcode.app/Contents/Developer/usr/bin/g++ --target=x86_64-apple-darwin -DHAVE_CONFIG_H -I. -I../../../../src/api -I../.. -DNDEBUG -DLOCALEDIR=\"/Users/zyoung/dev/SwiftyTesseract/SwiftyTesseract/SwiftyTesseract/tesseract-4.1.0/ios/x86_64-apple-darwin/share/locale\" -I../../../../src/arch -I../../../../src/lstm -I../../../../src/ccutil -I../../../../src/ccstruct -I../../../../src/viewer -I../../../../src/textord -I../../../../src/dict -I../../../../src/classify -I../../../../src/ccmain -I../../../../src/wordrec -I../../../../src/cutil -I../../../../src/opencl -I../../api -I/Users/zyoung/dev/SwiftyTesseract/SwiftyTesseract/SwiftyTesseract/tesseract-4.1.0/ios/x86_64-apple-darwin/ -arch x86_64 -pipe -no-cpp-precomp -isysroot /Applications/Xcode.app/Contents/Developer/Platforms/iPhoneSimulator.platform/Developer/SDKs/iPhoneSimulator13.4.sdk -mios-simulator-version-min=11.0 -O2 -fembed-bitcode -I/Users/zyoung/dev/SwiftyTesseract/SwiftyTesseract/SwiftyTesseract/leptonica-1.78.0/ios/x86_64-apple-darwin/include/leptonica -I/Users/zyoung/dev/SwiftyTesseract/SwiftyTesseract/SwiftyTesseract/tesseract-4.1.0/ios/x86_64-apple-darwin/ -arch x86_64 -pipe -no-cpp-precomp -isysroot /Applications/Xcode.app/Contents/Developer/Platforms/iPhoneSimulator.platform/Developer/SDKs/iPhoneSimulator13.4.sdk -mios-simulator-version-min=11.0 -O2 -Wno-deprecated-register -std=c++17 -MT libtesseract_api_la-lstmboxrenderer.lo -MD -MP -MF .deps/libtesseract_api_la-lstmboxrenderer.Tpo -c ../../../../src/api/lstmboxrenderer.cpp -o libtesseract_api_la-lstmboxrenderer.o
libtool: compile:  /Applications/Xcode.app/Contents/Developer/usr/bin/g++ --target=x86_64-apple-darwin -DHAVE_CONFIG_H -I. -I../../../../src/api -I../.. -DNDEBUG -DLOCALEDIR=\"/Users/zyoung/dev/SwiftyTesseract/SwiftyTesseract/SwiftyTesseract/tesseract-4.1.0/ios/x86_64-apple-darwin/share/locale\" -I../../../../src/arch -I../../../../src/lstm -I../../../../src/ccutil -I../../../../src/ccstruct -I../../../../src/viewer -I../../../../src/textord -I../../../../src/dict -I../../../../src/classify -I../../../../src/ccmain -I../../../../src/wordrec -I../../../../src/cutil -I../../../../src/opencl -I../../api -I/Users/zyoung/dev/SwiftyTesseract/SwiftyTesseract/SwiftyTesseract/tesseract-4.1.0/ios/x86_64-apple-darwin/ -arch x86_64 -pipe -no-cpp-precomp -isysroot /Applications/Xcode.app/Contents/Developer/Platforms/iPhoneSimulator.platform/Developer/SDKs/iPhoneSimulator13.4.sdk -mios-simulator-version-min=11.0 -O2 -fembed-bitcode -I/Users/zyoung/dev/SwiftyTesseract/SwiftyTesseract/SwiftyTesseract/leptonica-1.78.0/ios/x86_64-apple-darwin/include/leptonica -I/Users/zyoung/dev/SwiftyTesseract/SwiftyTesseract/SwiftyTesseract/tesseract-4.1.0/ios/x86_64-apple-darwin/ -arch x86_64 -pipe -no-cpp-precomp -isysroot /Applications/Xcode.app/Contents/Developer/Platforms/iPhoneSimulator.platform/Developer/SDKs/iPhoneSimulator13.4.sdk -mios-simulator-version-min=11.0 -O2 -Wno-deprecated-register -std=c++17 -MT libtesseract_api_la-altorenderer.lo -MD -MP -MF .deps/libtesseract_api_la-altorenderer.Tpo -c ../../../../src/api/altorenderer.cpp -o libtesseract_api_la-altorenderer.o
libtool: compile:  /Applications/Xcode.app/Contents/Developer/usr/bin/g++ --target=x86_64-apple-darwin -DHAVE_CONFIG_H -I. -I../../../../src/api -I../.. -DNDEBUG -DLOCALEDIR=\"/Users/zyoung/dev/SwiftyTesseract/SwiftyTesseract/SwiftyTesseract/tesseract-4.1.0/ios/x86_64-apple-darwin/share/locale\" -I../../../../src/arch -I../../../../src/lstm -I../../../../src/ccutil -I../../../../src/ccstruct -I../../../../src/viewer -I../../../../src/textord -I../../../../src/dict -I../../../../src/classify -I../../../../src/ccmain -I../../../../src/wordrec -I../../../../src/cutil -I../../../../src/opencl -I../../api -I/Users/zyoung/dev/SwiftyTesseract/SwiftyTesseract/SwiftyTesseract/tesseract-4.1.0/ios/x86_64-apple-darwin/ -arch x86_64 -pipe -no-cpp-precomp -isysroot /Applications/Xcode.app/Contents/Developer/Platforms/iPhoneSimulator.platform/Developer/SDKs/iPhoneSimulator13.4.sdk -mios-simulator-version-min=11.0 -O2 -fembed-bitcode -I/Users/zyoung/dev/SwiftyTesseract/SwiftyTesseract/SwiftyTesseract/leptonica-1.78.0/ios/x86_64-apple-darwin/include/leptonica -I/Users/zyoung/dev/SwiftyTesseract/SwiftyTesseract/SwiftyTesseract/tesseract-4.1.0/ios/x86_64-apple-darwin/ -arch x86_64 -pipe -no-cpp-precomp -isysroot /Applications/Xcode.app/Contents/Developer/Platforms/iPhoneSimulator.platform/Developer/SDKs/iPhoneSimulator13.4.sdk -mios-simulator-version-min=11.0 -O2 -Wno-deprecated-register -std=c++17 -MT libtesseract_api_la-hocrrenderer.lo -MD -MP -MF .deps/libtesseract_api_la-hocrrenderer.Tpo -c ../../../../src/api/hocrrenderer.cpp -o libtesseract_api_la-hocrrenderer.o
libtool: compile:  /Applications/Xcode.app/Contents/Developer/usr/bin/g++ --target=x86_64-apple-darwin -DHAVE_CONFIG_H -I. -I../../../../src/api -I../.. -DNDEBUG -DLOCALEDIR=\"/Users/zyoung/dev/SwiftyTesseract/SwiftyTesseract/SwiftyTesseract/tesseract-4.1.0/ios/x86_64-apple-darwin/share/locale\" -I../../../../src/arch -I../../../../src/lstm -I../../../../src/ccutil -I../../../../src/ccstruct -I../../../../src/viewer -I../../../../src/textord -I../../../../src/dict -I../../../../src/classify -I../../../../src/ccmain -I../../../../src/wordrec -I../../../../src/cutil -I../../../../src/opencl -I../../api -I/Users/zyoung/dev/SwiftyTesseract/SwiftyTesseract/SwiftyTesseract/tesseract-4.1.0/ios/x86_64-apple-darwin/ -arch x86_64 -pipe -no-cpp-precomp -isysroot /Applications/Xcode.app/Contents/Developer/Platforms/iPhoneSimulator.platform/Developer/SDKs/iPhoneSimulator13.4.sdk -mios-simulator-version-min=11.0 -O2 -fembed-bitcode -I/Users/zyoung/dev/SwiftyTesseract/SwiftyTesseract/SwiftyTesseract/leptonica-1.78.0/ios/x86_64-apple-darwin/include/leptonica -I/Users/zyoung/dev/SwiftyTesseract/SwiftyTesseract/SwiftyTesseract/tesseract-4.1.0/ios/x86_64-apple-darwin/ -arch x86_64 -pipe -no-cpp-precomp -isysroot /Applications/Xcode.app/Contents/Developer/Platforms/iPhoneSimulator.platform/Developer/SDKs/iPhoneSimulator13.4.sdk -mios-simulator-version-min=11.0 -O2 -Wno-deprecated-register -std=c++17 -MT libtesseract_api_la-baseapi.lo -MD -MP -MF .deps/libtesseract_api_la-baseapi.Tpo -c ../../../../src/api/baseapi.cpp -o libtesseract_api_la-baseapi.o
libtool: compile:  /Applications/Xcode.app/Contents/Developer/usr/bin/g++ --target=x86_64-apple-darwin -DHAVE_CONFIG_H -I. -I../../../../src/api -I../.. -DNDEBUG -DLOCALEDIR=\"/Users/zyoung/dev/SwiftyTesseract/SwiftyTesseract/SwiftyTesseract/tesseract-4.1.0/ios/x86_64-apple-darwin/share/locale\" -I../../../../src/arch -I../../../../src/lstm -I../../../../src/ccutil -I../../../../src/ccstruct -I../../../../src/viewer -I../../../../src/textord -I../../../../src/dict -I../../../../src/classify -I../../../../src/ccmain -I../../../../src/wordrec -I../../../../src/cutil -I../../../../src/opencl -I../../api -I/Users/zyoung/dev/SwiftyTesseract/SwiftyTesseract/SwiftyTesseract/tesseract-4.1.0/ios/x86_64-apple-darwin/ -arch x86_64 -pipe -no-cpp-precomp -isysroot /Applications/Xcode.app/Contents/Developer/Platforms/iPhoneSimulator.platform/Developer/SDKs/iPhoneSimulator13.4.sdk -mios-simulator-version-min=11.0 -O2 -fembed-bitcode -I/Users/zyoung/dev/SwiftyTesseract/SwiftyTesseract/SwiftyTesseract/leptonica-1.78.0/ios/x86_64-apple-darwin/include/leptonica -I/Users/zyoung/dev/SwiftyTesseract/SwiftyTesseract/SwiftyTesseract/tesseract-4.1.0/ios/x86_64-apple-darwin/ -arch x86_64 -pipe -no-cpp-precomp -isysroot /Applications/Xcode.app/Contents/Developer/Platforms/iPhoneSimulator.platform/Developer/SDKs/iPhoneSimulator13.4.sdk -mios-simulator-version-min=11.0 -O2 -Wno-deprecated-register -std=c++17 -MT libtesseract_api_la-renderer.lo -MD -MP -MF .deps/libtesseract_api_la-renderer.Tpo -c ../../../../src/api/renderer.cpp -o libtesseract_api_la-renderer.o
libtool: link: ar cru .libs/libtesseract_api.a  libtesseract_api_la-baseapi.o libtesseract_api_la-capi.o libtesseract_api_la-altorenderer.o libtesseract_api_la-hocrrenderer.o libtesseract_api_la-lstmboxrenderer.o libtesseract_api_la-pdfrenderer.o libtesseract_api_la-wordstrboxrenderer.o libtesseract_api_la-renderer.o
libtool: link: ranlib .libs/libtesseract_api.a
libtool: link: ( cd ".libs" && rm -f "libtesseract_api.la" && ln -s "../libtesseract_api.la" "libtesseract_api.la" )
libtool: link: (cd .libs/libtesseract.lax/libtesseract_api.a && ar x "/Users/zyoung/dev/SwiftyTesseract/SwiftyTesseract/SwiftyTesseract/tesseract-4.1.0/ios/x86_64-apple-darwin/src/api/./.libs/libtesseract_api.a")
libtool: link: (cd .libs/libtesseract.lax/libtesseract_main.a && ar x "/Users/zyoung/dev/SwiftyTesseract/SwiftyTesseract/SwiftyTesseract/tesseract-4.1.0/ios/x86_64-apple-darwin/src/api/../ccmain/.libs/libtesseract_main.a")
libtool: link: (cd .libs/libtesseract.lax/libtesseract_textord.a && ar x "/Users/zyoung/dev/SwiftyTesseract/SwiftyTesseract/SwiftyTesseract/tesseract-4.1.0/ios/x86_64-apple-darwin/src/api/../textord/.libs/libtesseract_textord.a")
libtool: link: (cd .libs/libtesseract.lax/libtesseract_wordrec.a && ar x "/Users/zyoung/dev/SwiftyTesseract/SwiftyTesseract/SwiftyTesseract/tesseract-4.1.0/ios/x86_64-apple-darwin/src/api/../wordrec/.libs/libtesseract_wordrec.a")
libtool: link: (cd .libs/libtesseract.lax/libtesseract_classify.a && ar x "/Users/zyoung/dev/SwiftyTesseract/SwiftyTesseract/SwiftyTesseract/tesseract-4.1.0/ios/x86_64-apple-darwin/src/api/../classify/.libs/libtesseract_classify.a")
libtool: link: (cd .libs/libtesseract.lax/libtesseract_dict.a && ar x "/Users/zyoung/dev/SwiftyTesseract/SwiftyTesseract/SwiftyTesseract/tesseract-4.1.0/ios/x86_64-apple-darwin/src/api/../dict/.libs/libtesseract_dict.a")
libtool: link: (cd .libs/libtesseract.lax/libtesseract_arch.a && ar x "/Users/zyoung/dev/SwiftyTesseract/SwiftyTesseract/SwiftyTesseract/tesseract-4.1.0/ios/x86_64-apple-darwin/src/api/../arch/.libs/libtesseract_arch.a")
libtool: link: (cd .libs/libtesseract.lax/libtesseract_native.a && ar x "/Users/zyoung/dev/SwiftyTesseract/SwiftyTesseract/SwiftyTesseract/tesseract-4.1.0/ios/x86_64-apple-darwin/src/api/../arch/.libs/libtesseract_native.a")
libtool: link: (cd .libs/libtesseract.lax/libtesseract_lstm.a && ar x "/Users/zyoung/dev/SwiftyTesseract/SwiftyTesseract/SwiftyTesseract/tesseract-4.1.0/ios/x86_64-apple-darwin/src/api/../lstm/.libs/libtesseract_lstm.a")
libtool: link: (cd .libs/libtesseract.lax/libtesseract_ccstruct.a && ar x "/Users/zyoung/dev/SwiftyTesseract/SwiftyTesseract/SwiftyTesseract/tesseract-4.1.0/ios/x86_64-apple-darwin/src/api/../ccstruct/.libs/libtesseract_ccstruct.a")
libtool: link: (cd .libs/libtesseract.lax/libtesseract_cutil.a && ar x "/Users/zyoung/dev/SwiftyTesseract/SwiftyTesseract/SwiftyTesseract/tesseract-4.1.0/ios/x86_64-apple-darwin/src/api/../cutil/.libs/libtesseract_cutil.a")
libtool: link: (cd .libs/libtesseract.lax/libtesseract_viewer.a && ar x "/Users/zyoung/dev/SwiftyTesseract/SwiftyTesseract/SwiftyTesseract/tesseract-4.1.0/ios/x86_64-apple-darwin/src/api/../viewer/.libs/libtesseract_viewer.a")
libtool: link: (cd .libs/libtesseract.lax/libtesseract_ccutil.a && ar x "/Users/zyoung/dev/SwiftyTesseract/SwiftyTesseract/SwiftyTesseract/tesseract-4.1.0/ios/x86_64-apple-darwin/src/api/../ccutil/.libs/libtesseract_ccutil.a")
libtool: link: (cd .libs/libtesseract.lax/libtesseract_opencl.a && ar x "/Users/zyoung/dev/SwiftyTesseract/SwiftyTesseract/SwiftyTesseract/tesseract-4.1.0/ios/x86_64-apple-darwin/src/api/../opencl/.libs/libtesseract_opencl.a")
libtool: link: (cd .libs/libtesseract.lax/libtesseract_avx.a && ar x "/Users/zyoung/dev/SwiftyTesseract/SwiftyTesseract/SwiftyTesseract/tesseract-4.1.0/ios/x86_64-apple-darwin/src/api/../arch/.libs/libtesseract_avx.a")
libtool: link: (cd .libs/libtesseract.lax/libtesseract_avx2.a && ar x "/Users/zyoung/dev/SwiftyTesseract/SwiftyTesseract/SwiftyTesseract/tesseract-4.1.0/ios/x86_64-apple-darwin/src/api/../arch/.libs/libtesseract_avx2.a")
libtool: link: (cd .libs/libtesseract.lax/libtesseract_sse.a && ar x "/Users/zyoung/dev/SwiftyTesseract/SwiftyTesseract/SwiftyTesseract/tesseract-4.1.0/ios/x86_64-apple-darwin/src/api/../arch/.libs/libtesseract_sse.a")
libtool: link: ar cru .libs/libtesseract.a   .libs/libtesseract.lax/libtesseract_api.a/libtesseract_api_la-altorenderer.o .libs/libtesseract.lax/libtesseract_api.a/libtesseract_api_la-baseapi.o .libs/libtesseract.lax/libtesseract_api.a/libtesseract_api_la-capi.o .libs/libtesseract.lax/libtesseract_api.a/libtesseract_api_la-hocrrenderer.o .libs/libtesseract.lax/libtesseract_api.a/libtesseract_api_la-lstmboxrenderer.o .libs/libtesseract.lax/libtesseract_api.a/libtesseract_api_la-pdfrenderer.o .libs/libtesseract.lax/libtesseract_api.a/libtesseract_api_la-renderer.o .libs/libtesseract.lax/libtesseract_api.a/libtesseract_api_la-wordstrboxrenderer.o  .libs/libtesseract.lax/libtesseract_main.a/adaptions.o .libs/libtesseract.lax/libtesseract_main.a/applybox.o .libs/libtesseract.lax/libtesseract_main.a/control.o .libs/libtesseract.lax/libtesseract_main.a/docqual.o .libs/libtesseract.lax/libtesseract_main.a/equationdetect.o .libs/libtesseract.lax/libtesseract_main.a/fixspace.o .libs/libtesseract.lax/libtesseract_main.a/fixxht.o .libs/libtesseract.lax/libtesseract_main.a/linerec.o .libs/libtesseract.lax/libtesseract_main.a/ltrresultiterator.o .libs/libtesseract.lax/libtesseract_main.a/mutableiterator.o .libs/libtesseract.lax/libtesseract_main.a/osdetect.o .libs/libtesseract.lax/libtesseract_main.a/output.o .libs/libtesseract.lax/libtesseract_main.a/pageiterator.o .libs/libtesseract.lax/libtesseract_main.a/pagesegmain.o .libs/libtesseract.lax/libtesseract_main.a/pagewalk.o .libs/libtesseract.lax/libtesseract_main.a/par_control.o .libs/libtesseract.lax/libtesseract_main.a/paragraphs.o .libs/libtesseract.lax/libtesseract_main.a/paramsd.o .libs/libtesseract.lax/libtesseract_main.a/pgedit.o .libs/libtesseract.lax/libtesseract_main.a/recogtraining.o .libs/libtesseract.lax/libtesseract_main.a/reject.o .libs/libtesseract.lax/libtesseract_main.a/resultiterator.o .libs/libtesseract.lax/libtesseract_main.a/superscript.o .libs/libtesseract.lax/libtesseract_main.a/tessbox.o .libs/libtesseract.lax/libtesseract_main.a/tessedit.o .libs/libtesseract.lax/libtesseract_main.a/tesseractclass.o .libs/libtesseract.lax/libtesseract_main.a/tessvars.o .libs/libtesseract.lax/libtesseract_main.a/tfacepp.o .libs/libtesseract.lax/libtesseract_main.a/thresholder.o .libs/libtesseract.lax/libtesseract_main.a/werdit.o  .libs/libtesseract.lax/libtesseract_textord.a/alignedblob.o .libs/libtesseract.lax/libtesseract_textord.a/baselinedetect.o .libs/libtesseract.lax/libtesseract_textord.a/bbgrid.o .libs/libtesseract.lax/libtesseract_textord.a/blkocc.o .libs/libtesseract.lax/libtesseract_textord.a/blobgrid.o .libs/libtesseract.lax/libtesseract_textord.a/ccnontextdetect.o .libs/libtesseract.lax/libtesseract_textord.a/cjkpitch.o .libs/libtesseract.lax/libtesseract_textord.a/colfind.o .libs/libtesseract.lax/libtesseract_textord.a/colpartition.o .libs/libtesseract.lax/libtesseract_textord.a/colpartitiongrid.o .libs/libtesseract.lax/libtesseract_textord.a/colpartitionset.o .libs/libtesseract.lax/libtesseract_textord.a/devanagari_processing.o .libs/libtesseract.lax/libtesseract_textord.a/drawedg.o .libs/libtesseract.lax/libtesseract_textord.a/drawtord.o .libs/libtesseract.lax/libtesseract_textord.a/edgblob.o .libs/libtesseract.lax/libtesseract_textord.a/edgloop.o .libs/libtesseract.lax/libtesseract_textord.a/equationdetectbase.o .libs/libtesseract.lax/libtesseract_textord.a/fpchop.o .libs/libtesseract.lax/libtesseract_textord.a/gap_map.o .libs/libtesseract.lax/libtesseract_textord.a/imagefind.o .libs/libtesseract.lax/libtesseract_textord.a/linefind.o .libs/libtesseract.lax/libtesseract_textord.a/makerow.o .libs/libtesseract.lax/libtesseract_textord.a/oldbasel.o .libs/libtesseract.lax/libtesseract_textord.a/pithsync.o .libs/libtesseract.lax/libtesseract_textord.a/pitsync1.o .libs/libtesseract.lax/libtesseract_textord.a/scanedg.o .libs/libtesseract.lax/libtesseract_textord.a/sortflts.o .libs/libtesseract.lax/libtesseract_textord.a/strokewidth.o .libs/libtesseract.lax/libtesseract_textord.a/tabfind.o .libs/libtesseract.lax/libtesseract_textord.a/tablefind.o .libs/libtesseract.lax/libtesseract_textord.a/tablerecog.o .libs/libtesseract.lax/libtesseract_textord.a/tabvector.o .libs/libtesseract.lax/libtesseract_textord.a/textlineprojection.o .libs/libtesseract.lax/libtesseract_textord.a/textord.o .libs/libtesseract.lax/libtesseract_textord.a/topitch.o .libs/libtesseract.lax/libtesseract_textord.a/tordmain.o .libs/libtesseract.lax/libtesseract_textord.a/tospace.o .libs/libtesseract.lax/libtesseract_textord.a/tovars.o .libs/libtesseract.lax/libtesseract_textord.a/underlin.o .libs/libtesseract.lax/libtesseract_textord.a/wordseg.o .libs/libtesseract.lax/libtesseract_textord.a/workingpartset.o  .libs/libtesseract.lax/libtesseract_wordrec.a/associate.o .libs/libtesseract.lax/libtesseract_wordrec.a/chop.o .libs/libtesseract.lax/libtesseract_wordrec.a/chopper.o .libs/libtesseract.lax/libtesseract_wordrec.a/drawfx.o .libs/libtesseract.lax/libtesseract_wordrec.a/findseam.o .libs/libtesseract.lax/libtesseract_wordrec.a/gradechop.o .libs/libtesseract.lax/libtesseract_wordrec.a/language_model.o .libs/libtesseract.lax/libtesseract_wordrec.a/lm_consistency.o .libs/libtesseract.lax/libtesseract_wordrec.a/lm_pain_points.o .libs/libtesseract.lax/libtesseract_wordrec.a/lm_state.o .libs/libtesseract.lax/libtesseract_wordrec.a/outlines.o .libs/libtesseract.lax/libtesseract_wordrec.a/params_model.o .libs/libtesseract.lax/libtesseract_wordrec.a/pieces.o .libs/libtesseract.lax/libtesseract_wordrec.a/plotedges.o .libs/libtesseract.lax/libtesseract_wordrec.a/render.o .libs/libtesseract.lax/libtesseract_wordrec.a/segsearch.o .libs/libtesseract.lax/libtesseract_wordrec.a/tface.o .libs/libtesseract.lax/libtesseract_wordrec.a/wordclass.o .libs/libtesseract.lax/libtesseract_wordrec.a/wordrec.o  .libs/libtesseract.lax/libtesseract_classify.a/adaptive.o .libs/libtesseract.lax/libtesseract_classify.a/adaptmatch.o .libs/libtesseract.lax/libtesseract_classify.a/blobclass.o .libs/libtesseract.lax/libtesseract_classify.a/classify.o .libs/libtesseract.lax/libtesseract_classify.a/cluster.o .libs/libtesseract.lax/libtesseract_classify.a/clusttool.o .libs/libtesseract.lax/libtesseract_classify.a/cutoffs.o .libs/libtesseract.lax/libtesseract_classify.a/errorcounter.o .libs/libtesseract.lax/libtesseract_classify.a/featdefs.o .libs/libtesseract.lax/libtesseract_classify.a/float2int.o .libs/libtesseract.lax/libtesseract_classify.a/fpoint.o .libs/libtesseract.lax/libtesseract_classify.a/intfeaturedist.o .libs/libtesseract.lax/libtesseract_classify.a/intfeaturemap.o .libs/libtesseract.lax/libtesseract_classify.a/intfeaturespace.o .libs/libtesseract.lax/libtesseract_classify.a/intfx.o .libs/libtesseract.lax/libtesseract_classify.a/intmatcher.o .libs/libtesseract.lax/libtesseract_classify.a/intproto.o .libs/libtesseract.lax/libtesseract_classify.a/kdtree.o .libs/libtesseract.lax/libtesseract_classify.a/mastertrainer.o .libs/libtesseract.lax/libtesseract_classify.a/mf.o .libs/libtesseract.lax/libtesseract_classify.a/mfdefs.o .libs/libtesseract.lax/libtesseract_classify.a/mfoutline.o .libs/libtesseract.lax/libtesseract_classify.a/mfx.o .libs/libtesseract.lax/libtesseract_classify.a/normfeat.o .libs/libtesseract.lax/libtesseract_classify.a/normmatch.o .libs/libtesseract.lax/libtesseract_classify.a/ocrfeatures.o .libs/libtesseract.lax/libtesseract_classify.a/outfeat.o .libs/libtesseract.lax/libtesseract_classify.a/picofeat.o .libs/libtesseract.lax/libtesseract_classify.a/protos.o .libs/libtesseract.lax/libtesseract_classify.a/sampleiterator.o .libs/libtesseract.lax/libtesseract_classify.a/shapeclassifier.o .libs/libtesseract.lax/libtesseract_classify.a/shapetable.o .libs/libtesseract.lax/libtesseract_classify.a/tessclassifier.o .libs/libtesseract.lax/libtesseract_classify.a/trainingsample.o .libs/libtesseract.lax/libtesseract_classify.a/trainingsampleset.o  .libs/libtesseract.lax/libtesseract_dict.a/context.o .libs/libtesseract.lax/libtesseract_dict.a/dawg.o .libs/libtesseract.lax/libtesseract_dict.a/dawg_cache.o .libs/libtesseract.lax/libtesseract_dict.a/dict.o .libs/libtesseract.lax/libtesseract_dict.a/hyphen.o .libs/libtesseract.lax/libtesseract_dict.a/permdawg.o .libs/libtesseract.lax/libtesseract_dict.a/stopper.o .libs/libtesseract.lax/libtesseract_dict.a/trie.o  .libs/libtesseract.lax/libtesseract_arch.a/libtesseract_arch_la-intsimdmatrix.o .libs/libtesseract.lax/libtesseract_arch.a/libtesseract_arch_la-simddetect.o  .libs/libtesseract.lax/libtesseract_native.a/libtesseract_native_la-dotproduct.o  .libs/libtesseract.lax/libtesseract_lstm.a/convolve.o .libs/libtesseract.lax/libtesseract_lstm.a/ctc.o .libs/libtesseract.lax/libtesseract_lstm.a/fullyconnected.o .libs/libtesseract.lax/libtesseract_lstm.a/functions.o .libs/libtesseract.lax/libtesseract_lstm.a/input.o .libs/libtesseract.lax/libtesseract_lstm.a/lstm.o .libs/libtesseract.lax/libtesseract_lstm.a/lstmrecognizer.o .libs/libtesseract.lax/libtesseract_lstm.a/lstmtrainer.o .libs/libtesseract.lax/libtesseract_lstm.a/maxpool.o .libs/libtesseract.lax/libtesseract_lstm.a/network.o .libs/libtesseract.lax/libtesseract_lstm.a/networkbuilder.o .libs/libtesseract.lax/libtesseract_lstm.a/networkio.o .libs/libtesseract.lax/libtesseract_lstm.a/parallel.o .libs/libtesseract.lax/libtesseract_lstm.a/plumbing.o .libs/libtesseract.lax/libtesseract_lstm.a/recodebeam.o .libs/libtesseract.lax/libtesseract_lstm.a/reconfig.o .libs/libtesseract.lax/libtesseract_lstm.a/reversed.o .libs/libtesseract.lax/libtesseract_lstm.a/series.o .libs/libtesseract.lax/libtesseract_lstm.a/stridemap.o .libs/libtesseract.lax/libtesseract_lstm.a/tfnetwork.o .libs/libtesseract.lax/libtesseract_lstm.a/weightmatrix.o  .libs/libtesseract.lax/libtesseract_ccstruct.a/blamer.o .libs/libtesseract.lax/libtesseract_ccstruct.a/blobbox.o .libs/libtesseract.lax/libtesseract_ccstruct.a/blobs.o .libs/libtesseract.lax/libtesseract_ccstruct.a/blread.o .libs/libtesseract.lax/libtesseract_ccstruct.a/boxread.o .libs/libtesseract.lax/libtesseract_ccstruct.a/boxword.o .libs/libtesseract.lax/libtesseract_ccstruct.a/ccstruct.o .libs/libtesseract.lax/libtesseract_ccstruct.a/coutln.o .libs/libtesseract.lax/libtesseract_ccstruct.a/detlinefit.o .libs/libtesseract.lax/libtesseract_ccstruct.a/dppoint.o .libs/libtesseract.lax/libtesseract_ccstruct.a/fontinfo.o .libs/libtesseract.lax/libtesseract_ccstruct.a/imagedata.o .libs/libtesseract.lax/libtesseract_ccstruct.a/linlsq.o .libs/libtesseract.lax/libtesseract_ccstruct.a/matrix.o .libs/libtesseract.lax/libtesseract_ccstruct.a/mod128.o .libs/libtesseract.lax/libtesseract_ccstruct.a/normalis.o .libs/libtesseract.lax/libtesseract_ccstruct.a/ocrblock.o .libs/libtesseract.lax/libtesseract_ccstruct.a/ocrpara.o .libs/libtesseract.lax/libtesseract_ccstruct.a/ocrrow.o .libs/libtesseract.lax/libtesseract_ccstruct.a/otsuthr.o .libs/libtesseract.lax/libtesseract_ccstruct.a/pageres.o .libs/libtesseract.lax/libtesseract_ccstruct.a/params_training_featdef.o .libs/libtesseract.lax/libtesseract_ccstruct.a/pdblock.o .libs/libtesseract.lax/libtesseract_ccstruct.a/points.o .libs/libtesseract.lax/libtesseract_ccstruct.a/polyaprx.o .libs/libtesseract.lax/libtesseract_ccstruct.a/polyblk.o .libs/libtesseract.lax/libtesseract_ccstruct.a/publictypes.o .libs/libtesseract.lax/libtesseract_ccstruct.a/quadlsq.o .libs/libtesseract.lax/libtesseract_ccstruct.a/quspline.o .libs/libtesseract.lax/libtesseract_ccstruct.a/ratngs.o .libs/libtesseract.lax/libtesseract_ccstruct.a/rect.o .libs/libtesseract.lax/libtesseract_ccstruct.a/rejctmap.o .libs/libtesseract.lax/libtesseract_ccstruct.a/seam.o .libs/libtesseract.lax/libtesseract_ccstruct.a/split.o .libs/libtesseract.lax/libtesseract_ccstruct.a/statistc.o .libs/libtesseract.lax/libtesseract_ccstruct.a/stepblob.o .libs/libtesseract.lax/libtesseract_ccstruct.a/vecfuncs.o .libs/libtesseract.lax/libtesseract_ccstruct.a/werd.o  .libs/libtesseract.lax/libtesseract_cutil.a/bitvec.o .libs/libtesseract.lax/libtesseract_cutil.a/callcpp.o .libs/libtesseract.lax/libtesseract_cutil.a/cutil_class.o .libs/libtesseract.lax/libtesseract_cutil.a/emalloc.o .libs/libtesseract.lax/libtesseract_cutil.a/oldlist.o .libs/libtesseract.lax/libtesseract_cutil.a/structures.o  .libs/libtesseract.lax/libtesseract_viewer.a/scrollview.o .libs/libtesseract.lax/libtesseract_viewer.a/svmnode.o .libs/libtesseract.lax/libtesseract_viewer.a/svutil.o  .libs/libtesseract.lax/libtesseract_ccutil.a/ambigs.o .libs/libtesseract.lax/libtesseract_ccutil.a/basedir.o .libs/libtesseract.lax/libtesseract_ccutil.a/bitvector.o .libs/libtesseract.lax/libtesseract_ccutil.a/ccutil.o .libs/libtesseract.lax/libtesseract_ccutil.a/clst.o .libs/libtesseract.lax/libtesseract_ccutil.a/elst.o .libs/libtesseract.lax/libtesseract_ccutil.a/elst2.o .libs/libtesseract.lax/libtesseract_ccutil.a/errcode.o .libs/libtesseract.lax/libtesseract_ccutil.a/fileio.o .libs/libtesseract.lax/libtesseract_ccutil.a/globaloc.o .libs/libtesseract.lax/libtesseract_ccutil.a/indexmapbidi.o .libs/libtesseract.lax/libtesseract_ccutil.a/mainblk.o .libs/libtesseract.lax/libtesseract_ccutil.a/params.o .libs/libtesseract.lax/libtesseract_ccutil.a/scanutils.o .libs/libtesseract.lax/libtesseract_ccutil.a/serialis.o .libs/libtesseract.lax/libtesseract_ccutil.a/strngs.o .libs/libtesseract.lax/libtesseract_ccutil.a/tessdatamanager.o .libs/libtesseract.lax/libtesseract_ccutil.a/tprintf.o .libs/libtesseract.lax/libtesseract_ccutil.a/unichar.o .libs/libtesseract.lax/libtesseract_ccutil.a/unicharcompress.o .libs/libtesseract.lax/libtesseract_ccutil.a/unicharmap.o .libs/libtesseract.lax/libtesseract_ccutil.a/unicharset.o .libs/libtesseract.lax/libtesseract_ccutil.a/unicodes.o .libs/libtesseract.lax/libtesseract_ccutil.a/universalambigs.o  .libs/libtesseract.lax/libtesseract_opencl.a/openclwrapper.o  .libs/libtesseract.lax/libtesseract_avx.a/libtesseract_avx_la-dotproductavx.o  .libs/libtesseract.lax/libtesseract_avx2.a/libtesseract_avx2_la-intsimdmatrixavx2.o  .libs/libtesseract.lax/libtesseract_sse.a/libtesseract_sse_la-dotproductsse.o .libs/libtesseract.lax/libtesseract_sse.a/libtesseract_sse_la-intsimdmatrixsse.o 
libtool: link: ranlib .libs/libtesseract.a
libtool: link: rm -fr .libs/libtesseract.lax
libtool: link: ( cd ".libs" && rm -f "libtesseract.la" && ln -s "../libtesseract.la" "libtesseract.la" )
libtool: link: /Applications/Xcode.app/Contents/Developer/usr/bin/g++ --target=x86_64-apple-darwin -I/Users/zyoung/dev/SwiftyTesseract/SwiftyTesseract/SwiftyTesseract/tesseract-4.1.0/ios/x86_64-apple-darwin/ -arch x86_64 -pipe -no-cpp-precomp -isysroot /Applications/Xcode.app/Contents/Developer/Platforms/iPhoneSimulator.platform/Developer/SDKs/iPhoneSimulator13.4.sdk -mios-simulator-version-min=11.0 -O2 -Wno-deprecated-register -std=c++17 -o tesseract tesseract-tesseractmain.o -Wl,-bind_at_load  -L/Applications/Xcode.app/Contents/Developer/Platforms/iPhoneSimulator.platform/Developer/SDKs/iPhoneSimulator13.4.sdk/usr/lib/ -L/Users/zyoung/dev/SwiftyTesseract/SwiftyTesseract/SwiftyTesseract/ios/lib -L/Users/zyoung/dev/SwiftyTesseract/SwiftyTesseract/SwiftyTesseract/leptonica-1.78.0/ios/x86_64-apple-darwin/src/.libs ./.libs/libtesseract.a -L/Users/zyoung/dev/SwiftyTesseract/SwiftyTesseract/SwiftyTesseract/leptonica-1.78.0/ios/x86_64-apple-darwin/lib -L/Users/zyoung/dev/SwiftyTesseract/SwiftyTesseract/SwiftyTesseract/libpng-1.6.36/x86_64-apple-darwin/lib -L/Users/zyoung/dev/tesseract-build/Root/lib -L/Users/zyoung/dev/SwiftyTesseract/SwiftyTesseract/SwiftyTesseract/jpeg-9c/x86_64-apple-darwin/lib -L/Users/zyoung/dev/SwiftyTesseract/SwiftyTesseract/SwiftyTesseract/tiff-4.0.10/x86_64-apple-darwin/lib /Users/zyoung/dev/SwiftyTesseract/SwiftyTesseract/SwiftyTesseract/leptonica-1.78.0/ios/x86_64-apple-darwin/lib/liblept.a /Users/zyoung/dev/SwiftyTesseract/SwiftyTesseract/SwiftyTesseract/libpng-1.6.36/x86_64-apple-darwin/lib/libpng16.a -llept -lz -lpng -ljpeg -ltiff
Making all in .
Making all in tessdata
Making all in configs
Making all in tessconfigs
Making all in doc
Making all in unittest
Making install in src/arch
make[4]: Nothing to be done for `install-exec-am'.
Making install in src/ccutil
make[4]: Nothing to be done for `install-exec-am'.
 ../../../../config/install-sh -c -d '/Users/zyoung/dev/SwiftyTesseract/SwiftyTesseract/SwiftyTesseract/tesseract-4.1.0/ios/x86_64-apple-darwin/include/tesseract'
 /usr/bin/install -c -m 644 ../../../../src/ccutil/genericvector.h ../../../../src/ccutil/helpers.h ../../../../src/ccutil/ocrclass.h ../../../../src/ccutil/platform.h ../../../../src/ccutil/serialis.h ../../../../src/ccutil/strngs.h ../../../../src/ccutil/tesscallback.h ../../../../src/ccutil/unichar.h '/Users/zyoung/dev/SwiftyTesseract/SwiftyTesseract/SwiftyTesseract/tesseract-4.1.0/ios/x86_64-apple-darwin/include/tesseract'
Making install in src/viewer
make[4]: Nothing to be done for `install-exec-am'.
make[4]: Nothing to be done for `install-data-am'.
Making install in src/cutil
make[4]: Nothing to be done for `install-exec-am'.
make[4]: Nothing to be done for `install-data-am'.
Making install in src/opencl
make[4]: Nothing to be done for `install-exec-am'.
make[4]: Nothing to be done for `install-data-am'.
Making install in src/ccstruct
make[4]: Nothing to be done for `install-exec-am'.
 ../../../../config/install-sh -c -d '/Users/zyoung/dev/SwiftyTesseract/SwiftyTesseract/SwiftyTesseract/tesseract-4.1.0/ios/x86_64-apple-darwin/include/tesseract'
 /usr/bin/install -c -m 644 ../../../../src/ccstruct/publictypes.h '/Users/zyoung/dev/SwiftyTesseract/SwiftyTesseract/SwiftyTesseract/tesseract-4.1.0/ios/x86_64-apple-darwin/include/tesseract'
Making install in src/dict
make[4]: Nothing to be done for `install-exec-am'.
make[4]: Nothing to be done for `install-data-am'.
Making install in src/classify
make[4]: Nothing to be done for `install-exec-am'.
make[4]: Nothing to be done for `install-data-am'.
Making install in src/wordrec
make[4]: Nothing to be done for `install-exec-am'.
make[4]: Nothing to be done for `install-data-am'.
Making install in src/textord
make[4]: Nothing to be done for `install-exec-am'.
make[4]: Nothing to be done for `install-data-am'.
Making install in src/lstm
make[4]: Nothing to be done for `install-exec-am'.
Making install in src/ccmain
make[4]: Nothing to be done for `install-exec-am'.
 ../../../../config/install-sh -c -d '/Users/zyoung/dev/SwiftyTesseract/SwiftyTesseract/SwiftyTesseract/tesseract-4.1.0/ios/x86_64-apple-darwin/include/tesseract'
 /usr/bin/install -c -m 644 ../../../../src/ccmain/thresholder.h ../../../../src/ccmain/osdetect.h ../../../../src/ccmain/ltrresultiterator.h ../../../../src/ccmain/pageiterator.h ../../../../src/ccmain/resultiterator.h '/Users/zyoung/dev/SwiftyTesseract/SwiftyTesseract/SwiftyTesseract/tesseract-4.1.0/ios/x86_64-apple-darwin/include/tesseract'
Making install in src/api
 ../../../../config/install-sh -c -d '/Users/zyoung/dev/SwiftyTesseract/SwiftyTesseract/SwiftyTesseract/tesseract-4.1.0/ios/x86_64-apple-darwin/lib'
 /bin/sh ../../libtool   --mode=install /usr/bin/install -c   libtesseract.la '/Users/zyoung/dev/SwiftyTesseract/SwiftyTesseract/SwiftyTesseract/tesseract-4.1.0/ios/x86_64-apple-darwin/lib'
libtool: install: /usr/bin/install -c .libs/libtesseract.lai /Users/zyoung/dev/SwiftyTesseract/SwiftyTesseract/SwiftyTesseract/tesseract-4.1.0/ios/x86_64-apple-darwin/lib/libtesseract.la
libtool: install: /usr/bin/install -c .libs/libtesseract.a /Users/zyoung/dev/SwiftyTesseract/SwiftyTesseract/SwiftyTesseract/tesseract-4.1.0/ios/x86_64-apple-darwin/lib/libtesseract.a
libtool: install: chmod 644 /Users/zyoung/dev/SwiftyTesseract/SwiftyTesseract/SwiftyTesseract/tesseract-4.1.0/ios/x86_64-apple-darwin/lib/libtesseract.a
libtool: install: ranlib /Users/zyoung/dev/SwiftyTesseract/SwiftyTesseract/SwiftyTesseract/tesseract-4.1.0/ios/x86_64-apple-darwin/lib/libtesseract.a
 ../../../../config/install-sh -c -d '/Users/zyoung/dev/SwiftyTesseract/SwiftyTesseract/SwiftyTesseract/tesseract-4.1.0/ios/x86_64-apple-darwin/bin'
  /bin/sh ../../libtool   --mode=install /usr/bin/install -c tesseract '/Users/zyoung/dev/SwiftyTesseract/SwiftyTesseract/SwiftyTesseract/tesseract-4.1.0/ios/x86_64-apple-darwin/bin'
libtool: install: /usr/bin/install -c tesseract /Users/zyoung/dev/SwiftyTesseract/SwiftyTesseract/SwiftyTesseract/tesseract-4.1.0/ios/x86_64-apple-darwin/bin/tesseract
 ../../../../config/install-sh -c -d '/Users/zyoung/dev/SwiftyTesseract/SwiftyTesseract/SwiftyTesseract/tesseract-4.1.0/ios/x86_64-apple-darwin/include/tesseract'
 /usr/bin/install -c -m 644 ../../../../src/api/apitypes.h ../../../../src/api/baseapi.h ../../../../src/api/capi.h ../../../../src/api/renderer.h tess_version.h '/Users/zyoung/dev/SwiftyTesseract/SwiftyTesseract/SwiftyTesseract/tesseract-4.1.0/ios/x86_64-apple-darwin/include/tesseract'
Making install in .
make[4]: Nothing to be done for `install-exec-am'.
 ../../config/install-sh -c -d '/Users/zyoung/dev/SwiftyTesseract/SwiftyTesseract/SwiftyTesseract/tesseract-4.1.0/ios/x86_64-apple-darwin/lib/pkgconfig'
 /usr/bin/install -c -m 644 tesseract.pc '/Users/zyoung/dev/SwiftyTesseract/SwiftyTesseract/SwiftyTesseract/tesseract-4.1.0/ios/x86_64-apple-darwin/lib/pkgconfig'
Making install in tessdata
Making install in configs
make[5]: Nothing to be done for `install-exec-am'.
 ../../../../config/install-sh -c -d '/Users/zyoung/dev/SwiftyTesseract/SwiftyTesseract/SwiftyTesseract/tesseract-4.1.0/ios/x86_64-apple-darwin/share/tessdata/configs'
 /usr/bin/install -c -m 644 ../../../../tessdata/configs/inter ../../../../tessdata/configs/makebox ../../../../tessdata/configs/box.train ../../../../tessdata/configs/unlv ../../../../tessdata/configs/ambigs.train ../../../../tessdata/configs/lstm.train ../../../../tessdata/configs/lstmdebug ../../../../tessdata/configs/api_config ../../../../tessdata/configs/kannada ../../../../tessdata/configs/box.train.stderr ../../../../tessdata/configs/quiet ../../../../tessdata/configs/logfile ../../../../tessdata/configs/digits ../../../../tessdata/configs/get.images ../../../../tessdata/configs/lstmbox ../../../../tessdata/configs/wordstrbox ../../../../tessdata/configs/alto ../../../../tessdata/configs/hocr ../../../../tessdata/configs/pdf ../../../../tessdata/configs/tsv ../../../../tessdata/configs/txt ../../../../tessdata/configs/linebox ../../../../tessdata/configs/rebox ../../../../tessdata/configs/strokewidth ../../../../tessdata/configs/bigram '/Users/zyoung/dev/SwiftyTesseract/SwiftyTesseract/SwiftyTesseract/tesseract-4.1.0/ios/x86_64-apple-darwin/share/tessdata/configs'
Making install in tessconfigs
make[5]: Nothing to be done for `install-exec-am'.
 ../../../../config/install-sh -c -d '/Users/zyoung/dev/SwiftyTesseract/SwiftyTesseract/SwiftyTesseract/tesseract-4.1.0/ios/x86_64-apple-darwin/share/tessdata/tessconfigs'
 /usr/bin/install -c -m 644 ../../../../tessdata/tessconfigs/batch ../../../../tessdata/tessconfigs/batch.nochop ../../../../tessdata/tessconfigs/nobatch ../../../../tessdata/tessconfigs/matdemo ../../../../tessdata/tessconfigs/segdemo ../../../../tessdata/tessconfigs/msdemo '/Users/zyoung/dev/SwiftyTesseract/SwiftyTesseract/SwiftyTesseract/tesseract-4.1.0/ios/x86_64-apple-darwin/share/tessdata/tessconfigs'
make[5]: Nothing to be done for `install-exec-am'.
 ../../../config/install-sh -c -d '/Users/zyoung/dev/SwiftyTesseract/SwiftyTesseract/SwiftyTesseract/tesseract-4.1.0/ios/x86_64-apple-darwin/share/tessdata'
 /usr/bin/install -c -m 644 ../../../tessdata/pdf.ttf '/Users/zyoung/dev/SwiftyTesseract/SwiftyTesseract/SwiftyTesseract/tesseract-4.1.0/ios/x86_64-apple-darwin/share/tessdata'
Making install in doc
make[4]: Nothing to be done for `install-exec-am'.
Making install in unittest
make[4]: Nothing to be done for `install-exec-am'.
make[4]: Nothing to be done for `install-data-am'.
mkdir -p /Users/zyoung/dev/SwiftyTesseract/SwiftyTesseract/SwiftyTesseract/ios/lib
xcrun lipo /Users/zyoung/dev/SwiftyTesseract/SwiftyTesseract/SwiftyTesseract/tesseract-4.1.0/ios/arm-apple-darwin64/lib/libtesseract.a /Users/zyoung/dev/SwiftyTesseract/SwiftyTesseract/SwiftyTesseract/tesseract-4.1.0/ios/x86_64-apple-darwin/lib/libtesseract.a -create -output /Users/zyoung/dev/SwiftyTesseract/SwiftyTesseract/SwiftyTesseract/ios/lib/libtesseract.a
mkdir -p /Users/zyoung/dev/SwiftyTesseract/SwiftyTesseract/SwiftyTesseract/ios/include
cp -rvf /Users/zyoung/dev/SwiftyTesseract/SwiftyTesseract/SwiftyTesseract/tesseract-4.1.0/ios/arm-apple-darwin64/include/tesseract /Users/zyoung/dev/SwiftyTesseract/SwiftyTesseract/SwiftyTesseract/ios/include
/Users/zyoung/dev/SwiftyTesseract/SwiftyTesseract/SwiftyTesseract/tesseract-4.1.0/ios/arm-apple-darwin64/include/tesseract -> /Users/zyoung/dev/SwiftyTesseract/SwiftyTesseract/SwiftyTesseract/ios/include/tesseract
/Users/zyoung/dev/SwiftyTesseract/SwiftyTesseract/SwiftyTesseract/tesseract-4.1.0/ios/arm-apple-darwin64/include/tesseract/ltrresultiterator.h -> /Users/zyoung/dev/SwiftyTesseract/SwiftyTesseract/SwiftyTesseract/ios/include/tesseract/ltrresultiterator.h
/Users/zyoung/dev/SwiftyTesseract/SwiftyTesseract/SwiftyTesseract/tesseract-4.1.0/ios/arm-apple-darwin64/include/tesseract/pageiterator.h -> /Users/zyoung/dev/SwiftyTesseract/SwiftyTesseract/SwiftyTesseract/ios/include/tesseract/pageiterator.h
/Users/zyoung/dev/SwiftyTesseract/SwiftyTesseract/SwiftyTesseract/tesseract-4.1.0/ios/arm-apple-darwin64/include/tesseract/apitypes.h -> /Users/zyoung/dev/SwiftyTesseract/SwiftyTesseract/SwiftyTesseract/ios/include/tesseract/apitypes.h
/Users/zyoung/dev/SwiftyTesseract/SwiftyTesseract/SwiftyTesseract/tesseract-4.1.0/ios/arm-apple-darwin64/include/tesseract/osdetect.h -> /Users/zyoung/dev/SwiftyTesseract/SwiftyTesseract/SwiftyTesseract/ios/include/tesseract/osdetect.h
/Users/zyoung/dev/SwiftyTesseract/SwiftyTesseract/SwiftyTesseract/tesseract-4.1.0/ios/arm-apple-darwin64/include/tesseract/renderer.h -> /Users/zyoung/dev/SwiftyTesseract/SwiftyTesseract/SwiftyTesseract/ios/include/tesseract/renderer.h
/Users/zyoung/dev/SwiftyTesseract/SwiftyTesseract/SwiftyTesseract/tesseract-4.1.0/ios/arm-apple-darwin64/include/tesseract/publictypes.h -> /Users/zyoung/dev/SwiftyTesseract/SwiftyTesseract/SwiftyTesseract/ios/include/tesseract/publictypes.h
/Users/zyoung/dev/SwiftyTesseract/SwiftyTesseract/SwiftyTesseract/tesseract-4.1.0/ios/arm-apple-darwin64/include/tesseract/unichar.h -> /Users/zyoung/dev/SwiftyTesseract/SwiftyTesseract/SwiftyTesseract/ios/include/tesseract/unichar.h
/Users/zyoung/dev/SwiftyTesseract/SwiftyTesseract/SwiftyTesseract/tesseract-4.1.0/ios/arm-apple-darwin64/include/tesseract/ocrclass.h -> /Users/zyoung/dev/SwiftyTesseract/SwiftyTesseract/SwiftyTesseract/ios/include/tesseract/ocrclass.h
/Users/zyoung/dev/SwiftyTesseract/SwiftyTesseract/SwiftyTesseract/tesseract-4.1.0/ios/arm-apple-darwin64/include/tesseract/resultiterator.h -> /Users/zyoung/dev/SwiftyTesseract/SwiftyTesseract/SwiftyTesseract/ios/include/tesseract/resultiterator.h
/Users/zyoung/dev/SwiftyTesseract/SwiftyTesseract/SwiftyTesseract/tesseract-4.1.0/ios/arm-apple-darwin64/include/tesseract/serialis.h -> /Users/zyoung/dev/SwiftyTesseract/SwiftyTesseract/SwiftyTesseract/ios/include/tesseract/serialis.h
/Users/zyoung/dev/SwiftyTesseract/SwiftyTesseract/SwiftyTesseract/tesseract-4.1.0/ios/arm-apple-darwin64/include/tesseract/baseapi.h -> /Users/zyoung/dev/SwiftyTesseract/SwiftyTesseract/SwiftyTesseract/ios/include/tesseract/baseapi.h
/Users/zyoung/dev/SwiftyTesseract/SwiftyTesseract/SwiftyTesseract/tesseract-4.1.0/ios/arm-apple-darwin64/include/tesseract/capi.h -> /Users/zyoung/dev/SwiftyTesseract/SwiftyTesseract/SwiftyTesseract/ios/include/tesseract/capi.h
/Users/zyoung/dev/SwiftyTesseract/SwiftyTesseract/SwiftyTesseract/tesseract-4.1.0/ios/arm-apple-darwin64/include/tesseract/tess_version.h -> /Users/zyoung/dev/SwiftyTesseract/SwiftyTesseract/SwiftyTesseract/ios/include/tesseract/tess_version.h
/Users/zyoung/dev/SwiftyTesseract/SwiftyTesseract/SwiftyTesseract/tesseract-4.1.0/ios/arm-apple-darwin64/include/tesseract/strngs.h -> /Users/zyoung/dev/SwiftyTesseract/SwiftyTesseract/SwiftyTesseract/ios/include/tesseract/strngs.h
/Users/zyoung/dev/SwiftyTesseract/SwiftyTesseract/SwiftyTesseract/tesseract-4.1.0/ios/arm-apple-darwin64/include/tesseract/genericvector.h -> /Users/zyoung/dev/SwiftyTesseract/SwiftyTesseract/SwiftyTesseract/ios/include/tesseract/genericvector.h
/Users/zyoung/dev/SwiftyTesseract/SwiftyTesseract/SwiftyTesseract/tesseract-4.1.0/ios/arm-apple-darwin64/include/tesseract/helpers.h -> /Users/zyoung/dev/SwiftyTesseract/SwiftyTesseract/SwiftyTesseract/ios/include/tesseract/helpers.h
/Users/zyoung/dev/SwiftyTesseract/SwiftyTesseract/SwiftyTesseract/tesseract-4.1.0/ios/arm-apple-darwin64/include/tesseract/thresholder.h -> /Users/zyoung/dev/SwiftyTesseract/SwiftyTesseract/SwiftyTesseract/ios/include/tesseract/thresholder.h
/Users/zyoung/dev/SwiftyTesseract/SwiftyTesseract/SwiftyTesseract/tesseract-4.1.0/ios/arm-apple-darwin64/include/tesseract/platform.h -> /Users/zyoung/dev/SwiftyTesseract/SwiftyTesseract/SwiftyTesseract/ios/include/tesseract/platform.h
/Users/zyoung/dev/SwiftyTesseract/SwiftyTesseract/SwiftyTesseract/tesseract-4.1.0/ios/arm-apple-darwin64/include/tesseract/tesscallback.h -> /Users/zyoung/dev/SwiftyTesseract/SwiftyTesseract/SwiftyTesseract/ios/include/tesseract/tesscallback.h
/Applications/Xcode.app/Contents/Developer/usr/bin/make platform=macos
mkdir -p /Users/zyoung/dev/SwiftyTesseract/SwiftyTesseract/SwiftyTesseract/macos/lib
xcrun lipo /Users/zyoung/dev/SwiftyTesseract/SwiftyTesseract/SwiftyTesseract/libpng-1.6.36/x86_64-apple-darwin/lib/libpng16.a -create -output /Users/zyoung/dev/SwiftyTesseract/SwiftyTesseract/SwiftyTesseract/macos/lib/libpng.a
mkdir -p /Users/zyoung/dev/SwiftyTesseract/SwiftyTesseract/SwiftyTesseract/macos/dependencies/include
cp -rvf /Users/zyoung/dev/SwiftyTesseract/SwiftyTesseract/SwiftyTesseract/libpng-1.6.36/x86_64-apple-darwin/include/*.h /Users/zyoung/dev/SwiftyTesseract/SwiftyTesseract/SwiftyTesseract/macos/dependencies/include
/Users/zyoung/dev/SwiftyTesseract/SwiftyTesseract/SwiftyTesseract/libpng-1.6.36/x86_64-apple-darwin/include/png.h -> /Users/zyoung/dev/SwiftyTesseract/SwiftyTesseract/SwiftyTesseract/macos/dependencies/include/png.h
/Users/zyoung/dev/SwiftyTesseract/SwiftyTesseract/SwiftyTesseract/libpng-1.6.36/x86_64-apple-darwin/include/pngconf.h -> /Users/zyoung/dev/SwiftyTesseract/SwiftyTesseract/SwiftyTesseract/macos/dependencies/include/pngconf.h
/Users/zyoung/dev/SwiftyTesseract/SwiftyTesseract/SwiftyTesseract/libpng-1.6.36/x86_64-apple-darwin/include/pnglibconf.h -> /Users/zyoung/dev/SwiftyTesseract/SwiftyTesseract/SwiftyTesseract/macos/dependencies/include/pnglibconf.h
mkdir -p /Users/zyoung/dev/SwiftyTesseract/SwiftyTesseract/SwiftyTesseract/macos/lib
xcrun lipo /Users/zyoung/dev/SwiftyTesseract/SwiftyTesseract/SwiftyTesseract/jpeg-9c/x86_64-apple-darwin/lib/libjpeg.a -create -output /Users/zyoung/dev/SwiftyTesseract/SwiftyTesseract/SwiftyTesseract/macos/lib/libjpeg.a
mkdir -p /Users/zyoung/dev/SwiftyTesseract/SwiftyTesseract/SwiftyTesseract/macos/dependencies/include
cp -rvf /Users/zyoung/dev/SwiftyTesseract/SwiftyTesseract/SwiftyTesseract/jpeg-9c/x86_64-apple-darwin/include/*.h /Users/zyoung/dev/SwiftyTesseract/SwiftyTesseract/SwiftyTesseract/macos/dependencies/include
/Users/zyoung/dev/SwiftyTesseract/SwiftyTesseract/SwiftyTesseract/jpeg-9c/x86_64-apple-darwin/include/jconfig.h -> /Users/zyoung/dev/SwiftyTesseract/SwiftyTesseract/SwiftyTesseract/macos/dependencies/include/jconfig.h
/Users/zyoung/dev/SwiftyTesseract/SwiftyTesseract/SwiftyTesseract/jpeg-9c/x86_64-apple-darwin/include/jerror.h -> /Users/zyoung/dev/SwiftyTesseract/SwiftyTesseract/SwiftyTesseract/macos/dependencies/include/jerror.h
/Users/zyoung/dev/SwiftyTesseract/SwiftyTesseract/SwiftyTesseract/jpeg-9c/x86_64-apple-darwin/include/jmorecfg.h -> /Users/zyoung/dev/SwiftyTesseract/SwiftyTesseract/SwiftyTesseract/macos/dependencies/include/jmorecfg.h
/Users/zyoung/dev/SwiftyTesseract/SwiftyTesseract/SwiftyTesseract/jpeg-9c/x86_64-apple-darwin/include/jpeglib.h -> /Users/zyoung/dev/SwiftyTesseract/SwiftyTesseract/SwiftyTesseract/macos/dependencies/include/jpeglib.h
mkdir -p /Users/zyoung/dev/SwiftyTesseract/SwiftyTesseract/SwiftyTesseract/macos/lib
xcrun lipo /Users/zyoung/dev/SwiftyTesseract/SwiftyTesseract/SwiftyTesseract/tiff-4.0.10/x86_64-apple-darwin/lib/libtiff.a -create -output /Users/zyoung/dev/SwiftyTesseract/SwiftyTesseract/SwiftyTesseract/macos/lib/libtiff.a
mkdir -p /Users/zyoung/dev/SwiftyTesseract/SwiftyTesseract/SwiftyTesseract/macos/dependencies/include
cp -rvf /Users/zyoung/dev/SwiftyTesseract/SwiftyTesseract/SwiftyTesseract/tiff-4.0.10/x86_64-apple-darwin/include/*.h /Users/zyoung/dev/SwiftyTesseract/SwiftyTesseract/SwiftyTesseract/macos/dependencies/include
/Users/zyoung/dev/SwiftyTesseract/SwiftyTesseract/SwiftyTesseract/tiff-4.0.10/x86_64-apple-darwin/include/tiff.h -> /Users/zyoung/dev/SwiftyTesseract/SwiftyTesseract/SwiftyTesseract/macos/dependencies/include/tiff.h
/Users/zyoung/dev/SwiftyTesseract/SwiftyTesseract/SwiftyTesseract/tiff-4.0.10/x86_64-apple-darwin/include/tiffconf.h -> /Users/zyoung/dev/SwiftyTesseract/SwiftyTesseract/SwiftyTesseract/macos/dependencies/include/tiffconf.h
/Users/zyoung/dev/SwiftyTesseract/SwiftyTesseract/SwiftyTesseract/tiff-4.0.10/x86_64-apple-darwin/include/tiffio.h -> /Users/zyoung/dev/SwiftyTesseract/SwiftyTesseract/SwiftyTesseract/macos/dependencies/include/tiffio.h
/Users/zyoung/dev/SwiftyTesseract/SwiftyTesseract/SwiftyTesseract/tiff-4.0.10/x86_64-apple-darwin/include/tiffvers.h -> /Users/zyoung/dev/SwiftyTesseract/SwiftyTesseract/SwiftyTesseract/macos/dependencies/include/tiffvers.h
export LIBS="-lz -lpng -ljpeg -ltiff" ; \
	export SDKROOT="/Applications/Xcode.app/Contents/Developer/Platforms/MacOSX.platform/Developer/SDKs/MacOSX10.15.sdk" ; \
	export CFLAGS="-I/Users/zyoung/dev/SwiftyTesseract/SwiftyTesseract/SwiftyTesseract/macos/include -arch x86_64 -pipe -no-cpp-precomp -isysroot $SDKROOT -mmacosx-version-min="10.13" -O2 -fembed-bitcode" ; \
	export CPPFLAGS=$CFLAGS ; \
	export CXXFLAGS="-I/Users/zyoung/dev/SwiftyTesseract/SwiftyTesseract/SwiftyTesseract/macos/include -arch x86_64 -pipe -no-cpp-precomp -isysroot $SDKROOT -mmacosx-version-min="10.13" -O2 -Wno-deprecated-register"; \
	export LDFLAGS="-L$SDKROOT/usr/lib/ -L/Users/zyoung/dev/SwiftyTesseract/SwiftyTesseract/SwiftyTesseract/macos/lib" ; \
	export PKG_CONFIG_PATH=/Users/zyoung/dev/SwiftyTesseract/SwiftyTesseract/SwiftyTesseract/libpng-1.6.36/x86_64-apple-darwin/:/Users/zyoung/dev/SwiftyTesseract/SwiftyTesseract/SwiftyTesseract/jpeg-9c/x86_64-apple-darwin/:/Users/zyoung/dev/SwiftyTesseract/SwiftyTesseract/SwiftyTesseract/tiff-4.0.10/x86_64-apple-darwin/ ; \
	export CXX="""`xcode-select -p`"/usr/bin/g++" --target=x86_64-apple-darwin" ; \
	export CXX_FOR_BUILD="""`xcode-select -p`"/usr/bin/g++" --target=x86_64-apple-darwin" ; \
	export CC="""`xcode-select -p`"/usr/bin/gcc" --target=x86_64-apple-darwin" ; \
	mkdir -p /Users/zyoung/dev/SwiftyTesseract/SwiftyTesseract/SwiftyTesseract/leptonica-1.78.0/macos/x86_64-apple-darwin ; \
	cd /Users/zyoung/dev/SwiftyTesseract/SwiftyTesseract/SwiftyTesseract/leptonica-1.78.0/macos/x86_64-apple-darwin ; \
	../../configure CXX="""`xcode-select -p`"/usr/bin/g++" --target=x86_64-apple-darwin" CC="""`xcode-select -p`"/usr/bin/gcc" --target=x86_64-apple-darwin" --host=x86_64-apple-darwin --prefix=`pwd` --enable-shared=no --disable-programs --with-zlib --with-libpng --with-jpeg --with-libtiff --without-giflib --without-libwebp
checking build system type... x86_64-apple-darwin19.4.0
checking host system type... x86_64-apple-darwin
checking how to print strings... printf
checking for x86_64-apple-darwin-gcc... /Applications/Xcode.app/Contents/Developer/usr/bin/gcc --target=x86_64-apple-darwin
checking whether the C compiler works... yes
checking for C compiler default output file name... a.out
checking for suffix of executables... 
checking whether we are cross compiling... no
checking for suffix of object files... o
checking whether we are using the GNU C compiler... yes
checking whether /Applications/Xcode.app/Contents/Developer/usr/bin/gcc --target=x86_64-apple-darwin accepts -g... yes
checking for /Applications/Xcode.app/Contents/Developer/usr/bin/gcc --target=x86_64-apple-darwin option to accept ISO C89... none needed
checking whether /Applications/Xcode.app/Contents/Developer/usr/bin/gcc --target=x86_64-apple-darwin understands -c and -o together... yes
checking for a sed that does not truncate output... /usr/bin/sed
checking for grep that handles long lines and -e... /usr/bin/grep
checking for egrep... /usr/bin/grep -E
checking for fgrep... /usr/bin/grep -F
checking for ld used by /Applications/Xcode.app/Contents/Developer/usr/bin/gcc --target=x86_64-apple-darwin... /Applications/Xcode.app/Contents/Developer/Toolchains/XcodeDefault.xctoolchain/usr/bin/ld
checking if the linker (/Applications/Xcode.app/Contents/Developer/Toolchains/XcodeDefault.xctoolchain/usr/bin/ld) is GNU ld... no
checking for BSD- or MS-compatible name lister (nm)... no
checking for x86_64-apple-darwin-dumpbin... no
checking for x86_64-apple-darwin-link... no
checking for dumpbin... no
checking for link... link -dump
checking the name lister (nm) interface... BSD nm
checking whether ln -s works... yes
checking the maximum length of command line arguments... 196608
checking how to convert x86_64-apple-darwin19.4.0 file names to x86_64-apple-darwin format... func_convert_file_noop
checking how to convert x86_64-apple-darwin19.4.0 file names to toolchain format... func_convert_file_noop
checking for /Applications/Xcode.app/Contents/Developer/Toolchains/XcodeDefault.xctoolchain/usr/bin/ld option to reload object files... -r
checking for x86_64-apple-darwin-objdump... no
checking for objdump... objdump
checking how to recognize dependent libraries... pass_all
checking for x86_64-apple-darwin-dlltool... no
checking for dlltool... no
checking how to associate runtime and link libraries... printf %s\n
checking for x86_64-apple-darwin-ar... no
checking for ar... ar
checking for archiver @FILE support... no
checking for x86_64-apple-darwin-strip... no
checking for strip... strip
checking for x86_64-apple-darwin-ranlib... no
checking for ranlib... ranlib
checking for gawk... no
checking for mawk... no
checking for nawk... no
checking for awk... awk
checking command to parse nm output from /Applications/Xcode.app/Contents/Developer/usr/bin/gcc --target=x86_64-apple-darwin object... ok
checking for sysroot... no
checking for a working dd... /bin/dd
checking how to truncate binary pipes... /bin/dd bs=4096 count=1
checking for x86_64-apple-darwin-mt... no
checking for mt... no
checking if : is a manifest tool... no
checking for x86_64-apple-darwin-dsymutil... no
checking for dsymutil... dsymutil
checking for x86_64-apple-darwin-nmedit... no
checking for nmedit... nmedit
checking for x86_64-apple-darwin-lipo... no
checking for lipo... lipo
checking for x86_64-apple-darwin-otool... no
checking for otool... otool
checking for x86_64-apple-darwin-otool64... no
checking for otool64... no
checking for -single_module linker flag... yes
checking for -exported_symbols_list linker flag... yes
checking for -force_load linker flag... yes
checking how to run the C preprocessor... /Applications/Xcode.app/Contents/Developer/usr/bin/gcc --target=x86_64-apple-darwin -E
checking for ANSI C header files... yes
checking for sys/types.h... yes
checking for sys/stat.h... yes
checking for stdlib.h... yes
checking for string.h... yes
checking for memory.h... yes
checking for strings.h... yes
checking for inttypes.h... yes
checking for stdint.h... yes
checking for unistd.h... yes
checking for dlfcn.h... yes
checking for objdir... .libs
checking if /Applications/Xcode.app/Contents/Developer/usr/bin/gcc --target=x86_64-apple-darwin supports -fno-rtti -fno-exceptions... yes
checking for /Applications/Xcode.app/Contents/Developer/usr/bin/gcc --target=x86_64-apple-darwin option to produce PIC... -fno-common -DPIC
checking if /Applications/Xcode.app/Contents/Developer/usr/bin/gcc --target=x86_64-apple-darwin PIC flag -fno-common -DPIC works... yes
checking if /Applications/Xcode.app/Contents/Developer/usr/bin/gcc --target=x86_64-apple-darwin static flag -static works... no
checking if /Applications/Xcode.app/Contents/Developer/usr/bin/gcc --target=x86_64-apple-darwin supports -c -o file.o... yes
checking if /Applications/Xcode.app/Contents/Developer/usr/bin/gcc --target=x86_64-apple-darwin supports -c -o file.o... (cached) yes
checking whether the /Applications/Xcode.app/Contents/Developer/usr/bin/gcc --target=x86_64-apple-darwin linker (/Applications/Xcode.app/Contents/Developer/Toolchains/XcodeDefault.xctoolchain/usr/bin/ld) supports shared libraries... yes
checking dynamic linker characteristics... darwin dyld
checking how to hardcode library paths into programs... immediate
checking whether stripping libraries is possible... yes
checking if libtool supports shared libraries... yes
checking whether to build shared libraries... no
checking whether to build static libraries... yes
checking for a BSD-compatible install... /usr/bin/install -c
checking whether build environment is sane... yes
checking for a thread-safe mkdir -p... ../../config/install-sh -c -d
checking whether make sets $(MAKE)... yes
checking whether make supports the include directive... yes (GNU style)
checking whether make supports nested variables... yes
checking dependency style of /Applications/Xcode.app/Contents/Developer/usr/bin/gcc --target=x86_64-apple-darwin... gcc3
checking for gawk... (cached) awk
checking for x86_64-apple-darwin-gcc... (cached) /Applications/Xcode.app/Contents/Developer/usr/bin/gcc --target=x86_64-apple-darwin
checking whether we are using the GNU C compiler... (cached) yes
checking whether /Applications/Xcode.app/Contents/Developer/usr/bin/gcc --target=x86_64-apple-darwin accepts -g... (cached) yes
checking for /Applications/Xcode.app/Contents/Developer/usr/bin/gcc --target=x86_64-apple-darwin option to accept ISO C89... (cached) none needed
checking whether /Applications/Xcode.app/Contents/Developer/usr/bin/gcc --target=x86_64-apple-darwin understands -c and -o together... (cached) yes
checking how to run the C preprocessor... /Applications/Xcode.app/Contents/Developer/usr/bin/gcc --target=x86_64-apple-darwin -E
checking whether ln -s works... yes
checking whether make sets $(MAKE)... (cached) yes
checking for x86_64-apple-darwin-pkg-config... no
checking for pkg-config... /Users/zyoung/dev/tesseract-build/Root/bin/pkg-config
checking pkg-config is at least version 0.9.0... yes
checking for zlib... yes
checking for libpng... yes
checking for libjpeg... yes
checking for libtiff-4... yes
checking for libopenjp2 >= 2.0.0... no
checking for opj_create_decompress in -lopenjp2... no
checking openjpeg-2.3/openjpeg.h usability... no
checking openjpeg-2.3/openjpeg.h presence... no
checking for openjpeg-2.3/openjpeg.h... no
checking openjpeg-2.2/openjpeg.h usability... no
checking openjpeg-2.2/openjpeg.h presence... no
checking for openjpeg-2.2/openjpeg.h... no
checking openjpeg-2.1/openjpeg.h usability... no
checking openjpeg-2.1/openjpeg.h presence... no
checking for openjpeg-2.1/openjpeg.h... no
checking openjpeg-2.0/openjpeg.h usability... no
checking openjpeg-2.0/openjpeg.h presence... no
checking for openjpeg-2.0/openjpeg.h... no
checking whether make supports nested variables... (cached) yes
checking for size_t... yes
checking whether byte ordering is bigendian... no
checking whether compiler supports -Wl,--as-needed... no
checking for fmemopen... yes
checking for fstatat... yes
checking that generated files are newer than configure... done
configure: creating ./config.status
config.status: creating Makefile
config.status: creating src/endianness.h
config.status: creating src/Makefile
config.status: creating prog/Makefile
config.status: creating lept.pc
config.status: creating config_auto.h
config.status: executing libtool commands
config.status: executing depfiles commands
cd /Users/zyoung/dev/SwiftyTesseract/SwiftyTesseract/SwiftyTesseract/leptonica-1.78.0/macos/x86_64-apple-darwin ; \
	/Applications/Xcode.app/Contents/Developer/usr/bin/make -sj8 && /Applications/Xcode.app/Contents/Developer/usr/bin/make install
Making all in src
  CC       adaptmap.lo
  CC       affine.lo
  CC       affinecompose.lo
  CC       arrayaccess.lo
  CC       bardecode.lo
  CC       baseline.lo
  CC       bbuffer.lo
  CC       bilateral.lo
  CC       bilinear.lo
  CC       binarize.lo
  CC       binexpand.lo
  CC       binreduce.lo
  CC       blend.lo
  CC       bmf.lo
  CC       bmpio.lo
  CC       bmpiostub.lo
  CC       bootnumgen1.lo
  CC       bootnumgen2.lo
  CC       bootnumgen3.lo
../../../src/bmpio.c:158:37: warning: taking address of packed member 'bmpih' of class or structure 'BMP_HEADER' may result in an unaligned pointer value [-Waddress-of-packed-member]
    compression = convertOnBigEnd32(bmpih->biCompression);
                                    ^~~~~
../../../src/bmpio.c:134:17: note: expanded from macro 'bmpih'
#define bmpih (&bmph->bmpih)
                ^~~~~~~~~~~
../../../src/bmpio.c:168:31: warning: taking address of packed member 'bmpih' of class or structure 'BMP_HEADER' may result in an unaligned pointer value [-Waddress-of-packed-member]
    width = convertOnBigEnd32(bmpih->biWidth);
                              ^~~~~
../../../src/bmpio.c:134:17: note: expanded from macro 'bmpih'
#define bmpih (&bmph->bmpih)
                ^~~~~~~~~~~
../../../src/bmpio.c:169:32: warning: taking address of packed member 'bmpih' of class or structure 'BMP_HEADER' may result in an unaligned pointer value [-Waddress-of-packed-member]
    height = convertOnBigEnd32(bmpih->biHeight);
                               ^~~~~
../../../src/bmpio.c:134:17: note: expanded from macro 'bmpih'
#define bmpih (&bmph->bmpih)
                ^~~~~~~~~~~
../../../src/bmpio.c:170:31: warning: taking address of packed member 'bmpih' of class or structure 'BMP_HEADER' may result in an unaligned pointer value [-Waddress-of-packed-member]
    depth = convertOnBigEnd16(bmpih->biBitCount);
                              ^~~~~
../../../src/bmpio.c:134:17: note: expanded from macro 'bmpih'
#define bmpih (&bmph->bmpih)
                ^~~~~~~~~~~
../../../src/bmpio.c:171:36: warning: taking address of packed member 'bmpih' of class or structure 'BMP_HEADER' may result in an unaligned pointer value [-Waddress-of-packed-member]
    imagebytes = convertOnBigEnd32(bmpih->biSizeImage);
                                   ^~~~~
../../../src/bmpio.c:134:17: note: expanded from macro 'bmpih'
#define bmpih (&bmph->bmpih)
                ^~~~~~~~~~~
../../../src/bmpio.c:172:30: warning: taking address of packed member 'bmpih' of class or structure 'BMP_HEADER' may result in an unaligned pointer value [-Waddress-of-packed-member]
    xres = convertOnBigEnd32(bmpih->biXPelsPerMeter);
                             ^~~~~
../../../src/bmpio.c:134:17: note: expanded from macro 'bmpih'
#define bmpih (&bmph->bmpih)
                ^~~~~~~~~~~
../../../src/bmpio.c:173:30: warning: taking address of packed member 'bmpih' of class or structure 'BMP_HEADER' may result in an unaligned pointer value [-Waddress-of-packed-member]
    yres = convertOnBigEnd32(bmpih->biYPelsPerMeter);
                             ^~~~~
../../../src/bmpio.c:134:17: note: expanded from macro 'bmpih'
#define bmpih (&bmph->bmpih)
                ^~~~~~~~~~~
  CC       bootnumgen4.lo
../../../src/bmpio.c:529:5: warning: taking address of packed member 'bmpih' of class or structure 'BMP_HEADER' may result in an unaligned pointer value [-Waddress-of-packed-member]
    bmpih->biSize = convertOnBigEnd32(BMP_IHBYTES);
    ^~~~~
../../../src/bmpio.c:422:17: note: expanded from macro 'bmpih'
#define bmpih (&bmph->bmpih)
                ^~~~~~~~~~~
../../../src/bmpio.c:530:5: warning: taking address of packed member 'bmpih' of class or structure 'BMP_HEADER' may result in an unaligned pointer value [-Waddress-of-packed-member]
    bmpih->biWidth = convertOnBigEnd32(w);
    ^~~~~
../../../src/bmpio.c:422:17: note: expanded from macro 'bmpih'
#define bmpih (&bmph->bmpih)
                ^~~~~~~~~~~
../../../src/bmpio.c:531:5: warning: taking address of packed member 'bmpih' of class or structure 'BMP_HEADER' may result in an unaligned pointer value [-Waddress-of-packed-member]
    bmpih->biHeight = convertOnBigEnd32(h);
    ^~~~~
../../../src/bmpio.c:422:17: note: expanded from macro 'bmpih'
#define bmpih (&bmph->bmpih)
                ^~~~~~~~~~~
../../../src/bmpio.c:532:5: warning: taking address of packed member 'bmpih' of class or structure 'BMP_HEADER' may result in an unaligned pointer value [-Waddress-of-packed-member]
    bmpih->biPlanes = convertOnBigEnd16(1);
    ^~~~~
../../../src/bmpio.c:422:17: note: expanded from macro 'bmpih'
#define bmpih (&bmph->bmpih)
                ^~~~~~~~~~~
../../../src/bmpio.c:533:5: warning: taking address of packed member 'bmpih' of class or structure 'BMP_HEADER' may result in an unaligned pointer value [-Waddress-of-packed-member]
    bmpih->biBitCount = convertOnBigEnd16(fdepth);
    ^~~~~
../../../src/bmpio.c:422:17: note: expanded from macro 'bmpih'
#define bmpih (&bmph->bmpih)
                ^~~~~~~~~~~
../../../src/bmpio.c:534:5: warning: taking address of packed member 'bmpih' of class or structure 'BMP_HEADER' may result in an unaligned pointer value [-Waddress-of-packed-member]
    bmpih->biSizeImage = convertOnBigEnd32(fimagebytes);
    ^~~~~
../../../src/bmpio.c:422:17: note: expanded from macro 'bmpih'
#define bmpih (&bmph->bmpih)
                ^~~~~~~~~~~
../../../src/bmpio.c:535:5: warning: taking address of packed member 'bmpih' of class or structure 'BMP_HEADER' may result in an unaligned pointer value [-Waddress-of-packed-member]
    bmpih->biXPelsPerMeter = convertOnBigEnd32(xres);
    ^~~~~
../../../src/bmpio.c:422:17: note: expanded from macro 'bmpih'
#define bmpih (&bmph->bmpih)
                ^~~~~~~~~~~
../../../src/bmpio.c:536:5: warning: taking address of packed member 'bmpih' of class or structure 'BMP_HEADER' may result in an unaligned pointer value [-Waddress-of-packed-member]
    bmpih->biYPelsPerMeter = convertOnBigEnd32(yres);
    ^~~~~
../../../src/bmpio.c:422:17: note: expanded from macro 'bmpih'
#define bmpih (&bmph->bmpih)
                ^~~~~~~~~~~
../../../src/bmpio.c:537:5: warning: taking address of packed member 'bmpih' of class or structure 'BMP_HEADER' may result in an unaligned pointer value [-Waddress-of-packed-member]
    bmpih->biClrUsed = convertOnBigEnd32(ncolors);
    ^~~~~
../../../src/bmpio.c:422:17: note: expanded from macro 'bmpih'
#define bmpih (&bmph->bmpih)
                ^~~~~~~~~~~
../../../src/bmpio.c:538:5: warning: taking address of packed member 'bmpih' of class or structure 'BMP_HEADER' may result in an unaligned pointer value [-Waddress-of-packed-member]
    bmpih->biClrImportant = convertOnBigEnd32(ncolors);
    ^~~~~
../../../src/bmpio.c:422:17: note: expanded from macro 'bmpih'
#define bmpih (&bmph->bmpih)
                ^~~~~~~~~~~
17 warnings generated.
  CC       boxbasic.lo
  CC       boxfunc1.lo
  CC       boxfunc2.lo
  CC       boxfunc3.lo
  CC       boxfunc4.lo
  CC       boxfunc5.lo
  CC       bytearray.lo
  CC       ccbord.lo
  CC       ccthin.lo
  CC       classapp.lo
  CC       colorcontent.lo
  CC       coloring.lo
  CC       colormap.lo
  CC       colormorph.lo
  CC       colorquant1.lo
  CC       colorquant2.lo
  CC       colorseg.lo
  CC       colorspace.lo
  CC       compare.lo
  CC       conncomp.lo
  CC       convertfiles.lo
  CC       convolve.lo
  CC       correlscore.lo
  CC       dewarp1.lo
  CC       dewarp2.lo
  CC       dewarp3.lo
  CC       dewarp4.lo
  CC       dnabasic.lo
  CC       dnafunc1.lo
  CC       dnahash.lo
  CC       dwacomb.2.lo
  CC       dwacomblow.2.lo
  CC       edge.lo
  CC       encoding.lo
  CC       enhance.lo
  CC       fhmtauto.lo
  CC       fhmtgen.1.lo
  CC       fhmtgenlow.1.lo
  CC       finditalic.lo
  CC       flipdetect.lo
  CC       fliphmtgen.lo
  CC       fmorphauto.lo
  CC       fmorphgen.1.lo
  CC       fmorphgenlow.1.lo
  CC       fpix1.lo
  CC       fpix2.lo
  CC       gifio.lo
  CC       gifiostub.lo
  CC       gplot.lo
  CC       graphics.lo
  CC       graymorph.lo
  CC       grayquant.lo
  CC       heap.lo
  CC       jbclass.lo
  CC       jp2kheader.lo
  CC       jp2kheaderstub.lo
  CC       jp2kio.lo
  CC       jp2kiostub.lo
  CC       jpegio.lo
  CC       jpegiostub.lo
  CC       kernel.lo
  CC       leptwin.lo
  CC       libversions.lo
  CC       list.lo
  CC       map.lo
  CC       maze.lo
  CC       morph.lo
  CC       morphapp.lo
  CC       morphdwa.lo
  CC       morphseq.lo
  CC       numabasic.lo
  CC       numafunc1.lo
  CC       numafunc2.lo
  CC       pageseg.lo
  CC       paintcmap.lo
  CC       parseprotos.lo
  CC       partition.lo
  CC       pdfio1.lo
  CC       pdfio1stub.lo
  CC       pdfio2.lo
  CC       pdfio2stub.lo
  CC       pix1.lo
  CC       pix2.lo
  CC       pix3.lo
  CC       pix4.lo
  CC       pix5.lo
  CC       pixabasic.lo
  CC       pixacc.lo
  CC       pixafunc1.lo
  CC       pixafunc2.lo
  CC       pixalloc.lo
  CC       pixarith.lo
  CC       pixcomp.lo
  CC       pixconv.lo
  CC       pixlabel.lo
  CC       pixtiling.lo
  CC       pngio.lo
  CC       pngiostub.lo
  CC       pnmio.lo
  CC       pnmiostub.lo
  CC       projective.lo
  CC       psio1.lo
  CC       psio1stub.lo
  CC       psio2.lo
  CC       psio2stub.lo
  CC       ptabasic.lo
  CC       ptafunc1.lo
  CC       ptafunc2.lo
  CC       ptra.lo
  CC       quadtree.lo
  CC       queue.lo
  CC       rank.lo
  CC       rbtree.lo
  CC       readbarcode.lo
  CC       readfile.lo
  CC       recogbasic.lo
  CC       recogdid.lo
  CC       recogident.lo
  CC       recogtrain.lo
  CC       regutils.lo
  CC       rop.lo
  CC       roplow.lo
  CC       rotate.lo
  CC       rotateam.lo
  CC       rotateorth.lo
  CC       rotateshear.lo
  CC       runlength.lo
  CC       sarray1.lo
  CC       sarray2.lo
  CC       scale1.lo
  CC       scale2.lo
  CC       seedfill.lo
  CC       sel1.lo
  CC       sel2.lo
  CC       selgen.lo
  CC       shear.lo
  CC       skew.lo
  CC       spixio.lo
  CC       stack.lo
  CC       stringcode.lo
  CC       strokes.lo
  CC       sudoku.lo
  CC       textops.lo
  CC       tiffio.lo
  CC       tiffiostub.lo
  CC       utils1.lo
  CC       utils2.lo
  CC       warper.lo
  CC       watershed.lo
  CC       webpio.lo
  CC       webpiostub.lo
  CC       writefile.lo
  CC       zlibmem.lo
  CC       zlibmemstub.lo
  CCLD     liblept.la
Making all in prog
Making install in src
 ../../../config/install-sh -c -d '/Users/zyoung/dev/SwiftyTesseract/SwiftyTesseract/SwiftyTesseract/leptonica-1.78.0/macos/x86_64-apple-darwin/lib'
 /bin/sh ../libtool   --mode=install /usr/bin/install -c   liblept.la '/Users/zyoung/dev/SwiftyTesseract/SwiftyTesseract/SwiftyTesseract/leptonica-1.78.0/macos/x86_64-apple-darwin/lib'
libtool: install: /usr/bin/install -c .libs/liblept.lai /Users/zyoung/dev/SwiftyTesseract/SwiftyTesseract/SwiftyTesseract/leptonica-1.78.0/macos/x86_64-apple-darwin/lib/liblept.la
libtool: install: /usr/bin/install -c .libs/liblept.a /Users/zyoung/dev/SwiftyTesseract/SwiftyTesseract/SwiftyTesseract/leptonica-1.78.0/macos/x86_64-apple-darwin/lib/liblept.a
libtool: install: chmod 644 /Users/zyoung/dev/SwiftyTesseract/SwiftyTesseract/SwiftyTesseract/leptonica-1.78.0/macos/x86_64-apple-darwin/lib/liblept.a
libtool: install: ranlib /Users/zyoung/dev/SwiftyTesseract/SwiftyTesseract/SwiftyTesseract/leptonica-1.78.0/macos/x86_64-apple-darwin/lib/liblept.a
 ../../../config/install-sh -c -d '/Users/zyoung/dev/SwiftyTesseract/SwiftyTesseract/SwiftyTesseract/leptonica-1.78.0/macos/x86_64-apple-darwin/include/leptonica'
 /usr/bin/install -c -m 644 ../../../src/allheaders.h ../../../src/alltypes.h ../../../src/array.h ../../../src/arrayaccess.h ../../../src/bbuffer.h ../../../src/bilateral.h ../../../src/bmf.h ../../../src/bmfdata.h ../../../src/bmp.h ../../../src/ccbord.h ../../../src/dewarp.h endianness.h ../../../src/environ.h ../../../src/gplot.h ../../../src/heap.h ../../../src/imageio.h ../../../src/jbclass.h ../../../src/leptwin.h ../../../src/list.h ../../../src/morph.h ../../../src/pix.h ../../../src/ptra.h ../../../src/queue.h ../../../src/rbtree.h ../../../src/readbarcode.h ../../../src/recog.h ../../../src/regutils.h ../../../src/stack.h ../../../src/stringcode.h ../../../src/sudoku.h ../../../src/watershed.h '/Users/zyoung/dev/SwiftyTesseract/SwiftyTesseract/SwiftyTesseract/leptonica-1.78.0/macos/x86_64-apple-darwin/include/leptonica'
Making install in prog
make[4]: Nothing to be done for `install-data-am'.
make[4]: Nothing to be done for `install-exec-am'.
 ../../config/install-sh -c -d '/Users/zyoung/dev/SwiftyTesseract/SwiftyTesseract/SwiftyTesseract/leptonica-1.78.0/macos/x86_64-apple-darwin/lib/pkgconfig'
 /usr/bin/install -c -m 644 lept.pc '/Users/zyoung/dev/SwiftyTesseract/SwiftyTesseract/SwiftyTesseract/leptonica-1.78.0/macos/x86_64-apple-darwin/lib/pkgconfig'
mkdir -p /Users/zyoung/dev/SwiftyTesseract/SwiftyTesseract/SwiftyTesseract/macos/lib
xcrun lipo /Users/zyoung/dev/SwiftyTesseract/SwiftyTesseract/SwiftyTesseract/leptonica-1.78.0/macos/x86_64-apple-darwin/lib/liblept.a -create -output /Users/zyoung/dev/SwiftyTesseract/SwiftyTesseract/SwiftyTesseract/macos/lib/liblept.a
mkdir -p /Users/zyoung/dev/SwiftyTesseract/SwiftyTesseract/SwiftyTesseract/macos/include
cp -rvf /Users/zyoung/dev/SwiftyTesseract/SwiftyTesseract/SwiftyTesseract/leptonica-1.78.0/macos/x86_64-apple-darwin/include/leptonica /Users/zyoung/dev/SwiftyTesseract/SwiftyTesseract/SwiftyTesseract/macos/include
/Users/zyoung/dev/SwiftyTesseract/SwiftyTesseract/SwiftyTesseract/leptonica-1.78.0/macos/x86_64-apple-darwin/include/leptonica -> /Users/zyoung/dev/SwiftyTesseract/SwiftyTesseract/SwiftyTesseract/macos/include/leptonica
/Users/zyoung/dev/SwiftyTesseract/SwiftyTesseract/SwiftyTesseract/leptonica-1.78.0/macos/x86_64-apple-darwin/include/leptonica/dewarp.h -> /Users/zyoung/dev/SwiftyTesseract/SwiftyTesseract/SwiftyTesseract/macos/include/leptonica/dewarp.h
/Users/zyoung/dev/SwiftyTesseract/SwiftyTesseract/SwiftyTesseract/leptonica-1.78.0/macos/x86_64-apple-darwin/include/leptonica/allheaders.h -> /Users/zyoung/dev/SwiftyTesseract/SwiftyTesseract/SwiftyTesseract/macos/include/leptonica/allheaders.h
/Users/zyoung/dev/SwiftyTesseract/SwiftyTesseract/SwiftyTesseract/leptonica-1.78.0/macos/x86_64-apple-darwin/include/leptonica/imageio.h -> /Users/zyoung/dev/SwiftyTesseract/SwiftyTesseract/SwiftyTesseract/macos/include/leptonica/imageio.h
/Users/zyoung/dev/SwiftyTesseract/SwiftyTesseract/SwiftyTesseract/leptonica-1.78.0/macos/x86_64-apple-darwin/include/leptonica/bilateral.h -> /Users/zyoung/dev/SwiftyTesseract/SwiftyTesseract/SwiftyTesseract/macos/include/leptonica/bilateral.h
/Users/zyoung/dev/SwiftyTesseract/SwiftyTesseract/SwiftyTesseract/leptonica-1.78.0/macos/x86_64-apple-darwin/include/leptonica/morph.h -> /Users/zyoung/dev/SwiftyTesseract/SwiftyTesseract/SwiftyTesseract/macos/include/leptonica/morph.h
/Users/zyoung/dev/SwiftyTesseract/SwiftyTesseract/SwiftyTesseract/leptonica-1.78.0/macos/x86_64-apple-darwin/include/leptonica/endianness.h -> /Users/zyoung/dev/SwiftyTesseract/SwiftyTesseract/SwiftyTesseract/macos/include/leptonica/endianness.h
/Users/zyoung/dev/SwiftyTesseract/SwiftyTesseract/SwiftyTesseract/leptonica-1.78.0/macos/x86_64-apple-darwin/include/leptonica/bbuffer.h -> /Users/zyoung/dev/SwiftyTesseract/SwiftyTesseract/SwiftyTesseract/macos/include/leptonica/bbuffer.h
/Users/zyoung/dev/SwiftyTesseract/SwiftyTesseract/SwiftyTesseract/leptonica-1.78.0/macos/x86_64-apple-darwin/include/leptonica/jbclass.h -> /Users/zyoung/dev/SwiftyTesseract/SwiftyTesseract/SwiftyTesseract/macos/include/leptonica/jbclass.h
/Users/zyoung/dev/SwiftyTesseract/SwiftyTesseract/SwiftyTesseract/leptonica-1.78.0/macos/x86_64-apple-darwin/include/leptonica/bmp.h -> /Users/zyoung/dev/SwiftyTesseract/SwiftyTesseract/SwiftyTesseract/macos/include/leptonica/bmp.h
/Users/zyoung/dev/SwiftyTesseract/SwiftyTesseract/SwiftyTesseract/leptonica-1.78.0/macos/x86_64-apple-darwin/include/leptonica/bmf.h -> /Users/zyoung/dev/SwiftyTesseract/SwiftyTesseract/SwiftyTesseract/macos/include/leptonica/bmf.h
/Users/zyoung/dev/SwiftyTesseract/SwiftyTesseract/SwiftyTesseract/leptonica-1.78.0/macos/x86_64-apple-darwin/include/leptonica/recog.h -> /Users/zyoung/dev/SwiftyTesseract/SwiftyTesseract/SwiftyTesseract/macos/include/leptonica/recog.h
/Users/zyoung/dev/SwiftyTesseract/SwiftyTesseract/SwiftyTesseract/leptonica-1.78.0/macos/x86_64-apple-darwin/include/leptonica/environ.h -> /Users/zyoung/dev/SwiftyTesseract/SwiftyTesseract/SwiftyTesseract/macos/include/leptonica/environ.h
/Users/zyoung/dev/SwiftyTesseract/SwiftyTesseract/SwiftyTesseract/leptonica-1.78.0/macos/x86_64-apple-darwin/include/leptonica/readbarcode.h -> /Users/zyoung/dev/SwiftyTesseract/SwiftyTesseract/SwiftyTesseract/macos/include/leptonica/readbarcode.h
/Users/zyoung/dev/SwiftyTesseract/SwiftyTesseract/SwiftyTesseract/leptonica-1.78.0/macos/x86_64-apple-darwin/include/leptonica/regutils.h -> /Users/zyoung/dev/SwiftyTesseract/SwiftyTesseract/SwiftyTesseract/macos/include/leptonica/regutils.h
/Users/zyoung/dev/SwiftyTesseract/SwiftyTesseract/SwiftyTesseract/leptonica-1.78.0/macos/x86_64-apple-darwin/include/leptonica/sudoku.h -> /Users/zyoung/dev/SwiftyTesseract/SwiftyTesseract/SwiftyTesseract/macos/include/leptonica/sudoku.h
/Users/zyoung/dev/SwiftyTesseract/SwiftyTesseract/SwiftyTesseract/leptonica-1.78.0/macos/x86_64-apple-darwin/include/leptonica/gplot.h -> /Users/zyoung/dev/SwiftyTesseract/SwiftyTesseract/SwiftyTesseract/macos/include/leptonica/gplot.h
/Users/zyoung/dev/SwiftyTesseract/SwiftyTesseract/SwiftyTesseract/leptonica-1.78.0/macos/x86_64-apple-darwin/include/leptonica/list.h -> /Users/zyoung/dev/SwiftyTesseract/SwiftyTesseract/SwiftyTesseract/macos/include/leptonica/list.h
/Users/zyoung/dev/SwiftyTesseract/SwiftyTesseract/SwiftyTesseract/leptonica-1.78.0/macos/x86_64-apple-darwin/include/leptonica/rbtree.h -> /Users/zyoung/dev/SwiftyTesseract/SwiftyTesseract/SwiftyTesseract/macos/include/leptonica/rbtree.h
/Users/zyoung/dev/SwiftyTesseract/SwiftyTesseract/SwiftyTesseract/leptonica-1.78.0/macos/x86_64-apple-darwin/include/leptonica/stringcode.h -> /Users/zyoung/dev/SwiftyTesseract/SwiftyTesseract/SwiftyTesseract/macos/include/leptonica/stringcode.h
/Users/zyoung/dev/SwiftyTesseract/SwiftyTesseract/SwiftyTesseract/leptonica-1.78.0/macos/x86_64-apple-darwin/include/leptonica/array.h -> /Users/zyoung/dev/SwiftyTesseract/SwiftyTesseract/SwiftyTesseract/macos/include/leptonica/array.h
/Users/zyoung/dev/SwiftyTesseract/SwiftyTesseract/SwiftyTesseract/leptonica-1.78.0/macos/x86_64-apple-darwin/include/leptonica/ptra.h -> /Users/zyoung/dev/SwiftyTesseract/SwiftyTesseract/SwiftyTesseract/macos/include/leptonica/ptra.h
/Users/zyoung/dev/SwiftyTesseract/SwiftyTesseract/SwiftyTesseract/leptonica-1.78.0/macos/x86_64-apple-darwin/include/leptonica/stack.h -> /Users/zyoung/dev/SwiftyTesseract/SwiftyTesseract/SwiftyTesseract/macos/include/leptonica/stack.h
/Users/zyoung/dev/SwiftyTesseract/SwiftyTesseract/SwiftyTesseract/leptonica-1.78.0/macos/x86_64-apple-darwin/include/leptonica/heap.h -> /Users/zyoung/dev/SwiftyTesseract/SwiftyTesseract/SwiftyTesseract/macos/include/leptonica/heap.h
/Users/zyoung/dev/SwiftyTesseract/SwiftyTesseract/SwiftyTesseract/leptonica-1.78.0/macos/x86_64-apple-darwin/include/leptonica/watershed.h -> /Users/zyoung/dev/SwiftyTesseract/SwiftyTesseract/SwiftyTesseract/macos/include/leptonica/watershed.h
/Users/zyoung/dev/SwiftyTesseract/SwiftyTesseract/SwiftyTesseract/leptonica-1.78.0/macos/x86_64-apple-darwin/include/leptonica/ccbord.h -> /Users/zyoung/dev/SwiftyTesseract/SwiftyTesseract/SwiftyTesseract/macos/include/leptonica/ccbord.h
/Users/zyoung/dev/SwiftyTesseract/SwiftyTesseract/SwiftyTesseract/leptonica-1.78.0/macos/x86_64-apple-darwin/include/leptonica/alltypes.h -> /Users/zyoung/dev/SwiftyTesseract/SwiftyTesseract/SwiftyTesseract/macos/include/leptonica/alltypes.h
/Users/zyoung/dev/SwiftyTesseract/SwiftyTesseract/SwiftyTesseract/leptonica-1.78.0/macos/x86_64-apple-darwin/include/leptonica/leptwin.h -> /Users/zyoung/dev/SwiftyTesseract/SwiftyTesseract/SwiftyTesseract/macos/include/leptonica/leptwin.h
/Users/zyoung/dev/SwiftyTesseract/SwiftyTesseract/SwiftyTesseract/leptonica-1.78.0/macos/x86_64-apple-darwin/include/leptonica/queue.h -> /Users/zyoung/dev/SwiftyTesseract/SwiftyTesseract/SwiftyTesseract/macos/include/leptonica/queue.h
/Users/zyoung/dev/SwiftyTesseract/SwiftyTesseract/SwiftyTesseract/leptonica-1.78.0/macos/x86_64-apple-darwin/include/leptonica/bmfdata.h -> /Users/zyoung/dev/SwiftyTesseract/SwiftyTesseract/SwiftyTesseract/macos/include/leptonica/bmfdata.h
/Users/zyoung/dev/SwiftyTesseract/SwiftyTesseract/SwiftyTesseract/leptonica-1.78.0/macos/x86_64-apple-darwin/include/leptonica/pix.h -> /Users/zyoung/dev/SwiftyTesseract/SwiftyTesseract/SwiftyTesseract/macos/include/leptonica/pix.h
/Users/zyoung/dev/SwiftyTesseract/SwiftyTesseract/SwiftyTesseract/leptonica-1.78.0/macos/x86_64-apple-darwin/include/leptonica/arrayaccess.h -> /Users/zyoung/dev/SwiftyTesseract/SwiftyTesseract/SwiftyTesseract/macos/include/leptonica/arrayaccess.h
export LIBS="-lz -lpng -ljpeg -ltiff" ; \
	export SDKROOT="/Applications/Xcode.app/Contents/Developer/Platforms/MacOSX.platform/Developer/SDKs/MacOSX10.15.sdk" ; \
	export CFLAGS="-I/Users/zyoung/dev/SwiftyTesseract/SwiftyTesseract/SwiftyTesseract/tesseract-4.1.0/macos/x86_64-apple-darwin/ -arch x86_64 -pipe -no-cpp-precomp -isysroot $SDKROOT -mmacosx-version-min="10.13" -O2 -fembed-bitcode" ; \
	export CPPFLAGS=$CFLAGS ; \
	export CXXFLAGS="-I/Users/zyoung/dev/SwiftyTesseract/SwiftyTesseract/SwiftyTesseract/tesseract-4.1.0/macos/x86_64-apple-darwin/ -arch x86_64 -pipe -no-cpp-precomp -isysroot $SDKROOT -mmacosx-version-min="10.13" -O2 -Wno-deprecated-register"; \
	export LDFLAGS="-L$SDKROOT/usr/lib/ -L/Users/zyoung/dev/SwiftyTesseract/SwiftyTesseract/SwiftyTesseract/macos/lib -L/Users/zyoung/dev/SwiftyTesseract/SwiftyTesseract/SwiftyTesseract/leptonica-1.78.0/macos/x86_64-apple-darwin/src/.libs" ; \
	export LIBLEPT_HEADERSDIR=/Users/zyoung/dev/SwiftyTesseract/SwiftyTesseract/SwiftyTesseract/tesseract-4.1.0/macos/x86_64-apple-darwin/ ; \
	export PKG_CONFIG_PATH=/Users/zyoung/dev/SwiftyTesseract/SwiftyTesseract/SwiftyTesseract/leptonica-1.78.0/macos/x86_64-apple-darwin/ ; \
	export CXX="""`xcode-select -p`"/usr/bin/g++" --target=x86_64-apple-darwin" ; \
	export CXX_FOR_BUILD="""`xcode-select -p`"/usr/bin/g++" --target=x86_64-apple-darwin" ; \
	export CC="""`xcode-select -p`"/usr/bin/gcc" --target=x86_64-apple-darwin" ; \
	mkdir -p /Users/zyoung/dev/SwiftyTesseract/SwiftyTesseract/SwiftyTesseract/tesseract-4.1.0/macos/x86_64-apple-darwin ; \
	cd /Users/zyoung/dev/SwiftyTesseract/SwiftyTesseract/SwiftyTesseract/tesseract-4.1.0/macos/x86_64-apple-darwin ; \
	ln -s /Users/zyoung/dev/SwiftyTesseract/SwiftyTesseract/SwiftyTesseract/leptonica-1.78.0/src/ leptonica ; \
	../../configure CXX="""`xcode-select -p`"/usr/bin/g++" --target=x86_64-apple-darwin" CC="""`xcode-select -p`"/usr/bin/gcc" --target=x86_64-apple-darwin" --host=x86_64-apple-darwin --prefix=`pwd` --enable-shared=no --disable-graphics
checking whether the C++ compiler works... yes
checking for C++ compiler default output file name... a.out
checking for suffix of executables... 
checking whether we are cross compiling... no
checking for suffix of object files... o
checking whether we are using the GNU C++ compiler... yes
checking whether /Applications/Xcode.app/Contents/Developer/usr/bin/g++ --target=x86_64-apple-darwin accepts -g... yes
checking for a BSD-compatible install... /usr/bin/install -c
checking whether build environment is sane... yes
checking for a thread-safe mkdir -p... ../../config/install-sh -c -d
checking for gawk... no
checking for mawk... no
checking for nawk... no
checking for awk... awk
checking whether make sets $(MAKE)... yes
checking whether make supports the include directive... yes (GNU style)
checking whether make supports nested variables... yes
checking dependency style of /Applications/Xcode.app/Contents/Developer/usr/bin/g++ --target=x86_64-apple-darwin... gcc3
checking for a sed that does not truncate output... /usr/bin/sed
checking Major version... 4
checking Minor version... 1
checking Point version... 0
checking build system type... x86_64-apple-darwin19.4.0
checking host system type... x86_64-apple-darwin
checking whether C++ compiler accepts -Werror=unused-command-line-argument... yes
checking whether C++ compiler accepts -mavx... yes
checking whether C++ compiler accepts -mavx2... yes
checking whether C++ compiler accepts -msse4.1... yes
checking whether C++ compiler accepts -march=native... yes
checking --enable-graphics argument... no
checking --enable-legacy argument... 
checking for /Applications/Xcode.app/Contents/Developer/usr/bin/g++ --target=x86_64-apple-darwin option to support OpenMP... unsupported
checking how to run the C++ preprocessor... /Applications/Xcode.app/Contents/Developer/usr/bin/g++ --target=x86_64-apple-darwin -E
checking for grep that handles long lines and -e... /usr/bin/grep
checking for egrep... /usr/bin/grep -E
checking for ANSI C header files... yes
checking for sys/types.h... yes
checking for sys/stat.h... yes
checking for stdlib.h... yes
checking for string.h... yes
checking for memory.h... yes
checking for strings.h... yes
checking for inttypes.h... yes
checking for stdint.h... yes
checking for unistd.h... yes
checking tiffio.h usability... no
checking tiffio.h presence... no
checking for tiffio.h... no
checking --enable-opencl argument... 
checking tensorflow/core/framework/graph.pb.h usability... no
checking tensorflow/core/framework/graph.pb.h presence... no
checking for tensorflow/core/framework/graph.pb.h... no
checking for OpenCL framework
checking if -framework OpenCL works... yes
checking --enable-visibility argument... 
checking whether to use tessdata-prefix... yes
checking whether to enable debugging... 
checking whether byte ordering is bigendian... no
checking how to print strings... printf
checking for x86_64-apple-darwin-gcc... /Applications/Xcode.app/Contents/Developer/usr/bin/gcc --target=x86_64-apple-darwin
checking whether we are using the GNU C compiler... yes
checking whether /Applications/Xcode.app/Contents/Developer/usr/bin/gcc --target=x86_64-apple-darwin accepts -g... yes
checking for /Applications/Xcode.app/Contents/Developer/usr/bin/gcc --target=x86_64-apple-darwin option to accept ISO C89... none needed
checking whether /Applications/Xcode.app/Contents/Developer/usr/bin/gcc --target=x86_64-apple-darwin understands -c and -o together... yes
checking dependency style of /Applications/Xcode.app/Contents/Developer/usr/bin/gcc --target=x86_64-apple-darwin... gcc3
checking for a sed that does not truncate output... (cached) /usr/bin/sed
checking for fgrep... /usr/bin/grep -F
checking for ld used by /Applications/Xcode.app/Contents/Developer/usr/bin/gcc --target=x86_64-apple-darwin... /Applications/Xcode.app/Contents/Developer/Toolchains/XcodeDefault.xctoolchain/usr/bin/ld
checking if the linker (/Applications/Xcode.app/Contents/Developer/Toolchains/XcodeDefault.xctoolchain/usr/bin/ld) is GNU ld... no
checking for BSD- or MS-compatible name lister (nm)... no
checking for x86_64-apple-darwin-dumpbin... no
checking for x86_64-apple-darwin-link... no
checking for dumpbin... no
checking for link... link -dump
checking the name lister (nm) interface... BSD nm
checking whether ln -s works... yes
checking the maximum length of command line arguments... 196608
checking how to convert x86_64-apple-darwin19.4.0 file names to x86_64-apple-darwin format... func_convert_file_noop
checking how to convert x86_64-apple-darwin19.4.0 file names to toolchain format... func_convert_file_noop
checking for /Applications/Xcode.app/Contents/Developer/Toolchains/XcodeDefault.xctoolchain/usr/bin/ld option to reload object files... -r
checking for x86_64-apple-darwin-objdump... no
checking for objdump... objdump
checking how to recognize dependent libraries... pass_all
checking for x86_64-apple-darwin-dlltool... no
checking for dlltool... no
checking how to associate runtime and link libraries... printf %s\n
checking for x86_64-apple-darwin-ar... no
checking for ar... ar
checking for archiver @FILE support... no
checking for x86_64-apple-darwin-strip... no
checking for strip... strip
checking for x86_64-apple-darwin-ranlib... no
checking for ranlib... ranlib
checking command to parse nm output from /Applications/Xcode.app/Contents/Developer/usr/bin/gcc --target=x86_64-apple-darwin object... ok
checking for sysroot... no
checking for a working dd... /bin/dd
checking how to truncate binary pipes... /bin/dd bs=4096 count=1
checking for x86_64-apple-darwin-mt... no
checking for mt... no
checking if : is a manifest tool... no
checking for x86_64-apple-darwin-dsymutil... no
checking for dsymutil... dsymutil
checking for x86_64-apple-darwin-nmedit... no
checking for nmedit... nmedit
checking for x86_64-apple-darwin-lipo... no
checking for lipo... lipo
checking for x86_64-apple-darwin-otool... no
checking for otool... otool
checking for x86_64-apple-darwin-otool64... no
checking for otool64... no
checking for -single_module linker flag... yes
checking for -exported_symbols_list linker flag... yes
checking for -force_load linker flag... yes
checking for dlfcn.h... yes
checking for objdir... .libs
checking if /Applications/Xcode.app/Contents/Developer/usr/bin/gcc --target=x86_64-apple-darwin supports -fno-rtti -fno-exceptions... yes
checking for /Applications/Xcode.app/Contents/Developer/usr/bin/gcc --target=x86_64-apple-darwin option to produce PIC... -fno-common -DPIC
checking if /Applications/Xcode.app/Contents/Developer/usr/bin/gcc --target=x86_64-apple-darwin PIC flag -fno-common -DPIC works... yes
checking if /Applications/Xcode.app/Contents/Developer/usr/bin/gcc --target=x86_64-apple-darwin static flag -static works... no
checking if /Applications/Xcode.app/Contents/Developer/usr/bin/gcc --target=x86_64-apple-darwin supports -c -o file.o... yes
checking if /Applications/Xcode.app/Contents/Developer/usr/bin/gcc --target=x86_64-apple-darwin supports -c -o file.o... (cached) yes
checking whether the /Applications/Xcode.app/Contents/Developer/usr/bin/gcc --target=x86_64-apple-darwin linker (/Applications/Xcode.app/Contents/Developer/Toolchains/XcodeDefault.xctoolchain/usr/bin/ld) supports shared libraries... yes
checking dynamic linker characteristics... darwin dyld
checking how to hardcode library paths into programs... immediate
checking whether stripping libraries is possible... yes
checking if libtool supports shared libraries... yes
checking whether to build shared libraries... no
checking whether to build static libraries... yes
checking how to run the C++ preprocessor... /Applications/Xcode.app/Contents/Developer/usr/bin/g++ --target=x86_64-apple-darwin -E
checking for ld used by /Applications/Xcode.app/Contents/Developer/usr/bin/g++ --target=x86_64-apple-darwin... /Applications/Xcode.app/Contents/Developer/Toolchains/XcodeDefault.xctoolchain/usr/bin/ld
checking if the linker (/Applications/Xcode.app/Contents/Developer/Toolchains/XcodeDefault.xctoolchain/usr/bin/ld) is GNU ld... no
checking whether the /Applications/Xcode.app/Contents/Developer/usr/bin/g++ --target=x86_64-apple-darwin linker (/Applications/Xcode.app/Contents/Developer/Toolchains/XcodeDefault.xctoolchain/usr/bin/ld) supports shared libraries... yes
checking for /Applications/Xcode.app/Contents/Developer/usr/bin/g++ --target=x86_64-apple-darwin option to produce PIC... -fno-common -DPIC
checking if /Applications/Xcode.app/Contents/Developer/usr/bin/g++ --target=x86_64-apple-darwin PIC flag -fno-common -DPIC works... yes
checking if /Applications/Xcode.app/Contents/Developer/usr/bin/g++ --target=x86_64-apple-darwin static flag -static works... no
checking if /Applications/Xcode.app/Contents/Developer/usr/bin/g++ --target=x86_64-apple-darwin supports -c -o file.o... yes
checking if /Applications/Xcode.app/Contents/Developer/usr/bin/g++ --target=x86_64-apple-darwin supports -c -o file.o... (cached) yes
checking whether the /Applications/Xcode.app/Contents/Developer/usr/bin/g++ --target=x86_64-apple-darwin linker (/Applications/Xcode.app/Contents/Developer/Toolchains/XcodeDefault.xctoolchain/usr/bin/ld) supports shared libraries... yes
checking dynamic linker characteristics... darwin dyld
checking how to hardcode library paths into programs... immediate
checking if compiling with clang... yes
checking whether C++ compiler accepts -std=c++11... yes
checking whether C++ compiler accepts -std=c++14... yes
checking whether C++ compiler accepts -std=c++17... yes
checking for library containing pthread_create... none required
checking for ANSI C header files... (cached) yes
checking whether time.h and sys/time.h may both be included... yes
checking for sys/wait.h that is POSIX.1 compatible... yes
checking sys/ipc.h usability... yes
checking sys/ipc.h presence... yes
checking for sys/ipc.h... yes
checking sys/shm.h usability... yes
checking sys/shm.h presence... yes
checking for sys/shm.h... yes
checking limits.h usability... yes
checking limits.h presence... yes
checking for limits.h... yes
checking malloc.h usability... no
checking malloc.h presence... no
checking for malloc.h... no
checking for stdbool.h that conforms to C99... no
checking for _Bool... no
checking for asciidoc... false
checking for xsltproc... true
checking for wchar_t... yes
checking for long long int... yes
checking for off_t... yes
checking for mbstate_t... yes
checking for x86_64-apple-darwin-pkg-config... no
checking for pkg-config... /Users/zyoung/dev/tesseract-build/Root/bin/pkg-config
checking pkg-config is at least version 0.9.0... yes
checking for lept >= 1.74... yes
checking for libarchive... no
checking for icu-uc >= 52.1... no
checking for icu-i18n >= 52.1... no
configure: WARNING: icu 52.1 or higher is required, but was not found.
configure: WARNING: Training tools WILL NOT be built.
configure: WARNING: Try to install libicu-devel package.
checking for pango >= 1.22.0... no
configure: WARNING: pango 1.22.0 or higher is required, but was not found.
configure: WARNING: Training tools WILL NOT be built.
configure: WARNING: Try to install libpango1.0-dev package.
checking for cairo... no
configure: WARNING: Training tools WILL NOT be built because of missing cairo library.
configure: WARNING: Try to install libcairo-dev?? package.
checking that generated files are newer than configure... done
configure: creating ./config.status
config.status: creating Makefile
config.status: creating tesseract.pc
config.status: creating src/api/Makefile
config.status: creating src/api/tess_version.h
config.status: creating src/arch/Makefile
config.status: creating src/ccmain/Makefile
config.status: creating src/opencl/Makefile
config.status: creating src/ccstruct/Makefile
config.status: creating src/ccutil/Makefile
config.status: creating src/classify/Makefile
config.status: creating src/cutil/Makefile
config.status: creating src/dict/Makefile
config.status: creating src/lstm/Makefile
config.status: creating src/textord/Makefile
config.status: creating src/viewer/Makefile
config.status: creating src/wordrec/Makefile
config.status: creating tessdata/Makefile
config.status: creating tessdata/configs/Makefile
config.status: creating tessdata/tessconfigs/Makefile
config.status: creating unittest/Makefile
config.status: creating java/Makefile
config.status: creating java/com/Makefile
config.status: creating java/com/google/Makefile
config.status: creating java/com/google/scrollview/Makefile
config.status: creating java/com/google/scrollview/events/Makefile
config.status: creating java/com/google/scrollview/ui/Makefile
config.status: creating doc/Makefile
config.status: creating config_auto.h
config.status: executing depfiles commands
config.status: executing libtool commands

Configuration is done.
You can now build and install tesseract by running:

$ make
$ sudo make install
$ sudo ldconfig

Documentation will not be built because asciidoc or xsltproc is missing.

You can not build training tools because of missing dependency.
Check configure output for details.

cd /Users/zyoung/dev/SwiftyTesseract/SwiftyTesseract/SwiftyTesseract/tesseract-4.1.0/macos/x86_64-apple-darwin && /Applications/Xcode.app/Contents/Developer/usr/bin/make -sj8 && /Applications/Xcode.app/Contents/Developer/usr/bin/make install
Making all in src/arch
libtool: compile:  /Applications/Xcode.app/Contents/Developer/usr/bin/g++ --target=x86_64-apple-darwin -DHAVE_CONFIG_H -I. -I../../../../src/arch -I../.. -DNDEBUG -I../../../../src/ccstruct -I../../../../src/ccutil -I../../../../src/viewer -I/Users/zyoung/dev/SwiftyTesseract/SwiftyTesseract/SwiftyTesseract/tesseract-4.1.0/macos/x86_64-apple-darwin/ -arch x86_64 -pipe -no-cpp-precomp -isysroot /Applications/Xcode.app/Contents/Developer/Platforms/MacOSX.platform/Developer/SDKs/MacOSX10.15.sdk -mmacosx-version-min=10.13 -O2 -fembed-bitcode -I/Users/zyoung/dev/SwiftyTesseract/SwiftyTesseract/SwiftyTesseract/leptonica-1.78.0/macos/x86_64-apple-darwin/include/leptonica -mavx -I/Users/zyoung/dev/SwiftyTesseract/SwiftyTesseract/SwiftyTesseract/tesseract-4.1.0/macos/x86_64-apple-darwin/ -arch x86_64 -pipe -no-cpp-precomp -isysroot /Applications/Xcode.app/Contents/Developer/Platforms/MacOSX.platform/Developer/SDKs/MacOSX10.15.sdk -mmacosx-version-min=10.13 -O2 -Wno-deprecated-register -std=c++17 -MT libtesseract_avx_la-dotproductavx.lo -MD -MP -MF .deps/libtesseract_avx_la-dotproductavx.Tpo -c ../../../../src/arch/dotproductavx.cpp -o libtesseract_avx_la-dotproductavx.o
libtool: compile:  /Applications/Xcode.app/Contents/Developer/usr/bin/g++ --target=x86_64-apple-darwin -DHAVE_CONFIG_H -I. -I../../../../src/arch -I../.. -DNDEBUG -I../../../../src/ccstruct -I../../../../src/ccutil -I../../../../src/viewer -I/Users/zyoung/dev/SwiftyTesseract/SwiftyTesseract/SwiftyTesseract/tesseract-4.1.0/macos/x86_64-apple-darwin/ -arch x86_64 -pipe -no-cpp-precomp -isysroot /Applications/Xcode.app/Contents/Developer/Platforms/MacOSX.platform/Developer/SDKs/MacOSX10.15.sdk -mmacosx-version-min=10.13 -O2 -fembed-bitcode -I/Users/zyoung/dev/SwiftyTesseract/SwiftyTesseract/SwiftyTesseract/leptonica-1.78.0/macos/x86_64-apple-darwin/include/leptonica -msse4.1 -I/Users/zyoung/dev/SwiftyTesseract/SwiftyTesseract/SwiftyTesseract/tesseract-4.1.0/macos/x86_64-apple-darwin/ -arch x86_64 -pipe -no-cpp-precomp -isysroot /Applications/Xcode.app/Contents/Developer/Platforms/MacOSX.platform/Developer/SDKs/MacOSX10.15.sdk -mmacosx-version-min=10.13 -O2 -Wno-deprecated-register -std=c++17 -MT libtesseract_sse_la-intsimdmatrixsse.lo -MD -MP -MF .deps/libtesseract_sse_la-intsimdmatrixsse.Tpo -c ../../../../src/arch/intsimdmatrixsse.cpp -o libtesseract_sse_la-intsimdmatrixsse.o
libtool: compile:  /Applications/Xcode.app/Contents/Developer/usr/bin/g++ --target=x86_64-apple-darwin -DHAVE_CONFIG_H -I. -I../../../../src/arch -I../.. -DNDEBUG -I../../../../src/ccstruct -I../../../../src/ccutil -I../../../../src/viewer -I/Users/zyoung/dev/SwiftyTesseract/SwiftyTesseract/SwiftyTesseract/tesseract-4.1.0/macos/x86_64-apple-darwin/ -arch x86_64 -pipe -no-cpp-precomp -isysroot /Applications/Xcode.app/Contents/Developer/Platforms/MacOSX.platform/Developer/SDKs/MacOSX10.15.sdk -mmacosx-version-min=10.13 -O2 -fembed-bitcode -I/Users/zyoung/dev/SwiftyTesseract/SwiftyTesseract/SwiftyTesseract/leptonica-1.78.0/macos/x86_64-apple-darwin/include/leptonica -msse4.1 -I/Users/zyoung/dev/SwiftyTesseract/SwiftyTesseract/SwiftyTesseract/tesseract-4.1.0/macos/x86_64-apple-darwin/ -arch x86_64 -pipe -no-cpp-precomp -isysroot /Applications/Xcode.app/Contents/Developer/Platforms/MacOSX.platform/Developer/SDKs/MacOSX10.15.sdk -mmacosx-version-min=10.13 -O2 -Wno-deprecated-register -std=c++17 -MT libtesseract_sse_la-dotproductsse.lo -MD -MP -MF .deps/libtesseract_sse_la-dotproductsse.Tpo -c ../../../../src/arch/dotproductsse.cpp -o libtesseract_sse_la-dotproductsse.o
libtool: compile:  /Applications/Xcode.app/Contents/Developer/usr/bin/g++ --target=x86_64-apple-darwin -DHAVE_CONFIG_H -I. -I../../../../src/arch -I../.. -DNDEBUG -I../../../../src/ccstruct -I../../../../src/ccutil -I../../../../src/viewer -DAVX -DAVX2 -DSSE4_1 -I/Users/zyoung/dev/SwiftyTesseract/SwiftyTesseract/SwiftyTesseract/tesseract-4.1.0/macos/x86_64-apple-darwin/ -arch x86_64 -pipe -no-cpp-precomp -isysroot /Applications/Xcode.app/Contents/Developer/Platforms/MacOSX.platform/Developer/SDKs/MacOSX10.15.sdk -mmacosx-version-min=10.13 -O2 -fembed-bitcode -I/Users/zyoung/dev/SwiftyTesseract/SwiftyTesseract/SwiftyTesseract/leptonica-1.78.0/macos/x86_64-apple-darwin/include/leptonica -I/Users/zyoung/dev/SwiftyTesseract/SwiftyTesseract/SwiftyTesseract/tesseract-4.1.0/macos/x86_64-apple-darwin/ -arch x86_64 -pipe -no-cpp-precomp -isysroot /Applications/Xcode.app/Contents/Developer/Platforms/MacOSX.platform/Developer/SDKs/MacOSX10.15.sdk -mmacosx-version-min=10.13 -O2 -Wno-deprecated-register -std=c++17 -MT libtesseract_arch_la-simddetect.lo -MD -MP -MF .deps/libtesseract_arch_la-simddetect.Tpo -c ../../../../src/arch/simddetect.cpp -o libtesseract_arch_la-simddetect.o
libtool: compile:  /Applications/Xcode.app/Contents/Developer/usr/bin/g++ --target=x86_64-apple-darwin -DHAVE_CONFIG_H -I. -I../../../../src/arch -I../.. -DNDEBUG -I../../../../src/ccstruct -I../../../../src/ccutil -I../../../../src/viewer -I/Users/zyoung/dev/SwiftyTesseract/SwiftyTesseract/SwiftyTesseract/tesseract-4.1.0/macos/x86_64-apple-darwin/ -arch x86_64 -pipe -no-cpp-precomp -isysroot /Applications/Xcode.app/Contents/Developer/Platforms/MacOSX.platform/Developer/SDKs/MacOSX10.15.sdk -mmacosx-version-min=10.13 -O2 -fembed-bitcode -I/Users/zyoung/dev/SwiftyTesseract/SwiftyTesseract/SwiftyTesseract/leptonica-1.78.0/macos/x86_64-apple-darwin/include/leptonica -mavx2 -I/Users/zyoung/dev/SwiftyTesseract/SwiftyTesseract/SwiftyTesseract/tesseract-4.1.0/macos/x86_64-apple-darwin/ -arch x86_64 -pipe -no-cpp-precomp -isysroot /Applications/Xcode.app/Contents/Developer/Platforms/MacOSX.platform/Developer/SDKs/MacOSX10.15.sdk -mmacosx-version-min=10.13 -O2 -Wno-deprecated-register -std=c++17 -MT libtesseract_avx2_la-intsimdmatrixavx2.lo -MD -MP -MF .deps/libtesseract_avx2_la-intsimdmatrixavx2.Tpo -c ../../../../src/arch/intsimdmatrixavx2.cpp -o libtesseract_avx2_la-intsimdmatrixavx2.o
libtool: compile:  /Applications/Xcode.app/Contents/Developer/usr/bin/g++ --target=x86_64-apple-darwin -DHAVE_CONFIG_H -I. -I../../../../src/arch -I../.. -DNDEBUG -I../../../../src/ccstruct -I../../../../src/ccutil -I../../../../src/viewer -DAVX -DAVX2 -DSSE4_1 -I/Users/zyoung/dev/SwiftyTesseract/SwiftyTesseract/SwiftyTesseract/tesseract-4.1.0/macos/x86_64-apple-darwin/ -arch x86_64 -pipe -no-cpp-precomp -isysroot /Applications/Xcode.app/Contents/Developer/Platforms/MacOSX.platform/Developer/SDKs/MacOSX10.15.sdk -mmacosx-version-min=10.13 -O2 -fembed-bitcode -I/Users/zyoung/dev/SwiftyTesseract/SwiftyTesseract/SwiftyTesseract/leptonica-1.78.0/macos/x86_64-apple-darwin/include/leptonica -I/Users/zyoung/dev/SwiftyTesseract/SwiftyTesseract/SwiftyTesseract/tesseract-4.1.0/macos/x86_64-apple-darwin/ -arch x86_64 -pipe -no-cpp-precomp -isysroot /Applications/Xcode.app/Contents/Developer/Platforms/MacOSX.platform/Developer/SDKs/MacOSX10.15.sdk -mmacosx-version-min=10.13 -O2 -Wno-deprecated-register -std=c++17 -MT libtesseract_arch_la-intsimdmatrix.lo -MD -MP -MF .deps/libtesseract_arch_la-intsimdmatrix.Tpo -c ../../../../src/arch/intsimdmatrix.cpp -o libtesseract_arch_la-intsimdmatrix.o
libtool: compile:  /Applications/Xcode.app/Contents/Developer/usr/bin/g++ --target=x86_64-apple-darwin -DHAVE_CONFIG_H -I. -I../../../../src/arch -I../.. -DNDEBUG -I../../../../src/ccstruct -I../../../../src/ccutil -I../../../../src/viewer -I/Users/zyoung/dev/SwiftyTesseract/SwiftyTesseract/SwiftyTesseract/tesseract-4.1.0/macos/x86_64-apple-darwin/ -arch x86_64 -pipe -no-cpp-precomp -isysroot /Applications/Xcode.app/Contents/Developer/Platforms/MacOSX.platform/Developer/SDKs/MacOSX10.15.sdk -mmacosx-version-min=10.13 -O2 -fembed-bitcode -I/Users/zyoung/dev/SwiftyTesseract/SwiftyTesseract/SwiftyTesseract/leptonica-1.78.0/macos/x86_64-apple-darwin/include/leptonica -O3 -ffast-math -march=native -mtune=native -I/Users/zyoung/dev/SwiftyTesseract/SwiftyTesseract/SwiftyTesseract/tesseract-4.1.0/macos/x86_64-apple-darwin/ -arch x86_64 -pipe -no-cpp-precomp -isysroot /Applications/Xcode.app/Contents/Developer/Platforms/MacOSX.platform/Developer/SDKs/MacOSX10.15.sdk -mmacosx-version-min=10.13 -O2 -Wno-deprecated-register -std=c++17 -MT libtesseract_native_la-dotproduct.lo -MD -MP -MF .deps/libtesseract_native_la-dotproduct.Tpo -c ../../../../src/arch/dotproduct.cpp -o libtesseract_native_la-dotproduct.o
libtool: link: ar cru .libs/libtesseract_native.a  libtesseract_native_la-dotproduct.o
libtool: link: ranlib .libs/libtesseract_native.a
libtool: link: ( cd ".libs" && rm -f "libtesseract_native.la" && ln -s "../libtesseract_native.la" "libtesseract_native.la" )
libtool: link: ar cru .libs/libtesseract_sse.a  libtesseract_sse_la-dotproductsse.o libtesseract_sse_la-intsimdmatrixsse.o
libtool: link: ar cru .libs/libtesseract_avx.a  libtesseract_avx_la-dotproductavx.o
libtool: link: ranlib .libs/libtesseract_avx.a
libtool: link: ranlib .libs/libtesseract_sse.a
libtool: link: ( cd ".libs" && rm -f "libtesseract_avx.la" && ln -s "../libtesseract_avx.la" "libtesseract_avx.la" )
libtool: link: ( cd ".libs" && rm -f "libtesseract_sse.la" && ln -s "../libtesseract_sse.la" "libtesseract_sse.la" )
libtool: link: ar cru .libs/libtesseract_arch.a  libtesseract_arch_la-intsimdmatrix.o libtesseract_arch_la-simddetect.o
libtool: link: ranlib .libs/libtesseract_arch.a
libtool: link: ( cd ".libs" && rm -f "libtesseract_arch.la" && ln -s "../libtesseract_arch.la" "libtesseract_arch.la" )
libtool: link: ar cru .libs/libtesseract_avx2.a  libtesseract_avx2_la-intsimdmatrixavx2.o
libtool: link: ranlib .libs/libtesseract_avx2.a
libtool: link: ( cd ".libs" && rm -f "libtesseract_avx2.la" && ln -s "../libtesseract_avx2.la" "libtesseract_avx2.la" )
Making all in src/ccutil
libtool: compile:  /Applications/Xcode.app/Contents/Developer/usr/bin/g++ --target=x86_64-apple-darwin -DHAVE_CONFIG_H -I. -I../../../../src/ccutil -I../.. -I/Users/zyoung/dev/SwiftyTesseract/SwiftyTesseract/SwiftyTesseract/tesseract-4.1.0/macos/x86_64-apple-darwin/ -arch x86_64 -pipe -no-cpp-precomp -isysroot /Applications/Xcode.app/Contents/Developer/Platforms/MacOSX.platform/Developer/SDKs/MacOSX10.15.sdk -mmacosx-version-min=10.13 -O2 -fembed-bitcode -I/Users/zyoung/dev/SwiftyTesseract/SwiftyTesseract/SwiftyTesseract/leptonica-1.78.0/macos/x86_64-apple-darwin/include/leptonica -DTESSDATA_PREFIX=/Users/zyoung/dev/SwiftyTesseract/SwiftyTesseract/SwiftyTesseract/tesseract-4.1.0/macos/x86_64-apple-darwin/share -I/Users/zyoung/dev/SwiftyTesseract/SwiftyTesseract/SwiftyTesseract/tesseract-4.1.0/macos/x86_64-apple-darwin/ -arch x86_64 -pipe -no-cpp-precomp -isysroot /Applications/Xcode.app/Contents/Developer/Platforms/MacOSX.platform/Developer/SDKs/MacOSX10.15.sdk -mmacosx-version-min=10.13 -O2 -Wno-deprecated-register -std=c++17 -MT ambigs.lo -MD -MP -MF .deps/ambigs.Tpo -c ../../../../src/ccutil/ambigs.cpp -o ambigs.o
libtool: compile:  /Applications/Xcode.app/Contents/Developer/usr/bin/g++ --target=x86_64-apple-darwin -DHAVE_CONFIG_H -I. -I../../../../src/ccutil -I../.. -I/Users/zyoung/dev/SwiftyTesseract/SwiftyTesseract/SwiftyTesseract/tesseract-4.1.0/macos/x86_64-apple-darwin/ -arch x86_64 -pipe -no-cpp-precomp -isysroot /Applications/Xcode.app/Contents/Developer/Platforms/MacOSX.platform/Developer/SDKs/MacOSX10.15.sdk -mmacosx-version-min=10.13 -O2 -fembed-bitcode -I/Users/zyoung/dev/SwiftyTesseract/SwiftyTesseract/SwiftyTesseract/leptonica-1.78.0/macos/x86_64-apple-darwin/include/leptonica -DTESSDATA_PREFIX=/Users/zyoung/dev/SwiftyTesseract/SwiftyTesseract/SwiftyTesseract/tesseract-4.1.0/macos/x86_64-apple-darwin/share -I/Users/zyoung/dev/SwiftyTesseract/SwiftyTesseract/SwiftyTesseract/tesseract-4.1.0/macos/x86_64-apple-darwin/ -arch x86_64 -pipe -no-cpp-precomp -isysroot /Applications/Xcode.app/Contents/Developer/Platforms/MacOSX.platform/Developer/SDKs/MacOSX10.15.sdk -mmacosx-version-min=10.13 -O2 -Wno-deprecated-register -std=c++17 -MT clst.lo -MD -MP -MF .deps/clst.Tpo -c ../../../../src/ccutil/clst.cpp -o clst.o
libtool: compile:  /Applications/Xcode.app/Contents/Developer/usr/bin/g++ --target=x86_64-apple-darwin -DHAVE_CONFIG_H -I. -I../../../../src/ccutil -I../.. -I/Users/zyoung/dev/SwiftyTesseract/SwiftyTesseract/SwiftyTesseract/tesseract-4.1.0/macos/x86_64-apple-darwin/ -arch x86_64 -pipe -no-cpp-precomp -isysroot /Applications/Xcode.app/Contents/Developer/Platforms/MacOSX.platform/Developer/SDKs/MacOSX10.15.sdk -mmacosx-version-min=10.13 -O2 -fembed-bitcode -I/Users/zyoung/dev/SwiftyTesseract/SwiftyTesseract/SwiftyTesseract/leptonica-1.78.0/macos/x86_64-apple-darwin/include/leptonica -DTESSDATA_PREFIX=/Users/zyoung/dev/SwiftyTesseract/SwiftyTesseract/SwiftyTesseract/tesseract-4.1.0/macos/x86_64-apple-darwin/share -I/Users/zyoung/dev/SwiftyTesseract/SwiftyTesseract/SwiftyTesseract/tesseract-4.1.0/macos/x86_64-apple-darwin/ -arch x86_64 -pipe -no-cpp-precomp -isysroot /Applications/Xcode.app/Contents/Developer/Platforms/MacOSX.platform/Developer/SDKs/MacOSX10.15.sdk -mmacosx-version-min=10.13 -O2 -Wno-deprecated-register -std=c++17 -MT bitvector.lo -MD -MP -MF .deps/bitvector.Tpo -c ../../../../src/ccutil/bitvector.cpp -o bitvector.o
libtool: compile:  /Applications/Xcode.app/Contents/Developer/usr/bin/g++ --target=x86_64-apple-darwin -DHAVE_CONFIG_H -I. -I../../../../src/ccutil -I../.. -I/Users/zyoung/dev/SwiftyTesseract/SwiftyTesseract/SwiftyTesseract/tesseract-4.1.0/macos/x86_64-apple-darwin/ -arch x86_64 -pipe -no-cpp-precomp -isysroot /Applications/Xcode.app/Contents/Developer/Platforms/MacOSX.platform/Developer/SDKs/MacOSX10.15.sdk -mmacosx-version-min=10.13 -O2 -fembed-bitcode -I/Users/zyoung/dev/SwiftyTesseract/SwiftyTesseract/SwiftyTesseract/leptonica-1.78.0/macos/x86_64-apple-darwin/include/leptonica -DTESSDATA_PREFIX=/Users/zyoung/dev/SwiftyTesseract/SwiftyTesseract/SwiftyTesseract/tesseract-4.1.0/macos/x86_64-apple-darwin/share -I/Users/zyoung/dev/SwiftyTesseract/SwiftyTesseract/SwiftyTesseract/tesseract-4.1.0/macos/x86_64-apple-darwin/ -arch x86_64 -pipe -no-cpp-precomp -isysroot /Applications/Xcode.app/Contents/Developer/Platforms/MacOSX.platform/Developer/SDKs/MacOSX10.15.sdk -mmacosx-version-min=10.13 -O2 -Wno-deprecated-register -std=c++17 -MT basedir.lo -MD -MP -MF .deps/basedir.Tpo -c ../../../../src/ccutil/basedir.cpp -o basedir.o
libtool: compile:  /Applications/Xcode.app/Contents/Developer/usr/bin/g++ --target=x86_64-apple-darwin -DHAVE_CONFIG_H -I. -I../../../../src/ccutil -I../.. -I/Users/zyoung/dev/SwiftyTesseract/SwiftyTesseract/SwiftyTesseract/tesseract-4.1.0/macos/x86_64-apple-darwin/ -arch x86_64 -pipe -no-cpp-precomp -isysroot /Applications/Xcode.app/Contents/Developer/Platforms/MacOSX.platform/Developer/SDKs/MacOSX10.15.sdk -mmacosx-version-min=10.13 -O2 -fembed-bitcode -I/Users/zyoung/dev/SwiftyTesseract/SwiftyTesseract/SwiftyTesseract/leptonica-1.78.0/macos/x86_64-apple-darwin/include/leptonica -DTESSDATA_PREFIX=/Users/zyoung/dev/SwiftyTesseract/SwiftyTesseract/SwiftyTesseract/tesseract-4.1.0/macos/x86_64-apple-darwin/share -I/Users/zyoung/dev/SwiftyTesseract/SwiftyTesseract/SwiftyTesseract/tesseract-4.1.0/macos/x86_64-apple-darwin/ -arch x86_64 -pipe -no-cpp-precomp -isysroot /Applications/Xcode.app/Contents/Developer/Platforms/MacOSX.platform/Developer/SDKs/MacOSX10.15.sdk -mmacosx-version-min=10.13 -O2 -Wno-deprecated-register -std=c++17 -MT errcode.lo -MD -MP -MF .deps/errcode.Tpo -c ../../../../src/ccutil/errcode.cpp -o errcode.o
libtool: compile:  /Applications/Xcode.app/Contents/Developer/usr/bin/g++ --target=x86_64-apple-darwin -DHAVE_CONFIG_H -I. -I../../../../src/ccutil -I../.. -I/Users/zyoung/dev/SwiftyTesseract/SwiftyTesseract/SwiftyTesseract/tesseract-4.1.0/macos/x86_64-apple-darwin/ -arch x86_64 -pipe -no-cpp-precomp -isysroot /Applications/Xcode.app/Contents/Developer/Platforms/MacOSX.platform/Developer/SDKs/MacOSX10.15.sdk -mmacosx-version-min=10.13 -O2 -fembed-bitcode -I/Users/zyoung/dev/SwiftyTesseract/SwiftyTesseract/SwiftyTesseract/leptonica-1.78.0/macos/x86_64-apple-darwin/include/leptonica -DTESSDATA_PREFIX=/Users/zyoung/dev/SwiftyTesseract/SwiftyTesseract/SwiftyTesseract/tesseract-4.1.0/macos/x86_64-apple-darwin/share -I/Users/zyoung/dev/SwiftyTesseract/SwiftyTesseract/SwiftyTesseract/tesseract-4.1.0/macos/x86_64-apple-darwin/ -arch x86_64 -pipe -no-cpp-precomp -isysroot /Applications/Xcode.app/Contents/Developer/Platforms/MacOSX.platform/Developer/SDKs/MacOSX10.15.sdk -mmacosx-version-min=10.13 -O2 -Wno-deprecated-register -std=c++17 -MT ccutil.lo -MD -MP -MF .deps/ccutil.Tpo -c ../../../../src/ccutil/ccutil.cpp -o ccutil.o
libtool: compile:  /Applications/Xcode.app/Contents/Developer/usr/bin/g++ --target=x86_64-apple-darwin -DHAVE_CONFIG_H -I. -I../../../../src/ccutil -I../.. -I/Users/zyoung/dev/SwiftyTesseract/SwiftyTesseract/SwiftyTesseract/tesseract-4.1.0/macos/x86_64-apple-darwin/ -arch x86_64 -pipe -no-cpp-precomp -isysroot /Applications/Xcode.app/Contents/Developer/Platforms/MacOSX.platform/Developer/SDKs/MacOSX10.15.sdk -mmacosx-version-min=10.13 -O2 -fembed-bitcode -I/Users/zyoung/dev/SwiftyTesseract/SwiftyTesseract/SwiftyTesseract/leptonica-1.78.0/macos/x86_64-apple-darwin/include/leptonica -DTESSDATA_PREFIX=/Users/zyoung/dev/SwiftyTesseract/SwiftyTesseract/SwiftyTesseract/tesseract-4.1.0/macos/x86_64-apple-darwin/share -I/Users/zyoung/dev/SwiftyTesseract/SwiftyTesseract/SwiftyTesseract/tesseract-4.1.0/macos/x86_64-apple-darwin/ -arch x86_64 -pipe -no-cpp-precomp -isysroot /Applications/Xcode.app/Contents/Developer/Platforms/MacOSX.platform/Developer/SDKs/MacOSX10.15.sdk -mmacosx-version-min=10.13 -O2 -Wno-deprecated-register -std=c++17 -MT elst2.lo -MD -MP -MF .deps/elst2.Tpo -c ../../../../src/ccutil/elst2.cpp -o elst2.o
libtool: compile:  /Applications/Xcode.app/Contents/Developer/usr/bin/g++ --target=x86_64-apple-darwin -DHAVE_CONFIG_H -I. -I../../../../src/ccutil -I../.. -I/Users/zyoung/dev/SwiftyTesseract/SwiftyTesseract/SwiftyTesseract/tesseract-4.1.0/macos/x86_64-apple-darwin/ -arch x86_64 -pipe -no-cpp-precomp -isysroot /Applications/Xcode.app/Contents/Developer/Platforms/MacOSX.platform/Developer/SDKs/MacOSX10.15.sdk -mmacosx-version-min=10.13 -O2 -fembed-bitcode -I/Users/zyoung/dev/SwiftyTesseract/SwiftyTesseract/SwiftyTesseract/leptonica-1.78.0/macos/x86_64-apple-darwin/include/leptonica -DTESSDATA_PREFIX=/Users/zyoung/dev/SwiftyTesseract/SwiftyTesseract/SwiftyTesseract/tesseract-4.1.0/macos/x86_64-apple-darwin/share -I/Users/zyoung/dev/SwiftyTesseract/SwiftyTesseract/SwiftyTesseract/tesseract-4.1.0/macos/x86_64-apple-darwin/ -arch x86_64 -pipe -no-cpp-precomp -isysroot /Applications/Xcode.app/Contents/Developer/Platforms/MacOSX.platform/Developer/SDKs/MacOSX10.15.sdk -mmacosx-version-min=10.13 -O2 -Wno-deprecated-register -std=c++17 -MT elst.lo -MD -MP -MF .deps/elst.Tpo -c ../../../../src/ccutil/elst.cpp -o elst.o
libtool: compile:  /Applications/Xcode.app/Contents/Developer/usr/bin/g++ --target=x86_64-apple-darwin -DHAVE_CONFIG_H -I. -I../../../../src/ccutil -I../.. -I/Users/zyoung/dev/SwiftyTesseract/SwiftyTesseract/SwiftyTesseract/tesseract-4.1.0/macos/x86_64-apple-darwin/ -arch x86_64 -pipe -no-cpp-precomp -isysroot /Applications/Xcode.app/Contents/Developer/Platforms/MacOSX.platform/Developer/SDKs/MacOSX10.15.sdk -mmacosx-version-min=10.13 -O2 -fembed-bitcode -I/Users/zyoung/dev/SwiftyTesseract/SwiftyTesseract/SwiftyTesseract/leptonica-1.78.0/macos/x86_64-apple-darwin/include/leptonica -DTESSDATA_PREFIX=/Users/zyoung/dev/SwiftyTesseract/SwiftyTesseract/SwiftyTesseract/tesseract-4.1.0/macos/x86_64-apple-darwin/share -I/Users/zyoung/dev/SwiftyTesseract/SwiftyTesseract/SwiftyTesseract/tesseract-4.1.0/macos/x86_64-apple-darwin/ -arch x86_64 -pipe -no-cpp-precomp -isysroot /Applications/Xcode.app/Contents/Developer/Platforms/MacOSX.platform/Developer/SDKs/MacOSX10.15.sdk -mmacosx-version-min=10.13 -O2 -Wno-deprecated-register -std=c++17 -MT fileio.lo -MD -MP -MF .deps/fileio.Tpo -c ../../../../src/ccutil/fileio.cpp -o fileio.o
libtool: compile:  /Applications/Xcode.app/Contents/Developer/usr/bin/g++ --target=x86_64-apple-darwin -DHAVE_CONFIG_H -I. -I../../../../src/ccutil -I../.. -I/Users/zyoung/dev/SwiftyTesseract/SwiftyTesseract/SwiftyTesseract/tesseract-4.1.0/macos/x86_64-apple-darwin/ -arch x86_64 -pipe -no-cpp-precomp -isysroot /Applications/Xcode.app/Contents/Developer/Platforms/MacOSX.platform/Developer/SDKs/MacOSX10.15.sdk -mmacosx-version-min=10.13 -O2 -fembed-bitcode -I/Users/zyoung/dev/SwiftyTesseract/SwiftyTesseract/SwiftyTesseract/leptonica-1.78.0/macos/x86_64-apple-darwin/include/leptonica -DTESSDATA_PREFIX=/Users/zyoung/dev/SwiftyTesseract/SwiftyTesseract/SwiftyTesseract/tesseract-4.1.0/macos/x86_64-apple-darwin/share -I/Users/zyoung/dev/SwiftyTesseract/SwiftyTesseract/SwiftyTesseract/tesseract-4.1.0/macos/x86_64-apple-darwin/ -arch x86_64 -pipe -no-cpp-precomp -isysroot /Applications/Xcode.app/Contents/Developer/Platforms/MacOSX.platform/Developer/SDKs/MacOSX10.15.sdk -mmacosx-version-min=10.13 -O2 -Wno-deprecated-register -std=c++17 -MT globaloc.lo -MD -MP -MF .deps/globaloc.Tpo -c ../../../../src/ccutil/globaloc.cpp -o globaloc.o
libtool: compile:  /Applications/Xcode.app/Contents/Developer/usr/bin/g++ --target=x86_64-apple-darwin -DHAVE_CONFIG_H -I. -I../../../../src/ccutil -I../.. -I/Users/zyoung/dev/SwiftyTesseract/SwiftyTesseract/SwiftyTesseract/tesseract-4.1.0/macos/x86_64-apple-darwin/ -arch x86_64 -pipe -no-cpp-precomp -isysroot /Applications/Xcode.app/Contents/Developer/Platforms/MacOSX.platform/Developer/SDKs/MacOSX10.15.sdk -mmacosx-version-min=10.13 -O2 -fembed-bitcode -I/Users/zyoung/dev/SwiftyTesseract/SwiftyTesseract/SwiftyTesseract/leptonica-1.78.0/macos/x86_64-apple-darwin/include/leptonica -DTESSDATA_PREFIX=/Users/zyoung/dev/SwiftyTesseract/SwiftyTesseract/SwiftyTesseract/tesseract-4.1.0/macos/x86_64-apple-darwin/share -I/Users/zyoung/dev/SwiftyTesseract/SwiftyTesseract/SwiftyTesseract/tesseract-4.1.0/macos/x86_64-apple-darwin/ -arch x86_64 -pipe -no-cpp-precomp -isysroot /Applications/Xcode.app/Contents/Developer/Platforms/MacOSX.platform/Developer/SDKs/MacOSX10.15.sdk -mmacosx-version-min=10.13 -O2 -Wno-deprecated-register -std=c++17 -MT indexmapbidi.lo -MD -MP -MF .deps/indexmapbidi.Tpo -c ../../../../src/ccutil/indexmapbidi.cpp -o indexmapbidi.o
libtool: compile:  /Applications/Xcode.app/Contents/Developer/usr/bin/g++ --target=x86_64-apple-darwin -DHAVE_CONFIG_H -I. -I../../../../src/ccutil -I../.. -I/Users/zyoung/dev/SwiftyTesseract/SwiftyTesseract/SwiftyTesseract/tesseract-4.1.0/macos/x86_64-apple-darwin/ -arch x86_64 -pipe -no-cpp-precomp -isysroot /Applications/Xcode.app/Contents/Developer/Platforms/MacOSX.platform/Developer/SDKs/MacOSX10.15.sdk -mmacosx-version-min=10.13 -O2 -fembed-bitcode -I/Users/zyoung/dev/SwiftyTesseract/SwiftyTesseract/SwiftyTesseract/leptonica-1.78.0/macos/x86_64-apple-darwin/include/leptonica -DTESSDATA_PREFIX=/Users/zyoung/dev/SwiftyTesseract/SwiftyTesseract/SwiftyTesseract/tesseract-4.1.0/macos/x86_64-apple-darwin/share -I/Users/zyoung/dev/SwiftyTesseract/SwiftyTesseract/SwiftyTesseract/tesseract-4.1.0/macos/x86_64-apple-darwin/ -arch x86_64 -pipe -no-cpp-precomp -isysroot /Applications/Xcode.app/Contents/Developer/Platforms/MacOSX.platform/Developer/SDKs/MacOSX10.15.sdk -mmacosx-version-min=10.13 -O2 -Wno-deprecated-register -std=c++17 -MT mainblk.lo -MD -MP -MF .deps/mainblk.Tpo -c ../../../../src/ccutil/mainblk.cpp -o mainblk.o
libtool: compile:  /Applications/Xcode.app/Contents/Developer/usr/bin/g++ --target=x86_64-apple-darwin -DHAVE_CONFIG_H -I. -I../../../../src/ccutil -I../.. -I/Users/zyoung/dev/SwiftyTesseract/SwiftyTesseract/SwiftyTesseract/tesseract-4.1.0/macos/x86_64-apple-darwin/ -arch x86_64 -pipe -no-cpp-precomp -isysroot /Applications/Xcode.app/Contents/Developer/Platforms/MacOSX.platform/Developer/SDKs/MacOSX10.15.sdk -mmacosx-version-min=10.13 -O2 -fembed-bitcode -I/Users/zyoung/dev/SwiftyTesseract/SwiftyTesseract/SwiftyTesseract/leptonica-1.78.0/macos/x86_64-apple-darwin/include/leptonica -DTESSDATA_PREFIX=/Users/zyoung/dev/SwiftyTesseract/SwiftyTesseract/SwiftyTesseract/tesseract-4.1.0/macos/x86_64-apple-darwin/share -I/Users/zyoung/dev/SwiftyTesseract/SwiftyTesseract/SwiftyTesseract/tesseract-4.1.0/macos/x86_64-apple-darwin/ -arch x86_64 -pipe -no-cpp-precomp -isysroot /Applications/Xcode.app/Contents/Developer/Platforms/MacOSX.platform/Developer/SDKs/MacOSX10.15.sdk -mmacosx-version-min=10.13 -O2 -Wno-deprecated-register -std=c++17 -MT serialis.lo -MD -MP -MF .deps/serialis.Tpo -c ../../../../src/ccutil/serialis.cpp -o serialis.o
libtool: compile:  /Applications/Xcode.app/Contents/Developer/usr/bin/g++ --target=x86_64-apple-darwin -DHAVE_CONFIG_H -I. -I../../../../src/ccutil -I../.. -I/Users/zyoung/dev/SwiftyTesseract/SwiftyTesseract/SwiftyTesseract/tesseract-4.1.0/macos/x86_64-apple-darwin/ -arch x86_64 -pipe -no-cpp-precomp -isysroot /Applications/Xcode.app/Contents/Developer/Platforms/MacOSX.platform/Developer/SDKs/MacOSX10.15.sdk -mmacosx-version-min=10.13 -O2 -fembed-bitcode -I/Users/zyoung/dev/SwiftyTesseract/SwiftyTesseract/SwiftyTesseract/leptonica-1.78.0/macos/x86_64-apple-darwin/include/leptonica -DTESSDATA_PREFIX=/Users/zyoung/dev/SwiftyTesseract/SwiftyTesseract/SwiftyTesseract/tesseract-4.1.0/macos/x86_64-apple-darwin/share -I/Users/zyoung/dev/SwiftyTesseract/SwiftyTesseract/SwiftyTesseract/tesseract-4.1.0/macos/x86_64-apple-darwin/ -arch x86_64 -pipe -no-cpp-precomp -isysroot /Applications/Xcode.app/Contents/Developer/Platforms/MacOSX.platform/Developer/SDKs/MacOSX10.15.sdk -mmacosx-version-min=10.13 -O2 -Wno-deprecated-register -std=c++17 -MT strngs.lo -MD -MP -MF .deps/strngs.Tpo -c ../../../../src/ccutil/strngs.cpp -o strngs.o
libtool: compile:  /Applications/Xcode.app/Contents/Developer/usr/bin/g++ --target=x86_64-apple-darwin -DHAVE_CONFIG_H -I. -I../../../../src/ccutil -I../.. -I/Users/zyoung/dev/SwiftyTesseract/SwiftyTesseract/SwiftyTesseract/tesseract-4.1.0/macos/x86_64-apple-darwin/ -arch x86_64 -pipe -no-cpp-precomp -isysroot /Applications/Xcode.app/Contents/Developer/Platforms/MacOSX.platform/Developer/SDKs/MacOSX10.15.sdk -mmacosx-version-min=10.13 -O2 -fembed-bitcode -I/Users/zyoung/dev/SwiftyTesseract/SwiftyTesseract/SwiftyTesseract/leptonica-1.78.0/macos/x86_64-apple-darwin/include/leptonica -DTESSDATA_PREFIX=/Users/zyoung/dev/SwiftyTesseract/SwiftyTesseract/SwiftyTesseract/tesseract-4.1.0/macos/x86_64-apple-darwin/share -I/Users/zyoung/dev/SwiftyTesseract/SwiftyTesseract/SwiftyTesseract/tesseract-4.1.0/macos/x86_64-apple-darwin/ -arch x86_64 -pipe -no-cpp-precomp -isysroot /Applications/Xcode.app/Contents/Developer/Platforms/MacOSX.platform/Developer/SDKs/MacOSX10.15.sdk -mmacosx-version-min=10.13 -O2 -Wno-deprecated-register -std=c++17 -MT scanutils.lo -MD -MP -MF .deps/scanutils.Tpo -c ../../../../src/ccutil/scanutils.cpp -o scanutils.o
libtool: compile:  /Applications/Xcode.app/Contents/Developer/usr/bin/g++ --target=x86_64-apple-darwin -DHAVE_CONFIG_H -I. -I../../../../src/ccutil -I../.. -I/Users/zyoung/dev/SwiftyTesseract/SwiftyTesseract/SwiftyTesseract/tesseract-4.1.0/macos/x86_64-apple-darwin/ -arch x86_64 -pipe -no-cpp-precomp -isysroot /Applications/Xcode.app/Contents/Developer/Platforms/MacOSX.platform/Developer/SDKs/MacOSX10.15.sdk -mmacosx-version-min=10.13 -O2 -fembed-bitcode -I/Users/zyoung/dev/SwiftyTesseract/SwiftyTesseract/SwiftyTesseract/leptonica-1.78.0/macos/x86_64-apple-darwin/include/leptonica -DTESSDATA_PREFIX=/Users/zyoung/dev/SwiftyTesseract/SwiftyTesseract/SwiftyTesseract/tesseract-4.1.0/macos/x86_64-apple-darwin/share -I/Users/zyoung/dev/SwiftyTesseract/SwiftyTesseract/SwiftyTesseract/tesseract-4.1.0/macos/x86_64-apple-darwin/ -arch x86_64 -pipe -no-cpp-precomp -isysroot /Applications/Xcode.app/Contents/Developer/Platforms/MacOSX.platform/Developer/SDKs/MacOSX10.15.sdk -mmacosx-version-min=10.13 -O2 -Wno-deprecated-register -std=c++17 -MT tessdatamanager.lo -MD -MP -MF .deps/tessdatamanager.Tpo -c ../../../../src/ccutil/tessdatamanager.cpp -o tessdatamanager.o
libtool: compile:  /Applications/Xcode.app/Contents/Developer/usr/bin/g++ --target=x86_64-apple-darwin -DHAVE_CONFIG_H -I. -I../../../../src/ccutil -I../.. -I/Users/zyoung/dev/SwiftyTesseract/SwiftyTesseract/SwiftyTesseract/tesseract-4.1.0/macos/x86_64-apple-darwin/ -arch x86_64 -pipe -no-cpp-precomp -isysroot /Applications/Xcode.app/Contents/Developer/Platforms/MacOSX.platform/Developer/SDKs/MacOSX10.15.sdk -mmacosx-version-min=10.13 -O2 -fembed-bitcode -I/Users/zyoung/dev/SwiftyTesseract/SwiftyTesseract/SwiftyTesseract/leptonica-1.78.0/macos/x86_64-apple-darwin/include/leptonica -DTESSDATA_PREFIX=/Users/zyoung/dev/SwiftyTesseract/SwiftyTesseract/SwiftyTesseract/tesseract-4.1.0/macos/x86_64-apple-darwin/share -I/Users/zyoung/dev/SwiftyTesseract/SwiftyTesseract/SwiftyTesseract/tesseract-4.1.0/macos/x86_64-apple-darwin/ -arch x86_64 -pipe -no-cpp-precomp -isysroot /Applications/Xcode.app/Contents/Developer/Platforms/MacOSX.platform/Developer/SDKs/MacOSX10.15.sdk -mmacosx-version-min=10.13 -O2 -Wno-deprecated-register -std=c++17 -MT tprintf.lo -MD -MP -MF .deps/tprintf.Tpo -c ../../../../src/ccutil/tprintf.cpp -o tprintf.o
libtool: compile:  /Applications/Xcode.app/Contents/Developer/usr/bin/g++ --target=x86_64-apple-darwin -DHAVE_CONFIG_H -I. -I../../../../src/ccutil -I../.. -I/Users/zyoung/dev/SwiftyTesseract/SwiftyTesseract/SwiftyTesseract/tesseract-4.1.0/macos/x86_64-apple-darwin/ -arch x86_64 -pipe -no-cpp-precomp -isysroot /Applications/Xcode.app/Contents/Developer/Platforms/MacOSX.platform/Developer/SDKs/MacOSX10.15.sdk -mmacosx-version-min=10.13 -O2 -fembed-bitcode -I/Users/zyoung/dev/SwiftyTesseract/SwiftyTesseract/SwiftyTesseract/leptonica-1.78.0/macos/x86_64-apple-darwin/include/leptonica -DTESSDATA_PREFIX=/Users/zyoung/dev/SwiftyTesseract/SwiftyTesseract/SwiftyTesseract/tesseract-4.1.0/macos/x86_64-apple-darwin/share -I/Users/zyoung/dev/SwiftyTesseract/SwiftyTesseract/SwiftyTesseract/tesseract-4.1.0/macos/x86_64-apple-darwin/ -arch x86_64 -pipe -no-cpp-precomp -isysroot /Applications/Xcode.app/Contents/Developer/Platforms/MacOSX.platform/Developer/SDKs/MacOSX10.15.sdk -mmacosx-version-min=10.13 -O2 -Wno-deprecated-register -std=c++17 -MT unichar.lo -MD -MP -MF .deps/unichar.Tpo -c ../../../../src/ccutil/unichar.cpp -o unichar.o
libtool: compile:  /Applications/Xcode.app/Contents/Developer/usr/bin/g++ --target=x86_64-apple-darwin -DHAVE_CONFIG_H -I. -I../../../../src/ccutil -I../.. -I/Users/zyoung/dev/SwiftyTesseract/SwiftyTesseract/SwiftyTesseract/tesseract-4.1.0/macos/x86_64-apple-darwin/ -arch x86_64 -pipe -no-cpp-precomp -isysroot /Applications/Xcode.app/Contents/Developer/Platforms/MacOSX.platform/Developer/SDKs/MacOSX10.15.sdk -mmacosx-version-min=10.13 -O2 -fembed-bitcode -I/Users/zyoung/dev/SwiftyTesseract/SwiftyTesseract/SwiftyTesseract/leptonica-1.78.0/macos/x86_64-apple-darwin/include/leptonica -DTESSDATA_PREFIX=/Users/zyoung/dev/SwiftyTesseract/SwiftyTesseract/SwiftyTesseract/tesseract-4.1.0/macos/x86_64-apple-darwin/share -I/Users/zyoung/dev/SwiftyTesseract/SwiftyTesseract/SwiftyTesseract/tesseract-4.1.0/macos/x86_64-apple-darwin/ -arch x86_64 -pipe -no-cpp-precomp -isysroot /Applications/Xcode.app/Contents/Developer/Platforms/MacOSX.platform/Developer/SDKs/MacOSX10.15.sdk -mmacosx-version-min=10.13 -O2 -Wno-deprecated-register -std=c++17 -MT unicharcompress.lo -MD -MP -MF .deps/unicharcompress.Tpo -c ../../../../src/ccutil/unicharcompress.cpp -o unicharcompress.o
libtool: compile:  /Applications/Xcode.app/Contents/Developer/usr/bin/g++ --target=x86_64-apple-darwin -DHAVE_CONFIG_H -I. -I../../../../src/ccutil -I../.. -I/Users/zyoung/dev/SwiftyTesseract/SwiftyTesseract/SwiftyTesseract/tesseract-4.1.0/macos/x86_64-apple-darwin/ -arch x86_64 -pipe -no-cpp-precomp -isysroot /Applications/Xcode.app/Contents/Developer/Platforms/MacOSX.platform/Developer/SDKs/MacOSX10.15.sdk -mmacosx-version-min=10.13 -O2 -fembed-bitcode -I/Users/zyoung/dev/SwiftyTesseract/SwiftyTesseract/SwiftyTesseract/leptonica-1.78.0/macos/x86_64-apple-darwin/include/leptonica -DTESSDATA_PREFIX=/Users/zyoung/dev/SwiftyTesseract/SwiftyTesseract/SwiftyTesseract/tesseract-4.1.0/macos/x86_64-apple-darwin/share -I/Users/zyoung/dev/SwiftyTesseract/SwiftyTesseract/SwiftyTesseract/tesseract-4.1.0/macos/x86_64-apple-darwin/ -arch x86_64 -pipe -no-cpp-precomp -isysroot /Applications/Xcode.app/Contents/Developer/Platforms/MacOSX.platform/Developer/SDKs/MacOSX10.15.sdk -mmacosx-version-min=10.13 -O2 -Wno-deprecated-register -std=c++17 -MT unicharmap.lo -MD -MP -MF .deps/unicharmap.Tpo -c ../../../../src/ccutil/unicharmap.cpp -o unicharmap.o
libtool: compile:  /Applications/Xcode.app/Contents/Developer/usr/bin/g++ --target=x86_64-apple-darwin -DHAVE_CONFIG_H -I. -I../../../../src/ccutil -I../.. -I/Users/zyoung/dev/SwiftyTesseract/SwiftyTesseract/SwiftyTesseract/tesseract-4.1.0/macos/x86_64-apple-darwin/ -arch x86_64 -pipe -no-cpp-precomp -isysroot /Applications/Xcode.app/Contents/Developer/Platforms/MacOSX.platform/Developer/SDKs/MacOSX10.15.sdk -mmacosx-version-min=10.13 -O2 -fembed-bitcode -I/Users/zyoung/dev/SwiftyTesseract/SwiftyTesseract/SwiftyTesseract/leptonica-1.78.0/macos/x86_64-apple-darwin/include/leptonica -DTESSDATA_PREFIX=/Users/zyoung/dev/SwiftyTesseract/SwiftyTesseract/SwiftyTesseract/tesseract-4.1.0/macos/x86_64-apple-darwin/share -I/Users/zyoung/dev/SwiftyTesseract/SwiftyTesseract/SwiftyTesseract/tesseract-4.1.0/macos/x86_64-apple-darwin/ -arch x86_64 -pipe -no-cpp-precomp -isysroot /Applications/Xcode.app/Contents/Developer/Platforms/MacOSX.platform/Developer/SDKs/MacOSX10.15.sdk -mmacosx-version-min=10.13 -O2 -Wno-deprecated-register -std=c++17 -MT unicharset.lo -MD -MP -MF .deps/unicharset.Tpo -c ../../../../src/ccutil/unicharset.cpp -o unicharset.o
libtool: compile:  /Applications/Xcode.app/Contents/Developer/usr/bin/g++ --target=x86_64-apple-darwin -DHAVE_CONFIG_H -I. -I../../../../src/ccutil -I../.. -I/Users/zyoung/dev/SwiftyTesseract/SwiftyTesseract/SwiftyTesseract/tesseract-4.1.0/macos/x86_64-apple-darwin/ -arch x86_64 -pipe -no-cpp-precomp -isysroot /Applications/Xcode.app/Contents/Developer/Platforms/MacOSX.platform/Developer/SDKs/MacOSX10.15.sdk -mmacosx-version-min=10.13 -O2 -fembed-bitcode -I/Users/zyoung/dev/SwiftyTesseract/SwiftyTesseract/SwiftyTesseract/leptonica-1.78.0/macos/x86_64-apple-darwin/include/leptonica -DTESSDATA_PREFIX=/Users/zyoung/dev/SwiftyTesseract/SwiftyTesseract/SwiftyTesseract/tesseract-4.1.0/macos/x86_64-apple-darwin/share -I/Users/zyoung/dev/SwiftyTesseract/SwiftyTesseract/SwiftyTesseract/tesseract-4.1.0/macos/x86_64-apple-darwin/ -arch x86_64 -pipe -no-cpp-precomp -isysroot /Applications/Xcode.app/Contents/Developer/Platforms/MacOSX.platform/Developer/SDKs/MacOSX10.15.sdk -mmacosx-version-min=10.13 -O2 -Wno-deprecated-register -std=c++17 -MT unicodes.lo -MD -MP -MF .deps/unicodes.Tpo -c ../../../../src/ccutil/unicodes.cpp -o unicodes.o
libtool: compile:  /Applications/Xcode.app/Contents/Developer/usr/bin/g++ --target=x86_64-apple-darwin -DHAVE_CONFIG_H -I. -I../../../../src/ccutil -I../.. -I/Users/zyoung/dev/SwiftyTesseract/SwiftyTesseract/SwiftyTesseract/tesseract-4.1.0/macos/x86_64-apple-darwin/ -arch x86_64 -pipe -no-cpp-precomp -isysroot /Applications/Xcode.app/Contents/Developer/Platforms/MacOSX.platform/Developer/SDKs/MacOSX10.15.sdk -mmacosx-version-min=10.13 -O2 -fembed-bitcode -I/Users/zyoung/dev/SwiftyTesseract/SwiftyTesseract/SwiftyTesseract/leptonica-1.78.0/macos/x86_64-apple-darwin/include/leptonica -DTESSDATA_PREFIX=/Users/zyoung/dev/SwiftyTesseract/SwiftyTesseract/SwiftyTesseract/tesseract-4.1.0/macos/x86_64-apple-darwin/share -I/Users/zyoung/dev/SwiftyTesseract/SwiftyTesseract/SwiftyTesseract/tesseract-4.1.0/macos/x86_64-apple-darwin/ -arch x86_64 -pipe -no-cpp-precomp -isysroot /Applications/Xcode.app/Contents/Developer/Platforms/MacOSX.platform/Developer/SDKs/MacOSX10.15.sdk -mmacosx-version-min=10.13 -O2 -Wno-deprecated-register -std=c++17 -MT params.lo -MD -MP -MF .deps/params.Tpo -c ../../../../src/ccutil/params.cpp -o params.o
libtool: compile:  /Applications/Xcode.app/Contents/Developer/usr/bin/g++ --target=x86_64-apple-darwin -DHAVE_CONFIG_H -I. -I../../../../src/ccutil -I../.. -I/Users/zyoung/dev/SwiftyTesseract/SwiftyTesseract/SwiftyTesseract/tesseract-4.1.0/macos/x86_64-apple-darwin/ -arch x86_64 -pipe -no-cpp-precomp -isysroot /Applications/Xcode.app/Contents/Developer/Platforms/MacOSX.platform/Developer/SDKs/MacOSX10.15.sdk -mmacosx-version-min=10.13 -O2 -fembed-bitcode -I/Users/zyoung/dev/SwiftyTesseract/SwiftyTesseract/SwiftyTesseract/leptonica-1.78.0/macos/x86_64-apple-darwin/include/leptonica -DTESSDATA_PREFIX=/Users/zyoung/dev/SwiftyTesseract/SwiftyTesseract/SwiftyTesseract/tesseract-4.1.0/macos/x86_64-apple-darwin/share -I/Users/zyoung/dev/SwiftyTesseract/SwiftyTesseract/SwiftyTesseract/tesseract-4.1.0/macos/x86_64-apple-darwin/ -arch x86_64 -pipe -no-cpp-precomp -isysroot /Applications/Xcode.app/Contents/Developer/Platforms/MacOSX.platform/Developer/SDKs/MacOSX10.15.sdk -mmacosx-version-min=10.13 -O2 -Wno-deprecated-register -std=c++17 -MT universalambigs.lo -MD -MP -MF .deps/universalambigs.Tpo -c ../../../../src/ccutil/universalambigs.cpp -o universalambigs.o
libtool: link: ar cru .libs/libtesseract_ccutil.a  ambigs.o basedir.o bitvector.o ccutil.o clst.o elst2.o elst.o errcode.o fileio.o globaloc.o indexmapbidi.o mainblk.o serialis.o strngs.o scanutils.o tessdatamanager.o tprintf.o unichar.o unicharcompress.o unicharmap.o unicharset.o unicodes.o params.o universalambigs.o
libtool: link: ranlib .libs/libtesseract_ccutil.a
libtool: link: ( cd ".libs" && rm -f "libtesseract_ccutil.la" && ln -s "../libtesseract_ccutil.la" "libtesseract_ccutil.la" )
Making all in src/viewer
libtool: compile:  /Applications/Xcode.app/Contents/Developer/usr/bin/g++ --target=x86_64-apple-darwin -DHAVE_CONFIG_H -I. -I../../../../src/viewer -I../.. -DNDEBUG -I../../../../src/ccutil -I/Users/zyoung/dev/SwiftyTesseract/SwiftyTesseract/SwiftyTesseract/tesseract-4.1.0/macos/x86_64-apple-darwin/ -arch x86_64 -pipe -no-cpp-precomp -isysroot /Applications/Xcode.app/Contents/Developer/Platforms/MacOSX.platform/Developer/SDKs/MacOSX10.15.sdk -mmacosx-version-min=10.13 -O2 -fembed-bitcode -I/Users/zyoung/dev/SwiftyTesseract/SwiftyTesseract/SwiftyTesseract/leptonica-1.78.0/macos/x86_64-apple-darwin/include/leptonica -I/Users/zyoung/dev/SwiftyTesseract/SwiftyTesseract/SwiftyTesseract/tesseract-4.1.0/macos/x86_64-apple-darwin/ -arch x86_64 -pipe -no-cpp-precomp -isysroot /Applications/Xcode.app/Contents/Developer/Platforms/MacOSX.platform/Developer/SDKs/MacOSX10.15.sdk -mmacosx-version-min=10.13 -O2 -Wno-deprecated-register -std=c++17 -MT svmnode.lo -MD -MP -MF .deps/svmnode.Tpo -c ../../../../src/viewer/svmnode.cpp -o svmnode.o
libtool: compile:  /Applications/Xcode.app/Contents/Developer/usr/bin/g++ --target=x86_64-apple-darwin -DHAVE_CONFIG_H -I. -I../../../../src/viewer -I../.. -DNDEBUG -I../../../../src/ccutil -I/Users/zyoung/dev/SwiftyTesseract/SwiftyTesseract/SwiftyTesseract/tesseract-4.1.0/macos/x86_64-apple-darwin/ -arch x86_64 -pipe -no-cpp-precomp -isysroot /Applications/Xcode.app/Contents/Developer/Platforms/MacOSX.platform/Developer/SDKs/MacOSX10.15.sdk -mmacosx-version-min=10.13 -O2 -fembed-bitcode -I/Users/zyoung/dev/SwiftyTesseract/SwiftyTesseract/SwiftyTesseract/leptonica-1.78.0/macos/x86_64-apple-darwin/include/leptonica -I/Users/zyoung/dev/SwiftyTesseract/SwiftyTesseract/SwiftyTesseract/tesseract-4.1.0/macos/x86_64-apple-darwin/ -arch x86_64 -pipe -no-cpp-precomp -isysroot /Applications/Xcode.app/Contents/Developer/Platforms/MacOSX.platform/Developer/SDKs/MacOSX10.15.sdk -mmacosx-version-min=10.13 -O2 -Wno-deprecated-register -std=c++17 -MT svutil.lo -MD -MP -MF .deps/svutil.Tpo -c ../../../../src/viewer/svutil.cpp -o svutil.o
libtool: compile:  /Applications/Xcode.app/Contents/Developer/usr/bin/g++ --target=x86_64-apple-darwin -DHAVE_CONFIG_H -I. -I../../../../src/viewer -I../.. -DNDEBUG -I../../../../src/ccutil -I/Users/zyoung/dev/SwiftyTesseract/SwiftyTesseract/SwiftyTesseract/tesseract-4.1.0/macos/x86_64-apple-darwin/ -arch x86_64 -pipe -no-cpp-precomp -isysroot /Applications/Xcode.app/Contents/Developer/Platforms/MacOSX.platform/Developer/SDKs/MacOSX10.15.sdk -mmacosx-version-min=10.13 -O2 -fembed-bitcode -I/Users/zyoung/dev/SwiftyTesseract/SwiftyTesseract/SwiftyTesseract/leptonica-1.78.0/macos/x86_64-apple-darwin/include/leptonica -I/Users/zyoung/dev/SwiftyTesseract/SwiftyTesseract/SwiftyTesseract/tesseract-4.1.0/macos/x86_64-apple-darwin/ -arch x86_64 -pipe -no-cpp-precomp -isysroot /Applications/Xcode.app/Contents/Developer/Platforms/MacOSX.platform/Developer/SDKs/MacOSX10.15.sdk -mmacosx-version-min=10.13 -O2 -Wno-deprecated-register -std=c++17 -MT scrollview.lo -MD -MP -MF .deps/scrollview.Tpo -c ../../../../src/viewer/scrollview.cpp -o scrollview.o
libtool: link: ar cru .libs/libtesseract_viewer.a  scrollview.o svmnode.o svutil.o
libtool: link: ranlib .libs/libtesseract_viewer.a
libtool: link: ( cd ".libs" && rm -f "libtesseract_viewer.la" && ln -s "../libtesseract_viewer.la" "libtesseract_viewer.la" )
Making all in src/cutil
libtool: compile:  /Applications/Xcode.app/Contents/Developer/usr/bin/g++ --target=x86_64-apple-darwin -DHAVE_CONFIG_H -I. -I../../../../src/cutil -I../.. -DNDEBUG -I../../../../src/ccutil -I../../../../src/viewer -I/Users/zyoung/dev/SwiftyTesseract/SwiftyTesseract/SwiftyTesseract/tesseract-4.1.0/macos/x86_64-apple-darwin/ -arch x86_64 -pipe -no-cpp-precomp -isysroot /Applications/Xcode.app/Contents/Developer/Platforms/MacOSX.platform/Developer/SDKs/MacOSX10.15.sdk -mmacosx-version-min=10.13 -O2 -fembed-bitcode -I/Users/zyoung/dev/SwiftyTesseract/SwiftyTesseract/SwiftyTesseract/leptonica-1.78.0/macos/x86_64-apple-darwin/include/leptonica -I/Users/zyoung/dev/SwiftyTesseract/SwiftyTesseract/SwiftyTesseract/tesseract-4.1.0/macos/x86_64-apple-darwin/ -arch x86_64 -pipe -no-cpp-precomp -isysroot /Applications/Xcode.app/Contents/Developer/Platforms/MacOSX.platform/Developer/SDKs/MacOSX10.15.sdk -mmacosx-version-min=10.13 -O2 -Wno-deprecated-register -std=c++17 -MT cutil_class.lo -MD -MP -MF .deps/cutil_class.Tpo -c ../../../../src/cutil/cutil_class.cpp -o cutil_class.o
libtool: compile:  /Applications/Xcode.app/Contents/Developer/usr/bin/g++ --target=x86_64-apple-darwin -DHAVE_CONFIG_H -I. -I../../../../src/cutil -I../.. -DNDEBUG -I../../../../src/ccutil -I../../../../src/viewer -I/Users/zyoung/dev/SwiftyTesseract/SwiftyTesseract/SwiftyTesseract/tesseract-4.1.0/macos/x86_64-apple-darwin/ -arch x86_64 -pipe -no-cpp-precomp -isysroot /Applications/Xcode.app/Contents/Developer/Platforms/MacOSX.platform/Developer/SDKs/MacOSX10.15.sdk -mmacosx-version-min=10.13 -O2 -fembed-bitcode -I/Users/zyoung/dev/SwiftyTesseract/SwiftyTesseract/SwiftyTesseract/leptonica-1.78.0/macos/x86_64-apple-darwin/include/leptonica -I/Users/zyoung/dev/SwiftyTesseract/SwiftyTesseract/SwiftyTesseract/tesseract-4.1.0/macos/x86_64-apple-darwin/ -arch x86_64 -pipe -no-cpp-precomp -isysroot /Applications/Xcode.app/Contents/Developer/Platforms/MacOSX.platform/Developer/SDKs/MacOSX10.15.sdk -mmacosx-version-min=10.13 -O2 -Wno-deprecated-register -std=c++17 -MT bitvec.lo -MD -MP -MF .deps/bitvec.Tpo -c ../../../../src/cutil/bitvec.cpp -o bitvec.o
libtool: compile:  /Applications/Xcode.app/Contents/Developer/usr/bin/g++ --target=x86_64-apple-darwin -DHAVE_CONFIG_H -I. -I../../../../src/cutil -I../.. -DNDEBUG -I../../../../src/ccutil -I../../../../src/viewer -I/Users/zyoung/dev/SwiftyTesseract/SwiftyTesseract/SwiftyTesseract/tesseract-4.1.0/macos/x86_64-apple-darwin/ -arch x86_64 -pipe -no-cpp-precomp -isysroot /Applications/Xcode.app/Contents/Developer/Platforms/MacOSX.platform/Developer/SDKs/MacOSX10.15.sdk -mmacosx-version-min=10.13 -O2 -fembed-bitcode -I/Users/zyoung/dev/SwiftyTesseract/SwiftyTesseract/SwiftyTesseract/leptonica-1.78.0/macos/x86_64-apple-darwin/include/leptonica -I/Users/zyoung/dev/SwiftyTesseract/SwiftyTesseract/SwiftyTesseract/tesseract-4.1.0/macos/x86_64-apple-darwin/ -arch x86_64 -pipe -no-cpp-precomp -isysroot /Applications/Xcode.app/Contents/Developer/Platforms/MacOSX.platform/Developer/SDKs/MacOSX10.15.sdk -mmacosx-version-min=10.13 -O2 -Wno-deprecated-register -std=c++17 -MT callcpp.lo -MD -MP -MF .deps/callcpp.Tpo -c ../../../../src/cutil/callcpp.cpp -o callcpp.o
libtool: compile:  /Applications/Xcode.app/Contents/Developer/usr/bin/g++ --target=x86_64-apple-darwin -DHAVE_CONFIG_H -I. -I../../../../src/cutil -I../.. -DNDEBUG -I../../../../src/ccutil -I../../../../src/viewer -I/Users/zyoung/dev/SwiftyTesseract/SwiftyTesseract/SwiftyTesseract/tesseract-4.1.0/macos/x86_64-apple-darwin/ -arch x86_64 -pipe -no-cpp-precomp -isysroot /Applications/Xcode.app/Contents/Developer/Platforms/MacOSX.platform/Developer/SDKs/MacOSX10.15.sdk -mmacosx-version-min=10.13 -O2 -fembed-bitcode -I/Users/zyoung/dev/SwiftyTesseract/SwiftyTesseract/SwiftyTesseract/leptonica-1.78.0/macos/x86_64-apple-darwin/include/leptonica -I/Users/zyoung/dev/SwiftyTesseract/SwiftyTesseract/SwiftyTesseract/tesseract-4.1.0/macos/x86_64-apple-darwin/ -arch x86_64 -pipe -no-cpp-precomp -isysroot /Applications/Xcode.app/Contents/Developer/Platforms/MacOSX.platform/Developer/SDKs/MacOSX10.15.sdk -mmacosx-version-min=10.13 -O2 -Wno-deprecated-register -std=c++17 -MT emalloc.lo -MD -MP -MF .deps/emalloc.Tpo -c ../../../../src/cutil/emalloc.cpp -o emalloc.o
libtool: compile:  /Applications/Xcode.app/Contents/Developer/usr/bin/g++ --target=x86_64-apple-darwin -DHAVE_CONFIG_H -I. -I../../../../src/cutil -I../.. -DNDEBUG -I../../../../src/ccutil -I../../../../src/viewer -I/Users/zyoung/dev/SwiftyTesseract/SwiftyTesseract/SwiftyTesseract/tesseract-4.1.0/macos/x86_64-apple-darwin/ -arch x86_64 -pipe -no-cpp-precomp -isysroot /Applications/Xcode.app/Contents/Developer/Platforms/MacOSX.platform/Developer/SDKs/MacOSX10.15.sdk -mmacosx-version-min=10.13 -O2 -fembed-bitcode -I/Users/zyoung/dev/SwiftyTesseract/SwiftyTesseract/SwiftyTesseract/leptonica-1.78.0/macos/x86_64-apple-darwin/include/leptonica -I/Users/zyoung/dev/SwiftyTesseract/SwiftyTesseract/SwiftyTesseract/tesseract-4.1.0/macos/x86_64-apple-darwin/ -arch x86_64 -pipe -no-cpp-precomp -isysroot /Applications/Xcode.app/Contents/Developer/Platforms/MacOSX.platform/Developer/SDKs/MacOSX10.15.sdk -mmacosx-version-min=10.13 -O2 -Wno-deprecated-register -std=c++17 -MT oldlist.lo -MD -MP -MF .deps/oldlist.Tpo -c ../../../../src/cutil/oldlist.cpp -o oldlist.o
libtool: compile:  /Applications/Xcode.app/Contents/Developer/usr/bin/g++ --target=x86_64-apple-darwin -DHAVE_CONFIG_H -I. -I../../../../src/cutil -I../.. -DNDEBUG -I../../../../src/ccutil -I../../../../src/viewer -I/Users/zyoung/dev/SwiftyTesseract/SwiftyTesseract/SwiftyTesseract/tesseract-4.1.0/macos/x86_64-apple-darwin/ -arch x86_64 -pipe -no-cpp-precomp -isysroot /Applications/Xcode.app/Contents/Developer/Platforms/MacOSX.platform/Developer/SDKs/MacOSX10.15.sdk -mmacosx-version-min=10.13 -O2 -fembed-bitcode -I/Users/zyoung/dev/SwiftyTesseract/SwiftyTesseract/SwiftyTesseract/leptonica-1.78.0/macos/x86_64-apple-darwin/include/leptonica -I/Users/zyoung/dev/SwiftyTesseract/SwiftyTesseract/SwiftyTesseract/tesseract-4.1.0/macos/x86_64-apple-darwin/ -arch x86_64 -pipe -no-cpp-precomp -isysroot /Applications/Xcode.app/Contents/Developer/Platforms/MacOSX.platform/Developer/SDKs/MacOSX10.15.sdk -mmacosx-version-min=10.13 -O2 -Wno-deprecated-register -std=c++17 -MT structures.lo -MD -MP -MF .deps/structures.Tpo -c ../../../../src/cutil/structures.cpp -o structures.o
libtool: link: ar cru .libs/libtesseract_cutil.a  bitvec.o callcpp.o cutil_class.o emalloc.o oldlist.o structures.o
libtool: link: ranlib .libs/libtesseract_cutil.a
libtool: link: ( cd ".libs" && rm -f "libtesseract_cutil.la" && ln -s "../libtesseract_cutil.la" "libtesseract_cutil.la" )
Making all in src/opencl
libtool: compile:  /Applications/Xcode.app/Contents/Developer/usr/bin/g++ --target=x86_64-apple-darwin -DHAVE_CONFIG_H -I. -I../../../../src/opencl -I../.. -DNDEBUG -I../../../../src/ccutil -I../../../../src/ccstruct -I../../../../src/ccmain -I/Users/zyoung/dev/SwiftyTesseract/SwiftyTesseract/SwiftyTesseract/tesseract-4.1.0/macos/x86_64-apple-darwin/ -arch x86_64 -pipe -no-cpp-precomp -isysroot /Applications/Xcode.app/Contents/Developer/Platforms/MacOSX.platform/Developer/SDKs/MacOSX10.15.sdk -mmacosx-version-min=10.13 -O2 -fembed-bitcode -I/Users/zyoung/dev/SwiftyTesseract/SwiftyTesseract/SwiftyTesseract/leptonica-1.78.0/macos/x86_64-apple-darwin/include/leptonica -I/Users/zyoung/dev/SwiftyTesseract/SwiftyTesseract/SwiftyTesseract/tesseract-4.1.0/macos/x86_64-apple-darwin/ -arch x86_64 -pipe -no-cpp-precomp -isysroot /Applications/Xcode.app/Contents/Developer/Platforms/MacOSX.platform/Developer/SDKs/MacOSX10.15.sdk -mmacosx-version-min=10.13 -O2 -Wno-deprecated-register -std=c++17 -MT openclwrapper.lo -MD -MP -MF .deps/openclwrapper.Tpo -c ../../../../src/opencl/openclwrapper.cpp -o openclwrapper.o
libtool: link: ar cru .libs/libtesseract_opencl.a  openclwrapper.o
libtool: link: ranlib .libs/libtesseract_opencl.a
libtool: link: ( cd ".libs" && rm -f "libtesseract_opencl.la" && ln -s "../libtesseract_opencl.la" "libtesseract_opencl.la" )
Making all in src/ccstruct
libtool: compile:  /Applications/Xcode.app/Contents/Developer/usr/bin/g++ --target=x86_64-apple-darwin -DHAVE_CONFIG_H -I. -I../../../../src/ccstruct -I../.. -DNDEBUG -I../../../../src/ccutil -I../../../../src/cutil -I../../../../src/viewer -I../../../../src/opencl -I/Users/zyoung/dev/SwiftyTesseract/SwiftyTesseract/SwiftyTesseract/tesseract-4.1.0/macos/x86_64-apple-darwin/ -arch x86_64 -pipe -no-cpp-precomp -isysroot /Applications/Xcode.app/Contents/Developer/Platforms/MacOSX.platform/Developer/SDKs/MacOSX10.15.sdk -mmacosx-version-min=10.13 -O2 -fembed-bitcode -I/Users/zyoung/dev/SwiftyTesseract/SwiftyTesseract/SwiftyTesseract/leptonica-1.78.0/macos/x86_64-apple-darwin/include/leptonica -I/Users/zyoung/dev/SwiftyTesseract/SwiftyTesseract/SwiftyTesseract/tesseract-4.1.0/macos/x86_64-apple-darwin/ -arch x86_64 -pipe -no-cpp-precomp -isysroot /Applications/Xcode.app/Contents/Developer/Platforms/MacOSX.platform/Developer/SDKs/MacOSX10.15.sdk -mmacosx-version-min=10.13 -O2 -Wno-deprecated-register -std=c++17 -MT blread.lo -MD -MP -MF .deps/blread.Tpo -c ../../../../src/ccstruct/blread.cpp -o blread.o
libtool: compile:  /Applications/Xcode.app/Contents/Developer/usr/bin/g++ --target=x86_64-apple-darwin -DHAVE_CONFIG_H -I. -I../../../../src/ccstruct -I../.. -DNDEBUG -I../../../../src/ccutil -I../../../../src/cutil -I../../../../src/viewer -I../../../../src/opencl -I/Users/zyoung/dev/SwiftyTesseract/SwiftyTesseract/SwiftyTesseract/tesseract-4.1.0/macos/x86_64-apple-darwin/ -arch x86_64 -pipe -no-cpp-precomp -isysroot /Applications/Xcode.app/Contents/Developer/Platforms/MacOSX.platform/Developer/SDKs/MacOSX10.15.sdk -mmacosx-version-min=10.13 -O2 -fembed-bitcode -I/Users/zyoung/dev/SwiftyTesseract/SwiftyTesseract/SwiftyTesseract/leptonica-1.78.0/macos/x86_64-apple-darwin/include/leptonica -I/Users/zyoung/dev/SwiftyTesseract/SwiftyTesseract/SwiftyTesseract/tesseract-4.1.0/macos/x86_64-apple-darwin/ -arch x86_64 -pipe -no-cpp-precomp -isysroot /Applications/Xcode.app/Contents/Developer/Platforms/MacOSX.platform/Developer/SDKs/MacOSX10.15.sdk -mmacosx-version-min=10.13 -O2 -Wno-deprecated-register -std=c++17 -MT boxword.lo -MD -MP -MF .deps/boxword.Tpo -c ../../../../src/ccstruct/boxword.cpp -o boxword.o
libtool: compile:  /Applications/Xcode.app/Contents/Developer/usr/bin/g++ --target=x86_64-apple-darwin -DHAVE_CONFIG_H -I. -I../../../../src/ccstruct -I../.. -DNDEBUG -I../../../../src/ccutil -I../../../../src/cutil -I../../../../src/viewer -I../../../../src/opencl -I/Users/zyoung/dev/SwiftyTesseract/SwiftyTesseract/SwiftyTesseract/tesseract-4.1.0/macos/x86_64-apple-darwin/ -arch x86_64 -pipe -no-cpp-precomp -isysroot /Applications/Xcode.app/Contents/Developer/Platforms/MacOSX.platform/Developer/SDKs/MacOSX10.15.sdk -mmacosx-version-min=10.13 -O2 -fembed-bitcode -I/Users/zyoung/dev/SwiftyTesseract/SwiftyTesseract/SwiftyTesseract/leptonica-1.78.0/macos/x86_64-apple-darwin/include/leptonica -I/Users/zyoung/dev/SwiftyTesseract/SwiftyTesseract/SwiftyTesseract/tesseract-4.1.0/macos/x86_64-apple-darwin/ -arch x86_64 -pipe -no-cpp-precomp -isysroot /Applications/Xcode.app/Contents/Developer/Platforms/MacOSX.platform/Developer/SDKs/MacOSX10.15.sdk -mmacosx-version-min=10.13 -O2 -Wno-deprecated-register -std=c++17 -MT blamer.lo -MD -MP -MF .deps/blamer.Tpo -c ../../../../src/ccstruct/blamer.cpp -o blamer.o
libtool: compile:  /Applications/Xcode.app/Contents/Developer/usr/bin/g++ --target=x86_64-apple-darwin -DHAVE_CONFIG_H -I. -I../../../../src/ccstruct -I../.. -DNDEBUG -I../../../../src/ccutil -I../../../../src/cutil -I../../../../src/viewer -I../../../../src/opencl -I/Users/zyoung/dev/SwiftyTesseract/SwiftyTesseract/SwiftyTesseract/tesseract-4.1.0/macos/x86_64-apple-darwin/ -arch x86_64 -pipe -no-cpp-precomp -isysroot /Applications/Xcode.app/Contents/Developer/Platforms/MacOSX.platform/Developer/SDKs/MacOSX10.15.sdk -mmacosx-version-min=10.13 -O2 -fembed-bitcode -I/Users/zyoung/dev/SwiftyTesseract/SwiftyTesseract/SwiftyTesseract/leptonica-1.78.0/macos/x86_64-apple-darwin/include/leptonica -I/Users/zyoung/dev/SwiftyTesseract/SwiftyTesseract/SwiftyTesseract/tesseract-4.1.0/macos/x86_64-apple-darwin/ -arch x86_64 -pipe -no-cpp-precomp -isysroot /Applications/Xcode.app/Contents/Developer/Platforms/MacOSX.platform/Developer/SDKs/MacOSX10.15.sdk -mmacosx-version-min=10.13 -O2 -Wno-deprecated-register -std=c++17 -MT blobs.lo -MD -MP -MF .deps/blobs.Tpo -c ../../../../src/ccstruct/blobs.cpp -o blobs.o
libtool: compile:  /Applications/Xcode.app/Contents/Developer/usr/bin/g++ --target=x86_64-apple-darwin -DHAVE_CONFIG_H -I. -I../../../../src/ccstruct -I../.. -DNDEBUG -I../../../../src/ccutil -I../../../../src/cutil -I../../../../src/viewer -I../../../../src/opencl -I/Users/zyoung/dev/SwiftyTesseract/SwiftyTesseract/SwiftyTesseract/tesseract-4.1.0/macos/x86_64-apple-darwin/ -arch x86_64 -pipe -no-cpp-precomp -isysroot /Applications/Xcode.app/Contents/Developer/Platforms/MacOSX.platform/Developer/SDKs/MacOSX10.15.sdk -mmacosx-version-min=10.13 -O2 -fembed-bitcode -I/Users/zyoung/dev/SwiftyTesseract/SwiftyTesseract/SwiftyTesseract/leptonica-1.78.0/macos/x86_64-apple-darwin/include/leptonica -I/Users/zyoung/dev/SwiftyTesseract/SwiftyTesseract/SwiftyTesseract/tesseract-4.1.0/macos/x86_64-apple-darwin/ -arch x86_64 -pipe -no-cpp-precomp -isysroot /Applications/Xcode.app/Contents/Developer/Platforms/MacOSX.platform/Developer/SDKs/MacOSX10.15.sdk -mmacosx-version-min=10.13 -O2 -Wno-deprecated-register -std=c++17 -MT boxread.lo -MD -MP -MF .deps/boxread.Tpo -c ../../../../src/ccstruct/boxread.cpp -o boxread.o
libtool: compile:  /Applications/Xcode.app/Contents/Developer/usr/bin/g++ --target=x86_64-apple-darwin -DHAVE_CONFIG_H -I. -I../../../../src/ccstruct -I../.. -DNDEBUG -I../../../../src/ccutil -I../../../../src/cutil -I../../../../src/viewer -I../../../../src/opencl -I/Users/zyoung/dev/SwiftyTesseract/SwiftyTesseract/SwiftyTesseract/tesseract-4.1.0/macos/x86_64-apple-darwin/ -arch x86_64 -pipe -no-cpp-precomp -isysroot /Applications/Xcode.app/Contents/Developer/Platforms/MacOSX.platform/Developer/SDKs/MacOSX10.15.sdk -mmacosx-version-min=10.13 -O2 -fembed-bitcode -I/Users/zyoung/dev/SwiftyTesseract/SwiftyTesseract/SwiftyTesseract/leptonica-1.78.0/macos/x86_64-apple-darwin/include/leptonica -I/Users/zyoung/dev/SwiftyTesseract/SwiftyTesseract/SwiftyTesseract/tesseract-4.1.0/macos/x86_64-apple-darwin/ -arch x86_64 -pipe -no-cpp-precomp -isysroot /Applications/Xcode.app/Contents/Developer/Platforms/MacOSX.platform/Developer/SDKs/MacOSX10.15.sdk -mmacosx-version-min=10.13 -O2 -Wno-deprecated-register -std=c++17 -MT blobbox.lo -MD -MP -MF .deps/blobbox.Tpo -c ../../../../src/ccstruct/blobbox.cpp -o blobbox.o
libtool: compile:  /Applications/Xcode.app/Contents/Developer/usr/bin/g++ --target=x86_64-apple-darwin -DHAVE_CONFIG_H -I. -I../../../../src/ccstruct -I../.. -DNDEBUG -I../../../../src/ccutil -I../../../../src/cutil -I../../../../src/viewer -I../../../../src/opencl -I/Users/zyoung/dev/SwiftyTesseract/SwiftyTesseract/SwiftyTesseract/tesseract-4.1.0/macos/x86_64-apple-darwin/ -arch x86_64 -pipe -no-cpp-precomp -isysroot /Applications/Xcode.app/Contents/Developer/Platforms/MacOSX.platform/Developer/SDKs/MacOSX10.15.sdk -mmacosx-version-min=10.13 -O2 -fembed-bitcode -I/Users/zyoung/dev/SwiftyTesseract/SwiftyTesseract/SwiftyTesseract/leptonica-1.78.0/macos/x86_64-apple-darwin/include/leptonica -I/Users/zyoung/dev/SwiftyTesseract/SwiftyTesseract/SwiftyTesseract/tesseract-4.1.0/macos/x86_64-apple-darwin/ -arch x86_64 -pipe -no-cpp-precomp -isysroot /Applications/Xcode.app/Contents/Developer/Platforms/MacOSX.platform/Developer/SDKs/MacOSX10.15.sdk -mmacosx-version-min=10.13 -O2 -Wno-deprecated-register -std=c++17 -MT coutln.lo -MD -MP -MF .deps/coutln.Tpo -c ../../../../src/ccstruct/coutln.cpp -o coutln.o
libtool: compile:  /Applications/Xcode.app/Contents/Developer/usr/bin/g++ --target=x86_64-apple-darwin -DHAVE_CONFIG_H -I. -I../../../../src/ccstruct -I../.. -DNDEBUG -I../../../../src/ccutil -I../../../../src/cutil -I../../../../src/viewer -I../../../../src/opencl -I/Users/zyoung/dev/SwiftyTesseract/SwiftyTesseract/SwiftyTesseract/tesseract-4.1.0/macos/x86_64-apple-darwin/ -arch x86_64 -pipe -no-cpp-precomp -isysroot /Applications/Xcode.app/Contents/Developer/Platforms/MacOSX.platform/Developer/SDKs/MacOSX10.15.sdk -mmacosx-version-min=10.13 -O2 -fembed-bitcode -I/Users/zyoung/dev/SwiftyTesseract/SwiftyTesseract/SwiftyTesseract/leptonica-1.78.0/macos/x86_64-apple-darwin/include/leptonica -I/Users/zyoung/dev/SwiftyTesseract/SwiftyTesseract/SwiftyTesseract/tesseract-4.1.0/macos/x86_64-apple-darwin/ -arch x86_64 -pipe -no-cpp-precomp -isysroot /Applications/Xcode.app/Contents/Developer/Platforms/MacOSX.platform/Developer/SDKs/MacOSX10.15.sdk -mmacosx-version-min=10.13 -O2 -Wno-deprecated-register -std=c++17 -MT ccstruct.lo -MD -MP -MF .deps/ccstruct.Tpo -c ../../../../src/ccstruct/ccstruct.cpp -o ccstruct.o
libtool: compile:  /Applications/Xcode.app/Contents/Developer/usr/bin/g++ --target=x86_64-apple-darwin -DHAVE_CONFIG_H -I. -I../../../../src/ccstruct -I../.. -DNDEBUG -I../../../../src/ccutil -I../../../../src/cutil -I../../../../src/viewer -I../../../../src/opencl -I/Users/zyoung/dev/SwiftyTesseract/SwiftyTesseract/SwiftyTesseract/tesseract-4.1.0/macos/x86_64-apple-darwin/ -arch x86_64 -pipe -no-cpp-precomp -isysroot /Applications/Xcode.app/Contents/Developer/Platforms/MacOSX.platform/Developer/SDKs/MacOSX10.15.sdk -mmacosx-version-min=10.13 -O2 -fembed-bitcode -I/Users/zyoung/dev/SwiftyTesseract/SwiftyTesseract/SwiftyTesseract/leptonica-1.78.0/macos/x86_64-apple-darwin/include/leptonica -I/Users/zyoung/dev/SwiftyTesseract/SwiftyTesseract/SwiftyTesseract/tesseract-4.1.0/macos/x86_64-apple-darwin/ -arch x86_64 -pipe -no-cpp-precomp -isysroot /Applications/Xcode.app/Contents/Developer/Platforms/MacOSX.platform/Developer/SDKs/MacOSX10.15.sdk -mmacosx-version-min=10.13 -O2 -Wno-deprecated-register -std=c++17 -MT detlinefit.lo -MD -MP -MF .deps/detlinefit.Tpo -c ../../../../src/ccstruct/detlinefit.cpp -o detlinefit.o
libtool: compile:  /Applications/Xcode.app/Contents/Developer/usr/bin/g++ --target=x86_64-apple-darwin -DHAVE_CONFIG_H -I. -I../../../../src/ccstruct -I../.. -DNDEBUG -I../../../../src/ccutil -I../../../../src/cutil -I../../../../src/viewer -I../../../../src/opencl -I/Users/zyoung/dev/SwiftyTesseract/SwiftyTesseract/SwiftyTesseract/tesseract-4.1.0/macos/x86_64-apple-darwin/ -arch x86_64 -pipe -no-cpp-precomp -isysroot /Applications/Xcode.app/Contents/Developer/Platforms/MacOSX.platform/Developer/SDKs/MacOSX10.15.sdk -mmacosx-version-min=10.13 -O2 -fembed-bitcode -I/Users/zyoung/dev/SwiftyTesseract/SwiftyTesseract/SwiftyTesseract/leptonica-1.78.0/macos/x86_64-apple-darwin/include/leptonica -I/Users/zyoung/dev/SwiftyTesseract/SwiftyTesseract/SwiftyTesseract/tesseract-4.1.0/macos/x86_64-apple-darwin/ -arch x86_64 -pipe -no-cpp-precomp -isysroot /Applications/Xcode.app/Contents/Developer/Platforms/MacOSX.platform/Developer/SDKs/MacOSX10.15.sdk -mmacosx-version-min=10.13 -O2 -Wno-deprecated-register -std=c++17 -MT dppoint.lo -MD -MP -MF .deps/dppoint.Tpo -c ../../../../src/ccstruct/dppoint.cpp -o dppoint.o
libtool: compile:  /Applications/Xcode.app/Contents/Developer/usr/bin/g++ --target=x86_64-apple-darwin -DHAVE_CONFIG_H -I. -I../../../../src/ccstruct -I../.. -DNDEBUG -I../../../../src/ccutil -I../../../../src/cutil -I../../../../src/viewer -I../../../../src/opencl -I/Users/zyoung/dev/SwiftyTesseract/SwiftyTesseract/SwiftyTesseract/tesseract-4.1.0/macos/x86_64-apple-darwin/ -arch x86_64 -pipe -no-cpp-precomp -isysroot /Applications/Xcode.app/Contents/Developer/Platforms/MacOSX.platform/Developer/SDKs/MacOSX10.15.sdk -mmacosx-version-min=10.13 -O2 -fembed-bitcode -I/Users/zyoung/dev/SwiftyTesseract/SwiftyTesseract/SwiftyTesseract/leptonica-1.78.0/macos/x86_64-apple-darwin/include/leptonica -I/Users/zyoung/dev/SwiftyTesseract/SwiftyTesseract/SwiftyTesseract/tesseract-4.1.0/macos/x86_64-apple-darwin/ -arch x86_64 -pipe -no-cpp-precomp -isysroot /Applications/Xcode.app/Contents/Developer/Platforms/MacOSX.platform/Developer/SDKs/MacOSX10.15.sdk -mmacosx-version-min=10.13 -O2 -Wno-deprecated-register -std=c++17 -MT fontinfo.lo -MD -MP -MF .deps/fontinfo.Tpo -c ../../../../src/ccstruct/fontinfo.cpp -o fontinfo.o
libtool: compile:  /Applications/Xcode.app/Contents/Developer/usr/bin/g++ --target=x86_64-apple-darwin -DHAVE_CONFIG_H -I. -I../../../../src/ccstruct -I../.. -DNDEBUG -I../../../../src/ccutil -I../../../../src/cutil -I../../../../src/viewer -I../../../../src/opencl -I/Users/zyoung/dev/SwiftyTesseract/SwiftyTesseract/SwiftyTesseract/tesseract-4.1.0/macos/x86_64-apple-darwin/ -arch x86_64 -pipe -no-cpp-precomp -isysroot /Applications/Xcode.app/Contents/Developer/Platforms/MacOSX.platform/Developer/SDKs/MacOSX10.15.sdk -mmacosx-version-min=10.13 -O2 -fembed-bitcode -I/Users/zyoung/dev/SwiftyTesseract/SwiftyTesseract/SwiftyTesseract/leptonica-1.78.0/macos/x86_64-apple-darwin/include/leptonica -I/Users/zyoung/dev/SwiftyTesseract/SwiftyTesseract/SwiftyTesseract/tesseract-4.1.0/macos/x86_64-apple-darwin/ -arch x86_64 -pipe -no-cpp-precomp -isysroot /Applications/Xcode.app/Contents/Developer/Platforms/MacOSX.platform/Developer/SDKs/MacOSX10.15.sdk -mmacosx-version-min=10.13 -O2 -Wno-deprecated-register -std=c++17 -MT imagedata.lo -MD -MP -MF .deps/imagedata.Tpo -c ../../../../src/ccstruct/imagedata.cpp -o imagedata.o
libtool: compile:  /Applications/Xcode.app/Contents/Developer/usr/bin/g++ --target=x86_64-apple-darwin -DHAVE_CONFIG_H -I. -I../../../../src/ccstruct -I../.. -DNDEBUG -I../../../../src/ccutil -I../../../../src/cutil -I../../../../src/viewer -I../../../../src/opencl -I/Users/zyoung/dev/SwiftyTesseract/SwiftyTesseract/SwiftyTesseract/tesseract-4.1.0/macos/x86_64-apple-darwin/ -arch x86_64 -pipe -no-cpp-precomp -isysroot /Applications/Xcode.app/Contents/Developer/Platforms/MacOSX.platform/Developer/SDKs/MacOSX10.15.sdk -mmacosx-version-min=10.13 -O2 -fembed-bitcode -I/Users/zyoung/dev/SwiftyTesseract/SwiftyTesseract/SwiftyTesseract/leptonica-1.78.0/macos/x86_64-apple-darwin/include/leptonica -I/Users/zyoung/dev/SwiftyTesseract/SwiftyTesseract/SwiftyTesseract/tesseract-4.1.0/macos/x86_64-apple-darwin/ -arch x86_64 -pipe -no-cpp-precomp -isysroot /Applications/Xcode.app/Contents/Developer/Platforms/MacOSX.platform/Developer/SDKs/MacOSX10.15.sdk -mmacosx-version-min=10.13 -O2 -Wno-deprecated-register -std=c++17 -MT linlsq.lo -MD -MP -MF .deps/linlsq.Tpo -c ../../../../src/ccstruct/linlsq.cpp -o linlsq.o
libtool: compile:  /Applications/Xcode.app/Contents/Developer/usr/bin/g++ --target=x86_64-apple-darwin -DHAVE_CONFIG_H -I. -I../../../../src/ccstruct -I../.. -DNDEBUG -I../../../../src/ccutil -I../../../../src/cutil -I../../../../src/viewer -I../../../../src/opencl -I/Users/zyoung/dev/SwiftyTesseract/SwiftyTesseract/SwiftyTesseract/tesseract-4.1.0/macos/x86_64-apple-darwin/ -arch x86_64 -pipe -no-cpp-precomp -isysroot /Applications/Xcode.app/Contents/Developer/Platforms/MacOSX.platform/Developer/SDKs/MacOSX10.15.sdk -mmacosx-version-min=10.13 -O2 -fembed-bitcode -I/Users/zyoung/dev/SwiftyTesseract/SwiftyTesseract/SwiftyTesseract/leptonica-1.78.0/macos/x86_64-apple-darwin/include/leptonica -I/Users/zyoung/dev/SwiftyTesseract/SwiftyTesseract/SwiftyTesseract/tesseract-4.1.0/macos/x86_64-apple-darwin/ -arch x86_64 -pipe -no-cpp-precomp -isysroot /Applications/Xcode.app/Contents/Developer/Platforms/MacOSX.platform/Developer/SDKs/MacOSX10.15.sdk -mmacosx-version-min=10.13 -O2 -Wno-deprecated-register -std=c++17 -MT matrix.lo -MD -MP -MF .deps/matrix.Tpo -c ../../../../src/ccstruct/matrix.cpp -o matrix.o
libtool: compile:  /Applications/Xcode.app/Contents/Developer/usr/bin/g++ --target=x86_64-apple-darwin -DHAVE_CONFIG_H -I. -I../../../../src/ccstruct -I../.. -DNDEBUG -I../../../../src/ccutil -I../../../../src/cutil -I../../../../src/viewer -I../../../../src/opencl -I/Users/zyoung/dev/SwiftyTesseract/SwiftyTesseract/SwiftyTesseract/tesseract-4.1.0/macos/x86_64-apple-darwin/ -arch x86_64 -pipe -no-cpp-precomp -isysroot /Applications/Xcode.app/Contents/Developer/Platforms/MacOSX.platform/Developer/SDKs/MacOSX10.15.sdk -mmacosx-version-min=10.13 -O2 -fembed-bitcode -I/Users/zyoung/dev/SwiftyTesseract/SwiftyTesseract/SwiftyTesseract/leptonica-1.78.0/macos/x86_64-apple-darwin/include/leptonica -I/Users/zyoung/dev/SwiftyTesseract/SwiftyTesseract/SwiftyTesseract/tesseract-4.1.0/macos/x86_64-apple-darwin/ -arch x86_64 -pipe -no-cpp-precomp -isysroot /Applications/Xcode.app/Contents/Developer/Platforms/MacOSX.platform/Developer/SDKs/MacOSX10.15.sdk -mmacosx-version-min=10.13 -O2 -Wno-deprecated-register -std=c++17 -MT mod128.lo -MD -MP -MF .deps/mod128.Tpo -c ../../../../src/ccstruct/mod128.cpp -o mod128.o
libtool: compile:  /Applications/Xcode.app/Contents/Developer/usr/bin/g++ --target=x86_64-apple-darwin -DHAVE_CONFIG_H -I. -I../../../../src/ccstruct -I../.. -DNDEBUG -I../../../../src/ccutil -I../../../../src/cutil -I../../../../src/viewer -I../../../../src/opencl -I/Users/zyoung/dev/SwiftyTesseract/SwiftyTesseract/SwiftyTesseract/tesseract-4.1.0/macos/x86_64-apple-darwin/ -arch x86_64 -pipe -no-cpp-precomp -isysroot /Applications/Xcode.app/Contents/Developer/Platforms/MacOSX.platform/Developer/SDKs/MacOSX10.15.sdk -mmacosx-version-min=10.13 -O2 -fembed-bitcode -I/Users/zyoung/dev/SwiftyTesseract/SwiftyTesseract/SwiftyTesseract/leptonica-1.78.0/macos/x86_64-apple-darwin/include/leptonica -I/Users/zyoung/dev/SwiftyTesseract/SwiftyTesseract/SwiftyTesseract/tesseract-4.1.0/macos/x86_64-apple-darwin/ -arch x86_64 -pipe -no-cpp-precomp -isysroot /Applications/Xcode.app/Contents/Developer/Platforms/MacOSX.platform/Developer/SDKs/MacOSX10.15.sdk -mmacosx-version-min=10.13 -O2 -Wno-deprecated-register -std=c++17 -MT normalis.lo -MD -MP -MF .deps/normalis.Tpo -c ../../../../src/ccstruct/normalis.cpp -o normalis.o
libtool: compile:  /Applications/Xcode.app/Contents/Developer/usr/bin/g++ --target=x86_64-apple-darwin -DHAVE_CONFIG_H -I. -I../../../../src/ccstruct -I../.. -DNDEBUG -I../../../../src/ccutil -I../../../../src/cutil -I../../../../src/viewer -I../../../../src/opencl -I/Users/zyoung/dev/SwiftyTesseract/SwiftyTesseract/SwiftyTesseract/tesseract-4.1.0/macos/x86_64-apple-darwin/ -arch x86_64 -pipe -no-cpp-precomp -isysroot /Applications/Xcode.app/Contents/Developer/Platforms/MacOSX.platform/Developer/SDKs/MacOSX10.15.sdk -mmacosx-version-min=10.13 -O2 -fembed-bitcode -I/Users/zyoung/dev/SwiftyTesseract/SwiftyTesseract/SwiftyTesseract/leptonica-1.78.0/macos/x86_64-apple-darwin/include/leptonica -I/Users/zyoung/dev/SwiftyTesseract/SwiftyTesseract/SwiftyTesseract/tesseract-4.1.0/macos/x86_64-apple-darwin/ -arch x86_64 -pipe -no-cpp-precomp -isysroot /Applications/Xcode.app/Contents/Developer/Platforms/MacOSX.platform/Developer/SDKs/MacOSX10.15.sdk -mmacosx-version-min=10.13 -O2 -Wno-deprecated-register -std=c++17 -MT ocrblock.lo -MD -MP -MF .deps/ocrblock.Tpo -c ../../../../src/ccstruct/ocrblock.cpp -o ocrblock.o
libtool: compile:  /Applications/Xcode.app/Contents/Developer/usr/bin/g++ --target=x86_64-apple-darwin -DHAVE_CONFIG_H -I. -I../../../../src/ccstruct -I../.. -DNDEBUG -I../../../../src/ccutil -I../../../../src/cutil -I../../../../src/viewer -I../../../../src/opencl -I/Users/zyoung/dev/SwiftyTesseract/SwiftyTesseract/SwiftyTesseract/tesseract-4.1.0/macos/x86_64-apple-darwin/ -arch x86_64 -pipe -no-cpp-precomp -isysroot /Applications/Xcode.app/Contents/Developer/Platforms/MacOSX.platform/Developer/SDKs/MacOSX10.15.sdk -mmacosx-version-min=10.13 -O2 -fembed-bitcode -I/Users/zyoung/dev/SwiftyTesseract/SwiftyTesseract/SwiftyTesseract/leptonica-1.78.0/macos/x86_64-apple-darwin/include/leptonica -I/Users/zyoung/dev/SwiftyTesseract/SwiftyTesseract/SwiftyTesseract/tesseract-4.1.0/macos/x86_64-apple-darwin/ -arch x86_64 -pipe -no-cpp-precomp -isysroot /Applications/Xcode.app/Contents/Developer/Platforms/MacOSX.platform/Developer/SDKs/MacOSX10.15.sdk -mmacosx-version-min=10.13 -O2 -Wno-deprecated-register -std=c++17 -MT ocrpara.lo -MD -MP -MF .deps/ocrpara.Tpo -c ../../../../src/ccstruct/ocrpara.cpp -o ocrpara.o
libtool: compile:  /Applications/Xcode.app/Contents/Developer/usr/bin/g++ --target=x86_64-apple-darwin -DHAVE_CONFIG_H -I. -I../../../../src/ccstruct -I../.. -DNDEBUG -I../../../../src/ccutil -I../../../../src/cutil -I../../../../src/viewer -I../../../../src/opencl -I/Users/zyoung/dev/SwiftyTesseract/SwiftyTesseract/SwiftyTesseract/tesseract-4.1.0/macos/x86_64-apple-darwin/ -arch x86_64 -pipe -no-cpp-precomp -isysroot /Applications/Xcode.app/Contents/Developer/Platforms/MacOSX.platform/Developer/SDKs/MacOSX10.15.sdk -mmacosx-version-min=10.13 -O2 -fembed-bitcode -I/Users/zyoung/dev/SwiftyTesseract/SwiftyTesseract/SwiftyTesseract/leptonica-1.78.0/macos/x86_64-apple-darwin/include/leptonica -I/Users/zyoung/dev/SwiftyTesseract/SwiftyTesseract/SwiftyTesseract/tesseract-4.1.0/macos/x86_64-apple-darwin/ -arch x86_64 -pipe -no-cpp-precomp -isysroot /Applications/Xcode.app/Contents/Developer/Platforms/MacOSX.platform/Developer/SDKs/MacOSX10.15.sdk -mmacosx-version-min=10.13 -O2 -Wno-deprecated-register -std=c++17 -MT ocrrow.lo -MD -MP -MF .deps/ocrrow.Tpo -c ../../../../src/ccstruct/ocrrow.cpp -o ocrrow.o
libtool: compile:  /Applications/Xcode.app/Contents/Developer/usr/bin/g++ --target=x86_64-apple-darwin -DHAVE_CONFIG_H -I. -I../../../../src/ccstruct -I../.. -DNDEBUG -I../../../../src/ccutil -I../../../../src/cutil -I../../../../src/viewer -I../../../../src/opencl -I/Users/zyoung/dev/SwiftyTesseract/SwiftyTesseract/SwiftyTesseract/tesseract-4.1.0/macos/x86_64-apple-darwin/ -arch x86_64 -pipe -no-cpp-precomp -isysroot /Applications/Xcode.app/Contents/Developer/Platforms/MacOSX.platform/Developer/SDKs/MacOSX10.15.sdk -mmacosx-version-min=10.13 -O2 -fembed-bitcode -I/Users/zyoung/dev/SwiftyTesseract/SwiftyTesseract/SwiftyTesseract/leptonica-1.78.0/macos/x86_64-apple-darwin/include/leptonica -I/Users/zyoung/dev/SwiftyTesseract/SwiftyTesseract/SwiftyTesseract/tesseract-4.1.0/macos/x86_64-apple-darwin/ -arch x86_64 -pipe -no-cpp-precomp -isysroot /Applications/Xcode.app/Contents/Developer/Platforms/MacOSX.platform/Developer/SDKs/MacOSX10.15.sdk -mmacosx-version-min=10.13 -O2 -Wno-deprecated-register -std=c++17 -MT otsuthr.lo -MD -MP -MF .deps/otsuthr.Tpo -c ../../../../src/ccstruct/otsuthr.cpp -o otsuthr.o
libtool: compile:  /Applications/Xcode.app/Contents/Developer/usr/bin/g++ --target=x86_64-apple-darwin -DHAVE_CONFIG_H -I. -I../../../../src/ccstruct -I../.. -DNDEBUG -I../../../../src/ccutil -I../../../../src/cutil -I../../../../src/viewer -I../../../../src/opencl -I/Users/zyoung/dev/SwiftyTesseract/SwiftyTesseract/SwiftyTesseract/tesseract-4.1.0/macos/x86_64-apple-darwin/ -arch x86_64 -pipe -no-cpp-precomp -isysroot /Applications/Xcode.app/Contents/Developer/Platforms/MacOSX.platform/Developer/SDKs/MacOSX10.15.sdk -mmacosx-version-min=10.13 -O2 -fembed-bitcode -I/Users/zyoung/dev/SwiftyTesseract/SwiftyTesseract/SwiftyTesseract/leptonica-1.78.0/macos/x86_64-apple-darwin/include/leptonica -I/Users/zyoung/dev/SwiftyTesseract/SwiftyTesseract/SwiftyTesseract/tesseract-4.1.0/macos/x86_64-apple-darwin/ -arch x86_64 -pipe -no-cpp-precomp -isysroot /Applications/Xcode.app/Contents/Developer/Platforms/MacOSX.platform/Developer/SDKs/MacOSX10.15.sdk -mmacosx-version-min=10.13 -O2 -Wno-deprecated-register -std=c++17 -MT pageres.lo -MD -MP -MF .deps/pageres.Tpo -c ../../../../src/ccstruct/pageres.cpp -o pageres.o
libtool: compile:  /Applications/Xcode.app/Contents/Developer/usr/bin/g++ --target=x86_64-apple-darwin -DHAVE_CONFIG_H -I. -I../../../../src/ccstruct -I../.. -DNDEBUG -I../../../../src/ccutil -I../../../../src/cutil -I../../../../src/viewer -I../../../../src/opencl -I/Users/zyoung/dev/SwiftyTesseract/SwiftyTesseract/SwiftyTesseract/tesseract-4.1.0/macos/x86_64-apple-darwin/ -arch x86_64 -pipe -no-cpp-precomp -isysroot /Applications/Xcode.app/Contents/Developer/Platforms/MacOSX.platform/Developer/SDKs/MacOSX10.15.sdk -mmacosx-version-min=10.13 -O2 -fembed-bitcode -I/Users/zyoung/dev/SwiftyTesseract/SwiftyTesseract/SwiftyTesseract/leptonica-1.78.0/macos/x86_64-apple-darwin/include/leptonica -I/Users/zyoung/dev/SwiftyTesseract/SwiftyTesseract/SwiftyTesseract/tesseract-4.1.0/macos/x86_64-apple-darwin/ -arch x86_64 -pipe -no-cpp-precomp -isysroot /Applications/Xcode.app/Contents/Developer/Platforms/MacOSX.platform/Developer/SDKs/MacOSX10.15.sdk -mmacosx-version-min=10.13 -O2 -Wno-deprecated-register -std=c++17 -MT pdblock.lo -MD -MP -MF .deps/pdblock.Tpo -c ../../../../src/ccstruct/pdblock.cpp -o pdblock.o
libtool: compile:  /Applications/Xcode.app/Contents/Developer/usr/bin/g++ --target=x86_64-apple-darwin -DHAVE_CONFIG_H -I. -I../../../../src/ccstruct -I../.. -DNDEBUG -I../../../../src/ccutil -I../../../../src/cutil -I../../../../src/viewer -I../../../../src/opencl -I/Users/zyoung/dev/SwiftyTesseract/SwiftyTesseract/SwiftyTesseract/tesseract-4.1.0/macos/x86_64-apple-darwin/ -arch x86_64 -pipe -no-cpp-precomp -isysroot /Applications/Xcode.app/Contents/Developer/Platforms/MacOSX.platform/Developer/SDKs/MacOSX10.15.sdk -mmacosx-version-min=10.13 -O2 -fembed-bitcode -I/Users/zyoung/dev/SwiftyTesseract/SwiftyTesseract/SwiftyTesseract/leptonica-1.78.0/macos/x86_64-apple-darwin/include/leptonica -I/Users/zyoung/dev/SwiftyTesseract/SwiftyTesseract/SwiftyTesseract/tesseract-4.1.0/macos/x86_64-apple-darwin/ -arch x86_64 -pipe -no-cpp-precomp -isysroot /Applications/Xcode.app/Contents/Developer/Platforms/MacOSX.platform/Developer/SDKs/MacOSX10.15.sdk -mmacosx-version-min=10.13 -O2 -Wno-deprecated-register -std=c++17 -MT points.lo -MD -MP -MF .deps/points.Tpo -c ../../../../src/ccstruct/points.cpp -o points.o
libtool: compile:  /Applications/Xcode.app/Contents/Developer/usr/bin/g++ --target=x86_64-apple-darwin -DHAVE_CONFIG_H -I. -I../../../../src/ccstruct -I../.. -DNDEBUG -I../../../../src/ccutil -I../../../../src/cutil -I../../../../src/viewer -I../../../../src/opencl -I/Users/zyoung/dev/SwiftyTesseract/SwiftyTesseract/SwiftyTesseract/tesseract-4.1.0/macos/x86_64-apple-darwin/ -arch x86_64 -pipe -no-cpp-precomp -isysroot /Applications/Xcode.app/Contents/Developer/Platforms/MacOSX.platform/Developer/SDKs/MacOSX10.15.sdk -mmacosx-version-min=10.13 -O2 -fembed-bitcode -I/Users/zyoung/dev/SwiftyTesseract/SwiftyTesseract/SwiftyTesseract/leptonica-1.78.0/macos/x86_64-apple-darwin/include/leptonica -I/Users/zyoung/dev/SwiftyTesseract/SwiftyTesseract/SwiftyTesseract/tesseract-4.1.0/macos/x86_64-apple-darwin/ -arch x86_64 -pipe -no-cpp-precomp -isysroot /Applications/Xcode.app/Contents/Developer/Platforms/MacOSX.platform/Developer/SDKs/MacOSX10.15.sdk -mmacosx-version-min=10.13 -O2 -Wno-deprecated-register -std=c++17 -MT polyaprx.lo -MD -MP -MF .deps/polyaprx.Tpo -c ../../../../src/ccstruct/polyaprx.cpp -o polyaprx.o
libtool: compile:  /Applications/Xcode.app/Contents/Developer/usr/bin/g++ --target=x86_64-apple-darwin -DHAVE_CONFIG_H -I. -I../../../../src/ccstruct -I../.. -DNDEBUG -I../../../../src/ccutil -I../../../../src/cutil -I../../../../src/viewer -I../../../../src/opencl -I/Users/zyoung/dev/SwiftyTesseract/SwiftyTesseract/SwiftyTesseract/tesseract-4.1.0/macos/x86_64-apple-darwin/ -arch x86_64 -pipe -no-cpp-precomp -isysroot /Applications/Xcode.app/Contents/Developer/Platforms/MacOSX.platform/Developer/SDKs/MacOSX10.15.sdk -mmacosx-version-min=10.13 -O2 -fembed-bitcode -I/Users/zyoung/dev/SwiftyTesseract/SwiftyTesseract/SwiftyTesseract/leptonica-1.78.0/macos/x86_64-apple-darwin/include/leptonica -I/Users/zyoung/dev/SwiftyTesseract/SwiftyTesseract/SwiftyTesseract/tesseract-4.1.0/macos/x86_64-apple-darwin/ -arch x86_64 -pipe -no-cpp-precomp -isysroot /Applications/Xcode.app/Contents/Developer/Platforms/MacOSX.platform/Developer/SDKs/MacOSX10.15.sdk -mmacosx-version-min=10.13 -O2 -Wno-deprecated-register -std=c++17 -MT polyblk.lo -MD -MP -MF .deps/polyblk.Tpo -c ../../../../src/ccstruct/polyblk.cpp -o polyblk.o
libtool: compile:  /Applications/Xcode.app/Contents/Developer/usr/bin/g++ --target=x86_64-apple-darwin -DHAVE_CONFIG_H -I. -I../../../../src/ccstruct -I../.. -DNDEBUG -I../../../../src/ccutil -I../../../../src/cutil -I../../../../src/viewer -I../../../../src/opencl -I/Users/zyoung/dev/SwiftyTesseract/SwiftyTesseract/SwiftyTesseract/tesseract-4.1.0/macos/x86_64-apple-darwin/ -arch x86_64 -pipe -no-cpp-precomp -isysroot /Applications/Xcode.app/Contents/Developer/Platforms/MacOSX.platform/Developer/SDKs/MacOSX10.15.sdk -mmacosx-version-min=10.13 -O2 -fembed-bitcode -I/Users/zyoung/dev/SwiftyTesseract/SwiftyTesseract/SwiftyTesseract/leptonica-1.78.0/macos/x86_64-apple-darwin/include/leptonica -I/Users/zyoung/dev/SwiftyTesseract/SwiftyTesseract/SwiftyTesseract/tesseract-4.1.0/macos/x86_64-apple-darwin/ -arch x86_64 -pipe -no-cpp-precomp -isysroot /Applications/Xcode.app/Contents/Developer/Platforms/MacOSX.platform/Developer/SDKs/MacOSX10.15.sdk -mmacosx-version-min=10.13 -O2 -Wno-deprecated-register -std=c++17 -MT params_training_featdef.lo -MD -MP -MF .deps/params_training_featdef.Tpo -c ../../../../src/ccstruct/params_training_featdef.cpp -o params_training_featdef.o
libtool: compile:  /Applications/Xcode.app/Contents/Developer/usr/bin/g++ --target=x86_64-apple-darwin -DHAVE_CONFIG_H -I. -I../../../../src/ccstruct -I../.. -DNDEBUG -I../../../../src/ccutil -I../../../../src/cutil -I../../../../src/viewer -I../../../../src/opencl -I/Users/zyoung/dev/SwiftyTesseract/SwiftyTesseract/SwiftyTesseract/tesseract-4.1.0/macos/x86_64-apple-darwin/ -arch x86_64 -pipe -no-cpp-precomp -isysroot /Applications/Xcode.app/Contents/Developer/Platforms/MacOSX.platform/Developer/SDKs/MacOSX10.15.sdk -mmacosx-version-min=10.13 -O2 -fembed-bitcode -I/Users/zyoung/dev/SwiftyTesseract/SwiftyTesseract/SwiftyTesseract/leptonica-1.78.0/macos/x86_64-apple-darwin/include/leptonica -I/Users/zyoung/dev/SwiftyTesseract/SwiftyTesseract/SwiftyTesseract/tesseract-4.1.0/macos/x86_64-apple-darwin/ -arch x86_64 -pipe -no-cpp-precomp -isysroot /Applications/Xcode.app/Contents/Developer/Platforms/MacOSX.platform/Developer/SDKs/MacOSX10.15.sdk -mmacosx-version-min=10.13 -O2 -Wno-deprecated-register -std=c++17 -MT publictypes.lo -MD -MP -MF .deps/publictypes.Tpo -c ../../../../src/ccstruct/publictypes.cpp -o publictypes.o
libtool: compile:  /Applications/Xcode.app/Contents/Developer/usr/bin/g++ --target=x86_64-apple-darwin -DHAVE_CONFIG_H -I. -I../../../../src/ccstruct -I../.. -DNDEBUG -I../../../../src/ccutil -I../../../../src/cutil -I../../../../src/viewer -I../../../../src/opencl -I/Users/zyoung/dev/SwiftyTesseract/SwiftyTesseract/SwiftyTesseract/tesseract-4.1.0/macos/x86_64-apple-darwin/ -arch x86_64 -pipe -no-cpp-precomp -isysroot /Applications/Xcode.app/Contents/Developer/Platforms/MacOSX.platform/Developer/SDKs/MacOSX10.15.sdk -mmacosx-version-min=10.13 -O2 -fembed-bitcode -I/Users/zyoung/dev/SwiftyTesseract/SwiftyTesseract/SwiftyTesseract/leptonica-1.78.0/macos/x86_64-apple-darwin/include/leptonica -I/Users/zyoung/dev/SwiftyTesseract/SwiftyTesseract/SwiftyTesseract/tesseract-4.1.0/macos/x86_64-apple-darwin/ -arch x86_64 -pipe -no-cpp-precomp -isysroot /Applications/Xcode.app/Contents/Developer/Platforms/MacOSX.platform/Developer/SDKs/MacOSX10.15.sdk -mmacosx-version-min=10.13 -O2 -Wno-deprecated-register -std=c++17 -MT quadlsq.lo -MD -MP -MF .deps/quadlsq.Tpo -c ../../../../src/ccstruct/quadlsq.cpp -o quadlsq.o
libtool: compile:  /Applications/Xcode.app/Contents/Developer/usr/bin/g++ --target=x86_64-apple-darwin -DHAVE_CONFIG_H -I. -I../../../../src/ccstruct -I../.. -DNDEBUG -I../../../../src/ccutil -I../../../../src/cutil -I../../../../src/viewer -I../../../../src/opencl -I/Users/zyoung/dev/SwiftyTesseract/SwiftyTesseract/SwiftyTesseract/tesseract-4.1.0/macos/x86_64-apple-darwin/ -arch x86_64 -pipe -no-cpp-precomp -isysroot /Applications/Xcode.app/Contents/Developer/Platforms/MacOSX.platform/Developer/SDKs/MacOSX10.15.sdk -mmacosx-version-min=10.13 -O2 -fembed-bitcode -I/Users/zyoung/dev/SwiftyTesseract/SwiftyTesseract/SwiftyTesseract/leptonica-1.78.0/macos/x86_64-apple-darwin/include/leptonica -I/Users/zyoung/dev/SwiftyTesseract/SwiftyTesseract/SwiftyTesseract/tesseract-4.1.0/macos/x86_64-apple-darwin/ -arch x86_64 -pipe -no-cpp-precomp -isysroot /Applications/Xcode.app/Contents/Developer/Platforms/MacOSX.platform/Developer/SDKs/MacOSX10.15.sdk -mmacosx-version-min=10.13 -O2 -Wno-deprecated-register -std=c++17 -MT quspline.lo -MD -MP -MF .deps/quspline.Tpo -c ../../../../src/ccstruct/quspline.cpp -o quspline.o
libtool: compile:  /Applications/Xcode.app/Contents/Developer/usr/bin/g++ --target=x86_64-apple-darwin -DHAVE_CONFIG_H -I. -I../../../../src/ccstruct -I../.. -DNDEBUG -I../../../../src/ccutil -I../../../../src/cutil -I../../../../src/viewer -I../../../../src/opencl -I/Users/zyoung/dev/SwiftyTesseract/SwiftyTesseract/SwiftyTesseract/tesseract-4.1.0/macos/x86_64-apple-darwin/ -arch x86_64 -pipe -no-cpp-precomp -isysroot /Applications/Xcode.app/Contents/Developer/Platforms/MacOSX.platform/Developer/SDKs/MacOSX10.15.sdk -mmacosx-version-min=10.13 -O2 -fembed-bitcode -I/Users/zyoung/dev/SwiftyTesseract/SwiftyTesseract/SwiftyTesseract/leptonica-1.78.0/macos/x86_64-apple-darwin/include/leptonica -I/Users/zyoung/dev/SwiftyTesseract/SwiftyTesseract/SwiftyTesseract/tesseract-4.1.0/macos/x86_64-apple-darwin/ -arch x86_64 -pipe -no-cpp-precomp -isysroot /Applications/Xcode.app/Contents/Developer/Platforms/MacOSX.platform/Developer/SDKs/MacOSX10.15.sdk -mmacosx-version-min=10.13 -O2 -Wno-deprecated-register -std=c++17 -MT ratngs.lo -MD -MP -MF .deps/ratngs.Tpo -c ../../../../src/ccstruct/ratngs.cpp -o ratngs.o
libtool: compile:  /Applications/Xcode.app/Contents/Developer/usr/bin/g++ --target=x86_64-apple-darwin -DHAVE_CONFIG_H -I. -I../../../../src/ccstruct -I../.. -DNDEBUG -I../../../../src/ccutil -I../../../../src/cutil -I../../../../src/viewer -I../../../../src/opencl -I/Users/zyoung/dev/SwiftyTesseract/SwiftyTesseract/SwiftyTesseract/tesseract-4.1.0/macos/x86_64-apple-darwin/ -arch x86_64 -pipe -no-cpp-precomp -isysroot /Applications/Xcode.app/Contents/Developer/Platforms/MacOSX.platform/Developer/SDKs/MacOSX10.15.sdk -mmacosx-version-min=10.13 -O2 -fembed-bitcode -I/Users/zyoung/dev/SwiftyTesseract/SwiftyTesseract/SwiftyTesseract/leptonica-1.78.0/macos/x86_64-apple-darwin/include/leptonica -I/Users/zyoung/dev/SwiftyTesseract/SwiftyTesseract/SwiftyTesseract/tesseract-4.1.0/macos/x86_64-apple-darwin/ -arch x86_64 -pipe -no-cpp-precomp -isysroot /Applications/Xcode.app/Contents/Developer/Platforms/MacOSX.platform/Developer/SDKs/MacOSX10.15.sdk -mmacosx-version-min=10.13 -O2 -Wno-deprecated-register -std=c++17 -MT rect.lo -MD -MP -MF .deps/rect.Tpo -c ../../../../src/ccstruct/rect.cpp -o rect.o
libtool: compile:  /Applications/Xcode.app/Contents/Developer/usr/bin/g++ --target=x86_64-apple-darwin -DHAVE_CONFIG_H -I. -I../../../../src/ccstruct -I../.. -DNDEBUG -I../../../../src/ccutil -I../../../../src/cutil -I../../../../src/viewer -I../../../../src/opencl -I/Users/zyoung/dev/SwiftyTesseract/SwiftyTesseract/SwiftyTesseract/tesseract-4.1.0/macos/x86_64-apple-darwin/ -arch x86_64 -pipe -no-cpp-precomp -isysroot /Applications/Xcode.app/Contents/Developer/Platforms/MacOSX.platform/Developer/SDKs/MacOSX10.15.sdk -mmacosx-version-min=10.13 -O2 -fembed-bitcode -I/Users/zyoung/dev/SwiftyTesseract/SwiftyTesseract/SwiftyTesseract/leptonica-1.78.0/macos/x86_64-apple-darwin/include/leptonica -I/Users/zyoung/dev/SwiftyTesseract/SwiftyTesseract/SwiftyTesseract/tesseract-4.1.0/macos/x86_64-apple-darwin/ -arch x86_64 -pipe -no-cpp-precomp -isysroot /Applications/Xcode.app/Contents/Developer/Platforms/MacOSX.platform/Developer/SDKs/MacOSX10.15.sdk -mmacosx-version-min=10.13 -O2 -Wno-deprecated-register -std=c++17 -MT rejctmap.lo -MD -MP -MF .deps/rejctmap.Tpo -c ../../../../src/ccstruct/rejctmap.cpp -o rejctmap.o
libtool: compile:  /Applications/Xcode.app/Contents/Developer/usr/bin/g++ --target=x86_64-apple-darwin -DHAVE_CONFIG_H -I. -I../../../../src/ccstruct -I../.. -DNDEBUG -I../../../../src/ccutil -I../../../../src/cutil -I../../../../src/viewer -I../../../../src/opencl -I/Users/zyoung/dev/SwiftyTesseract/SwiftyTesseract/SwiftyTesseract/tesseract-4.1.0/macos/x86_64-apple-darwin/ -arch x86_64 -pipe -no-cpp-precomp -isysroot /Applications/Xcode.app/Contents/Developer/Platforms/MacOSX.platform/Developer/SDKs/MacOSX10.15.sdk -mmacosx-version-min=10.13 -O2 -fembed-bitcode -I/Users/zyoung/dev/SwiftyTesseract/SwiftyTesseract/SwiftyTesseract/leptonica-1.78.0/macos/x86_64-apple-darwin/include/leptonica -I/Users/zyoung/dev/SwiftyTesseract/SwiftyTesseract/SwiftyTesseract/tesseract-4.1.0/macos/x86_64-apple-darwin/ -arch x86_64 -pipe -no-cpp-precomp -isysroot /Applications/Xcode.app/Contents/Developer/Platforms/MacOSX.platform/Developer/SDKs/MacOSX10.15.sdk -mmacosx-version-min=10.13 -O2 -Wno-deprecated-register -std=c++17 -MT seam.lo -MD -MP -MF .deps/seam.Tpo -c ../../../../src/ccstruct/seam.cpp -o seam.o
libtool: compile:  /Applications/Xcode.app/Contents/Developer/usr/bin/g++ --target=x86_64-apple-darwin -DHAVE_CONFIG_H -I. -I../../../../src/ccstruct -I../.. -DNDEBUG -I../../../../src/ccutil -I../../../../src/cutil -I../../../../src/viewer -I../../../../src/opencl -I/Users/zyoung/dev/SwiftyTesseract/SwiftyTesseract/SwiftyTesseract/tesseract-4.1.0/macos/x86_64-apple-darwin/ -arch x86_64 -pipe -no-cpp-precomp -isysroot /Applications/Xcode.app/Contents/Developer/Platforms/MacOSX.platform/Developer/SDKs/MacOSX10.15.sdk -mmacosx-version-min=10.13 -O2 -fembed-bitcode -I/Users/zyoung/dev/SwiftyTesseract/SwiftyTesseract/SwiftyTesseract/leptonica-1.78.0/macos/x86_64-apple-darwin/include/leptonica -I/Users/zyoung/dev/SwiftyTesseract/SwiftyTesseract/SwiftyTesseract/tesseract-4.1.0/macos/x86_64-apple-darwin/ -arch x86_64 -pipe -no-cpp-precomp -isysroot /Applications/Xcode.app/Contents/Developer/Platforms/MacOSX.platform/Developer/SDKs/MacOSX10.15.sdk -mmacosx-version-min=10.13 -O2 -Wno-deprecated-register -std=c++17 -MT split.lo -MD -MP -MF .deps/split.Tpo -c ../../../../src/ccstruct/split.cpp -o split.o
libtool: compile:  /Applications/Xcode.app/Contents/Developer/usr/bin/g++ --target=x86_64-apple-darwin -DHAVE_CONFIG_H -I. -I../../../../src/ccstruct -I../.. -DNDEBUG -I../../../../src/ccutil -I../../../../src/cutil -I../../../../src/viewer -I../../../../src/opencl -I/Users/zyoung/dev/SwiftyTesseract/SwiftyTesseract/SwiftyTesseract/tesseract-4.1.0/macos/x86_64-apple-darwin/ -arch x86_64 -pipe -no-cpp-precomp -isysroot /Applications/Xcode.app/Contents/Developer/Platforms/MacOSX.platform/Developer/SDKs/MacOSX10.15.sdk -mmacosx-version-min=10.13 -O2 -fembed-bitcode -I/Users/zyoung/dev/SwiftyTesseract/SwiftyTesseract/SwiftyTesseract/leptonica-1.78.0/macos/x86_64-apple-darwin/include/leptonica -I/Users/zyoung/dev/SwiftyTesseract/SwiftyTesseract/SwiftyTesseract/tesseract-4.1.0/macos/x86_64-apple-darwin/ -arch x86_64 -pipe -no-cpp-precomp -isysroot /Applications/Xcode.app/Contents/Developer/Platforms/MacOSX.platform/Developer/SDKs/MacOSX10.15.sdk -mmacosx-version-min=10.13 -O2 -Wno-deprecated-register -std=c++17 -MT statistc.lo -MD -MP -MF .deps/statistc.Tpo -c ../../../../src/ccstruct/statistc.cpp -o statistc.o
libtool: compile:  /Applications/Xcode.app/Contents/Developer/usr/bin/g++ --target=x86_64-apple-darwin -DHAVE_CONFIG_H -I. -I../../../../src/ccstruct -I../.. -DNDEBUG -I../../../../src/ccutil -I../../../../src/cutil -I../../../../src/viewer -I../../../../src/opencl -I/Users/zyoung/dev/SwiftyTesseract/SwiftyTesseract/SwiftyTesseract/tesseract-4.1.0/macos/x86_64-apple-darwin/ -arch x86_64 -pipe -no-cpp-precomp -isysroot /Applications/Xcode.app/Contents/Developer/Platforms/MacOSX.platform/Developer/SDKs/MacOSX10.15.sdk -mmacosx-version-min=10.13 -O2 -fembed-bitcode -I/Users/zyoung/dev/SwiftyTesseract/SwiftyTesseract/SwiftyTesseract/leptonica-1.78.0/macos/x86_64-apple-darwin/include/leptonica -I/Users/zyoung/dev/SwiftyTesseract/SwiftyTesseract/SwiftyTesseract/tesseract-4.1.0/macos/x86_64-apple-darwin/ -arch x86_64 -pipe -no-cpp-precomp -isysroot /Applications/Xcode.app/Contents/Developer/Platforms/MacOSX.platform/Developer/SDKs/MacOSX10.15.sdk -mmacosx-version-min=10.13 -O2 -Wno-deprecated-register -std=c++17 -MT stepblob.lo -MD -MP -MF .deps/stepblob.Tpo -c ../../../../src/ccstruct/stepblob.cpp -o stepblob.o
libtool: compile:  /Applications/Xcode.app/Contents/Developer/usr/bin/g++ --target=x86_64-apple-darwin -DHAVE_CONFIG_H -I. -I../../../../src/ccstruct -I../.. -DNDEBUG -I../../../../src/ccutil -I../../../../src/cutil -I../../../../src/viewer -I../../../../src/opencl -I/Users/zyoung/dev/SwiftyTesseract/SwiftyTesseract/SwiftyTesseract/tesseract-4.1.0/macos/x86_64-apple-darwin/ -arch x86_64 -pipe -no-cpp-precomp -isysroot /Applications/Xcode.app/Contents/Developer/Platforms/MacOSX.platform/Developer/SDKs/MacOSX10.15.sdk -mmacosx-version-min=10.13 -O2 -fembed-bitcode -I/Users/zyoung/dev/SwiftyTesseract/SwiftyTesseract/SwiftyTesseract/leptonica-1.78.0/macos/x86_64-apple-darwin/include/leptonica -I/Users/zyoung/dev/SwiftyTesseract/SwiftyTesseract/SwiftyTesseract/tesseract-4.1.0/macos/x86_64-apple-darwin/ -arch x86_64 -pipe -no-cpp-precomp -isysroot /Applications/Xcode.app/Contents/Developer/Platforms/MacOSX.platform/Developer/SDKs/MacOSX10.15.sdk -mmacosx-version-min=10.13 -O2 -Wno-deprecated-register -std=c++17 -MT vecfuncs.lo -MD -MP -MF .deps/vecfuncs.Tpo -c ../../../../src/ccstruct/vecfuncs.cpp -o vecfuncs.o
libtool: compile:  /Applications/Xcode.app/Contents/Developer/usr/bin/g++ --target=x86_64-apple-darwin -DHAVE_CONFIG_H -I. -I../../../../src/ccstruct -I../.. -DNDEBUG -I../../../../src/ccutil -I../../../../src/cutil -I../../../../src/viewer -I../../../../src/opencl -I/Users/zyoung/dev/SwiftyTesseract/SwiftyTesseract/SwiftyTesseract/tesseract-4.1.0/macos/x86_64-apple-darwin/ -arch x86_64 -pipe -no-cpp-precomp -isysroot /Applications/Xcode.app/Contents/Developer/Platforms/MacOSX.platform/Developer/SDKs/MacOSX10.15.sdk -mmacosx-version-min=10.13 -O2 -fembed-bitcode -I/Users/zyoung/dev/SwiftyTesseract/SwiftyTesseract/SwiftyTesseract/leptonica-1.78.0/macos/x86_64-apple-darwin/include/leptonica -I/Users/zyoung/dev/SwiftyTesseract/SwiftyTesseract/SwiftyTesseract/tesseract-4.1.0/macos/x86_64-apple-darwin/ -arch x86_64 -pipe -no-cpp-precomp -isysroot /Applications/Xcode.app/Contents/Developer/Platforms/MacOSX.platform/Developer/SDKs/MacOSX10.15.sdk -mmacosx-version-min=10.13 -O2 -Wno-deprecated-register -std=c++17 -MT werd.lo -MD -MP -MF .deps/werd.Tpo -c ../../../../src/ccstruct/werd.cpp -o werd.o
libtool: link: ar cru .libs/libtesseract_ccstruct.a  blamer.o blobbox.o blobs.o blread.o boxread.o boxword.o ccstruct.o coutln.o detlinefit.o dppoint.o fontinfo.o imagedata.o linlsq.o matrix.o mod128.o normalis.o ocrblock.o ocrpara.o ocrrow.o otsuthr.o pageres.o pdblock.o points.o polyaprx.o polyblk.o params_training_featdef.o publictypes.o quadlsq.o quspline.o ratngs.o rect.o rejctmap.o seam.o split.o statistc.o stepblob.o vecfuncs.o werd.o
libtool: link: ranlib .libs/libtesseract_ccstruct.a
libtool: link: ( cd ".libs" && rm -f "libtesseract_ccstruct.la" && ln -s "../libtesseract_ccstruct.la" "libtesseract_ccstruct.la" )
Making all in src/dict
libtool: compile:  /Applications/Xcode.app/Contents/Developer/usr/bin/g++ --target=x86_64-apple-darwin -DHAVE_CONFIG_H -I. -I../../../../src/dict -I../.. -DNDEBUG -I../../../../src/cutil -I../../../../src/ccutil -I../../../../src/ccstruct -I../../../../src/viewer -I/Users/zyoung/dev/SwiftyTesseract/SwiftyTesseract/SwiftyTesseract/tesseract-4.1.0/macos/x86_64-apple-darwin/ -arch x86_64 -pipe -no-cpp-precomp -isysroot /Applications/Xcode.app/Contents/Developer/Platforms/MacOSX.platform/Developer/SDKs/MacOSX10.15.sdk -mmacosx-version-min=10.13 -O2 -fembed-bitcode -I/Users/zyoung/dev/SwiftyTesseract/SwiftyTesseract/SwiftyTesseract/leptonica-1.78.0/macos/x86_64-apple-darwin/include/leptonica -I/Users/zyoung/dev/SwiftyTesseract/SwiftyTesseract/SwiftyTesseract/tesseract-4.1.0/macos/x86_64-apple-darwin/ -arch x86_64 -pipe -no-cpp-precomp -isysroot /Applications/Xcode.app/Contents/Developer/Platforms/MacOSX.platform/Developer/SDKs/MacOSX10.15.sdk -mmacosx-version-min=10.13 -O2 -Wno-deprecated-register -std=c++17 -MT context.lo -MD -MP -MF .deps/context.Tpo -c ../../../../src/dict/context.cpp -o context.o
libtool: compile:  /Applications/Xcode.app/Contents/Developer/usr/bin/g++ --target=x86_64-apple-darwin -DHAVE_CONFIG_H -I. -I../../../../src/dict -I../.. -DNDEBUG -I../../../../src/cutil -I../../../../src/ccutil -I../../../../src/ccstruct -I../../../../src/viewer -I/Users/zyoung/dev/SwiftyTesseract/SwiftyTesseract/SwiftyTesseract/tesseract-4.1.0/macos/x86_64-apple-darwin/ -arch x86_64 -pipe -no-cpp-precomp -isysroot /Applications/Xcode.app/Contents/Developer/Platforms/MacOSX.platform/Developer/SDKs/MacOSX10.15.sdk -mmacosx-version-min=10.13 -O2 -fembed-bitcode -I/Users/zyoung/dev/SwiftyTesseract/SwiftyTesseract/SwiftyTesseract/leptonica-1.78.0/macos/x86_64-apple-darwin/include/leptonica -I/Users/zyoung/dev/SwiftyTesseract/SwiftyTesseract/SwiftyTesseract/tesseract-4.1.0/macos/x86_64-apple-darwin/ -arch x86_64 -pipe -no-cpp-precomp -isysroot /Applications/Xcode.app/Contents/Developer/Platforms/MacOSX.platform/Developer/SDKs/MacOSX10.15.sdk -mmacosx-version-min=10.13 -O2 -Wno-deprecated-register -std=c++17 -MT dawg.lo -MD -MP -MF .deps/dawg.Tpo -c ../../../../src/dict/dawg.cpp -o dawg.o
libtool: compile:  /Applications/Xcode.app/Contents/Developer/usr/bin/g++ --target=x86_64-apple-darwin -DHAVE_CONFIG_H -I. -I../../../../src/dict -I../.. -DNDEBUG -I../../../../src/cutil -I../../../../src/ccutil -I../../../../src/ccstruct -I../../../../src/viewer -I/Users/zyoung/dev/SwiftyTesseract/SwiftyTesseract/SwiftyTesseract/tesseract-4.1.0/macos/x86_64-apple-darwin/ -arch x86_64 -pipe -no-cpp-precomp -isysroot /Applications/Xcode.app/Contents/Developer/Platforms/MacOSX.platform/Developer/SDKs/MacOSX10.15.sdk -mmacosx-version-min=10.13 -O2 -fembed-bitcode -I/Users/zyoung/dev/SwiftyTesseract/SwiftyTesseract/SwiftyTesseract/leptonica-1.78.0/macos/x86_64-apple-darwin/include/leptonica -I/Users/zyoung/dev/SwiftyTesseract/SwiftyTesseract/SwiftyTesseract/tesseract-4.1.0/macos/x86_64-apple-darwin/ -arch x86_64 -pipe -no-cpp-precomp -isysroot /Applications/Xcode.app/Contents/Developer/Platforms/MacOSX.platform/Developer/SDKs/MacOSX10.15.sdk -mmacosx-version-min=10.13 -O2 -Wno-deprecated-register -std=c++17 -MT hyphen.lo -MD -MP -MF .deps/hyphen.Tpo -c ../../../../src/dict/hyphen.cpp -o hyphen.o
libtool: compile:  /Applications/Xcode.app/Contents/Developer/usr/bin/g++ --target=x86_64-apple-darwin -DHAVE_CONFIG_H -I. -I../../../../src/dict -I../.. -DNDEBUG -I../../../../src/cutil -I../../../../src/ccutil -I../../../../src/ccstruct -I../../../../src/viewer -I/Users/zyoung/dev/SwiftyTesseract/SwiftyTesseract/SwiftyTesseract/tesseract-4.1.0/macos/x86_64-apple-darwin/ -arch x86_64 -pipe -no-cpp-precomp -isysroot /Applications/Xcode.app/Contents/Developer/Platforms/MacOSX.platform/Developer/SDKs/MacOSX10.15.sdk -mmacosx-version-min=10.13 -O2 -fembed-bitcode -I/Users/zyoung/dev/SwiftyTesseract/SwiftyTesseract/SwiftyTesseract/leptonica-1.78.0/macos/x86_64-apple-darwin/include/leptonica -I/Users/zyoung/dev/SwiftyTesseract/SwiftyTesseract/SwiftyTesseract/tesseract-4.1.0/macos/x86_64-apple-darwin/ -arch x86_64 -pipe -no-cpp-precomp -isysroot /Applications/Xcode.app/Contents/Developer/Platforms/MacOSX.platform/Developer/SDKs/MacOSX10.15.sdk -mmacosx-version-min=10.13 -O2 -Wno-deprecated-register -std=c++17 -MT dawg_cache.lo -MD -MP -MF .deps/dawg_cache.Tpo -c ../../../../src/dict/dawg_cache.cpp -o dawg_cache.o
libtool: compile:  /Applications/Xcode.app/Contents/Developer/usr/bin/g++ --target=x86_64-apple-darwin -DHAVE_CONFIG_H -I. -I../../../../src/dict -I../.. -DNDEBUG -I../../../../src/cutil -I../../../../src/ccutil -I../../../../src/ccstruct -I../../../../src/viewer -I/Users/zyoung/dev/SwiftyTesseract/SwiftyTesseract/SwiftyTesseract/tesseract-4.1.0/macos/x86_64-apple-darwin/ -arch x86_64 -pipe -no-cpp-precomp -isysroot /Applications/Xcode.app/Contents/Developer/Platforms/MacOSX.platform/Developer/SDKs/MacOSX10.15.sdk -mmacosx-version-min=10.13 -O2 -fembed-bitcode -I/Users/zyoung/dev/SwiftyTesseract/SwiftyTesseract/SwiftyTesseract/leptonica-1.78.0/macos/x86_64-apple-darwin/include/leptonica -I/Users/zyoung/dev/SwiftyTesseract/SwiftyTesseract/SwiftyTesseract/tesseract-4.1.0/macos/x86_64-apple-darwin/ -arch x86_64 -pipe -no-cpp-precomp -isysroot /Applications/Xcode.app/Contents/Developer/Platforms/MacOSX.platform/Developer/SDKs/MacOSX10.15.sdk -mmacosx-version-min=10.13 -O2 -Wno-deprecated-register -std=c++17 -MT dict.lo -MD -MP -MF .deps/dict.Tpo -c ../../../../src/dict/dict.cpp -o dict.o
libtool: compile:  /Applications/Xcode.app/Contents/Developer/usr/bin/g++ --target=x86_64-apple-darwin -DHAVE_CONFIG_H -I. -I../../../../src/dict -I../.. -DNDEBUG -I../../../../src/cutil -I../../../../src/ccutil -I../../../../src/ccstruct -I../../../../src/viewer -I/Users/zyoung/dev/SwiftyTesseract/SwiftyTesseract/SwiftyTesseract/tesseract-4.1.0/macos/x86_64-apple-darwin/ -arch x86_64 -pipe -no-cpp-precomp -isysroot /Applications/Xcode.app/Contents/Developer/Platforms/MacOSX.platform/Developer/SDKs/MacOSX10.15.sdk -mmacosx-version-min=10.13 -O2 -fembed-bitcode -I/Users/zyoung/dev/SwiftyTesseract/SwiftyTesseract/SwiftyTesseract/leptonica-1.78.0/macos/x86_64-apple-darwin/include/leptonica -I/Users/zyoung/dev/SwiftyTesseract/SwiftyTesseract/SwiftyTesseract/tesseract-4.1.0/macos/x86_64-apple-darwin/ -arch x86_64 -pipe -no-cpp-precomp -isysroot /Applications/Xcode.app/Contents/Developer/Platforms/MacOSX.platform/Developer/SDKs/MacOSX10.15.sdk -mmacosx-version-min=10.13 -O2 -Wno-deprecated-register -std=c++17 -MT stopper.lo -MD -MP -MF .deps/stopper.Tpo -c ../../../../src/dict/stopper.cpp -o stopper.o
libtool: compile:  /Applications/Xcode.app/Contents/Developer/usr/bin/g++ --target=x86_64-apple-darwin -DHAVE_CONFIG_H -I. -I../../../../src/dict -I../.. -DNDEBUG -I../../../../src/cutil -I../../../../src/ccutil -I../../../../src/ccstruct -I../../../../src/viewer -I/Users/zyoung/dev/SwiftyTesseract/SwiftyTesseract/SwiftyTesseract/tesseract-4.1.0/macos/x86_64-apple-darwin/ -arch x86_64 -pipe -no-cpp-precomp -isysroot /Applications/Xcode.app/Contents/Developer/Platforms/MacOSX.platform/Developer/SDKs/MacOSX10.15.sdk -mmacosx-version-min=10.13 -O2 -fembed-bitcode -I/Users/zyoung/dev/SwiftyTesseract/SwiftyTesseract/SwiftyTesseract/leptonica-1.78.0/macos/x86_64-apple-darwin/include/leptonica -I/Users/zyoung/dev/SwiftyTesseract/SwiftyTesseract/SwiftyTesseract/tesseract-4.1.0/macos/x86_64-apple-darwin/ -arch x86_64 -pipe -no-cpp-precomp -isysroot /Applications/Xcode.app/Contents/Developer/Platforms/MacOSX.platform/Developer/SDKs/MacOSX10.15.sdk -mmacosx-version-min=10.13 -O2 -Wno-deprecated-register -std=c++17 -MT permdawg.lo -MD -MP -MF .deps/permdawg.Tpo -c ../../../../src/dict/permdawg.cpp -o permdawg.o
libtool: compile:  /Applications/Xcode.app/Contents/Developer/usr/bin/g++ --target=x86_64-apple-darwin -DHAVE_CONFIG_H -I. -I../../../../src/dict -I../.. -DNDEBUG -I../../../../src/cutil -I../../../../src/ccutil -I../../../../src/ccstruct -I../../../../src/viewer -I/Users/zyoung/dev/SwiftyTesseract/SwiftyTesseract/SwiftyTesseract/tesseract-4.1.0/macos/x86_64-apple-darwin/ -arch x86_64 -pipe -no-cpp-precomp -isysroot /Applications/Xcode.app/Contents/Developer/Platforms/MacOSX.platform/Developer/SDKs/MacOSX10.15.sdk -mmacosx-version-min=10.13 -O2 -fembed-bitcode -I/Users/zyoung/dev/SwiftyTesseract/SwiftyTesseract/SwiftyTesseract/leptonica-1.78.0/macos/x86_64-apple-darwin/include/leptonica -I/Users/zyoung/dev/SwiftyTesseract/SwiftyTesseract/SwiftyTesseract/tesseract-4.1.0/macos/x86_64-apple-darwin/ -arch x86_64 -pipe -no-cpp-precomp -isysroot /Applications/Xcode.app/Contents/Developer/Platforms/MacOSX.platform/Developer/SDKs/MacOSX10.15.sdk -mmacosx-version-min=10.13 -O2 -Wno-deprecated-register -std=c++17 -MT trie.lo -MD -MP -MF .deps/trie.Tpo -c ../../../../src/dict/trie.cpp -o trie.o
libtool: link: ar cru .libs/libtesseract_dict.a  context.o dawg.o dawg_cache.o dict.o hyphen.o permdawg.o stopper.o trie.o
libtool: link: ranlib .libs/libtesseract_dict.a
libtool: link: ( cd ".libs" && rm -f "libtesseract_dict.la" && ln -s "../libtesseract_dict.la" "libtesseract_dict.la" )
Making all in src/classify
libtool: compile:  /Applications/Xcode.app/Contents/Developer/usr/bin/g++ --target=x86_64-apple-darwin -DHAVE_CONFIG_H -I. -I../../../../src/classify -I../.. -DNDEBUG -I../../../../src/cutil -I../../../../src/ccutil -I../../../../src/ccstruct -I../../../../src/dict -I../../../../src/viewer -I/Users/zyoung/dev/SwiftyTesseract/SwiftyTesseract/SwiftyTesseract/tesseract-4.1.0/macos/x86_64-apple-darwin/ -arch x86_64 -pipe -no-cpp-precomp -isysroot /Applications/Xcode.app/Contents/Developer/Platforms/MacOSX.platform/Developer/SDKs/MacOSX10.15.sdk -mmacosx-version-min=10.13 -O2 -fembed-bitcode -I/Users/zyoung/dev/SwiftyTesseract/SwiftyTesseract/SwiftyTesseract/leptonica-1.78.0/macos/x86_64-apple-darwin/include/leptonica -I/Users/zyoung/dev/SwiftyTesseract/SwiftyTesseract/SwiftyTesseract/tesseract-4.1.0/macos/x86_64-apple-darwin/ -arch x86_64 -pipe -no-cpp-precomp -isysroot /Applications/Xcode.app/Contents/Developer/Platforms/MacOSX.platform/Developer/SDKs/MacOSX10.15.sdk -mmacosx-version-min=10.13 -O2 -Wno-deprecatelibtool: compile:  /Applications/Xcode.app/Contents/Developer/usr/bin/g++ --target=x86_64-apple-darwin -DHAVE_CONFIG_H -I. -I../../../../src/classify -I../.. -DNDEBUG -I../../../../src/cutil -I../../../../src/ccutil -I../../../../src/ccstruct -I../../../../src/dict -I../../../../src/viewer -I/Users/zyoung/dev/SwiftyTesseract/SwiftyTesseract/SwiftyTesseract/tesseract-4.1.0/macos/x86_64-apple-darwin/ -arch x86_64 -pipe -no-cpp-precomp -isysroot /Applications/Xcode.app/Contents/Developer/Platforms/MacOSX.platform/Developer/SDKs/MacOSX10.15.sdk -mmacosx-version-min=10.13 -O2 -fembed-bitcode -I/Users/zyoung/dev/SwiftyTesseract/SwiftyTesseract/SwiftyTesseract/leptonica-1.78.0/macos/x86_64-apple-darwin/include/leptonica -I/Users/zyoung/dev/SwiftyTesseract/SwiftyTesseract/SwiftyTesseract/tesseract-4.1.0/macos/x86_64-apple-darwin/ -arch x86_64 -pipe -no-cpp-precomp -isysroot /Applications/Xcode.app/Contents/Developer/Platforms/MacOSX.platform/Developer/SDKs/MacOSX10.15.sdk -mmacosx-version-min=10.13 -O2 -Wno-deprecated-register -std=c++17 -MT clusttool.lo -MD -MP -MF .deps/clusttool.Tpo -c ../../../../src/classify/clusttool.cpp -o clusttool.o
d-register -std=c++17 -MT adaptive.lo -MD -MP -MF .deps/adaptive.Tpo -c ../../../../src/classify/adaptive.cpp -o adaptive.o
libtool: compile:  /Applications/Xcode.app/Contents/Developer/usr/bin/g++ --target=x86_64-apple-darwin -DHAVE_CONFIG_H -I. -I../../../../src/classify -I../.. -DNDEBUG -I../../../../src/cutil -I../../../../src/ccutil -I../../../../src/ccstruct -I../../../../src/dict -I../../../../src/viewer -I/Users/zyoung/dev/SwiftyTesseract/SwiftyTesseract/SwiftyTesseract/tesseract-4.1.0/macos/x86_64-apple-darwin/ -arch x86_64 -pipe -no-cpp-precomp -isysroot /Applications/Xcode.app/Contents/Developer/Platforms/MacOSX.platform/Developer/SDKs/MacOSX10.15.sdk -mmacosx-version-min=10.13 -O2 -fembed-bitcode -I/Users/zyoung/dev/SwiftyTesseract/SwiftyTesseract/SwiftyTesseract/leptonica-1.78.0/macos/x86_64-apple-darwin/include/leptonica -I/Users/zyoung/dev/SwiftyTesseract/SwiftyTesseract/SwiftyTesseract/tesseract-4.1.0/macos/x86_64-apple-darwin/ -arch x86_64 -pipe -no-cpp-precomp -isysroot /Applications/Xcode.app/Contents/Developer/Platforms/MacOSX.platform/Developer/SDKs/MacOSX10.15.sdk -mmacosx-version-min=10.13 -O2 -Wno-deprecated-register -std=c++17 -MT classify.lo -MD -MP -MF .deps/classify.Tpo -c ../../../../src/classify/classify.cpp -o classify.o
libtool: compile:  /Applications/Xcode.app/Contents/Developer/usr/bin/g++ --target=x86_64-apple-darwin -DHAVE_CONFIG_H -I. -I../../../../src/classify -I../.. -DNDEBUG -I../../../../src/cutil -I../../../../src/ccutil -I../../../../src/ccstruct -I../../../../src/dict -I../../../../src/viewer -I/Users/zyoung/dev/SwiftyTesseract/SwiftyTesseract/SwiftyTesseract/tesseract-4.1.0/macos/x86_64-apple-darwin/ -arch x86_64 -pipe -no-cpp-precomp -isysroot /Applications/Xcode.app/Contents/Developer/Platforms/MacOSX.platform/Developer/SDKs/MacOSX10.15.sdk -mmacosx-version-min=10.13 -O2 -fembed-bitcode -I/Users/zyoung/dev/SwiftyTesseract/SwiftyTesseract/SwiftyTesseract/leptonica-1.78.0/macos/x86_64-apple-darwin/include/leptonica -I/Users/zyoung/dev/SwiftyTesseract/SwiftyTesseract/SwiftyTesseract/tesseract-4.1.0/macos/x86_64-apple-darwin/ -arch x86_64 -pipe -no-cpp-precomp -isysroot /Applications/Xcode.app/Contents/Developer/Platforms/MacOSX.platform/Developer/SDKs/MacOSX10.15.sdk -mmacosx-version-min=10.13 -O2 -Wno-deprecated-register -std=c++17 -MT blobclass.lo -MD -MP -MF .deps/blobclass.Tpo -c ../../../../src/classify/blobclass.cpp -o blobclass.o
libtool: compile:  /Applications/Xcode.app/Contents/Developer/usr/bin/g++ --target=x86_64-apple-darwin -DHAVE_CONFIG_H -I. -I../../../../src/classify -I../.. -DNDEBUG -I../../../../src/cutil -I../../../../src/ccutil -I../../../../src/ccstruct -I../../../../src/dict -I../../../../src/viewer -I/Users/zyoung/dev/SwiftyTesseract/SwiftyTesseract/SwiftyTesseract/tesseract-4.1.0/macos/x86_64-apple-darwin/ -arch x86_64 -pipe -no-cpp-precomp -isysroot /Applications/Xcode.app/Contents/Developer/Platforms/MacOSX.platform/Developer/SDKs/MacOSX10.15.sdk -mmacosx-version-min=10.13 -O2 -fembed-bitcode -I/Users/zyoung/dev/SwiftyTesseract/SwiftyTesseract/SwiftyTesseract/leptonica-1.78.0/macos/x86_64-apple-darwin/include/leptonica -I/Users/zyoung/dev/SwiftyTesseract/SwiftyTesseract/SwiftyTesseract/tesseract-4.1.0/macos/x86_64-apple-darwin/ -arch x86_64 -pipe -no-cpp-precomp -isysroot /Applications/Xcode.app/Contents/Developer/Platforms/MacOSX.platform/Developer/SDKs/MacOSX10.15.sdk -mmacosx-version-min=10.13 -O2 -Wno-deprecated-register -std=c++17 -MT cutoffs.lo -MD -MP -MF .deps/cutoffs.Tpo -c ../../../../src/classify/cutoffs.cpp -o cutoffs.o
libtool: compile:  /Applications/Xcode.app/Contents/Developer/usr/bin/g++ --target=x86_64-apple-darwin -DHAVE_CONFIG_H -I. -I../../../../src/classify -I../.. -DNDEBUG -I../../../../src/cutil -I../../../../src/ccutil -I../../../../src/ccstruct -I../../../../src/dict -I../../../../src/viewer -I/Users/zyoung/dev/SwiftyTesseract/SwiftyTesseract/SwiftyTesseract/tesseract-4.1.0/macos/x86_64-apple-darwin/ -arch x86_64 -pipe -no-cpp-precomp -isysroot /Applications/Xcode.app/Contents/Developer/Platforms/MacOSX.platform/Developer/SDKs/MacOSX10.15.sdk -mmacosx-version-min=10.13 -O2 -fembed-bitcode -I/Users/zyoung/dev/SwiftyTesseract/SwiftyTesseract/SwiftyTesseract/leptonica-1.78.0/macos/x86_64-apple-darwin/include/leptonica -I/Users/zyoung/dev/SwiftyTesseract/SwiftyTesseract/SwiftyTesseract/tesseract-4.1.0/macos/x86_64-apple-darwin/ -arch x86_64 -pipe -no-cpp-precomp -isysroot /Applications/Xcode.app/Contents/Developer/Platforms/MacOSX.platform/Developer/SDKs/MacOSX10.15.sdk -mmacosx-version-min=10.13 -O2 -Wno-deprecated-register -std=c++17 -MT errorcounter.lo -MD -MP -MF .deps/errorcounter.Tpo -c ../../../../src/classify/errorcounter.cpp -o errorcounter.o
libtool: compile:  /Applications/Xcode.app/Contents/Developer/usr/bin/g++ --target=x86_64-apple-darwin -DHAVE_CONFIG_H -I. -I../../../../src/classify -I../.. -DNDEBUG -I../../../../src/cutil -I../../../../src/ccutil -I../../../../src/ccstruct -I../../../../src/dict -I../../../../src/viewer -I/Users/zyoung/dev/SwiftyTesseract/SwiftyTesseract/SwiftyTesseract/tesseract-4.1.0/macos/x86_64-apple-darwin/ -arch x86_64 -pipe -no-cpp-precomp -isysroot /Applications/Xcode.app/Contents/Developer/Platforms/MacOSX.platform/Developer/SDKs/MacOSX10.15.sdk -mmacosx-version-min=10.13 -O2 -fembed-bitcode -I/Users/zyoung/dev/SwiftyTesseract/SwiftyTesseract/SwiftyTesseract/leptonica-1.78.0/macos/x86_64-apple-darwin/include/leptonica -I/Users/zyoung/dev/SwiftyTesseract/SwiftyTesseract/SwiftyTesseract/tesseract-4.1.0/macos/x86_64-apple-darwin/ -arch x86_64 -pipe -no-cpp-precomp -isysroot /Applications/Xcode.app/Contents/Developer/Platforms/MacOSX.platform/Developer/SDKs/MacOSX10.15.sdk -mmacosx-version-min=10.13 -O2 -Wno-deprecated-register -std=c++17 -MT adaptmatch.lo -MD -MP -MF .deps/adaptmatch.Tpo -c ../../../../src/classify/adaptmatch.cpp -o adaptmatch.o
libtool: compile:  /Applications/Xcode.app/Contents/Developer/usr/bin/g++ --target=x86_64-apple-darwin -DHAVE_CONFIG_H -I. -I../../../../src/classify -I../.. -DNDEBUG -I../../../../src/cutil -I../../../../src/ccutil -I../../../../src/ccstruct -I../../../../src/dict -I../../../../src/viewer -I/Users/zyoung/dev/SwiftyTesseract/SwiftyTesseract/SwiftyTesseract/tesseract-4.1.0/macos/x86_64-apple-darwin/ -arch x86_64 -pipe -no-cpp-precomp -isysroot /Applications/Xcode.app/Contents/Developer/Platforms/MacOSX.platform/Developer/SDKs/MacOSX10.15.sdk -mmacosx-version-min=10.13 -O2 -fembed-bitcode -I/Users/zyoung/dev/SwiftyTesseract/SwiftyTesseract/SwiftyTesseract/leptonica-1.78.0/macos/x86_64-apple-darwin/include/leptonica -I/Users/zyoung/dev/SwiftyTesseract/SwiftyTesseract/SwiftyTesseract/tesseract-4.1.0/macos/x86_64-apple-darwin/ -arch x86_64 -pipe -no-cpp-precomp -isysroot /Applications/Xcode.app/Contents/Developer/Platforms/MacOSX.platform/Developer/SDKs/MacOSX10.15.sdk -mmacosx-version-min=10.13 -O2 -Wno-deprecated-register -std=c++17 -MT cluster.lo -MD -MP -MF .deps/cluster.Tpo -c ../../../../src/classify/cluster.cpp -o cluster.o
libtool: compile:  /Applications/Xcode.app/Contents/Developer/usr/bin/g++ --target=x86_64-apple-darwin -DHAVE_CONFIG_H -I. -I../../../../src/classify -I../.. -DNDEBUG -I../../../../src/cutil -I../../../../src/ccutil -I../../../../src/ccstruct -I../../../../src/dict -I../../../../src/viewer -I/Users/zyoung/dev/SwiftyTesseract/SwiftyTesseract/SwiftyTesseract/tesseract-4.1.0/macos/x86_64-apple-darwin/ -arch x86_64 -pipe -no-cpp-precomp -isysroot /Applications/Xcode.app/Contents/Developer/Platforms/MacOSX.platform/Developer/SDKs/MacOSX10.15.sdk -mmacosx-version-min=10.13 -O2 -fembed-bitcode -I/Users/zyoung/dev/SwiftyTesseract/SwiftyTesseract/SwiftyTesseract/leptonica-1.78.0/macos/x86_64-apple-darwin/include/leptonica -I/Users/zyoung/dev/SwiftyTesseract/SwiftyTesseract/SwiftyTesseract/tesseract-4.1.0/macos/x86_64-apple-darwin/ -arch x86_64 -pipe -no-cpp-precomp -isysroot /Applications/Xcode.app/Contents/Developer/Platforms/MacOSX.platform/Developer/SDKs/MacOSX10.15.sdk -mmacosx-version-min=10.13 -O2 -Wno-deprecated-register -std=c++17 -MT featdefs.lo -MD -MP -MF .deps/featdefs.Tpo -c ../../../../src/classify/featdefs.cpp -o featdefs.o
libtool: compile:  /Applications/Xcode.app/Contents/Developer/usr/bin/g++ --target=x86_64-apple-darwin -DHAVE_CONFIG_H -I. -I../../../../src/classify -I../.. -DNDEBUG -I../../../../src/cutil -I../../../../src/ccutil -I../../../../src/ccstruct -I../../../../src/dict -I../../../../src/viewer -I/Users/zyoung/dev/SwiftyTesseract/SwiftyTesseract/SwiftyTesseract/tesseract-4.1.0/macos/x86_64-apple-darwin/ -arch x86_64 -pipe -no-cpp-precomp -isysroot /Applications/Xcode.app/Contents/Developer/Platforms/MacOSX.platform/Developer/SDKs/MacOSX10.15.sdk -mmacosx-version-min=10.13 -O2 -fembed-bitcode -I/Users/zyoung/dev/SwiftyTesseract/SwiftyTesseract/SwiftyTesseract/leptonica-1.78.0/macos/x86_64-apple-darwin/include/leptonica -I/Users/zyoung/dev/SwiftyTesseract/SwiftyTesseract/SwiftyTesseract/tesseract-4.1.0/macos/x86_64-apple-darwin/ -arch x86_64 -pipe -no-cpp-precomp -isysroot /Applications/Xcode.app/Contents/Developer/Platforms/MacOSX.platform/Developer/SDKs/MacOSX10.15.sdk -mmacosx-version-min=10.13 -O2 -Wno-deprecated-register -std=c++17 -MT float2int.lo -MD -MP -MF .deps/float2int.Tpo -c ../../../../src/classify/float2int.cpp -o float2int.o
libtool: compile:  /Applications/Xcode.app/Contents/Developer/usr/bin/g++ --target=x86_64-apple-darwin -DHAVE_CONFIG_H -I. -I../../../../src/classify -I../.. -DNDEBUG -I../../../../src/cutil -I../../../../src/ccutil -I../../../../src/ccstruct -I../../../../src/dict -I../../../../src/viewer -I/Users/zyoung/dev/SwiftyTesseract/SwiftyTesseract/SwiftyTesseract/tesseract-4.1.0/macos/x86_64-apple-darwin/ -arch x86_64 -pipe -no-cpp-precomp -isysroot /Applications/Xcode.app/Contents/Developer/Platforms/MacOSX.platform/Developer/SDKs/MacOSX10.15.sdk -mmacosx-version-min=10.13 -O2 -fembed-bitcode -I/Users/zyoung/dev/SwiftyTesseract/SwiftyTesseract/SwiftyTesseract/leptonica-1.78.0/macos/x86_64-apple-darwin/include/leptonica -I/Users/zyoung/dev/SwiftyTesseract/SwiftyTesseract/SwiftyTesseract/tesseract-4.1.0/macos/x86_64-apple-darwin/ -arch x86_64 -pipe -no-cpp-precomp -isysroot /Applications/Xcode.app/Contents/Developer/Platforms/MacOSX.platform/Developer/SDKs/MacOSX10.15.sdk -mmacosx-version-min=10.13 -O2 -Wno-deprecated-register -std=c++17 -MT fpoint.lo -MD -MP -MF .deps/fpoint.Tpo -c ../../../../src/classify/fpoint.cpp -o fpoint.o
libtool: compile:  /Applications/Xcode.app/Contents/Developer/usr/bin/g++ --target=x86_64-apple-darwin -DHAVE_CONFIG_H -I. -I../../../../src/classify -I../.. -DNDEBUG -I../../../../src/cutil -I../../../../src/ccutil -I../../../../src/ccstruct -I../../../../src/dict -I../../../../src/viewer -I/Users/zyoung/dev/SwiftyTesseract/SwiftyTesseract/SwiftyTesseract/tesseract-4.1.0/macos/x86_64-apple-darwin/ -arch x86_64 -pipe -no-cpp-precomp -isysroot /Applications/Xcode.app/Contents/Developer/Platforms/MacOSX.platform/Developer/SDKs/MacOSX10.15.sdk -mmacosx-version-min=10.13 -O2 -fembed-bitcode -I/Users/zyoung/dev/SwiftyTesseract/SwiftyTesseract/SwiftyTesseract/leptonica-1.78.0/macos/x86_64-apple-darwin/include/leptonica -I/Users/zyoung/dev/SwiftyTesseract/SwiftyTesseract/SwiftyTesseract/tesseract-4.1.0/macos/x86_64-apple-darwin/ -arch x86_64 -pipe -no-cpp-precomp -isysroot /Applications/Xcode.app/Contents/Developer/Platforms/MacOSX.platform/Developer/SDKs/MacOSX10.15.sdk -mmacosx-version-min=10.13 -O2 -Wno-deprecated-register -std=c++17 -MT intfeaturedist.lo -MD -MP -MF .deps/intfeaturedist.Tpo -c ../../../../src/classify/intfeaturedist.cpp -o intfeaturedist.o
libtool: compile:  /Applications/Xcode.app/Contents/Developer/usr/bin/g++ --target=x86_64-apple-darwin -DHAVE_CONFIG_H -I. -I../../../../src/classify -I../.. -DNDEBUG -I../../../../src/cutil -I../../../../src/ccutil -I../../../../src/ccstruct -I../../../../src/dict -I../../../../src/viewer -I/Users/zyoung/dev/SwiftyTesseract/SwiftyTesseract/SwiftyTesseract/tesseract-4.1.0/macos/x86_64-apple-darwin/ -arch x86_64 -pipe -no-cpp-precomp -isysroot /Applications/Xcode.app/Contents/Developer/Platforms/MacOSX.platform/Developer/SDKs/MacOSX10.15.sdk -mmacosx-version-min=10.13 -O2 -fembed-bitcode -I/Users/zyoung/dev/SwiftyTesseract/SwiftyTesseract/SwiftyTesseract/leptonica-1.78.0/macos/x86_64-apple-darwin/include/leptonica -I/Users/zyoung/dev/SwiftyTesseract/SwiftyTesseract/SwiftyTesseract/tesseract-4.1.0/macos/x86_64-apple-darwin/ -arch x86_64 -pipe -no-cpp-precomp -isysroot /Applications/Xcode.app/Contents/Developer/Platforms/MacOSX.platform/Developer/SDKs/MacOSX10.15.sdk -mmacosx-version-min=10.13 -O2 -Wno-deprecated-register -std=c++17 -MT intfeaturemap.lo -MD -MP -MF .deps/intfeaturemap.Tpo -c ../../../../src/classify/intfeaturemap.cpp -o intfeaturemap.o
libtool: compile:  /Applications/Xcode.app/Contents/Developer/usr/bin/g++ --target=x86_64-apple-darwin -DHAVE_CONFIG_H -I. -I../../../../src/classify -I../.. -DNDEBUG -I../../../../src/cutil -I../../../../src/ccutil -I../../../../src/ccstruct -I../../../../src/dict -I../../../../src/viewer -I/Users/zyoung/dev/SwiftyTesseract/SwiftyTesseract/SwiftyTesseract/tesseract-4.1.0/macos/x86_64-apple-darwin/ -arch x86_64 -pipe -no-cpp-precomp -isysroot /Applications/Xcode.app/Contents/Developer/Platforms/MacOSX.platform/Developer/SDKs/MacOSX10.15.sdk -mmacosx-version-min=10.13 -O2 -fembed-bitcode -I/Users/zyoung/dev/SwiftyTesseract/SwiftyTesseract/SwiftyTesseract/leptonica-1.78.0/macos/x86_64-apple-darwin/include/leptonica -I/Users/zyoung/dev/SwiftyTesseract/SwiftyTesseract/SwiftyTesseract/tesseract-4.1.0/macos/x86_64-apple-darwin/ -arch x86_64 -pipe -no-cpp-precomp -isysroot /Applications/Xcode.app/Contents/Developer/Platforms/MacOSX.platform/Developer/SDKs/MacOSX10.15.sdk -mmacosx-version-min=10.13 -O2 -Wno-deprecated-register -std=c++17 -MT intfeaturespace.lo -MD -MP -MF .deps/intfeaturespace.Tpo -c ../../../../src/classify/intfeaturespace.cpp -o intfeaturespace.o
libtool: compile:  /Applications/Xcode.app/Contents/Developer/usr/bin/g++ --target=x86_64-apple-darwin -DHAVE_CONFIG_H -I. -I../../../../src/classify -I../.. -DNDEBUG -I../../../../src/cutil -I../../../../src/ccutil -I../../../../src/ccstruct -I../../../../src/dict -I../../../../src/viewer -I/Users/zyoung/dev/SwiftyTesseract/SwiftyTesseract/SwiftyTesseract/tesseract-4.1.0/macos/x86_64-apple-darwin/ -arch x86_64 -pipe -no-cpp-precomp -isysroot /Applications/Xcode.app/Contents/Developer/Platforms/MacOSX.platform/Developer/SDKs/MacOSX10.15.sdk -mmacosx-version-min=10.13 -O2 -fembed-bitcode -I/Users/zyoung/dev/SwiftyTesseract/SwiftyTesseract/SwiftyTesseract/leptonica-1.78.0/macos/x86_64-apple-darwin/include/leptonica -I/Users/zyoung/dev/SwiftyTesseract/SwiftyTesseract/SwiftyTesseract/tesseract-4.1.0/macos/x86_64-apple-darwin/ -arch x86_64 -pipe -no-cpp-precomp -isysroot /Applications/Xcode.app/Contents/Developer/Platforms/MacOSX.platform/Developer/SDKs/MacOSX10.15.sdk -mmacosx-version-min=10.13 -O2 -Wno-deprecated-register -std=c++17 -MT intfx.lo -MD -MP -MF .deps/intfx.Tpo -c ../../../../src/classify/intfx.cpp -o intfx.o
libtool: compile:  /Applications/Xcode.app/Contents/Developer/usr/bin/g++ --target=x86_64-apple-darwin -DHAVE_CONFIG_H -I. -I../../../../src/classify -I../.. -DNDEBUG -I../../../../src/cutil -I../../../../src/ccutil -I../../../../src/ccstruct -I../../../../src/dict -I../../../../src/viewer -I/Users/zyoung/dev/SwiftyTesseract/SwiftyTesseract/SwiftyTesseract/tesseract-4.1.0/macos/x86_64-apple-darwin/ -arch x86_64 -pipe -no-cpp-precomp -isysroot /Applications/Xcode.app/Contents/Developer/Platforms/MacOSX.platform/Developer/SDKs/MacOSX10.15.sdk -mmacosx-version-min=10.13 -O2 -fembed-bitcode -I/Users/zyoung/dev/SwiftyTesseract/SwiftyTesseract/SwiftyTesseract/leptonica-1.78.0/macos/x86_64-apple-darwin/include/leptonica -I/Users/zyoung/dev/SwiftyTesseract/SwiftyTesseract/SwiftyTesseract/tesseract-4.1.0/macos/x86_64-apple-darwin/ -arch x86_64 -pipe -no-cpp-precomp -isysroot /Applications/Xcode.app/Contents/Developer/Platforms/MacOSX.platform/Developer/SDKs/MacOSX10.15.sdk -mmacosx-version-min=10.13 -O2 -Wno-deprecated-register -std=c++17 -MT intmatcher.lo -MD -MP -MF .deps/intmatcher.Tpo -c ../../../../src/classify/intmatcher.cpp -o intmatcher.o
libtool: compile:  /Applications/Xcode.app/Contents/Developer/usr/bin/g++ --target=x86_64-apple-darwin -DHAVE_CONFIG_H -I. -I../../../../src/classify -I../.. -DNDEBUG -I../../../../src/cutil -I../../../../src/ccutil -I../../../../src/ccstruct -I../../../../src/dict -I../../../../src/viewer -I/Users/zyoung/dev/SwiftyTesseract/SwiftyTesseract/SwiftyTesseract/tesseract-4.1.0/macos/x86_64-apple-darwin/ -arch x86_64 -pipe -no-cpp-precomp -isysroot /Applications/Xcode.app/Contents/Developer/Platforms/MacOSX.platform/Developer/SDKs/MacOSX10.15.sdk -mmacosx-version-min=10.13 -O2 -fembed-bitcode -I/Users/zyoung/dev/SwiftyTesseract/SwiftyTesseract/SwiftyTesseract/leptonica-1.78.0/macos/x86_64-apple-darwin/include/leptonica -I/Users/zyoung/dev/SwiftyTesseract/SwiftyTesseract/SwiftyTesseract/tesseract-4.1.0/macos/x86_64-apple-darwin/ -arch x86_64 -pipe -no-cpp-precomp -isysroot /Applications/Xcode.app/Contents/Developer/Platforms/MacOSX.platform/Developer/SDKs/MacOSX10.15.sdk -mmacosx-version-min=10.13 -O2 -Wno-deprecated-register -std=c++17 -MT intproto.lo -MD -MP -MF .deps/intproto.Tpo -c ../../../../src/classify/intproto.cpp -o intproto.o
libtool: compile:  /Applications/Xcode.app/Contents/Developer/usr/bin/g++ --target=x86_64-apple-darwin -DHAVE_CONFIG_H -I. -I../../../../src/classify -I../.. -DNDEBUG -I../../../../src/cutil -I../../../../src/ccutil -I../../../../src/ccstruct -I../../../../src/dict -I../../../../src/viewer -I/Users/zyoung/dev/SwiftyTesseract/SwiftyTesseract/SwiftyTesseract/tesseract-4.1.0/macos/x86_64-apple-darwin/ -arch x86_64 -pipe -no-cpp-precomp -isysroot /Applications/Xcode.app/Contents/Developer/Platforms/MacOSX.platform/Developer/SDKs/MacOSX10.15.sdk -mmacosx-version-min=10.13 -O2 -fembed-bitcode -I/Users/zyoung/dev/SwiftyTesseract/SwiftyTesseract/SwiftyTesseract/leptonica-1.78.0/macos/x86_64-apple-darwin/include/leptonica -I/Users/zyoung/dev/SwiftyTesseract/SwiftyTesseract/SwiftyTesseract/tesseract-4.1.0/macos/x86_64-apple-darwin/ -arch x86_64 -pipe -no-cpp-precomp -isysroot /Applications/Xcode.app/Contents/Developer/Platforms/MacOSX.platform/Developer/SDKs/MacOSX10.15.sdk -mmacosx-version-min=10.13 -O2 -Wno-deprecated-register -std=c++17 -MT kdtree.lo -MD -MP -MF .deps/kdtree.Tpo -c ../../../../src/classify/kdtree.cpp -o kdtree.o
libtool: compile:  /Applications/Xcode.app/Contents/Developer/usr/bin/g++ --target=x86_64-apple-darwin -DHAVE_CONFIG_H -I. -I../../../../src/classify -I../.. -DNDEBUG -I../../../../src/cutil -I../../../../src/ccutil -I../../../../src/ccstruct -I../../../../src/dict -I../../../../src/viewer -I/Users/zyoung/dev/SwiftyTesseract/SwiftyTesseract/SwiftyTesseract/tesseract-4.1.0/macos/x86_64-apple-darwin/ -arch x86_64 -pipe -no-cpp-precomp -isysroot /Applications/Xcode.app/Contents/Developer/Platforms/MacOSX.platform/Developer/SDKs/MacOSX10.15.sdk -mmacosx-version-min=10.13 -O2 -fembed-bitcode -I/Users/zyoung/dev/SwiftyTesseract/SwiftyTesseract/SwiftyTesseract/leptonica-1.78.0/macos/x86_64-apple-darwin/include/leptonica -I/Users/zyoung/dev/SwiftyTesseract/SwiftyTesseract/SwiftyTesseract/tesseract-4.1.0/macos/x86_64-apple-darwin/ -arch x86_64 -pipe -no-cpp-precomp -isysroot /Applications/Xcode.app/Contents/Developer/Platforms/MacOSX.platform/Developer/SDKs/MacOSX10.15.sdk -mmacosx-version-min=10.13 -O2 -Wno-deprecated-register -std=c++17 -MT mastertrainer.lo -MD -MP -MF .deps/mastertrainer.Tpo -c ../../../../src/classify/mastertrainer.cpp -o mastertrainer.o
libtool: compile:  /Applications/Xcode.app/Contents/Developer/usr/bin/g++ --target=x86_64-apple-darwin -DHAVE_CONFIG_H -I. -I../../../../src/classify -I../.. -DNDEBUG -I../../../../src/cutil -I../../../../src/ccutil -I../../../../src/ccstruct -I../../../../src/dict -I../../../../src/viewer -I/Users/zyoung/dev/SwiftyTesseract/SwiftyTesseract/SwiftyTesseract/tesseract-4.1.0/macos/x86_64-apple-darwin/ -arch x86_64 -pipe -no-cpp-precomp -isysroot /Applications/Xcode.app/Contents/Developer/Platforms/MacOSX.platform/Developer/SDKs/MacOSX10.15.sdk -mmacosx-version-min=10.13 -O2 -fembed-bitcode -I/Users/zyoung/dev/SwiftyTesseract/SwiftyTesseract/SwiftyTesseract/leptonica-1.78.0/macos/x86_64-apple-darwin/include/leptonica -I/Users/zyoung/dev/SwiftyTesseract/SwiftyTesseract/SwiftyTesseract/tesseract-4.1.0/macos/x86_64-apple-darwin/ -arch x86_64 -pipe -no-cpp-precomp -isysroot /Applications/Xcode.app/Contents/Developer/Platforms/MacOSX.platform/Developer/SDKs/MacOSX10.15.sdk -mmacosx-version-min=10.13 -O2 -Wno-deprecated-register -std=c++17 -MT mf.lo -MD -MP -MF .deps/mf.Tpo -c ../../../../src/classify/mf.cpp -o mf.o
libtool: compile:  /Applications/Xcode.app/Contents/Developer/usr/bin/g++ --target=x86_64-apple-darwin -DHAVE_CONFIG_H -I. -I../../../../src/classify -I../.. -DNDEBUG -I../../../../src/cutil -I../../../../src/ccutil -I../../../../src/ccstruct -I../../../../src/dict -I../../../../src/viewer -I/Users/zyoung/dev/SwiftyTesseract/SwiftyTesseract/SwiftyTesseract/tesseract-4.1.0/macos/x86_64-apple-darwin/ -arch x86_64 -pipe -no-cpp-precomp -isysroot /Applications/Xcode.app/Contents/Developer/Platforms/MacOSX.platform/Developer/SDKs/MacOSX10.15.sdk -mmacosx-version-min=10.13 -O2 -fembed-bitcode -I/Users/zyoung/dev/SwiftyTesseract/SwiftyTesseract/SwiftyTesseract/leptonica-1.78.0/macos/x86_64-apple-darwin/include/leptonica -I/Users/zyoung/dev/SwiftyTesseract/SwiftyTesseract/SwiftyTesseract/tesseract-4.1.0/macos/x86_64-apple-darwin/ -arch x86_64 -pipe -no-cpp-precomp -isysroot /Applications/Xcode.app/Contents/Developer/Platforms/MacOSX.platform/Developer/SDKs/MacOSX10.15.sdk -mmacosx-version-min=10.13 -O2 -Wno-deprecated-register -std=c++17 -MT mfdefs.lo -MD -MP -MF .deps/mfdefs.Tpo -c ../../../../src/classify/mfdefs.cpp -o mfdefs.o
libtool: compile:  /Applications/Xcode.app/Contents/Developer/usr/bin/g++ --target=x86_64-apple-darwin -DHAVE_CONFIG_H -I. -I../../../../src/classify -I../.. -DNDEBUG -I../../../../src/cutil -I../../../../src/ccutil -I../../../../src/ccstruct -I../../../../src/dict -I../../../../src/viewer -I/Users/zyoung/dev/SwiftyTesseract/SwiftyTesseract/SwiftyTesseract/tesseract-4.1.0/macos/x86_64-apple-darwin/ -arch x86_64 -pipe -no-cpp-precomp -isysroot /Applications/Xcode.app/Contents/Developer/Platforms/MacOSX.platform/Developer/SDKs/MacOSX10.15.sdk -mmacosx-version-min=10.13 -O2 -fembed-bitcode -I/Users/zyoung/dev/SwiftyTesseract/SwiftyTesseract/SwiftyTesseract/leptonica-1.78.0/macos/x86_64-apple-darwin/include/leptonica -I/Users/zyoung/dev/SwiftyTesseract/SwiftyTesseract/SwiftyTesseract/tesseract-4.1.0/macos/x86_64-apple-darwin/ -arch x86_64 -pipe -no-cpp-precomp -isysroot /Applications/Xcode.app/Contents/Developer/Platforms/MacOSX.platform/Developer/SDKs/MacOSX10.15.sdk -mmacosx-version-min=10.13 -O2 -Wno-deprecated-register -std=c++17 -MT mfoutline.lo -MD -MP -MF .deps/mfoutline.Tpo -c ../../../../src/classify/mfoutline.cpp -o mfoutline.o
libtool: compile:  /Applications/Xcode.app/Contents/Developer/usr/bin/g++ --target=x86_64-apple-darwin -DHAVE_CONFIG_H -I. -I../../../../src/classify -I../.. -DNDEBUG -I../../../../src/cutil -I../../../../src/ccutil -I../../../../src/ccstruct -I../../../../src/dict -I../../../../src/viewer -I/Users/zyoung/dev/SwiftyTesseract/SwiftyTesseract/SwiftyTesseract/tesseract-4.1.0/macos/x86_64-apple-darwin/ -arch x86_64 -pipe -no-cpp-precomp -isysroot /Applications/Xcode.app/Contents/Developer/Platforms/MacOSX.platform/Developer/SDKs/MacOSX10.15.sdk -mmacosx-version-min=10.13 -O2 -fembed-bitcode -I/Users/zyoung/dev/SwiftyTesseract/SwiftyTesseract/SwiftyTesseract/leptonica-1.78.0/macos/x86_64-apple-darwin/include/leptonica -I/Users/zyoung/dev/SwiftyTesseract/SwiftyTesseract/SwiftyTesseract/tesseract-4.1.0/macos/x86_64-apple-darwin/ -arch x86_64 -pipe -no-cpp-precomp -isysroot /Applications/Xcode.app/Contents/Developer/Platforms/MacOSX.platform/Developer/SDKs/MacOSX10.15.sdk -mmacosx-version-min=10.13 -O2 -Wno-deprecated-register -std=c++17 -MT mfx.lo -MD -MP -MF .deps/mfx.Tpo -c ../../../../src/classify/mfx.cpp -o mfx.o
libtool: compile:  /Applications/Xcode.app/Contents/Developer/usr/bin/g++ --target=x86_64-apple-darwin -DHAVE_CONFIG_H -I. -I../../../../src/classify -I../.. -DNDEBUG -I../../../../src/cutil -I../../../../src/ccutil -I../../../../src/ccstruct -I../../../../src/dict -I../../../../src/viewer -I/Users/zyoung/dev/SwiftyTesseract/SwiftyTesseract/SwiftyTesseract/tesseract-4.1.0/macos/x86_64-apple-darwin/ -arch x86_64 -pipe -no-cpp-precomp -isysroot /Applications/Xcode.app/Contents/Developer/Platforms/MacOSX.platform/Developer/SDKs/MacOSX10.15.sdk -mmacosx-version-min=10.13 -O2 -fembed-bitcode -I/Users/zyoung/dev/SwiftyTesseract/SwiftyTesseract/SwiftyTesseract/leptonica-1.78.0/macos/x86_64-apple-darwin/include/leptonica -I/Users/zyoung/dev/SwiftyTesseract/SwiftyTesseract/SwiftyTesseract/tesseract-4.1.0/macos/x86_64-apple-darwin/ -arch x86_64 -pipe -no-cpp-precomp -isysroot /Applications/Xcode.app/Contents/Developer/Platforms/MacOSX.platform/Developer/SDKs/MacOSX10.15.sdk -mmacosx-version-min=10.13 -O2 -Wno-deprecated-register -std=c++17 -MT normfeat.lo -MD -MP -MF .deps/normfeat.Tpo -c ../../../../src/classify/normfeat.cpp -o normfeat.o
libtool: compile:  /Applications/Xcode.app/Contents/Developer/usr/bin/g++ --target=x86_64-apple-darwin -DHAVE_CONFIG_H -I. -I../../../../src/classify -I../.. -DNDEBUG -I../../../../src/cutil -I../../../../src/ccutil -I../../../../src/ccstruct -I../../../../src/dict -I../../../../src/viewer -I/Users/zyoung/dev/SwiftyTesseract/SwiftyTesseract/SwiftyTesseract/tesseract-4.1.0/macos/x86_64-apple-darwin/ -arch x86_64 -pipe -no-cpp-precomp -isysroot /Applications/Xcode.app/Contents/Developer/Platforms/MacOSX.platform/Developer/SDKs/MacOSX10.15.sdk -mmacosx-version-min=10.13 -O2 -fembed-bitcode -I/Users/zyoung/dev/SwiftyTesseract/SwiftyTesseract/SwiftyTesseract/leptonica-1.78.0/macos/x86_64-apple-darwin/include/leptonica -I/Users/zyoung/dev/SwiftyTesseract/SwiftyTesseract/SwiftyTesseract/tesseract-4.1.0/macos/x86_64-apple-darwin/ -arch x86_64 -pipe -no-cpp-precomp -isysroot /Applications/Xcode.app/Contents/Developer/Platforms/MacOSX.platform/Developer/SDKs/MacOSX10.15.sdk -mmacosx-version-min=10.13 -O2 -Wno-deprecated-register -std=c++17 -MT normmatch.lo -MD -MP -MF .deps/normmatch.Tpo -c ../../../../src/classify/normmatch.cpp -o normmatch.o
libtool: compile:  /Applications/Xcode.app/Contents/Developer/usr/bin/g++ --target=x86_64-apple-darwin -DHAVE_CONFIG_H -I. -I../../../../src/classify -I../.. -DNDEBUG -I../../../../src/cutil -I../../../../src/ccutil -I../../../../src/ccstruct -I../../../../src/dict -I../../../../src/viewer -I/Users/zyoung/dev/SwiftyTesseract/SwiftyTesseract/SwiftyTesseract/tesseract-4.1.0/macos/x86_64-apple-darwin/ -arch x86_64 -pipe -no-cpp-precomp -isysroot /Applications/Xcode.app/Contents/Developer/Platforms/MacOSX.platform/Developer/SDKs/MacOSX10.15.sdk -mmacosx-version-min=10.13 -O2 -fembed-bitcode -I/Users/zyoung/dev/SwiftyTesseract/SwiftyTesseract/SwiftyTesseract/leptonica-1.78.0/macos/x86_64-apple-darwin/include/leptonica -I/Users/zyoung/dev/SwiftyTesseract/SwiftyTesseract/SwiftyTesseract/tesseract-4.1.0/macos/x86_64-apple-darwin/ -arch x86_64 -pipe -no-cpp-precomp -isysroot /Applications/Xcode.app/Contents/Developer/Platforms/MacOSX.platform/Developer/SDKs/MacOSX10.15.sdk -mmacosx-version-min=10.13 -O2 -Wno-deprecated-register -std=c++17 -MT ocrfeatures.lo -MD -MP -MF .deps/ocrfeatures.Tpo -c ../../../../src/classify/ocrfeatures.cpp -o ocrfeatures.o
libtool: compile:  /Applications/Xcode.app/Contents/Developer/usr/bin/g++ --target=x86_64-apple-darwin -DHAVE_CONFIG_H -I. -I../../../../src/classify -I../.. -DNDEBUG -I../../../../src/cutil -I../../../../src/ccutil -I../../../../src/ccstruct -I../../../../src/dict -I../../../../src/viewer -I/Users/zyoung/dev/SwiftyTesseract/SwiftyTesseract/SwiftyTesseract/tesseract-4.1.0/macos/x86_64-apple-darwin/ -arch x86_64 -pipe -no-cpp-precomp -isysroot /Applications/Xcode.app/Contents/Developer/Platforms/MacOSX.platform/Developer/SDKs/MacOSX10.15.sdk -mmacosx-version-min=10.13 -O2 -fembed-bitcode -I/Users/zyoung/dev/SwiftyTesseract/SwiftyTesseract/SwiftyTesseract/leptonica-1.78.0/macos/x86_64-apple-darwin/include/leptonica -I/Users/zyoung/dev/SwiftyTesseract/SwiftyTesseract/SwiftyTesseract/tesseract-4.1.0/macos/x86_64-apple-darwin/ -arch x86_64 -pipe -no-cpp-precomp -isysroot /Applications/Xcode.app/Contents/Developer/Platforms/MacOSX.platform/Developer/SDKs/MacOSX10.15.sdk -mmacosx-version-min=10.13 -O2 -Wno-deprecated-register -std=c++17 -MT outfeat.lo -MD -MP -MF .deps/outfeat.Tpo -c ../../../../src/classify/outfeat.cpp -o outfeat.o
libtool: compile:  /Applications/Xcode.app/Contents/Developer/usr/bin/g++ --target=x86_64-apple-darwin -DHAVE_CONFIG_H -I. -I../../../../src/classify -I../.. -DNDEBUG -I../../../../src/cutil -I../../../../src/ccutil -I../../../../src/ccstruct -I../../../../src/dict -I../../../../src/viewer -I/Users/zyoung/dev/SwiftyTesseract/SwiftyTesseract/SwiftyTesseract/tesseract-4.1.0/macos/x86_64-apple-darwin/ -arch x86_64 -pipe -no-cpp-precomp -isysroot /Applications/Xcode.app/Contents/Developer/Platforms/MacOSX.platform/Developer/SDKs/MacOSX10.15.sdk -mmacosx-version-min=10.13 -O2 -fembed-bitcode -I/Users/zyoung/dev/SwiftyTesseract/SwiftyTesseract/SwiftyTesseract/leptonica-1.78.0/macos/x86_64-apple-darwin/include/leptonica -I/Users/zyoung/dev/SwiftyTesseract/SwiftyTesseract/SwiftyTesseract/tesseract-4.1.0/macos/x86_64-apple-darwin/ -arch x86_64 -pipe -no-cpp-precomp -isysroot /Applications/Xcode.app/Contents/Developer/Platforms/MacOSX.platform/Developer/SDKs/MacOSX10.15.sdk -mmacosx-version-min=10.13 -O2 -Wno-deprecated-register -std=c++17 -MT picofeat.lo -MD -MP -MF .deps/picofeat.Tpo -c ../../../../src/classify/picofeat.cpp -o picofeat.o
libtool: compile:  /Applications/Xcode.app/Contents/Developer/usr/bin/g++ --target=x86_64-apple-darwin -DHAVE_CONFIG_H -I. -I../../../../src/classify -I../.. -DNDEBUG -I../../../../src/cutil -I../../../../src/ccutil -I../../../../src/ccstruct -I../../../../src/dict -I../../../../src/viewer -I/Users/zyoung/dev/SwiftyTesseract/SwiftyTesseract/SwiftyTesseract/tesseract-4.1.0/macos/x86_64-apple-darwin/ -arch x86_64 -pipe -no-cpp-precomp -isysroot /Applications/Xcode.app/Contents/Developer/Platforms/MacOSX.platform/Developer/SDKs/MacOSX10.15.sdk -mmacosx-version-min=10.13 -O2 -fembed-bitcode -I/Users/zyoung/dev/SwiftyTesseract/SwiftyTesseract/SwiftyTesseract/leptonica-1.78.0/macos/x86_64-apple-darwin/include/leptonica -I/Users/zyoung/dev/SwiftyTesseract/SwiftyTesseract/SwiftyTesseract/tesseract-4.1.0/macos/x86_64-apple-darwin/ -arch x86_64 -pipe -no-cpp-precomp -isysroot /Applications/Xcode.app/Contents/Developer/Platforms/MacOSX.platform/Developer/SDKs/MacOSX10.15.sdk -mmacosx-version-min=10.13 -O2 -Wno-deprecated-register -std=c++17 -MT protos.lo -MD -MP -MF .deps/protos.Tpo -c ../../../../src/classify/protos.cpp -o protos.o
libtool: compile:  /Applications/Xcode.app/Contents/Developer/usr/bin/g++ --target=x86_64-apple-darwin -DHAVE_CONFIG_H -I. -I../../../../src/classify -I../.. -DNDEBUG -I../../../../src/cutil -I../../../../src/ccutil -I../../../../src/ccstruct -I../../../../src/dict -I../../../../src/viewer -I/Users/zyoung/dev/SwiftyTesseract/SwiftyTesseract/SwiftyTesseract/tesseract-4.1.0/macos/x86_64-apple-darwin/ -arch x86_64 -pipe -no-cpp-precomp -isysroot /Applications/Xcode.app/Contents/Developer/Platforms/MacOSX.platform/Developer/SDKs/MacOSX10.15.sdk -mmacosx-version-min=10.13 -O2 -fembed-bitcode -I/Users/zyoung/dev/SwiftyTesseract/SwiftyTesseract/SwiftyTesseract/leptonica-1.78.0/macos/x86_64-apple-darwin/include/leptonica -I/Users/zyoung/dev/SwiftyTesseract/SwiftyTesseract/SwiftyTesseract/tesseract-4.1.0/macos/x86_64-apple-darwin/ -arch x86_64 -pipe -no-cpp-precomp -isysroot /Applications/Xcode.app/Contents/Developer/Platforms/MacOSX.platform/Developer/SDKs/MacOSX10.15.sdk -mmacosx-version-min=10.13 -O2 -Wno-deprecated-register -std=c++17 -MT sampleiterator.lo -MD -MP -MF .deps/sampleiterator.Tpo -c ../../../../src/classify/sampleiterator.cpp -o sampleiterator.o
libtool: compile:  /Applications/Xcode.app/Contents/Developer/usr/bin/g++ --target=x86_64-apple-darwin -DHAVE_CONFIG_H -I. -I../../../../src/classify -I../.. -DNDEBUG -I../../../../src/cutil -I../../../../src/ccutil -I../../../../src/ccstruct -I../../../../src/dict -I../../../../src/viewer -I/Users/zyoung/dev/SwiftyTesseract/SwiftyTesseract/SwiftyTesseract/tesseract-4.1.0/macos/x86_64-apple-darwin/ -arch x86_64 -pipe -no-cpp-precomp -isysroot /Applications/Xcode.app/Contents/Developer/Platforms/MacOSX.platform/Developer/SDKs/MacOSX10.15.sdk -mmacosx-version-min=10.13 -O2 -fembed-bitcode -I/Users/zyoung/dev/SwiftyTesseract/SwiftyTesseract/SwiftyTesseract/leptonica-1.78.0/macos/x86_64-apple-darwin/include/leptonica -I/Users/zyoung/dev/SwiftyTesseract/SwiftyTesseract/SwiftyTesseract/tesseract-4.1.0/macos/x86_64-apple-darwin/ -arch x86_64 -pipe -no-cpp-precomp -isysroot /Applications/Xcode.app/Contents/Developer/Platforms/MacOSX.platform/Developer/SDKs/MacOSX10.15.sdk -mmacosx-version-min=10.13 -O2 -Wno-deprecated-register -std=c++17 -MT shapeclassifier.lo -MD -MP -MF .deps/shapeclassifier.Tpo -c ../../../../src/classify/shapeclassifier.cpp -o shapeclassifier.o
libtool: compile:  /Applications/Xcode.app/Contents/Developer/usr/bin/g++ --target=x86_64-apple-darwin -DHAVE_CONFIG_H -I. -I../../../../src/classify -I../.. -DNDEBUG -I../../../../src/cutil -I../../../../src/ccutil -I../../../../src/ccstruct -I../../../../src/dict -I../../../../src/viewer -I/Users/zyoung/dev/SwiftyTesseract/SwiftyTesseract/SwiftyTesseract/tesseract-4.1.0/macos/x86_64-apple-darwin/ -arch x86_64 -pipe -no-cpp-precomp -isysroot /Applications/Xcode.app/Contents/Developer/Platforms/MacOSX.platform/Developer/SDKs/MacOSX10.15.sdk -mmacosx-version-min=10.13 -O2 -fembed-bitcode -I/Users/zyoung/dev/SwiftyTesseract/SwiftyTesseract/SwiftyTesseract/leptonica-1.78.0/macos/x86_64-apple-darwin/include/leptonica -I/Users/zyoung/dev/SwiftyTesseract/SwiftyTesseract/SwiftyTesseract/tesseract-4.1.0/macos/x86_64-apple-darwin/ -arch x86_64 -pipe -no-cpp-precomp -isysroot /Applications/Xcode.app/Contents/Developer/Platforms/MacOSX.platform/Developer/SDKs/MacOSX10.15.sdk -mmacosx-version-min=10.13 -O2 -Wno-deprecated-register -std=c++17 -MT shapetable.lo -MD -MP -MF .deps/shapetable.Tpo -c ../../../../src/classify/shapetable.cpp -o shapetable.o
libtool: compile:  /Applications/Xcode.app/Contents/Developer/usr/bin/g++ --target=x86_64-apple-darwin -DHAVE_CONFIG_H -I. -I../../../../src/classify -I../.. -DNDEBUG -I../../../../src/cutil -I../../../../src/ccutil -I../../../../src/ccstruct -I../../../../src/dict -I../../../../src/viewer -I/Users/zyoung/dev/SwiftyTesseract/SwiftyTesseract/SwiftyTesseract/tesseract-4.1.0/macos/x86_64-apple-darwin/ -arch x86_64 -pipe -no-cpp-precomp -isysroot /Applications/Xcode.app/Contents/Developer/Platforms/MacOSX.platform/Developer/SDKs/MacOSX10.15.sdk -mmacosx-version-min=10.13 -O2 -fembed-bitcode -I/Users/zyoung/dev/SwiftyTesseract/SwiftyTesseract/SwiftyTesseract/leptonica-1.78.0/macos/x86_64-apple-darwin/include/leptonica -I/Users/zyoung/dev/SwiftyTesseract/SwiftyTesseract/SwiftyTesseract/tesseract-4.1.0/macos/x86_64-apple-darwin/ -arch x86_64 -pipe -no-cpp-precomp -isysroot /Applications/Xcode.app/Contents/Developer/Platforms/MacOSX.platform/Developer/SDKs/MacOSX10.15.sdk -mmacosx-version-min=10.13 -O2 -Wno-deprecated-register -std=c++17 -MT tessclassifier.lo -MD -MP -MF .deps/tessclassifier.Tpo -c ../../../../src/classify/tessclassifier.cpp -o tessclassifier.o
libtool: compile:  /Applications/Xcode.app/Contents/Developer/usr/bin/g++ --target=x86_64-apple-darwin -DHAVE_CONFIG_H -I. -I../../../../src/classify -I../.. -DNDEBUG -I../../../../src/cutil -I../../../../src/ccutil -I../../../../src/ccstruct -I../../../../src/dict -I../../../../src/viewer -I/Users/zyoung/dev/SwiftyTesseract/SwiftyTesseract/SwiftyTesseract/tesseract-4.1.0/macos/x86_64-apple-darwin/ -arch x86_64 -pipe -no-cpp-precomp -isysroot /Applications/Xcode.app/Contents/Developer/Platforms/MacOSX.platform/Developer/SDKs/MacOSX10.15.sdk -mmacosx-version-min=10.13 -O2 -fembed-bitcode -I/Users/zyoung/dev/SwiftyTesseract/SwiftyTesseract/SwiftyTesseract/leptonica-1.78.0/macos/x86_64-apple-darwin/include/leptonica -I/Users/zyoung/dev/SwiftyTesseract/SwiftyTesseract/SwiftyTesseract/tesseract-4.1.0/macos/x86_64-apple-darwin/ -arch x86_64 -pipe -no-cpp-precomp -isysroot /Applications/Xcode.app/Contents/Developer/Platforms/MacOSX.platform/Developer/SDKs/MacOSX10.15.sdk -mmacosx-version-min=10.13 -O2 -Wno-deprecated-register -std=c++17 -MT trainingsample.lo -MD -MP -MF .deps/trainingsample.Tpo -c ../../../../src/classify/trainingsample.cpp -o trainingsample.o
libtool: compile:  /Applications/Xcode.app/Contents/Developer/usr/bin/g++ --target=x86_64-apple-darwin -DHAVE_CONFIG_H -I. -I../../../../src/classify -I../.. -DNDEBUG -I../../../../src/cutil -I../../../../src/ccutil -I../../../../src/ccstruct -I../../../../src/dict -I../../../../src/viewer -I/Users/zyoung/dev/SwiftyTesseract/SwiftyTesseract/SwiftyTesseract/tesseract-4.1.0/macos/x86_64-apple-darwin/ -arch x86_64 -pipe -no-cpp-precomp -isysroot /Applications/Xcode.app/Contents/Developer/Platforms/MacOSX.platform/Developer/SDKs/MacOSX10.15.sdk -mmacosx-version-min=10.13 -O2 -fembed-bitcode -I/Users/zyoung/dev/SwiftyTesseract/SwiftyTesseract/SwiftyTesseract/leptonica-1.78.0/macos/x86_64-apple-darwin/include/leptonica -I/Users/zyoung/dev/SwiftyTesseract/SwiftyTesseract/SwiftyTesseract/tesseract-4.1.0/macos/x86_64-apple-darwin/ -arch x86_64 -pipe -no-cpp-precomp -isysroot /Applications/Xcode.app/Contents/Developer/Platforms/MacOSX.platform/Developer/SDKs/MacOSX10.15.sdk -mmacosx-version-min=10.13 -O2 -Wno-deprecated-register -std=c++17 -MT trainingsampleset.lo -MD -MP -MF .deps/trainingsampleset.Tpo -c ../../../../src/classify/trainingsampleset.cpp -o trainingsampleset.o
libtool: link: ar cru .libs/libtesseract_classify.a  blobclass.o classify.o adaptive.o adaptmatch.o cluster.o clusttool.o cutoffs.o errorcounter.o featdefs.o float2int.o fpoint.o intfeaturedist.o intfeaturemap.o intfeaturespace.o intfx.o intmatcher.o intproto.o kdtree.o mastertrainer.o mf.o mfdefs.o mfoutline.o mfx.o normfeat.o normmatch.o ocrfeatures.o outfeat.o picofeat.o protos.o sampleiterator.o shapeclassifier.o shapetable.o tessclassifier.o trainingsample.o trainingsampleset.o
libtool: link: ranlib .libs/libtesseract_classify.a
libtool: link: ( cd ".libs" && rm -f "libtesseract_classify.la" && ln -s "../libtesseract_classify.la" "libtesseract_classify.la" )
Making all in src/wordrec
libtool: compile:  /Applications/Xcode.app/Contents/Developer/usr/bin/g++ --target=x86_64-apple-darwin -DHAVE_CONFIG_H -I. -I../../../../src/wordrec -I../.. -DNDEBUG -I../../../../src/ccstruct -I../../../../src/ccutil -I../../../../src/cutil -I../../../../src/classify -I../../../../src/dict -I../../../../src/viewer -I/Users/zyoung/dev/SwiftyTesseract/SwiftyTesseract/SwiftyTesseract/tesseract-4.1.0/macos/x86_64-apple-darwin/ -arch x86_64 -pipe -no-cpp-precomp -isysroot /Applications/Xcode.app/Contents/Developer/Platforms/MacOSX.platform/Developer/SDKs/MacOSX10.15.sdk -mmacosx-version-min=10.13 -O2 -fembed-bitcode -I/Users/zyoung/dev/SwiftyTesseract/SwiftyTesseract/SwiftyTesseract/leptonica-1.78.0/macos/x86_64-apple-darwin/include/leptonica -I/Users/zyoung/dev/SwiftyTesseract/SwiftyTesseract/SwiftyTesseract/tesseract-4.1.0/macos/x86_64-apple-darwin/ -arch x86_64 -pipe -no-cpp-precomp -isysroot /Applications/Xcode.app/Contents/Developer/Platforms/MacOSX.platform/Developer/SDKs/MacOSX10.15.sdk -mmacosx-version-min=10.13 -O2 -Wno-deprecated-register -std=c++17 -MT tface.lo -MD -MP -MF .deps/tface.Tpo -c ../../../../src/wordrec/tface.cpp -o tface.o
libtool: compile:  /Applications/Xcode.app/Contents/Developer/usr/bin/g++ --target=x86_64-apple-darwin -DHAVE_CONFIG_H -I. -I../../../../src/wordrec -I../.. -DNDEBUG -I../../../../src/ccstruct -I../../../../src/ccutil -I../../../../src/cutil -I../../../../src/classify -I../../../../src/dict -I../../../../src/viewer -I/Users/zyoung/dev/SwiftyTesseract/SwiftyTesseract/SwiftyTesseract/tesseract-4.1.0/macos/x86_64-apple-darwin/ -arch x86_64 -pipe -no-cpp-precomp -isysroot /Applications/Xcode.app/Contents/Developer/Platforms/MacOSX.platform/Developer/SDKs/MacOSX10.15.sdk -mmacosx-version-min=10.13 -O2 -fembed-bitcode -I/Users/zyoung/dev/SwiftyTesseract/SwiftyTesseract/SwiftyTesseract/leptonica-1.78.0/macos/x86_64-apple-darwin/include/leptonica -I/Users/zyoung/dev/SwiftyTesseract/SwiftyTesseract/SwiftyTesseract/tesseract-4.1.0/macos/x86_64-apple-darwin/ -arch x86_64 -pipe -no-cpp-precomp -isysroot /Applications/Xcode.app/Contents/Developer/Platforms/MacOSX.platform/Developer/SDKs/MacOSX10.15.sdk -mmacosx-version-min=10.13 -O2 -Wno-deprecated-register -std=c++17 -MT drawfx.lo -MD -MP -MF .deps/drawfx.Tpo -c ../../../../src/wordrec/drawfx.cpp -o drawfx.o
libtool: compile:  /Applications/Xcode.app/Contents/Developer/usr/bin/g++ --target=x86_64-apple-darwin -DHAVE_CONFIG_H -I. -I../../../../src/wordrec -I../.. -DNDEBUG -I../../../../src/ccstruct -I../../../../src/ccutil -I../../../../src/cutil -I../../../../src/classify -I../../../../src/dict -I../../../../src/viewer -I/Users/zyoung/dev/SwiftyTesseract/SwiftyTesseract/SwiftyTesseract/tesseract-4.1.0/macos/x86_64-apple-darwin/ -arch x86_64 -pipe -no-cpp-precomp -isysroot /Applications/Xcode.app/Contents/Developer/Platforms/MacOSX.platform/Developer/SDKs/MacOSX10.15.sdk -mmacosx-version-min=10.13 -O2 -fembed-bitcode -I/Users/zyoung/dev/SwiftyTesseract/SwiftyTesseract/SwiftyTesseract/leptonica-1.78.0/macos/x86_64-apple-darwin/include/leptonica -I/Users/zyoung/dev/SwiftyTesseract/SwiftyTesseract/SwiftyTesseract/tesseract-4.1.0/macos/x86_64-apple-darwin/ -arch x86_64 -pipe -no-cpp-precomp -isysroot /Applications/Xcode.app/Contents/Developer/Platforms/MacOSX.platform/Developer/SDKs/MacOSX10.15.sdk -mmacosx-version-min=10.13 -O2 -Wno-deprecated-register -std=c++17 -MT findseam.lo -MD -MP -MF .deps/findseam.Tpo -c ../../../../src/wordrec/findseam.cpp -o findseam.o
libtool: compile:  /Applications/Xcode.app/Contents/Developer/usr/bin/g++ --target=x86_64-apple-darwin -DHAVE_CONFIG_H -I. -I../../../../src/wordrec -I../.. -DNDEBUG -I../../../../src/ccstruct -I../../../../src/ccutil -I../../../../src/cutil -I../../../../src/classify -I../../../../src/dict -I../../../../src/viewer -I/Users/zyoung/dev/SwiftyTesseract/SwiftyTesseract/SwiftyTesseract/tesseract-4.1.0/macos/x86_64-apple-darwin/ -arch x86_64 -pipe -no-cpp-precomp -isysroot /Applications/Xcode.app/Contents/Developer/Platforms/MacOSX.platform/Developer/SDKs/MacOSX10.15.sdk -mmacosx-version-min=10.13 -O2 -fembed-bitcode -I/Users/zyoung/dev/SwiftyTesseract/SwiftyTesseract/SwiftyTesseract/leptonica-1.78.0/macos/x86_64-apple-darwin/include/leptonica -I/Users/zyoung/dev/SwiftyTesseract/SwiftyTesseract/SwiftyTesseract/tesseract-4.1.0/macos/x86_64-apple-darwin/ -arch x86_64 -pipe -no-cpp-precomp -isysroot /Applications/Xcode.app/Contents/Developer/Platforms/MacOSX.platform/Developer/SDKs/MacOSX10.15.sdk -mmacosx-version-min=10.13 -O2 -Wno-deprecated-register -std=c++17 -MT wordrec.lo -MD -MP -MF .deps/wordrec.Tpo -c ../../../../src/wordrec/wordrec.cpp -o wordrec.o
libtool: compile:  /Applications/Xcode.app/Contents/Developer/usr/bin/g++ --target=x86_64-apple-darwin -DHAVE_CONFIG_H -I. -I../../../../src/wordrec -I../.. -DNDEBUG -I../../../../src/ccstruct -I../../../../src/ccutil -I../../../../src/cutil -I../../../../src/classify -I../../../../src/dict -I../../../../src/viewer -I/Users/zyoung/dev/SwiftyTesseract/SwiftyTesseract/SwiftyTesseract/tesseract-4.1.0/macos/x86_64-apple-darwin/ -arch x86_64 -pipe -no-cpp-precomp -isysroot /Applications/Xcode.app/Contents/Developer/Platforms/MacOSX.platform/Developer/SDKs/MacOSX10.15.sdk -mmacosx-version-min=10.13 -O2 -fembed-bitcode -I/Users/zyoung/dev/SwiftyTesseract/SwiftyTesseract/SwiftyTesseract/leptonica-1.78.0/macos/x86_64-apple-darwin/include/leptonica -I/Users/zyoung/dev/SwiftyTesseract/SwiftyTesseract/SwiftyTesseract/tesseract-4.1.0/macos/x86_64-apple-darwin/ -arch x86_64 -pipe -no-cpp-precomp -isysroot /Applications/Xcode.app/Contents/Developer/Platforms/MacOSX.platform/Developer/SDKs/MacOSX10.15.sdk -mmacosx-version-min=10.13 -O2 -Wno-deprecated-register -std=c++17 -MT gradechop.lo -MD -MP -MF .deps/gradechop.Tpo -c ../../../../src/wordrec/gradechop.cpp -o gradechop.o
libtool: compile:  /Applications/Xcode.app/Contents/Developer/usr/bin/g++ --target=x86_64-apple-darwin -DHAVE_CONFIG_H -I. -I../../../../src/wordrec -I../.. -DNDEBUG -I../../../../src/ccstruct -I../../../../src/ccutil -I../../../../src/cutil -I../../../../src/classify -I../../../../src/dict -I../../../../src/viewer -I/Users/zyoung/dev/SwiftyTesseract/SwiftyTesseract/SwiftyTesseract/tesseract-4.1.0/macos/x86_64-apple-darwin/ -arch x86_64 -pipe -no-cpp-precomp -isysroot /Applications/Xcode.app/Contents/Developer/Platforms/MacOSX.platform/Developer/SDKs/MacOSX10.15.sdk -mmacosx-version-min=10.13 -O2 -fembed-bitcode -I/Users/zyoung/dev/SwiftyTesseract/SwiftyTesseract/SwiftyTesseract/leptonica-1.78.0/macos/x86_64-apple-darwin/include/leptonica -I/Users/zyoung/dev/SwiftyTesseract/SwiftyTesseract/SwiftyTesseract/tesseract-4.1.0/macos/x86_64-apple-darwin/ -arch x86_64 -pipe -no-cpp-precomp -isysroot /Applications/Xcode.app/Contents/Developer/Platforms/MacOSX.platform/Developer/SDKs/MacOSX10.15.sdk -mmacosx-version-min=10.13 -O2 -Wno-deprecated-register -std=c++17 -MT chopper.lo -MD -MP -MF .deps/chopper.Tpo -c ../../../../src/wordrec/chopper.cpp -o chopper.o
libtool: compile:  /Applications/Xcode.app/Contents/Developer/usr/bin/g++ --target=x86_64-apple-darwin -DHAVE_CONFIG_H -I. -I../../../../src/wordrec -I../.. -DNDEBUG -I../../../../src/ccstruct -I../../../../src/ccutil -I../../../../src/cutil -I../../../../src/classify -I../../../../src/dict -I../../../../src/viewer -I/Users/zyoung/dev/SwiftyTesseract/SwiftyTesseract/SwiftyTesseract/tesseract-4.1.0/macos/x86_64-apple-darwin/ -arch x86_64 -pipe -no-cpp-precomp -isysroot /Applications/Xcode.app/Contents/Developer/Platforms/MacOSX.platform/Developer/SDKs/MacOSX10.15.sdk -mmacosx-version-min=10.13 -O2 -fembed-bitcode -I/Users/zyoung/dev/SwiftyTesseract/SwiftyTesseract/SwiftyTesseract/leptonica-1.78.0/macos/x86_64-apple-darwin/include/leptonica -I/Users/zyoung/dev/SwiftyTesseract/SwiftyTesseract/SwiftyTesseract/tesseract-4.1.0/macos/x86_64-apple-darwin/ -arch x86_64 -pipe -no-cpp-precomp -isysroot /Applications/Xcode.app/Contents/Developer/Platforms/MacOSX.platform/Developer/SDKs/MacOSX10.15.sdk -mmacosx-version-min=10.13 -O2 -Wno-deprecated-register -std=c++17 -MT chop.lo -MD -MP -MF .deps/chop.Tpo -c ../../../../src/wordrec/chop.cpp -o chop.o
libtool: compile:  /Applications/Xcode.app/Contents/Developer/usr/bin/g++ --target=x86_64-apple-darwin -DHAVE_CONFIG_H -I. -I../../../../src/wordrec -I../.. -DNDEBUG -I../../../../src/ccstruct -I../../../../src/ccutil -I../../../../src/cutil -I../../../../src/classify -I../../../../src/dict -I../../../../src/viewer -I/Users/zyoung/dev/SwiftyTesseract/SwiftyTesseract/SwiftyTesseract/tesseract-4.1.0/macos/x86_64-apple-darwin/ -arch x86_64 -pipe -no-cpp-precomp -isysroot /Applications/Xcode.app/Contents/Developer/Platforms/MacOSX.platform/Developer/SDKs/MacOSX10.15.sdk -mmacosx-version-min=10.13 -O2 -fembed-bitcode -I/Users/zyoung/dev/SwiftyTesseract/SwiftyTesseract/SwiftyTesseract/leptonica-1.78.0/macos/x86_64-apple-darwin/include/leptonica -I/Users/zyoung/dev/SwiftyTesseract/SwiftyTesseract/SwiftyTesseract/tesseract-4.1.0/macos/x86_64-apple-darwin/ -arch x86_64 -pipe -no-cpp-precomp -isysroot /Applications/Xcode.app/Contents/Developer/Platforms/MacOSX.platform/Developer/SDKs/MacOSX10.15.sdk -mmacosx-version-min=10.13 -O2 -Wno-deprecated-register -std=c++17 -MT associate.lo -MD -MP -MF .deps/associate.Tpo -c ../../../../src/wordrec/associate.cpp -o associate.o
libtool: compile:  /Applications/Xcode.app/Contents/Developer/usr/bin/g++ --target=x86_64-apple-darwin -DHAVE_CONFIG_H -I. -I../../../../src/wordrec -I../.. -DNDEBUG -I../../../../src/ccstruct -I../../../../src/ccutil -I../../../../src/cutil -I../../../../src/classify -I../../../../src/dict -I../../../../src/viewer -I/Users/zyoung/dev/SwiftyTesseract/SwiftyTesseract/SwiftyTesseract/tesseract-4.1.0/macos/x86_64-apple-darwin/ -arch x86_64 -pipe -no-cpp-precomp -isysroot /Applications/Xcode.app/Contents/Developer/Platforms/MacOSX.platform/Developer/SDKs/MacOSX10.15.sdk -mmacosx-version-min=10.13 -O2 -fembed-bitcode -I/Users/zyoung/dev/SwiftyTesseract/SwiftyTesseract/SwiftyTesseract/leptonica-1.78.0/macos/x86_64-apple-darwin/include/leptonica -I/Users/zyoung/dev/SwiftyTesseract/SwiftyTesseract/SwiftyTesseract/tesseract-4.1.0/macos/x86_64-apple-darwin/ -arch x86_64 -pipe -no-cpp-precomp -isysroot /Applications/Xcode.app/Contents/Developer/Platforms/MacOSX.platform/Developer/SDKs/MacOSX10.15.sdk -mmacosx-version-min=10.13 -O2 -Wno-deprecated-register -std=c++17 -MT language_model.lo -MD -MP -MF .deps/language_model.Tpo -c ../../../../src/wordrec/language_model.cpp -o language_model.o
libtool: compile:  /Applications/Xcode.app/Contents/Developer/usr/bin/g++ --target=x86_64-apple-darwin -DHAVE_CONFIG_H -I. -I../../../../src/wordrec -I../.. -DNDEBUG -I../../../../src/ccstruct -I../../../../src/ccutil -I../../../../src/cutil -I../../../../src/classify -I../../../../src/dict -I../../../../src/viewer -I/Users/zyoung/dev/SwiftyTesseract/SwiftyTesseract/SwiftyTesseract/tesseract-4.1.0/macos/x86_64-apple-darwin/ -arch x86_64 -pipe -no-cpp-precomp -isysroot /Applications/Xcode.app/Contents/Developer/Platforms/MacOSX.platform/Developer/SDKs/MacOSX10.15.sdk -mmacosx-version-min=10.13 -O2 -fembed-bitcode -I/Users/zyoung/dev/SwiftyTesseract/SwiftyTesseract/SwiftyTesseract/leptonica-1.78.0/macos/x86_64-apple-darwin/include/leptonica -I/Users/zyoung/dev/SwiftyTesseract/SwiftyTesseract/SwiftyTesseract/tesseract-4.1.0/macos/x86_64-apple-darwin/ -arch x86_64 -pipe -no-cpp-precomp -isysroot /Applications/Xcode.app/Contents/Developer/Platforms/MacOSX.platform/Developer/SDKs/MacOSX10.15.sdk -mmacosx-version-min=10.13 -O2 -Wno-deprecated-register -std=c++17 -MT lm_consistency.lo -MD -MP -MF .deps/lm_consistency.Tpo -c ../../../../src/wordrec/lm_consistency.cpp -o lm_consistency.o
libtool: compile:  /Applications/Xcode.app/Contents/Developer/usr/bin/g++ --target=x86_64-apple-darwin -DHAVE_CONFIG_H -I. -I../../../../src/wordrec -I../.. -DNDEBUG -I../../../../src/ccstruct -I../../../../src/ccutil -I../../../../src/cutil -I../../../../src/classify -I../../../../src/dict -I../../../../src/viewer -I/Users/zyoung/dev/SwiftyTesseract/SwiftyTesseract/SwiftyTesseract/tesseract-4.1.0/macos/x86_64-apple-darwin/ -arch x86_64 -pipe -no-cpp-precomp -isysroot /Applications/Xcode.app/Contents/Developer/Platforms/MacOSX.platform/Developer/SDKs/MacOSX10.15.sdk -mmacosx-version-min=10.13 -O2 -fembed-bitcode -I/Users/zyoung/dev/SwiftyTesseract/SwiftyTesseract/SwiftyTesseract/leptonica-1.78.0/macos/x86_64-apple-darwin/include/leptonica -I/Users/zyoung/dev/SwiftyTesseract/SwiftyTesseract/SwiftyTesseract/tesseract-4.1.0/macos/x86_64-apple-darwin/ -arch x86_64 -pipe -no-cpp-precomp -isysroot /Applications/Xcode.app/Contents/Developer/Platforms/MacOSX.platform/Developer/SDKs/MacOSX10.15.sdk -mmacosx-version-min=10.13 -O2 -Wno-deprecated-register -std=c++17 -MT lm_pain_points.lo -MD -MP -MF .deps/lm_pain_points.Tpo -c ../../../../src/wordrec/lm_pain_points.cpp -o lm_pain_points.o
libtool: compile:  /Applications/Xcode.app/Contents/Developer/usr/bin/g++ --target=x86_64-apple-darwin -DHAVE_CONFIG_H -I. -I../../../../src/wordrec -I../.. -DNDEBUG -I../../../../src/ccstruct -I../../../../src/ccutil -I../../../../src/cutil -I../../../../src/classify -I../../../../src/dict -I../../../../src/viewer -I/Users/zyoung/dev/SwiftyTesseract/SwiftyTesseract/SwiftyTesseract/tesseract-4.1.0/macos/x86_64-apple-darwin/ -arch x86_64 -pipe -no-cpp-precomp -isysroot /Applications/Xcode.app/Contents/Developer/Platforms/MacOSX.platform/Developer/SDKs/MacOSX10.15.sdk -mmacosx-version-min=10.13 -O2 -fembed-bitcode -I/Users/zyoung/dev/SwiftyTesseract/SwiftyTesseract/SwiftyTesseract/leptonica-1.78.0/macos/x86_64-apple-darwin/include/leptonica -I/Users/zyoung/dev/SwiftyTesseract/SwiftyTesseract/SwiftyTesseract/tesseract-4.1.0/macos/x86_64-apple-darwin/ -arch x86_64 -pipe -no-cpp-precomp -isysroot /Applications/Xcode.app/Contents/Developer/Platforms/MacOSX.platform/Developer/SDKs/MacOSX10.15.sdk -mmacosx-version-min=10.13 -O2 -Wno-deprecated-register -std=c++17 -MT lm_state.lo -MD -MP -MF .deps/lm_state.Tpo -c ../../../../src/wordrec/lm_state.cpp -o lm_state.o
libtool: compile:  /Applications/Xcode.app/Contents/Developer/usr/bin/g++ --target=x86_64-apple-darwin -DHAVE_CONFIG_H -I. -I../../../../src/wordrec -I../.. -DNDEBUG -I../../../../src/ccstruct -I../../../../src/ccutil -I../../../../src/cutil -I../../../../src/classify -I../../../../src/dict -I../../../../src/viewer -I/Users/zyoung/dev/SwiftyTesseract/SwiftyTesseract/SwiftyTesseract/tesseract-4.1.0/macos/x86_64-apple-darwin/ -arch x86_64 -pipe -no-cpp-precomp -isysroot /Applications/Xcode.app/Contents/Developer/Platforms/MacOSX.platform/Developer/SDKs/MacOSX10.15.sdk -mmacosx-version-min=10.13 -O2 -fembed-bitcode -I/Users/zyoung/dev/SwiftyTesseract/SwiftyTesseract/SwiftyTesseract/leptonica-1.78.0/macos/x86_64-apple-darwin/include/leptonica -I/Users/zyoung/dev/SwiftyTesseract/SwiftyTesseract/SwiftyTesseract/tesseract-4.1.0/macos/x86_64-apple-darwin/ -arch x86_64 -pipe -no-cpp-precomp -isysroot /Applications/Xcode.app/Contents/Developer/Platforms/MacOSX.platform/Developer/SDKs/MacOSX10.15.sdk -mmacosx-version-min=10.13 -O2 -Wno-deprecated-register -std=c++17 -MT outlines.lo -MD -MP -MF .deps/outlines.Tpo -c ../../../../src/wordrec/outlines.cpp -o outlines.o
libtool: compile:  /Applications/Xcode.app/Contents/Developer/usr/bin/g++ --target=x86_64-apple-darwin -DHAVE_CONFIG_H -I. -I../../../../src/wordrec -I../.. -DNDEBUG -I../../../../src/ccstruct -I../../../../src/ccutil -I../../../../src/cutil -I../../../../src/classify -I../../../../src/dict -I../../../../src/viewer -I/Users/zyoung/dev/SwiftyTesseract/SwiftyTesseract/SwiftyTesseract/tesseract-4.1.0/macos/x86_64-apple-darwin/ -arch x86_64 -pipe -no-cpp-precomp -isysroot /Applications/Xcode.app/Contents/Developer/Platforms/MacOSX.platform/Developer/SDKs/MacOSX10.15.sdk -mmacosx-version-min=10.13 -O2 -fembed-bitcode -I/Users/zyoung/dev/SwiftyTesseract/SwiftyTesseract/SwiftyTesseract/leptonica-1.78.0/macos/x86_64-apple-darwin/include/leptonica -I/Users/zyoung/dev/SwiftyTesseract/SwiftyTesseract/SwiftyTesseract/tesseract-4.1.0/macos/x86_64-apple-darwin/ -arch x86_64 -pipe -no-cpp-precomp -isysroot /Applications/Xcode.app/Contents/Developer/Platforms/MacOSX.platform/Developer/SDKs/MacOSX10.15.sdk -mmacosx-version-min=10.13 -O2 -Wno-deprecated-register -std=c++17 -MT params_model.lo -MD -MP -MF .deps/params_model.Tpo -c ../../../../src/wordrec/params_model.cpp -o params_model.o
libtool: compile:  /Applications/Xcode.app/Contents/Developer/usr/bin/g++ --target=x86_64-apple-darwin -DHAVE_CONFIG_H -I. -I../../../../src/wordrec -I../.. -DNDEBUG -I../../../../src/ccstruct -I../../../../src/ccutil -I../../../../src/cutil -I../../../../src/classify -I../../../../src/dict -I../../../../src/viewer -I/Users/zyoung/dev/SwiftyTesseract/SwiftyTesseract/SwiftyTesseract/tesseract-4.1.0/macos/x86_64-apple-darwin/ -arch x86_64 -pipe -no-cpp-precomp -isysroot /Applications/Xcode.app/Contents/Developer/Platforms/MacOSX.platform/Developer/SDKs/MacOSX10.15.sdk -mmacosx-version-min=10.13 -O2 -fembed-bitcode -I/Users/zyoung/dev/SwiftyTesseract/SwiftyTesseract/SwiftyTesseract/leptonica-1.78.0/macos/x86_64-apple-darwin/include/leptonica -I/Users/zyoung/dev/SwiftyTesseract/SwiftyTesseract/SwiftyTesseract/tesseract-4.1.0/macos/x86_64-apple-darwin/ -arch x86_64 -pipe -no-cpp-precomp -isysroot /Applications/Xcode.app/Contents/Developer/Platforms/MacOSX.platform/Developer/SDKs/MacOSX10.15.sdk -mmacosx-version-min=10.13 -O2 -Wno-deprecated-register -std=c++17 -MT pieces.lo -MD -MP -MF .deps/pieces.Tpo -c ../../../../src/wordrec/pieces.cpp -o pieces.o
libtool: compile:  /Applications/Xcode.app/Contents/Developer/usr/bin/g++ --target=x86_64-apple-darwin -DHAVE_CONFIG_H -I. -I../../../../src/wordrec -I../.. -DNDEBUG -I../../../../src/ccstruct -I../../../../src/ccutil -I../../../../src/cutil -I../../../../src/classify -I../../../../src/dict -I../../../../src/viewer -I/Users/zyoung/dev/SwiftyTesseract/SwiftyTesseract/SwiftyTesseract/tesseract-4.1.0/macos/x86_64-apple-darwin/ -arch x86_64 -pipe -no-cpp-precomp -isysroot /Applications/Xcode.app/Contents/Developer/Platforms/MacOSX.platform/Developer/SDKs/MacOSX10.15.sdk -mmacosx-version-min=10.13 -O2 -fembed-bitcode -I/Users/zyoung/dev/SwiftyTesseract/SwiftyTesseract/SwiftyTesseract/leptonica-1.78.0/macos/x86_64-apple-darwin/include/leptonica -I/Users/zyoung/dev/SwiftyTesseract/SwiftyTesseract/SwiftyTesseract/tesseract-4.1.0/macos/x86_64-apple-darwin/ -arch x86_64 -pipe -no-cpp-precomp -isysroot /Applications/Xcode.app/Contents/Developer/Platforms/MacOSX.platform/Developer/SDKs/MacOSX10.15.sdk -mmacosx-version-min=10.13 -O2 -Wno-deprecated-register -std=c++17 -MT plotedges.lo -MD -MP -MF .deps/plotedges.Tpo -c ../../../../src/wordrec/plotedges.cpp -o plotedges.o
libtool: compile:  /Applications/Xcode.app/Contents/Developer/usr/bin/g++ --target=x86_64-apple-darwin -DHAVE_CONFIG_H -I. -I../../../../src/wordrec -I../.. -DNDEBUG -I../../../../src/ccstruct -I../../../../src/ccutil -I../../../../src/cutil -I../../../../src/classify -I../../../../src/dict -I../../../../src/viewer -I/Users/zyoung/dev/SwiftyTesseract/SwiftyTesseract/SwiftyTesseract/tesseract-4.1.0/macos/x86_64-apple-darwin/ -arch x86_64 -pipe -no-cpp-precomp -isysroot /Applications/Xcode.app/Contents/Developer/Platforms/MacOSX.platform/Developer/SDKs/MacOSX10.15.sdk -mmacosx-version-min=10.13 -O2 -fembed-bitcode -I/Users/zyoung/dev/SwiftyTesseract/SwiftyTesseract/SwiftyTesseract/leptonica-1.78.0/macos/x86_64-apple-darwin/include/leptonica -I/Users/zyoung/dev/SwiftyTesseract/SwiftyTesseract/SwiftyTesseract/tesseract-4.1.0/macos/x86_64-apple-darwin/ -arch x86_64 -pipe -no-cpp-precomp -isysroot /Applications/Xcode.app/Contents/Developer/Platforms/MacOSX.platform/Developer/SDKs/MacOSX10.15.sdk -mmacosx-version-min=10.13 -O2 -Wno-deprecated-register -std=c++17 -MT render.lo -MD -MP -MF .deps/render.Tpo -c ../../../../src/wordrec/render.cpp -o render.o
libtool: compile:  /Applications/Xcode.app/Contents/Developer/usr/bin/g++ --target=x86_64-apple-darwin -DHAVE_CONFIG_H -I. -I../../../../src/wordrec -I../.. -DNDEBUG -I../../../../src/ccstruct -I../../../../src/ccutil -I../../../../src/cutil -I../../../../src/classify -I../../../../src/dict -I../../../../src/viewer -I/Users/zyoung/dev/SwiftyTesseract/SwiftyTesseract/SwiftyTesseract/tesseract-4.1.0/macos/x86_64-apple-darwin/ -arch x86_64 -pipe -no-cpp-precomp -isysroot /Applications/Xcode.app/Contents/Developer/Platforms/MacOSX.platform/Developer/SDKs/MacOSX10.15.sdk -mmacosx-version-min=10.13 -O2 -fembed-bitcode -I/Users/zyoung/dev/SwiftyTesseract/SwiftyTesseract/SwiftyTesseract/leptonica-1.78.0/macos/x86_64-apple-darwin/include/leptonica -I/Users/zyoung/dev/SwiftyTesseract/SwiftyTesseract/SwiftyTesseract/tesseract-4.1.0/macos/x86_64-apple-darwin/ -arch x86_64 -pipe -no-cpp-precomp -isysroot /Applications/Xcode.app/Contents/Developer/Platforms/MacOSX.platform/Developer/SDKs/MacOSX10.15.sdk -mmacosx-version-min=10.13 -O2 -Wno-deprecated-register -std=c++17 -MT segsearch.lo -MD -MP -MF .deps/segsearch.Tpo -c ../../../../src/wordrec/segsearch.cpp -o segsearch.o
libtool: compile:  /Applications/Xcode.app/Contents/Developer/usr/bin/g++ --target=x86_64-apple-darwin -DHAVE_CONFIG_H -I. -I../../../../src/wordrec -I../.. -DNDEBUG -I../../../../src/ccstruct -I../../../../src/ccutil -I../../../../src/cutil -I../../../../src/classify -I../../../../src/dict -I../../../../src/viewer -I/Users/zyoung/dev/SwiftyTesseract/SwiftyTesseract/SwiftyTesseract/tesseract-4.1.0/macos/x86_64-apple-darwin/ -arch x86_64 -pipe -no-cpp-precomp -isysroot /Applications/Xcode.app/Contents/Developer/Platforms/MacOSX.platform/Developer/SDKs/MacOSX10.15.sdk -mmacosx-version-min=10.13 -O2 -fembed-bitcode -I/Users/zyoung/dev/SwiftyTesseract/SwiftyTesseract/SwiftyTesseract/leptonica-1.78.0/macos/x86_64-apple-darwin/include/leptonica -I/Users/zyoung/dev/SwiftyTesseract/SwiftyTesseract/SwiftyTesseract/tesseract-4.1.0/macos/x86_64-apple-darwin/ -arch x86_64 -pipe -no-cpp-precomp -isysroot /Applications/Xcode.app/Contents/Developer/Platforms/MacOSX.platform/Developer/SDKs/MacOSX10.15.sdk -mmacosx-version-min=10.13 -O2 -Wno-deprecated-register -std=c++17 -MT wordclass.lo -MD -MP -MF .deps/wordclass.Tpo -c ../../../../src/wordrec/wordclass.cpp -o wordclass.o
libtool: link: ar cru .libs/libtesseract_wordrec.a  tface.o wordrec.o associate.o chop.o chopper.o drawfx.o findseam.o gradechop.o language_model.o lm_consistency.o lm_pain_points.o lm_state.o outlines.o params_model.o pieces.o plotedges.o render.o segsearch.o wordclass.o
libtool: link: ranlib .libs/libtesseract_wordrec.a
libtool: link: ( cd ".libs" && rm -f "libtesseract_wordrec.la" && ln -s "../libtesseract_wordrec.la" "libtesseract_wordrec.la" )
Making all in src/textord
libtool: compile:  /Applications/Xcode.app/Contents/Developer/usr/bin/g++ --target=x86_64-apple-darwin -DHAVE_CONFIG_H -I. -I../../../../src/textord -I../.. -DNDEBUG -I../../../../src/ccstruct -I../../../../src/ccutil -I../../../../src/viewer -I../../../../src/ccmain -I../../../../src/wordrec -I../../../../src/api -I../../../../src/cutil -I../../../../src/classify -I../../../../src/dict -I../../../../src/opencl -I/Users/zyoung/dev/SwiftyTesseract/SwiftyTesseract/SwiftyTesseract/tesseract-4.1.0/macos/x86_64-apple-darwin/ -arch x86_64 -pipe -no-cpp-precomp -isysroot /Applications/Xcode.app/Contents/Developer/Platforms/MacOSX.platform/Developer/SDKs/MacOSX10.15.sdk -mmacosx-version-min=10.13 -O2 -fembed-bitcode -I/Users/zyoung/dev/SwiftyTesseract/SwiftyTesseract/SwiftyTesseract/leptonica-1.78.0/macos/x86_64-apple-darwin/include/leptonica -I/Users/zyoung/dev/SwiftyTesseract/SwiftyTesseract/SwiftyTesseract/tesseract-4.1.0/macos/x86_64-apple-darwin/ -arch x86_64 -pipe -no-cpp-precomp -isysroot /Applications/Xcode.app/Contents/Developer/Platforms/MacOSX.platform/Developer/SDKs/MacOSX10.15.sdk -mmacosx-version-min=10.13 -O2 -Wno-deprecated-register -std=c++17 -MT blkocc.lo -MD -MP -MF .deps/blkocc.Tpo -c ../../../../src/textord/blkocc.cpp -o blkocc.o
libtool: compile:  /Applications/Xcode.app/Contents/Developer/usr/bin/g++ --target=x86_64-apple-darwin -DHAVE_CONFIG_H -I. -I../../../../src/textord -I../.. -DNDEBUG -I../../../../src/ccstruct -I../../../../src/ccutil -I../../../../src/viewer -I../../../../src/ccmain -I../../../../src/wordrec -I../../../../src/api -I../../../../src/cutil -I../../../../src/classify -I../../../../src/dict -I../../../../src/opencl -I/Users/zyoung/dev/SwiftyTesseract/SwiftyTesseract/SwiftyTesseract/tesseract-4.1.0/macos/x86_64-apple-darwin/ -arch x86_64 -pipe -no-cpp-precomp -isysroot /Applications/Xcode.app/Contents/Developer/Platforms/MacOSX.platform/Developer/SDKs/MacOSX10.15.sdk -mmacosx-version-min=10.13 -O2 -fembed-bitcode -I/Users/zyoung/dev/SwiftyTesseract/SwiftyTesseract/SwiftyTesseract/leptonica-1.78.0/macos/x86_64-apple-darwin/include/leptonica -I/Users/zyoung/dev/SwiftyTesseract/SwiftyTesseract/SwiftyTesseract/tesseract-4.1.0/macos/x86_64-apple-darwin/ -arch x86_64 -pipe -no-cpp-precomp -isysroot /Applications/Xcode.app/Contents/Developer/Platforms/MacOSX.platform/Developer/SDKs/MacOSX10.15.sdk -mmacosx-version-min=10.13 -O2 -Wno-deprecated-register -std=c++17 -MT alignedblob.lo -MD -MP -MF .deps/alignedblob.Tpo -c ../../../../src/textord/alignedblob.cpp -o alignedblob.o
libtool: compile:  /Applications/Xcode.app/Contents/Developer/usr/bin/g++ --target=x86_64-apple-darwin -DHAVE_CONFIG_H -I. -I../../../../src/textord -I../.. -DNDEBUG -I../../../../src/ccstruct -I../../../../src/ccutil -I../../../../src/viewer -I../../../../src/ccmain -I../../../../src/wordrec -I../../../../src/api -I../../../../src/cutil -I../../../../src/classify -I../../../../src/dict -I../../../../src/opencl -I/Users/zyoung/dev/SwiftyTesseract/SwiftyTesseract/SwiftyTesseract/tesseract-4.1.0/macos/x86_64-apple-darwin/ -arch x86_64 -pipe -no-cpp-precomp -isysroot /Applications/Xcode.app/Contents/Developer/Platforms/MacOSX.platform/Developer/SDKs/MacOSX10.15.sdk -mmacosx-version-min=10.13 -O2 -fembed-bitcode -I/Users/zyoung/dev/SwiftyTesseract/SwiftyTesseract/SwiftyTesseract/leptonica-1.78.0/macos/x86_64-apple-darwin/include/leptonica -I/Users/zyoung/dev/SwiftyTesseract/SwiftyTesseract/SwiftyTesseract/tesseract-4.1.0/macos/x86_64-apple-darwin/ -arch x86_64 -pipe -no-cpp-precomp -isysroot /Applications/Xcode.app/Contents/Developer/Platforms/MacOSX.platform/Developer/SDKs/MacOSX10.15.sdk -mmacosx-version-min=10.13 -O2 -Wno-deprecated-register -std=c++17 -MT baselinedetect.lo -MD -MP -MF .deps/baselinedetect.Tpo -c ../../../../src/textord/baselinedetect.cpp -o baselinedetect.o
libtool: compile:  /Applications/Xcode.app/Contents/Developer/usr/bin/g++ --target=x86_64-apple-darwin -DHAVE_CONFIG_H -I. -I../../../../src/textord -I../.. -DNDEBUG -I../../../../src/ccstruct -I../../../../src/ccutil -I../../../../src/viewer -I../../../../src/ccmain -I../../../../src/wordrec -I../../../../src/api -I../../../../src/cutil -I../../../../src/classify -I../../../../src/dict -I../../../../src/opencl -I/Users/zyoung/dev/SwiftyTesseract/SwiftyTesseract/SwiftyTesseract/tesseract-4.1.0/macos/x86_64-apple-darwin/ -arch x86_64 -pipe -no-cpp-precomp -isysroot /Applications/Xcode.app/Contents/Developer/Platforms/MacOSX.platform/Developer/SDKs/MacOSX10.15.sdk -mmacosx-version-min=10.13 -O2 -fembed-bitcode -I/Users/zyoung/dev/SwiftyTesseract/SwiftyTesseract/SwiftyTesseract/leptonica-1.78.0/macos/x86_64-apple-darwin/include/leptonica -I/Users/zyoung/dev/SwiftyTesseract/SwiftyTesseract/SwiftyTesseract/tesseract-4.1.0/macos/x86_64-apple-darwin/ -arch x86_64 -pipe -no-cpp-precomp -isysroot /Applications/Xcode.app/Contents/Developer/Platforms/MacOSX.platform/Developer/SDKs/MacOSX10.15.sdk -mmacosx-version-min=10.13 -O2 -Wno-deprecated-register -std=c++17 -MT bbgrid.lo -MD -MP -MF .deps/bbgrid.Tpo -c ../../../../src/textord/bbgrid.cpp -o bbgrid.o
libtool: compile:  /Applications/Xcode.app/Contents/Developer/usr/bin/g++ --target=x86_64-apple-darwin -DHAVE_CONFIG_H -I. -I../../../../src/textord -I../.. -DNDEBUG -I../../../../src/ccstruct -I../../../../src/ccutil -I../../../../src/viewer -I../../../../src/ccmain -I../../../../src/wordrec -I../../../../src/api -I../../../../src/cutil -I../../../../src/classify -I../../../../src/dict -I../../../../src/opencl -I/Users/zyoung/dev/SwiftyTesseract/SwiftyTesseract/SwiftyTesseract/tesseract-4.1.0/macos/x86_64-apple-darwin/ -arch x86_64 -pipe -no-cpp-precomp -isysroot /Applications/Xcode.app/Contents/Developer/Platforms/MacOSX.platform/Developer/SDKs/MacOSX10.15.sdk -mmacosx-version-min=10.13 -O2 -fembed-bitcode -I/Users/zyoung/dev/SwiftyTesseract/SwiftyTesseract/SwiftyTesseract/leptonica-1.78.0/macos/x86_64-apple-darwin/include/leptonica -I/Users/zyoung/dev/SwiftyTesseract/SwiftyTesseract/SwiftyTesseract/tesseract-4.1.0/macos/x86_64-apple-darwin/ -arch x86_64 -pipe -no-cpp-precomp -isysroot /Applications/Xcode.app/Contents/Developer/Platforms/MacOSX.platform/Developer/SDKs/MacOSX10.15.sdk -mmacosx-version-min=10.13 -O2 -Wno-deprecated-register -std=c++17 -MT ccnontextdetect.lo -MD -MP -MF .deps/ccnontextdetect.Tpo -c ../../../../src/textord/ccnontextdetect.cpp -o ccnontextdetect.o
libtool: compile:  /Applications/Xcode.app/Contents/Developer/usr/bin/g++ --target=x86_64-apple-darwin -DHAVE_CONFIG_H -I. -I../../../../src/textord -I../.. -DNDEBUG -I../../../../src/ccstruct -I../../../../src/ccutil -I../../../../src/viewer -I../../../../src/ccmain -I../../../../src/wordrec -I../../../../src/api -I../../../../src/cutil -I../../../../src/classify -I../../../../src/dict -I../../../../src/opencl -I/Users/zyoung/dev/SwiftyTesseract/SwiftyTesseract/SwiftyTesseract/tesseract-4.1.0/macos/x86_64-apple-darwin/ -arch x86_64 -pipe -no-cpp-precomp -isysroot /Applications/Xcode.app/Contents/Developer/Platforms/MacOSX.platform/Developer/SDKs/MacOSX10.15.sdk -mmacosx-version-min=10.13 -O2 -fembed-bitcode -I/Users/zyoung/dev/SwiftyTesseract/SwiftyTesseract/SwiftyTesseract/leptonica-1.78.0/macos/x86_64-apple-darwin/include/leptonica -I/Users/zyoung/dev/SwiftyTesseract/SwiftyTesseract/SwiftyTesseract/tesseract-4.1.0/macos/x86_64-apple-darwin/ -arch x86_64 -pipe -no-cpp-precomp -isysroot /Applications/Xcode.app/Contents/Developer/Platforms/MacOSX.platform/Developer/SDKs/MacOSX10.15.sdk -mmacosx-version-min=10.13 -O2 -Wno-deprecated-register -std=c++17 -MT colfind.lo -MD -MP -MF .deps/colfind.Tpo -c ../../../../src/textord/colfind.cpp -o colfind.o
libtool: compile:  /Applications/Xcode.app/Contents/Developer/usr/bin/g++ --target=x86_64-apple-darwin -DHAVE_CONFIG_H -I. -I../../../../src/textord -I../.. -DNDEBUG -I../../../../src/ccstruct -I../../../../src/ccutil -I../../../../src/viewer -I../../../../src/ccmain -I../../../../src/wordrec -I../../../../src/api -I../../../../src/cutil -I../../../../src/classify -I../../../../src/dict -I../../../../src/opencl -I/Users/zyoung/dev/SwiftyTesseract/SwiftyTesseract/SwiftyTesseract/tesseract-4.1.0/macos/x86_64-apple-darwin/ -arch x86_64 -pipe -no-cpp-precomp -isysroot /Applications/Xcode.app/Contents/Developer/Platforms/MacOSX.platform/Developer/SDKs/MacOSX10.15.sdk -mmacosx-version-min=10.13 -O2 -fembed-bitcode -I/Users/zyoung/dev/SwiftyTesseract/SwiftyTesseract/SwiftyTesseract/leptonica-1.78.0/macos/x86_64-apple-darwin/include/leptonica -I/Users/zyoung/dev/SwiftyTesseract/SwiftyTesseract/SwiftyTesseract/tesseract-4.1.0/macos/x86_64-apple-darwin/ -arch x86_64 -pipe -no-cpp-precomp -isysroot /Applications/Xcode.app/Contents/Developer/Platforms/MacOSX.platform/Developer/SDKs/MacOSX10.15.sdk -mmacosx-version-min=10.13 -O2 -Wno-deprecated-register -std=c++17 -MT cjkpitch.lo -MD -MP -MF .deps/cjkpitch.Tpo -c ../../../../src/textord/cjkpitch.cpp -o cjkpitch.o
libtool: compile:  /Applications/Xcode.app/Contents/Developer/usr/bin/g++ --target=x86_64-apple-darwin -DHAVE_CONFIG_H -I. -I../../../../src/textord -I../.. -DNDEBUG -I../../../../src/ccstruct -I../../../../src/ccutil -I../../../../src/viewer -I../../../../src/ccmain -I../../../../src/wordrec -I../../../../src/api -I../../../../src/cutil -I../../../../src/classify -I../../../../src/dict -I../../../../src/opencl -I/Users/zyoung/dev/SwiftyTesseract/SwiftyTesseract/SwiftyTesseract/tesseract-4.1.0/macos/x86_64-apple-darwin/ -arch x86_64 -pipe -no-cpp-precomp -isysroot /Applications/Xcode.app/Contents/Developer/Platforms/MacOSX.platform/Developer/SDKs/MacOSX10.15.sdk -mmacosx-version-min=10.13 -O2 -fembed-bitcode -I/Users/zyoung/dev/SwiftyTesseract/SwiftyTesseract/SwiftyTesseract/leptonica-1.78.0/macos/x86_64-apple-darwin/include/leptonica -I/Users/zyoung/dev/SwiftyTesseract/SwiftyTesseract/SwiftyTesseract/tesseract-4.1.0/macos/x86_64-apple-darwin/ -arch x86_64 -pipe -no-cpp-precomp -isysroot /Applications/Xcode.app/Contents/Developer/Platforms/MacOSX.platform/Developer/SDKs/MacOSX10.15.sdk -mmacosx-version-min=10.13 -O2 -Wno-deprecated-register -std=c++17 -MT blobgrid.lo -MD -MP -MF .deps/blobgrid.Tpo -c ../../../../src/textord/blobgrid.cpp -o blobgrid.o
libtool: compile:  /Applications/Xcode.app/Contents/Developer/usr/bin/g++ --target=x86_64-apple-darwin -DHAVE_CONFIG_H -I. -I../../../../src/textord -I../.. -DNDEBUG -I../../../../src/ccstruct -I../../../../src/ccutil -I../../../../src/viewer -I../../../../src/ccmain -I../../../../src/wordrec -I../../../../src/api -I../../../../src/cutil -I../../../../src/classify -I../../../../src/dict -I../../../../src/opencl -I/Users/zyoung/dev/SwiftyTesseract/SwiftyTesseract/SwiftyTesseract/tesseract-4.1.0/macos/x86_64-apple-darwin/ -arch x86_64 -pipe -no-cpp-precomp -isysroot /Applications/Xcode.app/Contents/Developer/Platforms/MacOSX.platform/Developer/SDKs/MacOSX10.15.sdk -mmacosx-version-min=10.13 -O2 -fembed-bitcode -I/Users/zyoung/dev/SwiftyTesseract/SwiftyTesseract/SwiftyTesseract/leptonica-1.78.0/macos/x86_64-apple-darwin/include/leptonica -I/Users/zyoung/dev/SwiftyTesseract/SwiftyTesseract/SwiftyTesseract/tesseract-4.1.0/macos/x86_64-apple-darwin/ -arch x86_64 -pipe -no-cpp-precomp -isysroot /Applications/Xcode.app/Contents/Developer/Platforms/MacOSX.platform/Developer/SDKs/MacOSX10.15.sdk -mmacosx-version-min=10.13 -O2 -Wno-deprecated-register -std=c++17 -MT colpartition.lo -MD -MP -MF .deps/colpartition.Tpo -c ../../../../src/textord/colpartition.cpp -o colpartition.o
libtool: compile:  /Applications/Xcode.app/Contents/Developer/usr/bin/g++ --target=x86_64-apple-darwin -DHAVE_CONFIG_H -I. -I../../../../src/textord -I../.. -DNDEBUG -I../../../../src/ccstruct -I../../../../src/ccutil -I../../../../src/viewer -I../../../../src/ccmain -I../../../../src/wordrec -I../../../../src/api -I../../../../src/cutil -I../../../../src/classify -I../../../../src/dict -I../../../../src/opencl -I/Users/zyoung/dev/SwiftyTesseract/SwiftyTesseract/SwiftyTesseract/tesseract-4.1.0/macos/x86_64-apple-darwin/ -arch x86_64 -pipe -no-cpp-precomp -isysroot /Applications/Xcode.app/Contents/Developer/Platforms/MacOSX.platform/Developer/SDKs/MacOSX10.15.sdk -mmacosx-version-min=10.13 -O2 -fembed-bitcode -I/Users/zyoung/dev/SwiftyTesseract/SwiftyTesseract/SwiftyTesseract/leptonica-1.78.0/macos/x86_64-apple-darwin/include/leptonica -I/Users/zyoung/dev/SwiftyTesseract/SwiftyTesseract/SwiftyTesseract/tesseract-4.1.0/macos/x86_64-apple-darwin/ -arch x86_64 -pipe -no-cpp-precomp -isysroot /Applications/Xcode.app/Contents/Developer/Platforms/MacOSX.platform/Developer/SDKs/MacOSX10.15.sdk -mmacosx-version-min=10.13 -O2 -Wno-deprecated-register -std=c++17 -MT colpartitionset.lo -MD -MP -MF .deps/colpartitionset.Tpo -c ../../../../src/textord/colpartitionset.cpp -o colpartitionset.o
libtool: compile:  /Applications/Xcode.app/Contents/Developer/usr/bin/g++ --target=x86_64-apple-darwin -DHAVE_CONFIG_H -I. -I../../../../src/textord -I../.. -DNDEBUG -I../../../../src/ccstruct -I../../../../src/ccutil -I../../../../src/viewer -I../../../../src/ccmain -I../../../../src/wordrec -I../../../../src/api -I../../../../src/cutil -I../../../../src/classify -I../../../../src/dict -I../../../../src/opencl -I/Users/zyoung/dev/SwiftyTesseract/SwiftyTesseract/SwiftyTesseract/tesseract-4.1.0/macos/x86_64-apple-darwin/ -arch x86_64 -pipe -no-cpp-precomp -isysroot /Applications/Xcode.app/Contents/Developer/Platforms/MacOSX.platform/Developer/SDKs/MacOSX10.15.sdk -mmacosx-version-min=10.13 -O2 -fembed-bitcode -I/Users/zyoung/dev/SwiftyTesseract/SwiftyTesseract/SwiftyTesseract/leptonica-1.78.0/macos/x86_64-apple-darwin/include/leptonica -I/Users/zyoung/dev/SwiftyTesseract/SwiftyTesseract/SwiftyTesseract/tesseract-4.1.0/macos/x86_64-apple-darwin/ -arch x86_64 -pipe -no-cpp-precomp -isysroot /Applications/Xcode.app/Contents/Developer/Platforms/MacOSX.platform/Developer/SDKs/MacOSX10.15.sdk -mmacosx-version-min=10.13 -O2 -Wno-deprecated-register -std=c++17 -MT colpartitiongrid.lo -MD -MP -MF .deps/colpartitiongrid.Tpo -c ../../../../src/textord/colpartitiongrid.cpp -o colpartitiongrid.o
libtool: compile:  /Applications/Xcode.app/Contents/Developer/usr/bin/g++ --target=x86_64-apple-darwin -DHAVE_CONFIG_H -I. -I../../../../src/textord -I../.. -DNDEBUG -I../../../../src/ccstruct -I../../../../src/ccutil -I../../../../src/viewer -I../../../../src/ccmain -I../../../../src/wordrec -I../../../../src/api -I../../../../src/cutil -I../../../../src/classify -I../../../../src/dict -I../../../../src/opencl -I/Users/zyoung/dev/SwiftyTesseract/SwiftyTesseract/SwiftyTesseract/tesseract-4.1.0/macos/x86_64-apple-darwin/ -arch x86_64 -pipe -no-cpp-precomp -isysroot /Applications/Xcode.app/Contents/Developer/Platforms/MacOSX.platform/Developer/SDKs/MacOSX10.15.sdk -mmacosx-version-min=10.13 -O2 -fembed-bitcode -I/Users/zyoung/dev/SwiftyTesseract/SwiftyTesseract/SwiftyTesseract/leptonica-1.78.0/macos/x86_64-apple-darwin/include/leptonica -I/Users/zyoung/dev/SwiftyTesseract/SwiftyTesseract/SwiftyTesseract/tesseract-4.1.0/macos/x86_64-apple-darwin/ -arch x86_64 -pipe -no-cpp-precomp -isysroot /Applications/Xcode.app/Contents/Developer/Platforms/MacOSX.platform/Developer/SDKs/MacOSX10.15.sdk -mmacosx-version-min=10.13 -O2 -Wno-deprecated-register -std=c++17 -MT devanagari_processing.lo -MD -MP -MF .deps/devanagari_processing.Tpo -c ../../../../src/textord/devanagari_processing.cpp -o devanagari_processing.o
libtool: compile:  /Applications/Xcode.app/Contents/Developer/usr/bin/g++ --target=x86_64-apple-darwin -DHAVE_CONFIG_H -I. -I../../../../src/textord -I../.. -DNDEBUG -I../../../../src/ccstruct -I../../../../src/ccutil -I../../../../src/viewer -I../../../../src/ccmain -I../../../../src/wordrec -I../../../../src/api -I../../../../src/cutil -I../../../../src/classify -I../../../../src/dict -I../../../../src/opencl -I/Users/zyoung/dev/SwiftyTesseract/SwiftyTesseract/SwiftyTesseract/tesseract-4.1.0/macos/x86_64-apple-darwin/ -arch x86_64 -pipe -no-cpp-precomp -isysroot /Applications/Xcode.app/Contents/Developer/Platforms/MacOSX.platform/Developer/SDKs/MacOSX10.15.sdk -mmacosx-version-min=10.13 -O2 -fembed-bitcode -I/Users/zyoung/dev/SwiftyTesseract/SwiftyTesseract/SwiftyTesseract/leptonica-1.78.0/macos/x86_64-apple-darwin/include/leptonica -I/Users/zyoung/dev/SwiftyTesseract/SwiftyTesseract/SwiftyTesseract/tesseract-4.1.0/macos/x86_64-apple-darwin/ -arch x86_64 -pipe -no-cpp-precomp -isysroot /Applications/Xcode.app/Contents/Developer/Platforms/MacOSX.platform/Developer/SDKs/MacOSX10.15.sdk -mmacosx-version-min=10.13 -O2 -Wno-deprecated-register -std=c++17 -MT drawedg.lo -MD -MP -MF .deps/drawedg.Tpo -c ../../../../src/textord/drawedg.cpp -o drawedg.o
libtool: compile:  /Applications/Xcode.app/Contents/Developer/usr/bin/g++ --target=x86_64-apple-darwin -DHAVE_CONFIG_H -I. -I../../../../src/textord -I../.. -DNDEBUG -I../../../../src/ccstruct -I../../../../src/ccutil -I../../../../src/viewer -I../../../../src/ccmain -I../../../../src/wordrec -I../../../../src/api -I../../../../src/cutil -I../../../../src/classify -I../../../../src/dict -I../../../../src/opencl -I/Users/zyoung/dev/SwiftyTesseract/SwiftyTesseract/SwiftyTesseract/tesseract-4.1.0/macos/x86_64-apple-darwin/ -arch x86_64 -pipe -no-cpp-precomp -isysroot /Applications/Xcode.app/Contents/Developer/Platforms/MacOSX.platform/Developer/SDKs/MacOSX10.15.sdk -mmacosx-version-min=10.13 -O2 -fembed-bitcode -I/Users/zyoung/dev/SwiftyTesseract/SwiftyTesseract/SwiftyTesseract/leptonica-1.78.0/macos/x86_64-apple-darwin/include/leptonica -I/Users/zyoung/dev/SwiftyTesseract/SwiftyTesseract/SwiftyTesseract/tesseract-4.1.0/macos/x86_64-apple-darwin/ -arch x86_64 -pipe -no-cpp-precomp -isysroot /Applications/Xcode.app/Contents/Developer/Platforms/MacOSX.platform/Developer/SDKs/MacOSX10.15.sdk -mmacosx-version-min=10.13 -O2 -Wno-deprecated-register -std=c++17 -MT drawtord.lo -MD -MP -MF .deps/drawtord.Tpo -c ../../../../src/textord/drawtord.cpp -o drawtord.o
libtool: compile:  /Applications/Xcode.app/Contents/Developer/usr/bin/g++ --target=x86_64-apple-darwin -DHAVE_CONFIG_H -I. -I../../../../src/textord -I../.. -DNDEBUG -I../../../../src/ccstruct -I../../../../src/ccutil -I../../../../src/viewer -I../../../../src/ccmain -I../../../../src/wordrec -I../../../../src/api -I../../../../src/cutil -I../../../../src/classify -I../../../../src/dict -I../../../../src/opencl -I/Users/zyoung/dev/SwiftyTesseract/SwiftyTesseract/SwiftyTesseract/tesseract-4.1.0/macos/x86_64-apple-darwin/ -arch x86_64 -pipe -no-cpp-precomp -isysroot /Applications/Xcode.app/Contents/Developer/Platforms/MacOSX.platform/Developer/SDKs/MacOSX10.15.sdk -mmacosx-version-min=10.13 -O2 -fembed-bitcode -I/Users/zyoung/dev/SwiftyTesseract/SwiftyTesseract/SwiftyTesseract/leptonica-1.78.0/macos/x86_64-apple-darwin/include/leptonica -I/Users/zyoung/dev/SwiftyTesseract/SwiftyTesseract/SwiftyTesseract/tesseract-4.1.0/macos/x86_64-apple-darwin/ -arch x86_64 -pipe -no-cpp-precomp -isysroot /Applications/Xcode.app/Contents/Developer/Platforms/MacOSX.platform/Developer/SDKs/MacOSX10.15.sdk -mmacosx-version-min=10.13 -O2 -Wno-deprecated-register -std=c++17 -MT edgblob.lo -MD -MP -MF .deps/edgblob.Tpo -c ../../../../src/textord/edgblob.cpp -o edgblob.o
libtool: compile:  /Applications/Xcode.app/Contents/Developer/usr/bin/g++ --target=x86_64-apple-darwin -DHAVE_CONFIG_H -I. -I../../../../src/textord -I../.. -DNDEBUG -I../../../../src/ccstruct -I../../../../src/ccutil -I../../../../src/viewer -I../../../../src/ccmain -I../../../../src/wordrec -I../../../../src/api -I../../../../src/cutil -I../../../../src/classify -I../../../../src/dict -I../../../../src/opencl -I/Users/zyoung/dev/SwiftyTesseract/SwiftyTesseract/SwiftyTesseract/tesseract-4.1.0/macos/x86_64-apple-darwin/ -arch x86_64 -pipe -no-cpp-precomp -isysroot /Applications/Xcode.app/Contents/Developer/Platforms/MacOSX.platform/Developer/SDKs/MacOSX10.15.sdk -mmacosx-version-min=10.13 -O2 -fembed-bitcode -I/Users/zyoung/dev/SwiftyTesseract/SwiftyTesseract/SwiftyTesseract/leptonica-1.78.0/macos/x86_64-apple-darwin/include/leptonica -I/Users/zyoung/dev/SwiftyTesseract/SwiftyTesseract/SwiftyTesseract/tesseract-4.1.0/macos/x86_64-apple-darwin/ -arch x86_64 -pipe -no-cpp-precomp -isysroot /Applications/Xcode.app/Contents/Developer/Platforms/MacOSX.platform/Developer/SDKs/MacOSX10.15.sdk -mmacosx-version-min=10.13 -O2 -Wno-deprecated-register -std=c++17 -MT edgloop.lo -MD -MP -MF .deps/edgloop.Tpo -c ../../../../src/textord/edgloop.cpp -o edgloop.o
libtool: compile:  /Applications/Xcode.app/Contents/Developer/usr/bin/g++ --target=x86_64-apple-darwin -DHAVE_CONFIG_H -I. -I../../../../src/textord -I../.. -DNDEBUG -I../../../../src/ccstruct -I../../../../src/ccutil -I../../../../src/viewer -I../../../../src/ccmain -I../../../../src/wordrec -I../../../../src/api -I../../../../src/cutil -I../../../../src/classify -I../../../../src/dict -I../../../../src/opencl -I/Users/zyoung/dev/SwiftyTesseract/SwiftyTesseract/SwiftyTesseract/tesseract-4.1.0/macos/x86_64-apple-darwin/ -arch x86_64 -pipe -no-cpp-precomp -isysroot /Applications/Xcode.app/Contents/Developer/Platforms/MacOSX.platform/Developer/SDKs/MacOSX10.15.sdk -mmacosx-version-min=10.13 -O2 -fembed-bitcode -I/Users/zyoung/dev/SwiftyTesseract/SwiftyTesseract/SwiftyTesseract/leptonica-1.78.0/macos/x86_64-apple-darwin/include/leptonica -I/Users/zyoung/dev/SwiftyTesseract/SwiftyTesseract/SwiftyTesseract/tesseract-4.1.0/macos/x86_64-apple-darwin/ -arch x86_64 -pipe -no-cpp-precomp -isysroot /Applications/Xcode.app/Contents/Developer/Platforms/MacOSX.platform/Developer/SDKs/MacOSX10.15.sdk -mmacosx-version-min=10.13 -O2 -Wno-deprecated-register -std=c++17 -MT equationdetectbase.lo -MD -MP -MF .deps/equationdetectbase.Tpo -c ../../../../src/textord/equationdetectbase.cpp -o equationdetectbase.o
libtool: compile:  /Applications/Xcode.app/Contents/Developer/usr/bin/g++ --target=x86_64-apple-darwin -DHAVE_CONFIG_H -I. -I../../../../src/textord -I../.. -DNDEBUG -I../../../../src/ccstruct -I../../../../src/ccutil -I../../../../src/viewer -I../../../../src/ccmain -I../../../../src/wordrec -I../../../../src/api -I../../../../src/cutil -I../../../../src/classify -I../../../../src/dict -I../../../../src/opencl -I/Users/zyoung/dev/SwiftyTesseract/SwiftyTesseract/SwiftyTesseract/tesseract-4.1.0/macos/x86_64-apple-darwin/ -arch x86_64 -pipe -no-cpp-precomp -isysroot /Applications/Xcode.app/Contents/Developer/Platforms/MacOSX.platform/Developer/SDKs/MacOSX10.15.sdk -mmacosx-version-min=10.13 -O2 -fembed-bitcode -I/Users/zyoung/dev/SwiftyTesseract/SwiftyTesseract/SwiftyTesseract/leptonica-1.78.0/macos/x86_64-apple-darwin/include/leptonica -I/Users/zyoung/dev/SwiftyTesseract/SwiftyTesseract/SwiftyTesseract/tesseract-4.1.0/macos/x86_64-apple-darwin/ -arch x86_64 -pipe -no-cpp-precomp -isysroot /Applications/Xcode.app/Contents/Developer/Platforms/MacOSX.platform/Developer/SDKs/MacOSX10.15.sdk -mmacosx-version-min=10.13 -O2 -Wno-deprecated-register -std=c++17 -MT fpchop.lo -MD -MP -MF .deps/fpchop.Tpo -c ../../../../src/textord/fpchop.cpp -o fpchop.o
libtool: compile:  /Applications/Xcode.app/Contents/Developer/usr/bin/g++ --target=x86_64-apple-darwin -DHAVE_CONFIG_H -I. -I../../../../src/textord -I../.. -DNDEBUG -I../../../../src/ccstruct -I../../../../src/ccutil -I../../../../src/viewer -I../../../../src/ccmain -I../../../../src/wordrec -I../../../../src/api -I../../../../src/cutil -I../../../../src/classify -I../../../../src/dict -I../../../../src/opencl -I/Users/zyoung/dev/SwiftyTesseract/SwiftyTesseract/SwiftyTesseract/tesseract-4.1.0/macos/x86_64-apple-darwin/ -arch x86_64 -pipe -no-cpp-precomp -isysroot /Applications/Xcode.app/Contents/Developer/Platforms/MacOSX.platform/Developer/SDKs/MacOSX10.15.sdk -mmacosx-version-min=10.13 -O2 -fembed-bitcode -I/Users/zyoung/dev/SwiftyTesseract/SwiftyTesseract/SwiftyTesseract/leptonica-1.78.0/macos/x86_64-apple-darwin/include/leptonica -I/Users/zyoung/dev/SwiftyTesseract/SwiftyTesseract/SwiftyTesseract/tesseract-4.1.0/macos/x86_64-apple-darwin/ -arch x86_64 -pipe -no-cpp-precomp -isysroot /Applications/Xcode.app/Contents/Developer/Platforms/MacOSX.platform/Developer/SDKs/MacOSX10.15.sdk -mmacosx-version-min=10.13 -O2 -Wno-deprecated-register -std=c++17 -MT gap_map.lo -MD -MP -MF .deps/gap_map.Tpo -c ../../../../src/textord/gap_map.cpp -o gap_map.o
libtool: compile:  /Applications/Xcode.app/Contents/Developer/usr/bin/g++ --target=x86_64-apple-darwin -DHAVE_CONFIG_H -I. -I../../../../src/textord -I../.. -DNDEBUG -I../../../../src/ccstruct -I../../../../src/ccutil -I../../../../src/viewer -I../../../../src/ccmain -I../../../../src/wordrec -I../../../../src/api -I../../../../src/cutil -I../../../../src/classify -I../../../../src/dict -I../../../../src/opencl -I/Users/zyoung/dev/SwiftyTesseract/SwiftyTesseract/SwiftyTesseract/tesseract-4.1.0/macos/x86_64-apple-darwin/ -arch x86_64 -pipe -no-cpp-precomp -isysroot /Applications/Xcode.app/Contents/Developer/Platforms/MacOSX.platform/Developer/SDKs/MacOSX10.15.sdk -mmacosx-version-min=10.13 -O2 -fembed-bitcode -I/Users/zyoung/dev/SwiftyTesseract/SwiftyTesseract/SwiftyTesseract/leptonica-1.78.0/macos/x86_64-apple-darwin/include/leptonica -I/Users/zyoung/dev/SwiftyTesseract/SwiftyTesseract/SwiftyTesseract/tesseract-4.1.0/macos/x86_64-apple-darwin/ -arch x86_64 -pipe -no-cpp-precomp -isysroot /Applications/Xcode.app/Contents/Developer/Platforms/MacOSX.platform/Developer/SDKs/MacOSX10.15.sdk -mmacosx-version-min=10.13 -O2 -Wno-deprecated-register -std=c++17 -MT imagefind.lo -MD -MP -MF .deps/imagefind.Tpo -c ../../../../src/textord/imagefind.cpp -o imagefind.o
libtool: compile:  /Applications/Xcode.app/Contents/Developer/usr/bin/g++ --target=x86_64-apple-darwin -DHAVE_CONFIG_H -I. -I../../../../src/textord -I../.. -DNDEBUG -I../../../../src/ccstruct -I../../../../src/ccutil -I../../../../src/viewer -I../../../../src/ccmain -I../../../../src/wordrec -I../../../../src/api -I../../../../src/cutil -I../../../../src/classify -I../../../../src/dict -I../../../../src/opencl -I/Users/zyoung/dev/SwiftyTesseract/SwiftyTesseract/SwiftyTesseract/tesseract-4.1.0/macos/x86_64-apple-darwin/ -arch x86_64 -pipe -no-cpp-precomp -isysroot /Applications/Xcode.app/Contents/Developer/Platforms/MacOSX.platform/Developer/SDKs/MacOSX10.15.sdk -mmacosx-version-min=10.13 -O2 -fembed-bitcode -I/Users/zyoung/dev/SwiftyTesseract/SwiftyTesseract/SwiftyTesseract/leptonica-1.78.0/macos/x86_64-apple-darwin/include/leptonica -I/Users/zyoung/dev/SwiftyTesseract/SwiftyTesseract/SwiftyTesseract/tesseract-4.1.0/macos/x86_64-apple-darwin/ -arch x86_64 -pipe -no-cpp-precomp -isysroot /Applications/Xcode.app/Contents/Developer/Platforms/MacOSX.platform/Developer/SDKs/MacOSX10.15.sdk -mmacosx-version-min=10.13 -O2 -Wno-deprecated-register -std=c++17 -MT linefind.lo -MD -MP -MF .deps/linefind.Tpo -c ../../../../src/textord/linefind.cpp -o linefind.o
libtool: compile:  /Applications/Xcode.app/Contents/Developer/usr/bin/g++ --target=x86_64-apple-darwin -DHAVE_CONFIG_H -I. -I../../../../src/textord -I../.. -DNDEBUG -I../../../../src/ccstruct -I../../../../src/ccutil -I../../../../src/viewer -I../../../../src/ccmain -I../../../../src/wordrec -I../../../../src/api -I../../../../src/cutil -I../../../../src/classify -I../../../../src/dict -I../../../../src/opencl -I/Users/zyoung/dev/SwiftyTesseract/SwiftyTesseract/SwiftyTesseract/tesseract-4.1.0/macos/x86_64-apple-darwin/ -arch x86_64 -pipe -no-cpp-precomp -isysroot /Applications/Xcode.app/Contents/Developer/Platforms/MacOSX.platform/Developer/SDKs/MacOSX10.15.sdk -mmacosx-version-min=10.13 -O2 -fembed-bitcode -I/Users/zyoung/dev/SwiftyTesseract/SwiftyTesseract/SwiftyTesseract/leptonica-1.78.0/macos/x86_64-apple-darwin/include/leptonica -I/Users/zyoung/dev/SwiftyTesseract/SwiftyTesseract/SwiftyTesseract/tesseract-4.1.0/macos/x86_64-apple-darwin/ -arch x86_64 -pipe -no-cpp-precomp -isysroot /Applications/Xcode.app/Contents/Developer/Platforms/MacOSX.platform/Developer/SDKs/MacOSX10.15.sdk -mmacosx-version-min=10.13 -O2 -Wno-deprecated-register -std=c++17 -MT makerow.lo -MD -MP -MF .deps/makerow.Tpo -c ../../../../src/textord/makerow.cpp -o makerow.o
libtool: compile:  /Applications/Xcode.app/Contents/Developer/usr/bin/g++ --target=x86_64-apple-darwin -DHAVE_CONFIG_H -I. -I../../../../src/textord -I../.. -DNDEBUG -I../../../../src/ccstruct -I../../../../src/ccutil -I../../../../src/viewer -I../../../../src/ccmain -I../../../../src/wordrec -I../../../../src/api -I../../../../src/cutil -I../../../../src/classify -I../../../../src/dict -I../../../../src/opencl -I/Users/zyoung/dev/SwiftyTesseract/SwiftyTesseract/SwiftyTesseract/tesseract-4.1.0/macos/x86_64-apple-darwin/ -arch x86_64 -pipe -no-cpp-precomp -isysroot /Applications/Xcode.app/Contents/Developer/Platforms/MacOSX.platform/Developer/SDKs/MacOSX10.15.sdk -mmacosx-version-min=10.13 -O2 -fembed-bitcode -I/Users/zyoung/dev/SwiftyTesseract/SwiftyTesseract/SwiftyTesseract/leptonica-1.78.0/macos/x86_64-apple-darwin/include/leptonica -I/Users/zyoung/dev/SwiftyTesseract/SwiftyTesseract/SwiftyTesseract/tesseract-4.1.0/macos/x86_64-apple-darwin/ -arch x86_64 -pipe -no-cpp-precomp -isysroot /Applications/Xcode.app/Contents/Developer/Platforms/MacOSX.platform/Developer/SDKs/MacOSX10.15.sdk -mmacosx-version-min=10.13 -O2 -Wno-deprecated-register -std=c++17 -MT oldbasel.lo -MD -MP -MF .deps/oldbasel.Tpo -c ../../../../src/textord/oldbasel.cpp -o oldbasel.o
libtool: compile:  /Applications/Xcode.app/Contents/Developer/usr/bin/g++ --target=x86_64-apple-darwin -DHAVE_CONFIG_H -I. -I../../../../src/textord -I../.. -DNDEBUG -I../../../../src/ccstruct -I../../../../src/ccutil -I../../../../src/viewer -I../../../../src/ccmain -I../../../../src/wordrec -I../../../../src/api -I../../../../src/cutil -I../../../../src/classify -I../../../../src/dict -I../../../../src/opencl -I/Users/zyoung/dev/SwiftyTesseract/SwiftyTesseract/SwiftyTesseract/tesseract-4.1.0/macos/x86_64-apple-darwin/ -arch x86_64 -pipe -no-cpp-precomp -isysroot /Applications/Xcode.app/Contents/Developer/Platforms/MacOSX.platform/Developer/SDKs/MacOSX10.15.sdk -mmacosx-version-min=10.13 -O2 -fembed-bitcode -I/Users/zyoung/dev/SwiftyTesseract/SwiftyTesseract/SwiftyTesseract/leptonica-1.78.0/macos/x86_64-apple-darwin/include/leptonica -I/Users/zyoung/dev/SwiftyTesseract/SwiftyTesseract/SwiftyTesseract/tesseract-4.1.0/macos/x86_64-apple-darwin/ -arch x86_64 -pipe -no-cpp-precomp -isysroot /Applications/Xcode.app/Contents/Developer/Platforms/MacOSX.platform/Developer/SDKs/MacOSX10.15.sdk -mmacosx-version-min=10.13 -O2 -Wno-deprecated-register -std=c++17 -MT pithsync.lo -MD -MP -MF .deps/pithsync.Tpo -c ../../../../src/textord/pithsync.cpp -o pithsync.o
libtool: compile:  /Applications/Xcode.app/Contents/Developer/usr/bin/g++ --target=x86_64-apple-darwin -DHAVE_CONFIG_H -I. -I../../../../src/textord -I../.. -DNDEBUG -I../../../../src/ccstruct -I../../../../src/ccutil -I../../../../src/viewer -I../../../../src/ccmain -I../../../../src/wordrec -I../../../../src/api -I../../../../src/cutil -I../../../../src/classify -I../../../../src/dict -I../../../../src/opencl -I/Users/zyoung/dev/SwiftyTesseract/SwiftyTesseract/SwiftyTesseract/tesseract-4.1.0/macos/x86_64-apple-darwin/ -arch x86_64 -pipe -no-cpp-precomp -isysroot /Applications/Xcode.app/Contents/Developer/Platforms/MacOSX.platform/Developer/SDKs/MacOSX10.15.sdk -mmacosx-version-min=10.13 -O2 -fembed-bitcode -I/Users/zyoung/dev/SwiftyTesseract/SwiftyTesseract/SwiftyTesseract/leptonica-1.78.0/macos/x86_64-apple-darwin/include/leptonica -I/Users/zyoung/dev/SwiftyTesseract/SwiftyTesseract/SwiftyTesseract/tesseract-4.1.0/macos/x86_64-apple-darwin/ -arch x86_64 -pipe -no-cpp-precomp -isysroot /Applications/Xcode.app/Contents/Developer/Platforms/MacOSX.platform/Developer/SDKs/MacOSX10.15.sdk -mmacosx-version-min=10.13 -O2 -Wno-deprecated-register -std=c++17 -MT pitsync1.lo -MD -MP -MF .deps/pitsync1.Tpo -c ../../../../src/textord/pitsync1.cpp -o pitsync1.o
libtool: compile:  /Applications/Xcode.app/Contents/Developer/usr/bin/g++ --target=x86_64-apple-darwin -DHAVE_CONFIG_H -I. -I../../../../src/textord -I../.. -DNDEBUG -I../../../../src/ccstruct -I../../../../src/ccutil -I../../../../src/viewer -I../../../../src/ccmain -I../../../../src/wordrec -I../../../../src/api -I../../../../src/cutil -I../../../../src/classify -I../../../../src/dict -I../../../../src/opencl -I/Users/zyoung/dev/SwiftyTesseract/SwiftyTesseract/SwiftyTesseract/tesseract-4.1.0/macos/x86_64-apple-darwin/ -arch x86_64 -pipe -no-cpp-precomp -isysroot /Applications/Xcode.app/Contents/Developer/Platforms/MacOSX.platform/Developer/SDKs/MacOSX10.15.sdk -mmacosx-version-min=10.13 -O2 -fembed-bitcode -I/Users/zyoung/dev/SwiftyTesseract/SwiftyTesseract/SwiftyTesseract/leptonica-1.78.0/macos/x86_64-apple-darwin/include/leptonica -I/Users/zyoung/dev/SwiftyTesseract/SwiftyTesseract/SwiftyTesseract/tesseract-4.1.0/macos/x86_64-apple-darwin/ -arch x86_64 -pipe -no-cpp-precomp -isysroot /Applications/Xcode.app/Contents/Developer/Platforms/MacOSX.platform/Developer/SDKs/MacOSX10.15.sdk -mmacosx-version-min=10.13 -O2 -Wno-deprecated-register -std=c++17 -MT scanedg.lo -MD -MP -MF .deps/scanedg.Tpo -c ../../../../src/textord/scanedg.cpp -o scanedg.o
libtool: compile:  /Applications/Xcode.app/Contents/Developer/usr/bin/g++ --target=x86_64-apple-darwin -DHAVE_CONFIG_H -I. -I../../../../src/textord -I../.. -DNDEBUG -I../../../../src/ccstruct -I../../../../src/ccutil -I../../../../src/viewer -I../../../../src/ccmain -I../../../../src/wordrec -I../../../../src/api -I../../../../src/cutil -I../../../../src/classify -I../../../../src/dict -I../../../../src/opencl -I/Users/zyoung/dev/SwiftyTesseract/SwiftyTesseract/SwiftyTesseract/tesseract-4.1.0/macos/x86_64-apple-darwin/ -arch x86_64 -pipe -no-cpp-precomp -isysroot /Applications/Xcode.app/Contents/Developer/Platforms/MacOSX.platform/Developer/SDKs/MacOSX10.15.sdk -mmacosx-version-min=10.13 -O2 -fembed-bitcode -I/Users/zyoung/dev/SwiftyTesseract/SwiftyTesseract/SwiftyTesseract/leptonica-1.78.0/macos/x86_64-apple-darwin/include/leptonica -I/Users/zyoung/dev/SwiftyTesseract/SwiftyTesseract/SwiftyTesseract/tesseract-4.1.0/macos/x86_64-apple-darwin/ -arch x86_64 -pipe -no-cpp-precomp -isysroot /Applications/Xcode.app/Contents/Developer/Platforms/MacOSX.platform/Developer/SDKs/MacOSX10.15.sdk -mmacosx-version-min=10.13 -O2 -Wno-deprecated-register -std=c++17 -MT sortflts.lo -MD -MP -MF .deps/sortflts.Tpo -c ../../../../src/textord/sortflts.cpp -o sortflts.o
libtool: compile:  /Applications/Xcode.app/Contents/Developer/usr/bin/g++ --target=x86_64-apple-darwin -DHAVE_CONFIG_H -I. -I../../../../src/textord -I../.. -DNDEBUG -I../../../../src/ccstruct -I../../../../src/ccutil -I../../../../src/viewer -I../../../../src/ccmain -I../../../../src/wordrec -I../../../../src/api -I../../../../src/cutil -I../../../../src/classify -I../../../../src/dict -I../../../../src/opencl -I/Users/zyoung/dev/SwiftyTesseract/SwiftyTesseract/SwiftyTesseract/tesseract-4.1.0/macos/x86_64-apple-darwin/ -arch x86_64 -pipe -no-cpp-precomp -isysroot /Applications/Xcode.app/Contents/Developer/Platforms/MacOSX.platform/Developer/SDKs/MacOSX10.15.sdk -mmacosx-version-min=10.13 -O2 -fembed-bitcode -I/Users/zyoung/dev/SwiftyTesseract/SwiftyTesseract/SwiftyTesseract/leptonica-1.78.0/macos/x86_64-apple-darwin/include/leptonica -I/Users/zyoung/dev/SwiftyTesseract/SwiftyTesseract/SwiftyTesseract/tesseract-4.1.0/macos/x86_64-apple-darwin/ -arch x86_64 -pipe -no-cpp-precomp -isysroot /Applications/Xcode.app/Contents/Developer/Platforms/MacOSX.platform/Developer/SDKs/MacOSX10.15.sdk -mmacosx-version-min=10.13 -O2 -Wno-deprecated-register -std=c++17 -MT strokewidth.lo -MD -MP -MF .deps/strokewidth.Tpo -c ../../../../src/textord/strokewidth.cpp -o strokewidth.o
libtool: compile:  /Applications/Xcode.app/Contents/Developer/usr/bin/g++ --target=x86_64-apple-darwin -DHAVE_CONFIG_H -I. -I../../../../src/textord -I../.. -DNDEBUG -I../../../../src/ccstruct -I../../../../src/ccutil -I../../../../src/viewer -I../../../../src/ccmain -I../../../../src/wordrec -I../../../../src/api -I../../../../src/cutil -I../../../../src/classify -I../../../../src/dict -I../../../../src/opencl -I/Users/zyoung/dev/SwiftyTesseract/SwiftyTesseract/SwiftyTesseract/tesseract-4.1.0/macos/x86_64-apple-darwin/ -arch x86_64 -pipe -no-cpp-precomp -isysroot /Applications/Xcode.app/Contents/Developer/Platforms/MacOSX.platform/Developer/SDKs/MacOSX10.15.sdk -mmacosx-version-min=10.13 -O2 -fembed-bitcode -I/Users/zyoung/dev/SwiftyTesseract/SwiftyTesseract/SwiftyTesseract/leptonica-1.78.0/macos/x86_64-apple-darwin/include/leptonica -I/Users/zyoung/dev/SwiftyTesseract/SwiftyTesseract/SwiftyTesseract/tesseract-4.1.0/macos/x86_64-apple-darwin/ -arch x86_64 -pipe -no-cpp-precomp -isysroot /Applications/Xcode.app/Contents/Developer/Platforms/MacOSX.platform/Developer/SDKs/MacOSX10.15.sdk -mmacosx-version-min=10.13 -O2 -Wno-deprecated-register -std=c++17 -MT tabfind.lo -MD -MP -MF .deps/tabfind.Tpo -c ../../../../src/textord/tabfind.cpp -o tabfind.o
libtool: compile:  /Applications/Xcode.app/Contents/Developer/usr/bin/g++ --target=x86_64-apple-darwin -DHAVE_CONFIG_H -I. -I../../../../src/textord -I../.. -DNDEBUG -I../../../../src/ccstruct -I../../../../src/ccutil -I../../../../src/viewer -I../../../../src/ccmain -I../../../../src/wordrec -I../../../../src/api -I../../../../src/cutil -I../../../../src/classify -I../../../../src/dict -I../../../../src/opencl -I/Users/zyoung/dev/SwiftyTesseract/SwiftyTesseract/SwiftyTesseract/tesseract-4.1.0/macos/x86_64-apple-darwin/ -arch x86_64 -pipe -no-cpp-precomp -isysroot /Applications/Xcode.app/Contents/Developer/Platforms/MacOSX.platform/Developer/SDKs/MacOSX10.15.sdk -mmacosx-version-min=10.13 -O2 -fembed-bitcode -I/Users/zyoung/dev/SwiftyTesseract/SwiftyTesseract/SwiftyTesseract/leptonica-1.78.0/macos/x86_64-apple-darwin/include/leptonica -I/Users/zyoung/dev/SwiftyTesseract/SwiftyTesseract/SwiftyTesseract/tesseract-4.1.0/macos/x86_64-apple-darwin/ -arch x86_64 -pipe -no-cpp-precomp -isysroot /Applications/Xcode.app/Contents/Developer/Platforms/MacOSX.platform/Developer/SDKs/MacOSX10.15.sdk -mmacosx-version-min=10.13 -O2 -Wno-deprecated-register -std=c++17 -MT tablefind.lo -MD -MP -MF .deps/tablefind.Tpo -c ../../../../src/textord/tablefind.cpp -o tablefind.o
libtool: compile:  /Applications/Xcode.app/Contents/Developer/usr/bin/g++ --target=x86_64-apple-darwin -DHAVE_CONFIG_H -I. -I../../../../src/textord -I../.. -DNDEBUG -I../../../../src/ccstruct -I../../../../src/ccutil -I../../../../src/viewer -I../../../../src/ccmain -I../../../../src/wordrec -I../../../../src/api -I../../../../src/cutil -I../../../../src/classify -I../../../../src/dict -I../../../../src/opencl -I/Users/zyoung/dev/SwiftyTesseract/SwiftyTesseract/SwiftyTesseract/tesseract-4.1.0/macos/x86_64-apple-darwin/ -arch x86_64 -pipe -no-cpp-precomp -isysroot /Applications/Xcode.app/Contents/Developer/Platforms/MacOSX.platform/Developer/SDKs/MacOSX10.15.sdk -mmacosx-version-min=10.13 -O2 -fembed-bitcode -I/Users/zyoung/dev/SwiftyTesseract/SwiftyTesseract/SwiftyTesseract/leptonica-1.78.0/macos/x86_64-apple-darwin/include/leptonica -I/Users/zyoung/dev/SwiftyTesseract/SwiftyTesseract/SwiftyTesseract/tesseract-4.1.0/macos/x86_64-apple-darwin/ -arch x86_64 -pipe -no-cpp-precomp -isysroot /Applications/Xcode.app/Contents/Developer/Platforms/MacOSX.platform/Developer/SDKs/MacOSX10.15.sdk -mmacosx-version-min=10.13 -O2 -Wno-deprecated-register -std=c++17 -MT tabvector.lo -MD -MP -MF .deps/tabvector.Tpo -c ../../../../src/textord/tabvector.cpp -o tabvector.o
libtool: compile:  /Applications/Xcode.app/Contents/Developer/usr/bin/g++ --target=x86_64-apple-darwin -DHAVE_CONFIG_H -I. -I../../../../src/textord -I../.. -DNDEBUG -I../../../../src/ccstruct -I../../../../src/ccutil -I../../../../src/viewer -I../../../../src/ccmain -I../../../../src/wordrec -I../../../../src/api -I../../../../src/cutil -I../../../../src/classify -I../../../../src/dict -I../../../../src/opencl -I/Users/zyoung/dev/SwiftyTesseract/SwiftyTesseract/SwiftyTesseract/tesseract-4.1.0/macos/x86_64-apple-darwin/ -arch x86_64 -pipe -no-cpp-precomp -isysroot /Applications/Xcode.app/Contents/Developer/Platforms/MacOSX.platform/Developer/SDKs/MacOSX10.15.sdk -mmacosx-version-min=10.13 -O2 -fembed-bitcode -I/Users/zyoung/dev/SwiftyTesseract/SwiftyTesseract/SwiftyTesseract/leptonica-1.78.0/macos/x86_64-apple-darwin/include/leptonica -I/Users/zyoung/dev/SwiftyTesseract/SwiftyTesseract/SwiftyTesseract/tesseract-4.1.0/macos/x86_64-apple-darwin/ -arch x86_64 -pipe -no-cpp-precomp -isysroot /Applications/Xcode.app/Contents/Developer/Platforms/MacOSX.platform/Developer/SDKs/MacOSX10.15.sdk -mmacosx-version-min=10.13 -O2 -Wno-deprecated-register -std=c++17 -MT tablerecog.lo -MD -MP -MF .deps/tablerecog.Tpo -c ../../../../src/textord/tablerecog.cpp -o tablerecog.o
libtool: compile:  /Applications/Xcode.app/Contents/Developer/usr/bin/g++ --target=x86_64-apple-darwin -DHAVE_CONFIG_H -I. -I../../../../src/textord -I../.. -DNDEBUG -I../../../../src/ccstruct -I../../../../src/ccutil -I../../../../src/viewer -I../../../../src/ccmain -I../../../../src/wordrec -I../../../../src/api -I../../../../src/cutil -I../../../../src/classify -I../../../../src/dict -I../../../../src/opencl -I/Users/zyoung/dev/SwiftyTesseract/SwiftyTesseract/SwiftyTesseract/tesseract-4.1.0/macos/x86_64-apple-darwin/ -arch x86_64 -pipe -no-cpp-precomp -isysroot /Applications/Xcode.app/Contents/Developer/Platforms/MacOSX.platform/Developer/SDKs/MacOSX10.15.sdk -mmacosx-version-min=10.13 -O2 -fembed-bitcode -I/Users/zyoung/dev/SwiftyTesseract/SwiftyTesseract/SwiftyTesseract/leptonica-1.78.0/macos/x86_64-apple-darwin/include/leptonica -I/Users/zyoung/dev/SwiftyTesseract/SwiftyTesseract/SwiftyTesseract/tesseract-4.1.0/macos/x86_64-apple-darwin/ -arch x86_64 -pipe -no-cpp-precomp -isysroot /Applications/Xcode.app/Contents/Developer/Platforms/MacOSX.platform/Developer/SDKs/MacOSX10.15.sdk -mmacosx-version-min=10.13 -O2 -Wno-deprecated-register -std=c++17 -MT textlineprojection.lo -MD -MP -MF .deps/textlineprojection.Tpo -c ../../../../src/textord/textlineprojection.cpp -o textlineprojection.o
libtool: compile:  /Applications/Xcode.app/Contents/Developer/usr/bin/g++ --target=x86_64-apple-darwin -DHAVE_CONFIG_H -I. -I../../../../src/textord -I../.. -DNDEBUG -I../../../../src/ccstruct -I../../../../src/ccutil -I../../../../src/viewer -I../../../../src/ccmain -I../../../../src/wordrec -I../../../../src/api -I../../../../src/cutil -I../../../../src/classify -I../../../../src/dict -I../../../../src/opencl -I/Users/zyoung/dev/SwiftyTesseract/SwiftyTesseract/SwiftyTesseract/tesseract-4.1.0/macos/x86_64-apple-darwin/ -arch x86_64 -pipe -no-cpp-precomp -isysroot /Applications/Xcode.app/Contents/Developer/Platforms/MacOSX.platform/Developer/SDKs/MacOSX10.15.sdk -mmacosx-version-min=10.13 -O2 -fembed-bitcode -I/Users/zyoung/dev/SwiftyTesseract/SwiftyTesseract/SwiftyTesseract/leptonica-1.78.0/macos/x86_64-apple-darwin/include/leptonica -I/Users/zyoung/dev/SwiftyTesseract/SwiftyTesseract/SwiftyTesseract/tesseract-4.1.0/macos/x86_64-apple-darwin/ -arch x86_64 -pipe -no-cpp-precomp -isysroot /Applications/Xcode.app/Contents/Developer/Platforms/MacOSX.platform/Developer/SDKs/MacOSX10.15.sdk -mmacosx-version-min=10.13 -O2 -Wno-deprecated-register -std=c++17 -MT textord.lo -MD -MP -MF .deps/textord.Tpo -c ../../../../src/textord/textord.cpp -o textord.o
libtool: compile:  /Applications/Xcode.app/Contents/Developer/usr/bin/g++ --target=x86_64-apple-darwin -DHAVE_CONFIG_H -I. -I../../../../src/textord -I../.. -DNDEBUG -I../../../../src/ccstruct -I../../../../src/ccutil -I../../../../src/viewer -I../../../../src/ccmain -I../../../../src/wordrec -I../../../../src/api -I../../../../src/cutil -I../../../../src/classify -I../../../../src/dict -I../../../../src/opencl -I/Users/zyoung/dev/SwiftyTesseract/SwiftyTesseract/SwiftyTesseract/tesseract-4.1.0/macos/x86_64-apple-darwin/ -arch x86_64 -pipe -no-cpp-precomp -isysroot /Applications/Xcode.app/Contents/Developer/Platforms/MacOSX.platform/Developer/SDKs/MacOSX10.15.sdk -mmacosx-version-min=10.13 -O2 -fembed-bitcode -I/Users/zyoung/dev/SwiftyTesseract/SwiftyTesseract/SwiftyTesseract/leptonica-1.78.0/macos/x86_64-apple-darwin/include/leptonica -I/Users/zyoung/dev/SwiftyTesseract/SwiftyTesseract/SwiftyTesseract/tesseract-4.1.0/macos/x86_64-apple-darwin/ -arch x86_64 -pipe -no-cpp-precomp -isysroot /Applications/Xcode.app/Contents/Developer/Platforms/MacOSX.platform/Developer/SDKs/MacOSX10.15.sdk -mmacosx-version-min=10.13 -O2 -Wno-deprecated-register -std=c++17 -MT topitch.lo -MD -MP -MF .deps/topitch.Tpo -c ../../../../src/textord/topitch.cpp -o topitch.o
libtool: compile:  /Applications/Xcode.app/Contents/Developer/usr/bin/g++ --target=x86_64-apple-darwin -DHAVE_CONFIG_H -I. -I../../../../src/textord -I../.. -DNDEBUG -I../../../../src/ccstruct -I../../../../src/ccutil -I../../../../src/viewer -I../../../../src/ccmain -I../../../../src/wordrec -I../../../../src/api -I../../../../src/cutil -I../../../../src/classify -I../../../../src/dict -I../../../../src/opencl -I/Users/zyoung/dev/SwiftyTesseract/SwiftyTesseract/SwiftyTesseract/tesseract-4.1.0/macos/x86_64-apple-darwin/ -arch x86_64 -pipe -no-cpp-precomp -isysroot /Applications/Xcode.app/Contents/Developer/Platforms/MacOSX.platform/Developer/SDKs/MacOSX10.15.sdk -mmacosx-version-min=10.13 -O2 -fembed-bitcode -I/Users/zyoung/dev/SwiftyTesseract/SwiftyTesseract/SwiftyTesseract/leptonica-1.78.0/macos/x86_64-apple-darwin/include/leptonica -I/Users/zyoung/dev/SwiftyTesseract/SwiftyTesseract/SwiftyTesseract/tesseract-4.1.0/macos/x86_64-apple-darwin/ -arch x86_64 -pipe -no-cpp-precomp -isysroot /Applications/Xcode.app/Contents/Developer/Platforms/MacOSX.platform/Developer/SDKs/MacOSX10.15.sdk -mmacosx-version-min=10.13 -O2 -Wno-deprecated-register -std=c++17 -MT tordmain.lo -MD -MP -MF .deps/tordmain.Tpo -c ../../../../src/textord/tordmain.cpp -o tordmain.o
libtool: compile:  /Applications/Xcode.app/Contents/Developer/usr/bin/g++ --target=x86_64-apple-darwin -DHAVE_CONFIG_H -I. -I../../../../src/textord -I../.. -DNDEBUG -I../../../../src/ccstruct -I../../../../src/ccutil -I../../../../src/viewer -I../../../../src/ccmain -I../../../../src/wordrec -I../../../../src/api -I../../../../src/cutil -I../../../../src/classify -I../../../../src/dict -I../../../../src/opencl -I/Users/zyoung/dev/SwiftyTesseract/SwiftyTesseract/SwiftyTesseract/tesseract-4.1.0/macos/x86_64-apple-darwin/ -arch x86_64 -pipe -no-cpp-precomp -isysroot /Applications/Xcode.app/Contents/Developer/Platforms/MacOSX.platform/Developer/SDKs/MacOSX10.15.sdk -mmacosx-version-min=10.13 -O2 -fembed-bitcode -I/Users/zyoung/dev/SwiftyTesseract/SwiftyTesseract/SwiftyTesseract/leptonica-1.78.0/macos/x86_64-apple-darwin/include/leptonica -I/Users/zyoung/dev/SwiftyTesseract/SwiftyTesseract/SwiftyTesseract/tesseract-4.1.0/macos/x86_64-apple-darwin/ -arch x86_64 -pipe -no-cpp-precomp -isysroot /Applications/Xcode.app/Contents/Developer/Platforms/MacOSX.platform/Developer/SDKs/MacOSX10.15.sdk -mmacosx-version-min=10.13 -O2 -Wno-deprecated-register -std=c++17 -MT tospace.lo -MD -MP -MF .deps/tospace.Tpo -c ../../../../src/textord/tospace.cpp -o tospace.o
libtool: compile:  /Applications/Xcode.app/Contents/Developer/usr/bin/g++ --target=x86_64-apple-darwin -DHAVE_CONFIG_H -I. -I../../../../src/textord -I../.. -DNDEBUG -I../../../../src/ccstruct -I../../../../src/ccutil -I../../../../src/viewer -I../../../../src/ccmain -I../../../../src/wordrec -I../../../../src/api -I../../../../src/cutil -I../../../../src/classify -I../../../../src/dict -I../../../../src/opencl -I/Users/zyoung/dev/SwiftyTesseract/SwiftyTesseract/SwiftyTesseract/tesseract-4.1.0/macos/x86_64-apple-darwin/ -arch x86_64 -pipe -no-cpp-precomp -isysroot /Applications/Xcode.app/Contents/Developer/Platforms/MacOSX.platform/Developer/SDKs/MacOSX10.15.sdk -mmacosx-version-min=10.13 -O2 -fembed-bitcode -I/Users/zyoung/dev/SwiftyTesseract/SwiftyTesseract/SwiftyTesseract/leptonica-1.78.0/macos/x86_64-apple-darwin/include/leptonica -I/Users/zyoung/dev/SwiftyTesseract/SwiftyTesseract/SwiftyTesseract/tesseract-4.1.0/macos/x86_64-apple-darwin/ -arch x86_64 -pipe -no-cpp-precomp -isysroot /Applications/Xcode.app/Contents/Developer/Platforms/MacOSX.platform/Developer/SDKs/MacOSX10.15.sdk -mmacosx-version-min=10.13 -O2 -Wno-deprecated-register -std=c++17 -MT tovars.lo -MD -MP -MF .deps/tovars.Tpo -c ../../../../src/textord/tovars.cpp -o tovars.o
libtool: compile:  /Applications/Xcode.app/Contents/Developer/usr/bin/g++ --target=x86_64-apple-darwin -DHAVE_CONFIG_H -I. -I../../../../src/textord -I../.. -DNDEBUG -I../../../../src/ccstruct -I../../../../src/ccutil -I../../../../src/viewer -I../../../../src/ccmain -I../../../../src/wordrec -I../../../../src/api -I../../../../src/cutil -I../../../../src/classify -I../../../../src/dict -I../../../../src/opencl -I/Users/zyoung/dev/SwiftyTesseract/SwiftyTesseract/SwiftyTesseract/tesseract-4.1.0/macos/x86_64-apple-darwin/ -arch x86_64 -pipe -no-cpp-precomp -isysroot /Applications/Xcode.app/Contents/Developer/Platforms/MacOSX.platform/Developer/SDKs/MacOSX10.15.sdk -mmacosx-version-min=10.13 -O2 -fembed-bitcode -I/Users/zyoung/dev/SwiftyTesseract/SwiftyTesseract/SwiftyTesseract/leptonica-1.78.0/macos/x86_64-apple-darwin/include/leptonica -I/Users/zyoung/dev/SwiftyTesseract/SwiftyTesseract/SwiftyTesseract/tesseract-4.1.0/macos/x86_64-apple-darwin/ -arch x86_64 -pipe -no-cpp-precomp -isysroot /Applications/Xcode.app/Contents/Developer/Platforms/MacOSX.platform/Developer/SDKs/MacOSX10.15.sdk -mmacosx-version-min=10.13 -O2 -Wno-deprecated-register -std=c++17 -MT underlin.lo -MD -MP -MF .deps/underlin.Tpo -c ../../../../src/textord/underlin.cpp -o underlin.o
libtool: compile:  /Applications/Xcode.app/Contents/Developer/usr/bin/g++ --target=x86_64-apple-darwin -DHAVE_CONFIG_H -I. -I../../../../src/textord -I../.. -DNDEBUG -I../../../../src/ccstruct -I../../../../src/ccutil -I../../../../src/viewer -I../../../../src/ccmain -I../../../../src/wordrec -I../../../../src/api -I../../../../src/cutil -I../../../../src/classify -I../../../../src/dict -I../../../../src/opencl -I/Users/zyoung/dev/SwiftyTesseract/SwiftyTesseract/SwiftyTesseract/tesseract-4.1.0/macos/x86_64-apple-darwin/ -arch x86_64 -pipe -no-cpp-precomp -isysroot /Applications/Xcode.app/Contents/Developer/Platforms/MacOSX.platform/Developer/SDKs/MacOSX10.15.sdk -mmacosx-version-min=10.13 -O2 -fembed-bitcode -I/Users/zyoung/dev/SwiftyTesseract/SwiftyTesseract/SwiftyTesseract/leptonica-1.78.0/macos/x86_64-apple-darwin/include/leptonica -I/Users/zyoung/dev/SwiftyTesseract/SwiftyTesseract/SwiftyTesseract/tesseract-4.1.0/macos/x86_64-apple-darwin/ -arch x86_64 -pipe -no-cpp-precomp -isysroot /Applications/Xcode.app/Contents/Developer/Platforms/MacOSX.platform/Developer/SDKs/MacOSX10.15.sdk -mmacosx-version-min=10.13 -O2 -Wno-deprecated-register -std=c++17 -MT wordseg.lo -MD -MP -MF .deps/wordseg.Tpo -c ../../../../src/textord/wordseg.cpp -o wordseg.o
libtool: compile:  /Applications/Xcode.app/Contents/Developer/usr/bin/g++ --target=x86_64-apple-darwin -DHAVE_CONFIG_H -I. -I../../../../src/textord -I../.. -DNDEBUG -I../../../../src/ccstruct -I../../../../src/ccutil -I../../../../src/viewer -I../../../../src/ccmain -I../../../../src/wordrec -I../../../../src/api -I../../../../src/cutil -I../../../../src/classify -I../../../../src/dict -I../../../../src/opencl -I/Users/zyoung/dev/SwiftyTesseract/SwiftyTesseract/SwiftyTesseract/tesseract-4.1.0/macos/x86_64-apple-darwin/ -arch x86_64 -pipe -no-cpp-precomp -isysroot /Applications/Xcode.app/Contents/Developer/Platforms/MacOSX.platform/Developer/SDKs/MacOSX10.15.sdk -mmacosx-version-min=10.13 -O2 -fembed-bitcode -I/Users/zyoung/dev/SwiftyTesseract/SwiftyTesseract/SwiftyTesseract/leptonica-1.78.0/macos/x86_64-apple-darwin/include/leptonica -I/Users/zyoung/dev/SwiftyTesseract/SwiftyTesseract/SwiftyTesseract/tesseract-4.1.0/macos/x86_64-apple-darwin/ -arch x86_64 -pipe -no-cpp-precomp -isysroot /Applications/Xcode.app/Contents/Developer/Platforms/MacOSX.platform/Developer/SDKs/MacOSX10.15.sdk -mmacosx-version-min=10.13 -O2 -Wno-deprecated-register -std=c++17 -MT workingpartset.lo -MD -MP -MF .deps/workingpartset.Tpo -c ../../../../src/textord/workingpartset.cpp -o workingpartset.o
libtool: link: ar cru .libs/libtesseract_textord.a  alignedblob.o baselinedetect.o bbgrid.o blkocc.o blobgrid.o ccnontextdetect.o cjkpitch.o colfind.o colpartition.o colpartitionset.o colpartitiongrid.o devanagari_processing.o drawedg.o drawtord.o edgblob.o edgloop.o equationdetectbase.o fpchop.o gap_map.o imagefind.o linefind.o makerow.o oldbasel.o pithsync.o pitsync1.o scanedg.o sortflts.o strokewidth.o tabfind.o tablefind.o tabvector.o tablerecog.o textlineprojection.o textord.o topitch.o tordmain.o tospace.o tovars.o underlin.o wordseg.o workingpartset.o
libtool: link: ranlib .libs/libtesseract_textord.a
libtool: link: ( cd ".libs" && rm -f "libtesseract_textord.la" && ln -s "../libtesseract_textord.la" "libtesseract_textord.la" )
Making all in src/lstm
libtool: compile:  /Applications/Xcode.app/Contents/Developer/usr/bin/g++ --target=x86_64-apple-darwin -DHAVE_CONFIG_H -I. -I../../../../src/lstm -I../.. -DNDEBUG -I../../../../src/ccutil -I../../../../src/cutil -I../../../../src/ccstruct -I../../../../src/arch -I../../../../src/viewer -I../../../../src/classify -I../../../../src/dict -I../../../../src/lstm -I/Users/zyoung/dev/SwiftyTesseract/SwiftyTesseract/SwiftyTesseract/tesseract-4.1.0/macos/x86_64-apple-darwin/ -arch x86_64 -pipe -no-cpp-precomp -isysroot /Applications/Xcode.app/Contents/Developer/Platforms/MacOSX.platform/Developer/SDKs/MacOSX10.15.sdk -mmacosx-version-min=10.13 -O2 -fembed-bitcode -I/Users/zyoung/dev/SwiftyTesseract/SwiftyTesseract/SwiftyTesseract/leptonica-1.78.0/macos/x86_64-apple-darwin/include/leptonica -DTESSDATA_PREFIX=/Users/zyoung/dev/SwiftyTesseract/SwiftyTesseract/SwiftyTesseract/tesseract-4.1.0/macos/x86_64-apple-darwin/share -I/Users/zyoung/dev/SwiftyTesseract/SwiftyTesseract/SwiftyTesseract/tesseract-4.1.0/macos/x86_64-apple-darwin/ -arch x86_64 -pipe -no-cpp-precomp -isysroot /Applications/Xcode.app/Contents/Developer/Platforms/MacOSX.platform/Developer/SDKs/MacOSX10.15.sdk -mmacosx-version-min=10.13 -O2 -Wno-deprecated-register -std=c++17 -MT ctc.lo -MD -MP -MF .deps/ctc.Tpo -c ../../../../src/lstm/ctc.cpp -o ctc.o
libtool: compile:  /Applications/Xcode.app/Contents/Developer/usr/bin/g++ --target=x86_64-apple-darwin -DHAVE_CONFIG_H -I. -I../../../../src/lstm -I../.. -DNDEBUG -I../../../../src/ccutil -I../../../../src/cutil -I../../../../src/ccstruct -I../../../../src/arch -I../../../../src/viewer -I../../../../src/classify -I../../../../src/dict -I../../../../src/lstm -I/Users/zyoung/dev/SwiftyTesseract/SwiftyTesseract/SwiftyTesseract/tesseract-4.1.0/macos/x86_64-apple-darwin/ -arch x86_64 -pipe -no-cpp-precomp -isysroot /Applications/Xcode.app/Contents/Developer/Platforms/MacOSX.platform/Developer/SDKs/MacOSX10.15.sdk -mmacosx-version-min=10.13 -O2 -fembed-bitcode -I/Users/zyoung/dev/SwiftyTesseract/SwiftyTesseract/SwiftyTesseract/leptonica-1.78.0/macos/x86_64-apple-darwin/include/leptonica -DTESSDATA_PREFIX=/Users/zyoung/dev/SwiftyTesseract/SwiftyTesseract/SwiftyTesseract/tesseract-4.1.0/macos/x86_64-apple-darwin/share -I/Users/zyoung/dev/SwiftyTesseract/SwiftyTesseract/SwiftyTesseract/tesseract-4.1.0/macos/x86_64-apple-darwin/ -arch x86_64 -pipe -no-cpp-precomp -isysroot /Applications/Xcode.app/Contents/Developer/Platforms/MacOSX.platform/Developer/SDKs/MacOSX10.15.sdk -mmacosx-version-min=10.13 -O2 -Wno-deprecated-register -std=c++17 -MT input.lo -MD -MP -MF .deps/input.Tpo -c ../../../../src/lstm/input.cpp -o input.o
libtool: compile:  /Applications/Xcode.app/Contents/Developer/usr/bin/g++ --target=x86_64-apple-darwin -DHAVE_CONFIG_H -I. -I../../../../src/lstm -I../.. -DNDEBUG -I../../../../src/ccutil -I../../../../src/cutil -I../../../../src/ccstruct -I../../../../src/arch -I../../../../src/viewer -I../../../../src/classify -I../../../../src/dict -I../../../../src/lstm -I/Users/zyoung/dev/SwiftyTesseract/SwiftyTesseract/SwiftyTesseract/tesseract-4.1.0/macos/x86_64-apple-darwin/ -arch x86_64 -pipe -no-cpp-precomp -isysroot /Applications/Xcode.app/Contents/Developer/Platforms/MacOSX.platform/Developer/SDKs/MacOSX10.15.sdk -mmacosx-version-min=10.13 -O2 -fembed-bitcode -I/Users/zyoung/dev/SwiftyTesseract/SwiftyTesseract/SwiftyTesseract/leptonica-1.78.0/macos/x86_64-apple-darwin/include/leptonica -DTESSDATA_PREFIX=/Users/zyoung/dev/SwiftyTesseract/SwiftyTesseract/SwiftyTesseract/tesseract-4.1.0/macos/x86_64-apple-darwin/share -I/Users/zyoung/dev/SwiftyTesseract/SwiftyTesseract/SwiftyTesseract/tesseract-4.1.0/macos/x86_64-apple-darwin/ -arch x86_64 -pipe -no-cpp-precomp -isysroot /Applications/Xcode.app/Contents/Developer/Platforms/MacOSX.platform/Developer/SDKs/MacOSX10.15.sdk -mmacosx-version-min=10.13 -O2 -Wno-deprecated-register -std=c++17 -MT lstm.lo -MD -MP -MF .deps/lstm.Tpo -c ../../../../src/lstm/lstm.cpp -o lstm.o
libtool: compile:  /Applications/Xcode.app/Contents/Developer/usr/bin/g++ --target=x86_64-apple-darwin -DHAVE_CONFIG_H -I. -I../../../../src/lstm -I../.. -DNDEBUG -I../../../../src/ccutil -I../../../../src/cutil -I../../../../src/ccstruct -I../../../../src/arch -I../../../../src/viewer -I../../../../src/classify -I../../../../src/dict -I../../../../src/lstm -I/Users/zyoung/dev/SwiftyTesseract/SwiftyTesseract/SwiftyTesseract/tesseract-4.1.0/macos/x86_64-apple-darwin/ -arch x86_64 -pipe -no-cpp-precomp -isysroot /Applications/Xcode.app/Contents/Developer/Platforms/MacOSX.platform/Developer/SDKs/MacOSX10.15.sdk -mmacosx-version-min=10.13 -O2 -fembed-bitcode -I/Users/zyoung/dev/SwiftyTesseract/SwiftyTesseract/SwiftyTesseract/leptonica-1.78.0/macos/x86_64-apple-darwin/include/leptonica -DTESSDATA_PREFIX=/Users/zyoung/dev/SwiftyTesseract/SwiftyTesseract/SwiftyTesseract/tesseract-4.1.0/macos/x86_64-apple-darwin/share -I/Users/zyoung/dev/SwiftyTesseract/SwiftyTesseract/SwiftyTesseract/tesseract-4.1.0/macos/x86_64-apple-darwin/ -arch x86_64 -pipe -no-cpp-precomp -isysroot /Applications/Xcode.app/Contents/Developer/Platforms/MacOSX.platform/Developer/SDKs/MacOSX10.15.sdk -mmacosx-version-min=10.13 -O2 -Wno-deprecated-register -std=c++17 -MT fullyconnected.lo -MD -MP -MF .deps/fullyconnected.Tpo -c ../../../../src/lstm/fullyconnected.cpp -o fullyconnected.o
libtool: compile:  /Applications/Xcode.app/Contents/Developer/usr/bin/g++ --target=x86_64-apple-darwin -DHAVE_CONFIG_H -I. -I../../../../src/lstm -I../.. -DNDEBUG -I../../../../src/ccutil -I../../../../src/cutil -I../../../../src/ccstruct -I../../../../src/arch -I../../../../src/viewer -I../../../../src/classify -I../../../../src/dict -I../../../../src/lstm -I/Users/zyoung/dev/SwiftyTesseract/SwiftyTesseract/SwiftyTesseract/tesseract-4.1.0/macos/x86_64-apple-darwin/ -arch x86_64 -pipe -no-cpp-precomp -isysroot /Applications/Xcode.app/Contents/Developer/Platforms/MacOSX.platform/Developer/SDKs/MacOSX10.15.sdk -mmacosx-version-min=10.13 -O2 -fembed-bitcode -I/Users/zyoung/dev/SwiftyTesseract/SwiftyTesseract/SwiftyTesseract/leptonica-1.78.0/macos/x86_64-apple-darwin/include/leptonica -DTESSDATA_PREFIX=/Users/zyoung/dev/SwiftyTesseract/SwiftyTesseract/SwiftyTesseract/tesseract-4.1.0/macos/x86_64-apple-darwin/share -I/Users/zyoung/dev/SwiftyTesseract/SwiftyTesseract/SwiftyTesseract/tesseract-4.1.0/macos/x86_64-apple-darwin/ -arch x86_64 -pipe -no-cpp-precomp -isysroot /Applications/Xcode.app/Contents/Developer/Platforms/MacOSX.platform/Developer/SDKs/MacOSX10.15.sdk -mmacosx-version-min=10.13 -O2 -Wno-deprecated-register -std=c++17 -MT lstmtrainer.lo -MD -MP -MF .deps/lstmtrainer.Tpo -c ../../../../src/lstm/lstmtrainer.cpp -o lstmtrainer.o
libtool: compile:  /Applications/Xcode.app/Contents/Developer/usr/bin/g++ --target=x86_64-apple-darwin -DHAVE_CONFIG_H -I. -I../../../../src/lstm -I../.. -DNDEBUG -I../../../../src/ccutil -I../../../../src/cutil -I../../../../src/ccstruct -I../../../../src/arch -I../../../../src/viewer -I../../../../src/classify -I../../../../src/dict -I../../../../src/lstm -I/Users/zyoung/dev/SwiftyTesseract/SwiftyTesseract/SwiftyTesseract/tesseract-4.1.0/macos/x86_64-apple-darwin/ -arch x86_64 -pipe -no-cpp-precomp -isysroot /Applications/Xcode.app/Contents/Developer/Platforms/MacOSX.platform/Developer/SDKs/MacOSX10.15.sdk -mmacosx-version-min=10.13 -O2 -fembed-bitcode -I/Users/zyoung/dev/SwiftyTesseract/SwiftyTesseract/SwiftyTesseract/leptonica-1.78.0/macos/x86_64-apple-darwin/include/leptonica -DTESSDATA_PREFIX=/Users/zyoung/dev/SwiftyTesseract/SwiftyTesseract/SwiftyTesseract/tesseract-4.1.0/macos/x86_64-apple-darwin/share -I/Users/zyoung/dev/SwiftyTesseract/SwiftyTesseract/SwiftyTesseract/tesseract-4.1.0/macos/x86_64-apple-darwin/ -arch x86_64 -pipe -no-cpp-precomp -isysroot /Applications/Xcode.app/Contents/Developer/Platforms/MacOSX.platform/Developer/SDKs/MacOSX10.15.sdk -mmacosx-version-min=10.13 -O2 -Wno-deprecated-register -std=c++17 -MT lstmrecognizer.lo -MD -MP -MF .deps/lstmrecognizer.Tpo -c ../../../../src/lstm/lstmrecognizer.cpp -o lstmrecognizer.o
libtool: compile:  /Applications/Xcode.app/Contents/Developer/usr/bin/g++ --target=x86_64-apple-darwin -DHAVE_CONFIG_H -I. -I../../../../src/lstm -I../.. -DNDEBUG -I../../../../src/ccutil -I../../../../src/cutil -I../../../../src/ccstruct -I../../../../src/arch -I../../../../src/viewer -I../../../../src/classify -I../../../../src/dict -I../../../../src/lstm -I/Users/zyoung/dev/SwiftyTesseract/SwiftyTesseract/SwiftyTesseract/tesseract-4.1.0/macos/x86_64-apple-darwin/ -arch x86_64 -pipe -no-cpp-precomp -isysroot /Applications/Xcode.app/Contents/Developer/Platforms/MacOSX.platform/Developer/SDKs/MacOSX10.15.sdk -mmacosx-version-min=10.13 -O2 -fembed-bitcode -I/Users/zyoung/dev/SwiftyTesseract/SwiftyTesseract/SwiftyTesseract/leptonica-1.78.0/macos/x86_64-apple-darwin/include/leptonica -DTESSDATA_PREFIX=/Users/zyoung/dev/SwiftyTesseract/SwiftyTesseract/SwiftyTesseract/tesseract-4.1.0/macos/x86_64-apple-darwin/share -I/Users/zyoung/dev/SwiftyTesseract/SwiftyTesseract/SwiftyTesseract/tesseract-4.1.0/macos/x86_64-apple-darwin/ -arch x86_64 -pipe -no-cpp-precomp -isysroot /Applications/Xcode.app/Contents/Developer/Platforms/MacOSX.platform/Developer/SDKs/MacOSX10.15.sdk -mmacosx-version-min=10.13 -O2 -Wno-deprecated-register -std=c++17 -MT convolve.lo -MD -MP -MF .deps/convolve.Tpo -c ../../../../src/lstm/convolve.cpp -o convolve.o
libtool: compile:  /Applications/Xcode.app/Contents/Developer/usr/bin/g++ --target=x86_64-apple-darwin -DHAVE_CONFIG_H -I. -I../../../../src/lstm -I../.. -DNDEBUG -I../../../../src/ccutil -I../../../../src/cutil -I../../../../src/ccstruct -I../../../../src/arch -I../../../../src/viewer -I../../../../src/classify -I../../../../src/dict -I../../../../src/lstm -I/Users/zyoung/dev/SwiftyTesseract/SwiftyTesseract/SwiftyTesseract/tesseract-4.1.0/macos/x86_64-apple-darwin/ -arch x86_64 -pipe -no-cpp-precomp -isysroot /Applications/Xcode.app/Contents/Developer/Platforms/MacOSX.platform/Developer/SDKs/MacOSX10.15.sdk -mmacosx-version-min=10.13 -O2 -fembed-bitcode -I/Users/zyoung/dev/SwiftyTesseract/SwiftyTesseract/SwiftyTesseract/leptonica-1.78.0/macos/x86_64-apple-darwin/include/leptonica -DTESSDATA_PREFIX=/Users/zyoung/dev/SwiftyTesseract/SwiftyTesseract/SwiftyTesseract/tesseract-4.1.0/macos/x86_64-apple-darwin/share -I/Users/zyoung/dev/SwiftyTesseract/SwiftyTesseract/SwiftyTesseract/tesseract-4.1.0/macos/x86_64-apple-darwin/ -arch x86_64 -pipe -no-cpp-precomp -isysroot /Applications/Xcode.app/Contents/Developer/Platforms/MacOSX.platform/Developer/SDKs/MacOSX10.15.sdk -mmacosx-version-min=10.13 -O2 -Wno-deprecated-register -std=c++17 -MT functions.lo -MD -MP -MF .deps/functions.Tpo -c ../../../../src/lstm/functions.cpp -o functions.o
libtool: compile:  /Applications/Xcode.app/Contents/Developer/usr/bin/g++ --target=x86_64-apple-darwin -DHAVE_CONFIG_H -I. -I../../../../src/lstm -I../.. -DNDEBUG -I../../../../src/ccutil -I../../../../src/cutil -I../../../../src/ccstruct -I../../../../src/arch -I../../../../src/viewer -I../../../../src/classify -I../../../../src/dict -I../../../../src/lstm -I/Users/zyoung/dev/SwiftyTesseract/SwiftyTesseract/SwiftyTesseract/tesseract-4.1.0/macos/x86_64-apple-darwin/ -arch x86_64 -pipe -no-cpp-precomp -isysroot /Applications/Xcode.app/Contents/Developer/Platforms/MacOSX.platform/Developer/SDKs/MacOSX10.15.sdk -mmacosx-version-min=10.13 -O2 -fembed-bitcode -I/Users/zyoung/dev/SwiftyTesseract/SwiftyTesseract/SwiftyTesseract/leptonica-1.78.0/macos/x86_64-apple-darwin/include/leptonica -DTESSDATA_PREFIX=/Users/zyoung/dev/SwiftyTesseract/SwiftyTesseract/SwiftyTesseract/tesseract-4.1.0/macos/x86_64-apple-darwin/share -I/Users/zyoung/dev/SwiftyTesseract/SwiftyTesseract/SwiftyTesseract/tesseract-4.1.0/macos/x86_64-apple-darwin/ -arch x86_64 -pipe -no-cpp-precomp -isysroot /Applications/Xcode.app/Contents/Developer/Platforms/MacOSX.platform/Developer/SDKs/MacOSX10.15.sdk -mmacosx-version-min=10.13 -O2 -Wno-deprecated-register -std=c++17 -MT maxpool.lo -MD -MP -MF .deps/maxpool.Tpo -c ../../../../src/lstm/maxpool.cpp -o maxpool.o
libtool: compile:  /Applications/Xcode.app/Contents/Developer/usr/bin/g++ --target=x86_64-apple-darwin -DHAVE_CONFIG_H -I. -I../../../../src/lstm -I../.. -DNDEBUG -I../../../../src/ccutil -I../../../../src/cutil -I../../../../src/ccstruct -I../../../../src/arch -I../../../../src/viewer -I../../../../src/classify -I../../../../src/dict -I../../../../src/lstm -I/Users/zyoung/dev/SwiftyTesseract/SwiftyTesseract/SwiftyTesseract/tesseract-4.1.0/macos/x86_64-apple-darwin/ -arch x86_64 -pipe -no-cpp-precomp -isysroot /Applications/Xcode.app/Contents/Developer/Platforms/MacOSX.platform/Developer/SDKs/MacOSX10.15.sdk -mmacosx-version-min=10.13 -O2 -fembed-bitcode -I/Users/zyoung/dev/SwiftyTesseract/SwiftyTesseract/SwiftyTesseract/leptonica-1.78.0/macos/x86_64-apple-darwin/include/leptonica -DTESSDATA_PREFIX=/Users/zyoung/dev/SwiftyTesseract/SwiftyTesseract/SwiftyTesseract/tesseract-4.1.0/macos/x86_64-apple-darwin/share -I/Users/zyoung/dev/SwiftyTesseract/SwiftyTesseract/SwiftyTesseract/tesseract-4.1.0/macos/x86_64-apple-darwin/ -arch x86_64 -pipe -no-cpp-precomp -isysroot /Applications/Xcode.app/Contents/Developer/Platforms/MacOSX.platform/Developer/SDKs/MacOSX10.15.sdk -mmacosx-version-min=10.13 -O2 -Wno-deprecated-register -std=c++17 -MT networkbuilder.lo -MD -MP -MF .deps/networkbuilder.Tpo -c ../../../../src/lstm/networkbuilder.cpp -o networkbuilder.o
libtool: compile:  /Applications/Xcode.app/Contents/Developer/usr/bin/g++ --target=x86_64-apple-darwin -DHAVE_CONFIG_H -I. -I../../../../src/lstm -I../.. -DNDEBUG -I../../../../src/ccutil -I../../../../src/cutil -I../../../../src/ccstruct -I../../../../src/arch -I../../../../src/viewer -I../../../../src/classify -I../../../../src/dict -I../../../../src/lstm -I/Users/zyoung/dev/SwiftyTesseract/SwiftyTesseract/SwiftyTesseract/tesseract-4.1.0/macos/x86_64-apple-darwin/ -arch x86_64 -pipe -no-cpp-precomp -isysroot /Applications/Xcode.app/Contents/Developer/Platforms/MacOSX.platform/Developer/SDKs/MacOSX10.15.sdk -mmacosx-version-min=10.13 -O2 -fembed-bitcode -I/Users/zyoung/dev/SwiftyTesseract/SwiftyTesseract/SwiftyTesseract/leptonica-1.78.0/macos/x86_64-apple-darwin/include/leptonica -DTESSDATA_PREFIX=/Users/zyoung/dev/SwiftyTesseract/SwiftyTesseract/SwiftyTesseract/tesseract-4.1.0/macos/x86_64-apple-darwin/share -I/Users/zyoung/dev/SwiftyTesseract/SwiftyTesseract/SwiftyTesseract/tesseract-4.1.0/macos/x86_64-apple-darwin/ -arch x86_64 -pipe -no-cpp-precomp -isysroot /Applications/Xcode.app/Contents/Developer/Platforms/MacOSX.platform/Developer/SDKs/MacOSX10.15.sdk -mmacosx-version-min=10.13 -O2 -Wno-deprecated-register -std=c++17 -MT network.lo -MD -MP -MF .deps/network.Tpo -c ../../../../src/lstm/network.cpp -o network.o
libtool: compile:  /Applications/Xcode.app/Contents/Developer/usr/bin/g++ --target=x86_64-apple-darwin -DHAVE_CONFIG_H -I. -I../../../../src/lstm -I../.. -DNDEBUG -I../../../../src/ccutil -I../../../../src/cutil -I../../../../src/ccstruct -I../../../../src/arch -I../../../../src/viewer -I../../../../src/classify -I../../../../src/dict -I../../../../src/lstm -I/Users/zyoung/dev/SwiftyTesseract/SwiftyTesseract/SwiftyTesseract/tesseract-4.1.0/macos/x86_64-apple-darwin/ -arch x86_64 -pipe -no-cpp-precomp -isysroot /Applications/Xcode.app/Contents/Developer/Platforms/MacOSX.platform/Developer/SDKs/MacOSX10.15.sdk -mmacosx-version-min=10.13 -O2 -fembed-bitcode -I/Users/zyoung/dev/SwiftyTesseract/SwiftyTesseract/SwiftyTesseract/leptonica-1.78.0/macos/x86_64-apple-darwin/include/leptonica -DTESSDATA_PREFIX=/Users/zyoung/dev/SwiftyTesseract/SwiftyTesseract/SwiftyTesseract/tesseract-4.1.0/macos/x86_64-apple-darwin/share -I/Users/zyoung/dev/SwiftyTesseract/SwiftyTesseract/SwiftyTesseract/tesseract-4.1.0/macos/x86_64-apple-darwin/ -arch x86_64 -pipe -no-cpp-precomp -isysroot /Applications/Xcode.app/Contents/Developer/Platforms/MacOSX.platform/Developer/SDKs/MacOSX10.15.sdk -mmacosx-version-min=10.13 -O2 -Wno-deprecated-register -std=c++17 -MT networkio.lo -MD -MP -MF .deps/networkio.Tpo -c ../../../../src/lstm/networkio.cpp -o networkio.o
libtool: compile:  /Applications/Xcode.app/Contents/Developer/usr/bin/g++ --target=x86_64-apple-darwin -DHAVE_CONFIG_H -I. -I../../../../src/lstm -I../.. -DNDEBUG -I../../../../src/ccutil -I../../../../src/cutil -I../../../../src/ccstruct -I../../../../src/arch -I../../../../src/viewer -I../../../../src/classify -I../../../../src/dict -I../../../../src/lstm -I/Users/zyoung/dev/SwiftyTesseract/SwiftyTesseract/SwiftyTesseract/tesseract-4.1.0/macos/x86_64-apple-darwin/ -arch x86_64 -pipe -no-cpp-precomp -isysroot /Applications/Xcode.app/Contents/Developer/Platforms/MacOSX.platform/Developer/SDKs/MacOSX10.15.sdk -mmacosx-version-min=10.13 -O2 -fembed-bitcode -I/Users/zyoung/dev/SwiftyTesseract/SwiftyTesseract/SwiftyTesseract/leptonica-1.78.0/macos/x86_64-apple-darwin/include/leptonica -DTESSDATA_PREFIX=/Users/zyoung/dev/SwiftyTesseract/SwiftyTesseract/SwiftyTesseract/tesseract-4.1.0/macos/x86_64-apple-darwin/share -I/Users/zyoung/dev/SwiftyTesseract/SwiftyTesseract/SwiftyTesseract/tesseract-4.1.0/macos/x86_64-apple-darwin/ -arch x86_64 -pipe -no-cpp-precomp -isysroot /Applications/Xcode.app/Contents/Developer/Platforms/MacOSX.platform/Developer/SDKs/MacOSX10.15.sdk -mmacosx-version-min=10.13 -O2 -Wno-deprecated-register -std=c++17 -MT parallel.lo -MD -MP -MF .deps/parallel.Tpo -c ../../../../src/lstm/parallel.cpp -o parallel.o
libtool: compile:  /Applications/Xcode.app/Contents/Developer/usr/bin/g++ --target=x86_64-apple-darwin -DHAVE_CONFIG_H -I. -I../../../../src/lstm -I../.. -DNDEBUG -I../../../../src/ccutil -I../../../../src/cutil -I../../../../src/ccstruct -I../../../../src/arch -I../../../../src/viewer -I../../../../src/classify -I../../../../src/dict -I../../../../src/lstm -I/Users/zyoung/dev/SwiftyTesseract/SwiftyTesseract/SwiftyTesseract/tesseract-4.1.0/macos/x86_64-apple-darwin/ -arch x86_64 -pipe -no-cpp-precomp -isysroot /Applications/Xcode.app/Contents/Developer/Platforms/MacOSX.platform/Developer/SDKs/MacOSX10.15.sdk -mmacosx-version-min=10.13 -O2 -fembed-bitcode -I/Users/zyoung/dev/SwiftyTesseract/SwiftyTesseract/SwiftyTesseract/leptonica-1.78.0/macos/x86_64-apple-darwin/include/leptonica -DTESSDATA_PREFIX=/Users/zyoung/dev/SwiftyTesseract/SwiftyTesseract/SwiftyTesseract/tesseract-4.1.0/macos/x86_64-apple-darwin/share -I/Users/zyoung/dev/SwiftyTesseract/SwiftyTesseract/SwiftyTesseract/tesseract-4.1.0/macos/x86_64-apple-darwin/ -arch x86_64 -pipe -no-cpp-precomp -isysroot /Applications/Xcode.app/Contents/Developer/Platforms/MacOSX.platform/Developer/SDKs/MacOSX10.15.sdk -mmacosx-version-min=10.13 -O2 -Wno-deprecated-register -std=c++17 -MT plumbing.lo -MD -MP -MF .deps/plumbing.Tpo -c ../../../../src/lstm/plumbing.cpp -o plumbing.o
libtool: compile:  /Applications/Xcode.app/Contents/Developer/usr/bin/g++ --target=x86_64-apple-darwin -DHAVE_CONFIG_H -I. -I../../../../src/lstm -I../.. -DNDEBUG -I../../../../src/ccutil -I../../../../src/cutil -I../../../../src/ccstruct -I../../../../src/arch -I../../../../src/viewer -I../../../../src/classify -I../../../../src/dict -I../../../../src/lstm -I/Users/zyoung/dev/SwiftyTesseract/SwiftyTesseract/SwiftyTesseract/tesseract-4.1.0/macos/x86_64-apple-darwin/ -arch x86_64 -pipe -no-cpp-precomp -isysroot /Applications/Xcode.app/Contents/Developer/Platforms/MacOSX.platform/Developer/SDKs/MacOSX10.15.sdk -mmacosx-version-min=10.13 -O2 -fembed-bitcode -I/Users/zyoung/dev/SwiftyTesseract/SwiftyTesseract/SwiftyTesseract/leptonica-1.78.0/macos/x86_64-apple-darwin/include/leptonica -DTESSDATA_PREFIX=/Users/zyoung/dev/SwiftyTesseract/SwiftyTesseract/SwiftyTesseract/tesseract-4.1.0/macos/x86_64-apple-darwin/share -I/Users/zyoung/dev/SwiftyTesseract/SwiftyTesseract/SwiftyTesseract/tesseract-4.1.0/macos/x86_64-apple-darwin/ -arch x86_64 -pipe -no-cpp-precomp -isysroot /Applications/Xcode.app/Contents/Developer/Platforms/MacOSX.platform/Developer/SDKs/MacOSX10.15.sdk -mmacosx-version-min=10.13 -O2 -Wno-deprecated-register -std=c++17 -MT recodebeam.lo -MD -MP -MF .deps/recodebeam.Tpo -c ../../../../src/lstm/recodebeam.cpp -o recodebeam.o
libtool: compile:  /Applications/Xcode.app/Contents/Developer/usr/bin/g++ --target=x86_64-apple-darwin -DHAVE_CONFIG_H -I. -I../../../../src/lstm -I../.. -DNDEBUG -I../../../../src/ccutil -I../../../../src/cutil -I../../../../src/ccstruct -I../../../../src/arch -I../../../../src/viewer -I../../../../src/classify -I../../../../src/dict -I../../../../src/lstm -I/Users/zyoung/dev/SwiftyTesseract/SwiftyTesseract/SwiftyTesseract/tesseract-4.1.0/macos/x86_64-apple-darwin/ -arch x86_64 -pipe -no-cpp-precomp -isysroot /Applications/Xcode.app/Contents/Developer/Platforms/MacOSX.platform/Developer/SDKs/MacOSX10.15.sdk -mmacosx-version-min=10.13 -O2 -fembed-bitcode -I/Users/zyoung/dev/SwiftyTesseract/SwiftyTesseract/SwiftyTesseract/leptonica-1.78.0/macos/x86_64-apple-darwin/include/leptonica -DTESSDATA_PREFIX=/Users/zyoung/dev/SwiftyTesseract/SwiftyTesseract/SwiftyTesseract/tesseract-4.1.0/macos/x86_64-apple-darwin/share -I/Users/zyoung/dev/SwiftyTesseract/SwiftyTesseract/SwiftyTesseract/tesseract-4.1.0/macos/x86_64-apple-darwin/ -arch x86_64 -pipe -no-cpp-precomp -isysroot /Applications/Xcode.app/Contents/Developer/Platforms/MacOSX.platform/Developer/SDKs/MacOSX10.15.sdk -mmacosx-version-min=10.13 -O2 -Wno-deprecated-register -std=c++17 -MT reconfig.lo -MD -MP -MF .deps/reconfig.Tpo -c ../../../../src/lstm/reconfig.cpp -o reconfig.o
libtool: compile:  /Applications/Xcode.app/Contents/Developer/usr/bin/g++ --target=x86_64-apple-darwin -DHAVE_CONFIG_H -I. -I../../../../src/lstm -I../.. -DNDEBUG -I../../../../src/ccutil -I../../../../src/cutil -I../../../../src/ccstruct -I../../../../src/arch -I../../../../src/viewer -I../../../../src/classify -I../../../../src/dict -I../../../../src/lstm -I/Users/zyoung/dev/SwiftyTesseract/SwiftyTesseract/SwiftyTesseract/tesseract-4.1.0/macos/x86_64-apple-darwin/ -arch x86_64 -pipe -no-cpp-precomp -isysroot /Applications/Xcode.app/Contents/Developer/Platforms/MacOSX.platform/Developer/SDKs/MacOSX10.15.sdk -mmacosx-version-min=10.13 -O2 -fembed-bitcode -I/Users/zyoung/dev/SwiftyTesseract/SwiftyTesseract/SwiftyTesseract/leptonica-1.78.0/macos/x86_64-apple-darwin/include/leptonica -DTESSDATA_PREFIX=/Users/zyoung/dev/SwiftyTesseract/SwiftyTesseract/SwiftyTesseract/tesseract-4.1.0/macos/x86_64-apple-darwin/share -I/Users/zyoung/dev/SwiftyTesseract/SwiftyTesseract/SwiftyTesseract/tesseract-4.1.0/macos/x86_64-apple-darwin/ -arch x86_64 -pipe -no-cpp-precomp -isysroot /Applications/Xcode.app/Contents/Developer/Platforms/MacOSX.platform/Developer/SDKs/MacOSX10.15.sdk -mmacosx-version-min=10.13 -O2 -Wno-deprecated-register -std=c++17 -MT reversed.lo -MD -MP -MF .deps/reversed.Tpo -c ../../../../src/lstm/reversed.cpp -o reversed.o
libtool: compile:  /Applications/Xcode.app/Contents/Developer/usr/bin/g++ --target=x86_64-apple-darwin -DHAVE_CONFIG_H -I. -I../../../../src/lstm -I../.. -DNDEBUG -I../../../../src/ccutil -I../../../../src/cutil -I../../../../src/ccstruct -I../../../../src/arch -I../../../../src/viewer -I../../../../src/classify -I../../../../src/dict -I../../../../src/lstm -I/Users/zyoung/dev/SwiftyTesseract/SwiftyTesseract/SwiftyTesseract/tesseract-4.1.0/macos/x86_64-apple-darwin/ -arch x86_64 -pipe -no-cpp-precomp -isysroot /Applications/Xcode.app/Contents/Developer/Platforms/MacOSX.platform/Developer/SDKs/MacOSX10.15.sdk -mmacosx-version-min=10.13 -O2 -fembed-bitcode -I/Users/zyoung/dev/SwiftyTesseract/SwiftyTesseract/SwiftyTesseract/leptonica-1.78.0/macos/x86_64-apple-darwin/include/leptonica -DTESSDATA_PREFIX=/Users/zyoung/dev/SwiftyTesseract/SwiftyTesseract/SwiftyTesseract/tesseract-4.1.0/macos/x86_64-apple-darwin/share -I/Users/zyoung/dev/SwiftyTesseract/SwiftyTesseract/SwiftyTesseract/tesseract-4.1.0/macos/x86_64-apple-darwin/ -arch x86_64 -pipe -no-cpp-precomp -isysroot /Applications/Xcode.app/Contents/Developer/Platforms/MacOSX.platform/Developer/SDKs/MacOSX10.15.sdk -mmacosx-version-min=10.13 -O2 -Wno-deprecated-register -std=c++17 -MT series.lo -MD -MP -MF .deps/series.Tpo -c ../../../../src/lstm/series.cpp -o series.o
libtool: compile:  /Applications/Xcode.app/Contents/Developer/usr/bin/g++ --target=x86_64-apple-darwin -DHAVE_CONFIG_H -I. -I../../../../src/lstm -I../.. -DNDEBUG -I../../../../src/ccutil -I../../../../src/cutil -I../../../../src/ccstruct -I../../../../src/arch -I../../../../src/viewer -I../../../../src/classify -I../../../../src/dict -I../../../../src/lstm -I/Users/zyoung/dev/SwiftyTesseract/SwiftyTesseract/SwiftyTesseract/tesseract-4.1.0/macos/x86_64-apple-darwin/ -arch x86_64 -pipe -no-cpp-precomp -isysroot /Applications/Xcode.app/Contents/Developer/Platforms/MacOSX.platform/Developer/SDKs/MacOSX10.15.sdk -mmacosx-version-min=10.13 -O2 -fembed-bitcode -I/Users/zyoung/dev/SwiftyTesseract/SwiftyTesseract/SwiftyTesseract/leptonica-1.78.0/macos/x86_64-apple-darwin/include/leptonica -DTESSDATA_PREFIX=/Users/zyoung/dev/SwiftyTesseract/SwiftyTesseract/SwiftyTesseract/tesseract-4.1.0/macos/x86_64-apple-darwin/share -I/Users/zyoung/dev/SwiftyTesseract/SwiftyTesseract/SwiftyTesseract/tesseract-4.1.0/macos/x86_64-apple-darwin/ -arch x86_64 -pipe -no-cpp-precomp -isysroot /Applications/Xcode.app/Contents/Developer/Platforms/MacOSX.platform/Developer/SDKs/MacOSX10.15.sdk -mmacosx-version-min=10.13 -O2 -Wno-deprecated-register -std=c++17 -MT stridemap.lo -MD -MP -MF .deps/stridemap.Tpo -c ../../../../src/lstm/stridemap.cpp -o stridemap.o
libtool: compile:  /Applications/Xcode.app/Contents/Developer/usr/bin/g++ --target=x86_64-apple-darwin -DHAVE_CONFIG_H -I. -I../../../../src/lstm -I../.. -DNDEBUG -I../../../../src/ccutil -I../../../../src/cutil -I../../../../src/ccstruct -I../../../../src/arch -I../../../../src/viewer -I../../../../src/classify -I../../../../src/dict -I../../../../src/lstm -I/Users/zyoung/dev/SwiftyTesseract/SwiftyTesseract/SwiftyTesseract/tesseract-4.1.0/macos/x86_64-apple-darwin/ -arch x86_64 -pipe -no-cpp-precomp -isysroot /Applications/Xcode.app/Contents/Developer/Platforms/MacOSX.platform/Developer/SDKs/MacOSX10.15.sdk -mmacosx-version-min=10.13 -O2 -fembed-bitcode -I/Users/zyoung/dev/SwiftyTesseract/SwiftyTesseract/SwiftyTesseract/leptonica-1.78.0/macos/x86_64-apple-darwin/include/leptonica -DTESSDATA_PREFIX=/Users/zyoung/dev/SwiftyTesseract/SwiftyTesseract/SwiftyTesseract/tesseract-4.1.0/macos/x86_64-apple-darwin/share -I/Users/zyoung/dev/SwiftyTesseract/SwiftyTesseract/SwiftyTesseract/tesseract-4.1.0/macos/x86_64-apple-darwin/ -arch x86_64 -pipe -no-cpp-precomp -isysroot /Applications/Xcode.app/Contents/Developer/Platforms/MacOSX.platform/Developer/SDKs/MacOSX10.15.sdk -mmacosx-version-min=10.13 -O2 -Wno-deprecated-register -std=c++17 -MT tfnetwork.lo -MD -MP -MF .deps/tfnetwork.Tpo -c ../../../../src/lstm/tfnetwork.cpp -o tfnetwork.o
libtool: compile:  /Applications/Xcode.app/Contents/Developer/usr/bin/g++ --target=x86_64-apple-darwin -DHAVE_CONFIG_H -I. -I../../../../src/lstm -I../.. -DNDEBUG -I../../../../src/ccutil -I../../../../src/cutil -I../../../../src/ccstruct -I../../../../src/arch -I../../../../src/viewer -I../../../../src/classify -I../../../../src/dict -I../../../../src/lstm -I/Users/zyoung/dev/SwiftyTesseract/SwiftyTesseract/SwiftyTesseract/tesseract-4.1.0/macos/x86_64-apple-darwin/ -arch x86_64 -pipe -no-cpp-precomp -isysroot /Applications/Xcode.app/Contents/Developer/Platforms/MacOSX.platform/Developer/SDKs/MacOSX10.15.sdk -mmacosx-version-min=10.13 -O2 -fembed-bitcode -I/Users/zyoung/dev/SwiftyTesseract/SwiftyTesseract/SwiftyTesseract/leptonica-1.78.0/macos/x86_64-apple-darwin/include/leptonica -DTESSDATA_PREFIX=/Users/zyoung/dev/SwiftyTesseract/SwiftyTesseract/SwiftyTesseract/tesseract-4.1.0/macos/x86_64-apple-darwin/share -I/Users/zyoung/dev/SwiftyTesseract/SwiftyTesseract/SwiftyTesseract/tesseract-4.1.0/macos/x86_64-apple-darwin/ -arch x86_64 -pipe -no-cpp-precomp -isysroot /Applications/Xcode.app/Contents/Developer/Platforms/MacOSX.platform/Developer/SDKs/MacOSX10.15.sdk -mmacosx-version-min=10.13 -O2 -Wno-deprecated-register -std=c++17 -MT weightmatrix.lo -MD -MP -MF .deps/weightmatrix.Tpo -c ../../../../src/lstm/weightmatrix.cpp -o weightmatrix.o
libtool: link: ar cru .libs/libtesseract_lstm.a  convolve.o ctc.o fullyconnected.o functions.o input.o lstm.o lstmrecognizer.o lstmtrainer.o maxpool.o networkbuilder.o network.o networkio.o parallel.o plumbing.o recodebeam.o reconfig.o reversed.o series.o stridemap.o tfnetwork.o weightmatrix.o
libtool: link: ranlib .libs/libtesseract_lstm.a
libtool: link: ( cd ".libs" && rm -f "libtesseract_lstm.la" && ln -s "../libtesseract_lstm.la" "libtesseract_lstm.la" )
Making all in src/ccmain
libtool: compile:  /Applications/Xcode.app/Contents/Developer/usr/bin/g++ --target=x86_64-apple-darwin -DHAVE_CONFIG_H -I. -I../../../../src/ccmain -I../.. -DNDEBUG -I../../../../src/ccutil -I../../../../src/ccstruct -I../../../../src/arch -I../../../../src/lstm -I../../../../src/viewer -I../../../../src/classify -I../../../../src/dict -I../../../../src/wordrec -I../../../../src/cutil -I../../../../src/textord -I../../../../src/opencl -I/Users/zyoung/dev/SwiftyTesseract/SwiftyTesseract/SwiftyTesseract/tesseract-4.1.0/macos/x86_64-apple-darwin/ -arch x86_64 -pipe -no-cpp-precomp -isysroot /Applications/Xcode.app/Contents/Developer/Platforms/MacOSX.platform/Developer/SDKs/MacOSX10.15.sdk -mmacosx-version-min=10.13 -O2 -fembed-bitcode -I/Users/zyoung/dev/SwiftyTesseract/SwiftyTesseract/SwiftyTesseract/leptonica-1.78.0/macos/x86_64-apple-darwin/include/leptonica -I/Users/zyoung/dev/SwiftyTesseract/SwiftyTesseract/SwiftyTesseract/tesseract-4.1.0/macos/x86_64-apple-darwin/ -arch x86_64 -pipe -no-cpp-precomp -isysroot /Applications/Xcode.app/Contents/Developer/Platforms/MacOSX.platform/Developer/SDKs/MacOSX10.15.sdk -mmacosx-version-min=10.13 -O2 -Wno-deprecated-register -std=c++17 -MT linerec.lo -MD -MP -MF .deps/linerec.Tpo -c ../../../../src/ccmain/linerec.cpp -o linerec.o
libtool: compile:  /Applications/Xcode.app/Contents/Developer/usr/bin/g++ --target=x86_64-apple-darwin -DHAVE_CONFIG_H -I. -I../../../../src/ccmain -I../.. -DNDEBUG -I../../../../src/ccutil -I../../../../src/ccstruct -I../../../../src/arch -I../../../../src/lstm -I../../../../src/viewer -I../../../../src/classify -I../../../../src/dict -I../../../../src/wordrec -I../../../../src/cutil -I../../../../src/textord -I../../../../src/opencl -I/Users/zyoung/dev/SwiftyTesseract/SwiftyTesseract/SwiftyTesseract/tesseract-4.1.0/macos/x86_64-apple-darwin/ -arch x86_64 -pipe -no-cpp-precomp -isysroot /Applications/Xcode.app/Contents/Developer/Platforms/MacOSX.platform/Developer/SDKs/MacOSX10.15.sdk -mmacosx-version-min=10.13 -O2 -fembed-bitcode -I/Users/zyoung/dev/SwiftyTesseract/SwiftyTesseract/SwiftyTesseract/leptonica-1.78.0/macos/x86_64-apple-darwin/include/leptonica -I/Users/zyoung/dev/SwiftyTesseract/SwiftyTesseract/SwiftyTesseract/tesseract-4.1.0/macos/x86_64-apple-darwin/ -arch x86_64 -pipe -no-cpp-precomp -isysroot /Applications/Xcode.app/Contents/Developer/Platforms/MacOSX.platform/Developer/SDKs/MacOSX10.15.sdk -mmacosx-version-min=10.13 -O2 -Wno-deprecated-register -std=c++17 -MT output.lo -MD -MP -MF .deps/output.Tpo -c ../../../../src/ccmain/output.cpp -o output.o
libtool: compile:  /Applications/Xcode.app/Contents/Developer/usr/bin/g++ --target=x86_64-apple-darwin -DHAVE_CONFIG_H -I. -I../../../../src/ccmain -I../.. -DNDEBUG -I../../../../src/ccutil -I../../../../src/ccstruct -I../../../../src/arch -I../../../../src/lstm -I../../../../src/viewer -I../../../../src/classify -I../../../../src/dict -I../../../../src/wordrec -I../../../../src/cutil -I../../../../src/textord -I../../../../src/opencl -I/Users/zyoung/dev/SwiftyTesseract/SwiftyTesseract/SwiftyTesseract/tesseract-4.1.0/macos/x86_64-apple-darwin/ -arch x86_64 -pipe -no-cpp-precomp -isysroot /Applications/Xcode.app/Contents/Developer/Platforms/MacOSX.platform/Developer/SDKs/MacOSX10.15.sdk -mmacosx-version-min=10.13 -O2 -fembed-bitcode -I/Users/zyoung/dev/SwiftyTesseract/SwiftyTesseract/SwiftyTesseract/leptonica-1.78.0/macos/x86_64-apple-darwin/include/leptonica -I/Users/zyoung/dev/SwiftyTesseract/SwiftyTesseract/SwiftyTesseract/tesseract-4.1.0/macos/x86_64-apple-darwin/ -arch x86_64 -pipe -no-cpp-precomp -isysroot /Applications/Xcode.app/Contents/Developer/Platforms/MacOSX.platform/Developer/SDKs/MacOSX10.15.sdk -mmacosx-version-min=10.13 -O2 -Wno-deprecated-register -std=c++17 -MT mutableiterator.lo -MD -MP -MF .deps/mutableiterator.Tpo -c ../../../../src/ccmain/mutableiterator.cpp -o mutableiterator.o
libtool: compile:  /Applications/Xcode.app/Contents/Developer/usr/bin/g++ --target=x86_64-apple-darwin -DHAVE_CONFIG_H -I. -I../../../../src/ccmain -I../.. -DNDEBUG -I../../../../src/ccutil -I../../../../src/ccstruct -I../../../../src/arch -I../../../../src/lstm -I../../../../src/viewer -I../../../../src/classify -I../../../../src/dict -I../../../../src/wordrec -I../../../../src/cutil -I../../../../src/textord -I../../../../src/opencl -I/Users/zyoung/dev/SwiftyTesseract/SwiftyTesseract/SwiftyTesseract/tesseract-4.1.0/macos/x86_64-apple-darwin/ -arch x86_64 -pipe -no-cpp-precomp -isysroot /Applications/Xcode.app/Contents/Developer/Platforms/MacOSX.platform/Developer/SDKs/MacOSX10.15.sdk -mmacosx-version-min=10.13 -O2 -fembed-bitcode -I/Users/zyoung/dev/SwiftyTesseract/SwiftyTesseract/SwiftyTesseract/leptonica-1.78.0/macos/x86_64-apple-darwin/include/leptonica -I/Users/zyoung/dev/SwiftyTesseract/SwiftyTesseract/SwiftyTesseract/tesseract-4.1.0/macos/x86_64-apple-darwin/ -arch x86_64 -pipe -no-cpp-precomp -isysroot /Applications/Xcode.app/Contents/Developer/Platforms/MacOSX.platform/Developer/SDKs/MacOSX10.15.sdk -mmacosx-version-min=10.13 -O2 -Wno-deprecated-register -std=c++17 -MT pagesegmain.lo -MD -MP -MF .deps/pagesegmain.Tpo -c ../../../../src/ccmain/pagesegmain.cpp -o pagesegmain.o
libtool: compile:  /Applications/Xcode.app/Contents/Developer/usr/bin/g++ --target=x86_64-apple-darwin -DHAVE_CONFIG_H -I. -I../../../../src/ccmain -I../.. -DNDEBUG -I../../../../src/ccutil -I../../../../src/ccstruct -I../../../../src/arch -I../../../../src/lstm -I../../../../src/viewer -I../../../../src/classify -I../../../../src/dict -I../../../../src/wordrec -I../../../../src/cutil -I../../../../src/textord -I../../../../src/opencl -I/Users/zyoung/dev/SwiftyTesseract/SwiftyTesseract/SwiftyTesseract/tesseract-4.1.0/macos/x86_64-apple-darwin/ -arch x86_64 -pipe -no-cpp-precomp -isysroot /Applications/Xcode.app/Contents/Developer/Platforms/MacOSX.platform/Developer/SDKs/MacOSX10.15.sdk -mmacosx-version-min=10.13 -O2 -fembed-bitcode -I/Users/zyoung/dev/SwiftyTesseract/SwiftyTesseract/SwiftyTesseract/leptonica-1.78.0/macos/x86_64-apple-darwin/include/leptonica -I/Users/zyoung/dev/SwiftyTesseract/SwiftyTesseract/SwiftyTesseract/tesseract-4.1.0/macos/x86_64-apple-darwin/ -arch x86_64 -pipe -no-cpp-precomp -isysroot /Applications/Xcode.app/Contents/Developer/Platforms/MacOSX.platform/Developer/SDKs/MacOSX10.15.sdk -mmacosx-version-min=10.13 -O2 -Wno-deprecated-register -std=c++17 -MT pageiterator.lo -MD -MP -MF .deps/pageiterator.Tpo -c ../../../../src/ccmain/pageiterator.cpp -o pageiterator.o
libtool: compile:  /Applications/Xcode.app/Contents/Developer/usr/bin/g++ --target=x86_64-apple-darwin -DHAVE_CONFIG_H -I. -I../../../../src/ccmain -I../.. -DNDEBUG -I../../../../src/ccutil -I../../../../src/ccstruct -I../../../../src/arch -I../../../../src/lstm -I../../../../src/viewer -I../../../../src/classify -I../../../../src/dict -I../../../../src/wordrec -I../../../../src/cutil -I../../../../src/textord -I../../../../src/opencl -I/Users/zyoung/dev/SwiftyTesseract/SwiftyTesseract/SwiftyTesseract/tesseract-4.1.0/macos/x86_64-apple-darwin/ -arch x86_64 -pipe -no-cpp-precomp -isysroot /Applications/Xcode.app/Contents/Developer/Platforms/MacOSX.platform/Developer/SDKs/MacOSX10.15.sdk -mmacosx-version-min=10.13 -O2 -fembed-bitcode -I/Users/zyoung/dev/SwiftyTesseract/SwiftyTesseract/SwiftyTesseract/leptonica-1.78.0/macos/x86_64-apple-darwin/include/leptonica -I/Users/zyoung/dev/SwiftyTesseract/SwiftyTesseract/SwiftyTesseract/tesseract-4.1.0/macos/x86_64-apple-darwin/ -arch x86_64 -pipe -no-cpp-precomp -isysroot /Applications/Xcode.app/Contents/Developer/Platforms/MacOSX.platform/Developer/SDKs/MacOSX10.15.sdk -mmacosx-version-min=10.13 -O2 -Wno-deprecated-register -std=c++17 -MT control.lo -MD -MP -MF .deps/control.Tpo -c ../../../../src/ccmain/control.cpp -o control.o
libtool: compile:  /Applications/Xcode.app/Contents/Developer/usr/bin/g++ --target=x86_64-apple-darwin -DHAVE_CONFIG_H -I. -I../../../../src/ccmain -I../.. -DNDEBUG -I../../../../src/ccutil -I../../../../src/ccstruct -I../../../../src/arch -I../../../../src/lstm -I../../../../src/viewer -I../../../../src/classify -I../../../../src/dict -I../../../../src/wordrec -I../../../../src/cutil -I../../../../src/textord -I../../../../src/opencl -I/Users/zyoung/dev/SwiftyTesseract/SwiftyTesseract/SwiftyTesseract/tesseract-4.1.0/macos/x86_64-apple-darwin/ -arch x86_64 -pipe -no-cpp-precomp -isysroot /Applications/Xcode.app/Contents/Developer/Platforms/MacOSX.platform/Developer/SDKs/MacOSX10.15.sdk -mmacosx-version-min=10.13 -O2 -fembed-bitcode -I/Users/zyoung/dev/SwiftyTesseract/SwiftyTesseract/SwiftyTesseract/leptonica-1.78.0/macos/x86_64-apple-darwin/include/leptonica -I/Users/zyoung/dev/SwiftyTesseract/SwiftyTesseract/SwiftyTesseract/tesseract-4.1.0/macos/x86_64-apple-darwin/ -arch x86_64 -pipe -no-cpp-precomp -isysroot /Applications/Xcode.app/Contents/Developer/Platforms/MacOSX.platform/Developer/SDKs/MacOSX10.15.sdk -mmacosx-version-min=10.13 -O2 -Wno-deprecated-register -std=c++17 -MT applybox.lo -MD -MP -MF .deps/applybox.Tpo -c ../../../../src/ccmain/applybox.cpp -o applybox.o
libtool: compile:  /Applications/Xcode.app/Contents/Developer/usr/bin/g++ --target=x86_64-apple-darwin -DHAVE_CONFIG_H -I. -I../../../../src/ccmain -I../.. -DNDEBUG -I../../../../src/ccutil -I../../../../src/ccstruct -I../../../../src/arch -I../../../../src/lstm -I../../../../src/viewer -I../../../../src/classify -I../../../../src/dict -I../../../../src/wordrec -I../../../../src/cutil -I../../../../src/textord -I../../../../src/opencl -I/Users/zyoung/dev/SwiftyTesseract/SwiftyTesseract/SwiftyTesseract/tesseract-4.1.0/macos/x86_64-apple-darwin/ -arch x86_64 -pipe -no-cpp-precomp -isysroot /Applications/Xcode.app/Contents/Developer/Platforms/MacOSX.platform/Developer/SDKs/MacOSX10.15.sdk -mmacosx-version-min=10.13 -O2 -fembed-bitcode -I/Users/zyoung/dev/SwiftyTesseract/SwiftyTesseract/SwiftyTesseract/leptonica-1.78.0/macos/x86_64-apple-darwin/include/leptonica -I/Users/zyoung/dev/SwiftyTesseract/SwiftyTesseract/SwiftyTesseract/tesseract-4.1.0/macos/x86_64-apple-darwin/ -arch x86_64 -pipe -no-cpp-precomp -isysroot /Applications/Xcode.app/Contents/Developer/Platforms/MacOSX.platform/Developer/SDKs/MacOSX10.15.sdk -mmacosx-version-min=10.13 -O2 -Wno-deprecated-register -std=c++17 -MT ltrresultiterator.lo -MD -MP -MF .deps/ltrresultiterator.Tpo -c ../../../../src/ccmain/ltrresultiterator.cpp -o ltrresultiterator.o
libtool: compile:  /Applications/Xcode.app/Contents/Developer/usr/bin/g++ --target=x86_64-apple-darwin -DHAVE_CONFIG_H -I. -I../../../../src/ccmain -I../.. -DNDEBUG -I../../../../src/ccutil -I../../../../src/ccstruct -I../../../../src/arch -I../../../../src/lstm -I../../../../src/viewer -I../../../../src/classify -I../../../../src/dict -I../../../../src/wordrec -I../../../../src/cutil -I../../../../src/textord -I../../../../src/opencl -I/Users/zyoung/dev/SwiftyTesseract/SwiftyTesseract/SwiftyTesseract/tesseract-4.1.0/macos/x86_64-apple-darwin/ -arch x86_64 -pipe -no-cpp-precomp -isysroot /Applications/Xcode.app/Contents/Developer/Platforms/MacOSX.platform/Developer/SDKs/MacOSX10.15.sdk -mmacosx-version-min=10.13 -O2 -fembed-bitcode -I/Users/zyoung/dev/SwiftyTesseract/SwiftyTesseract/SwiftyTesseract/leptonica-1.78.0/macos/x86_64-apple-darwin/include/leptonica -I/Users/zyoung/dev/SwiftyTesseract/SwiftyTesseract/SwiftyTesseract/tesseract-4.1.0/macos/x86_64-apple-darwin/ -arch x86_64 -pipe -no-cpp-precomp -isysroot /Applications/Xcode.app/Contents/Developer/Platforms/MacOSX.platform/Developer/SDKs/MacOSX10.15.sdk -mmacosx-version-min=10.13 -O2 -Wno-deprecated-register -std=c++17 -MT pagewalk.lo -MD -MP -MF .deps/pagewalk.Tpo -c ../../../../src/ccmain/pagewalk.cpp -o pagewalk.o
libtool: compile:  /Applications/Xcode.app/Contents/Developer/usr/bin/g++ --target=x86_64-apple-darwin -DHAVE_CONFIG_H -I. -I../../../../src/ccmain -I../.. -DNDEBUG -I../../../../src/ccutil -I../../../../src/ccstruct -I../../../../src/arch -I../../../../src/lstm -I../../../../src/viewer -I../../../../src/classify -I../../../../src/dict -I../../../../src/wordrec -I../../../../src/cutil -I../../../../src/textord -I../../../../src/opencl -I/Users/zyoung/dev/SwiftyTesseract/SwiftyTesseract/SwiftyTesseract/tesseract-4.1.0/macos/x86_64-apple-darwin/ -arch x86_64 -pipe -no-cpp-precomp -isysroot /Applications/Xcode.app/Contents/Developer/Platforms/MacOSX.platform/Developer/SDKs/MacOSX10.15.sdk -mmacosx-version-min=10.13 -O2 -fembed-bitcode -I/Users/zyoung/dev/SwiftyTesseract/SwiftyTesseract/SwiftyTesseract/leptonica-1.78.0/macos/x86_64-apple-darwin/include/leptonica -I/Users/zyoung/dev/SwiftyTesseract/SwiftyTesseract/SwiftyTesseract/tesseract-4.1.0/macos/x86_64-apple-darwin/ -arch x86_64 -pipe -no-cpp-precomp -isysroot /Applications/Xcode.app/Contents/Developer/Platforms/MacOSX.platform/Developer/SDKs/MacOSX10.15.sdk -mmacosx-version-min=10.13 -O2 -Wno-deprecated-register -std=c++17 -MT paramsd.lo -MD -MP -MF .deps/paramsd.Tpo -c ../../../../src/ccmain/paramsd.cpp -o paramsd.o
libtool: compile:  /Applications/Xcode.app/Contents/Developer/usr/bin/g++ --target=x86_64-apple-darwin -DHAVE_CONFIG_H -I. -I../../../../src/ccmain -I../.. -DNDEBUG -I../../../../src/ccutil -I../../../../src/ccstruct -I../../../../src/arch -I../../../../src/lstm -I../../../../src/viewer -I../../../../src/classify -I../../../../src/dict -I../../../../src/wordrec -I../../../../src/cutil -I../../../../src/textord -I../../../../src/opencl -I/Users/zyoung/dev/SwiftyTesseract/SwiftyTesseract/SwiftyTesseract/tesseract-4.1.0/macos/x86_64-apple-darwin/ -arch x86_64 -pipe -no-cpp-precomp -isysroot /Applications/Xcode.app/Contents/Developer/Platforms/MacOSX.platform/Developer/SDKs/MacOSX10.15.sdk -mmacosx-version-min=10.13 -O2 -fembed-bitcode -I/Users/zyoung/dev/SwiftyTesseract/SwiftyTesseract/SwiftyTesseract/leptonica-1.78.0/macos/x86_64-apple-darwin/include/leptonica -I/Users/zyoung/dev/SwiftyTesseract/SwiftyTesseract/SwiftyTesseract/tesseract-4.1.0/macos/x86_64-apple-darwin/ -arch x86_64 -pipe -no-cpp-precomp -isysroot /Applications/Xcode.app/Contents/Developer/Platforms/MacOSX.platform/Developer/SDKs/MacOSX10.15.sdk -mmacosx-version-min=10.13 -O2 -Wno-deprecated-register -std=c++17 -MT paragraphs.lo -MD -MP -MF .deps/paragraphs.Tpo -c ../../../../src/ccmain/paragraphs.cpp -o paragraphs.o
libtool: compile:  /Applications/Xcode.app/Contents/Developer/usr/bin/g++ --target=x86_64-apple-darwin -DHAVE_CONFIG_H -I. -I../../../../src/ccmain -I../.. -DNDEBUG -I../../../../src/ccutil -I../../../../src/ccstruct -I../../../../src/arch -I../../../../src/lstm -I../../../../src/viewer -I../../../../src/classify -I../../../../src/dict -I../../../../src/wordrec -I../../../../src/cutil -I../../../../src/textord -I../../../../src/opencl -I/Users/zyoung/dev/SwiftyTesseract/SwiftyTesseract/SwiftyTesseract/tesseract-4.1.0/macos/x86_64-apple-darwin/ -arch x86_64 -pipe -no-cpp-precomp -isysroot /Applications/Xcode.app/Contents/Developer/Platforms/MacOSX.platform/Developer/SDKs/MacOSX10.15.sdk -mmacosx-version-min=10.13 -O2 -fembed-bitcode -I/Users/zyoung/dev/SwiftyTesseract/SwiftyTesseract/SwiftyTesseract/leptonica-1.78.0/macos/x86_64-apple-darwin/include/leptonica -I/Users/zyoung/dev/SwiftyTesseract/SwiftyTesseract/SwiftyTesseract/tesseract-4.1.0/macos/x86_64-apple-darwin/ -arch x86_64 -pipe -no-cpp-precomp -isysroot /Applications/Xcode.app/Contents/Developer/Platforms/MacOSX.platform/Developer/SDKs/MacOSX10.15.sdk -mmacosx-version-min=10.13 -O2 -Wno-deprecated-register -std=c++17 -MT pgedit.lo -MD -MP -MF .deps/pgedit.Tpo -c ../../../../src/ccmain/pgedit.cpp -o pgedit.o
libtool: compile:  /Applications/Xcode.app/Contents/Developer/usr/bin/g++ --target=x86_64-apple-darwin -DHAVE_CONFIG_H -I. -I../../../../src/ccmain -I../.. -DNDEBUG -I../../../../src/ccutil -I../../../../src/ccstruct -I../../../../src/arch -I../../../../src/lstm -I../../../../src/viewer -I../../../../src/classify -I../../../../src/dict -I../../../../src/wordrec -I../../../../src/cutil -I../../../../src/textord -I../../../../src/opencl -I/Users/zyoung/dev/SwiftyTesseract/SwiftyTesseract/SwiftyTesseract/tesseract-4.1.0/macos/x86_64-apple-darwin/ -arch x86_64 -pipe -no-cpp-precomp -isysroot /Applications/Xcode.app/Contents/Developer/Platforms/MacOSX.platform/Developer/SDKs/MacOSX10.15.sdk -mmacosx-version-min=10.13 -O2 -fembed-bitcode -I/Users/zyoung/dev/SwiftyTesseract/SwiftyTesseract/SwiftyTesseract/leptonica-1.78.0/macos/x86_64-apple-darwin/include/leptonica -I/Users/zyoung/dev/SwiftyTesseract/SwiftyTesseract/SwiftyTesseract/tesseract-4.1.0/macos/x86_64-apple-darwin/ -arch x86_64 -pipe -no-cpp-precomp -isysroot /Applications/Xcode.app/Contents/Developer/Platforms/MacOSX.platform/Developer/SDKs/MacOSX10.15.sdk -mmacosx-version-min=10.13 -O2 -Wno-deprecated-register -std=c++17 -MT recogtraining.lo -MD -MP -MF .deps/recogtraining.Tpo -c ../../../../src/ccmain/recogtraining.cpp -o recogtraining.o
libtool: compile:  /Applications/Xcode.app/Contents/Developer/usr/bin/g++ --target=x86_64-apple-darwin -DHAVE_CONFIG_H -I. -I../../../../src/ccmain -I../.. -DNDEBUG -I../../../../src/ccutil -I../../../../src/ccstruct -I../../../../src/arch -I../../../../src/lstm -I../../../../src/viewer -I../../../../src/classify -I../../../../src/dict -I../../../../src/wordrec -I../../../../src/cutil -I../../../../src/textord -I../../../../src/opencl -I/Users/zyoung/dev/SwiftyTesseract/SwiftyTesseract/SwiftyTesseract/tesseract-4.1.0/macos/x86_64-apple-darwin/ -arch x86_64 -pipe -no-cpp-precomp -isysroot /Applications/Xcode.app/Contents/Developer/Platforms/MacOSX.platform/Developer/SDKs/MacOSX10.15.sdk -mmacosx-version-min=10.13 -O2 -fembed-bitcode -I/Users/zyoung/dev/SwiftyTesseract/SwiftyTesseract/SwiftyTesseract/leptonica-1.78.0/macos/x86_64-apple-darwin/include/leptonica -I/Users/zyoung/dev/SwiftyTesseract/SwiftyTesseract/SwiftyTesseract/tesseract-4.1.0/macos/x86_64-apple-darwin/ -arch x86_64 -pipe -no-cpp-precomp -isysroot /Applications/Xcode.app/Contents/Developer/Platforms/MacOSX.platform/Developer/SDKs/MacOSX10.15.sdk -mmacosx-version-min=10.13 -O2 -Wno-deprecated-register -std=c++17 -MT reject.lo -MD -MP -MF .deps/reject.Tpo -c ../../../../src/ccmain/reject.cpp -o reject.o
libtool: compile:  /Applications/Xcode.app/Contents/Developer/usr/bin/g++ --target=x86_64-apple-darwin -DHAVE_CONFIG_H -I. -I../../../../src/ccmain -I../.. -DNDEBUG -I../../../../src/ccutil -I../../../../src/ccstruct -I../../../../src/arch -I../../../../src/lstm -I../../../../src/viewer -I../../../../src/classify -I../../../../src/dict -I../../../../src/wordrec -I../../../../src/cutil -I../../../../src/textord -I../../../../src/opencl -I/Users/zyoung/dev/SwiftyTesseract/SwiftyTesseract/SwiftyTesseract/tesseract-4.1.0/macos/x86_64-apple-darwin/ -arch x86_64 -pipe -no-cpp-precomp -isysroot /Applications/Xcode.app/Contents/Developer/Platforms/MacOSX.platform/Developer/SDKs/MacOSX10.15.sdk -mmacosx-version-min=10.13 -O2 -fembed-bitcode -I/Users/zyoung/dev/SwiftyTesseract/SwiftyTesseract/SwiftyTesseract/leptonica-1.78.0/macos/x86_64-apple-darwin/include/leptonica -I/Users/zyoung/dev/SwiftyTesseract/SwiftyTesseract/SwiftyTesseract/tesseract-4.1.0/macos/x86_64-apple-darwin/ -arch x86_64 -pipe -no-cpp-precomp -isysroot /Applications/Xcode.app/Contents/Developer/Platforms/MacOSX.platform/Developer/SDKs/MacOSX10.15.sdk -mmacosx-version-min=10.13 -O2 -Wno-deprecated-register -std=c++17 -MT resultiterator.lo -MD -MP -MF .deps/resultiterator.Tpo -c ../../../../src/ccmain/resultiterator.cpp -o resultiterator.o
libtool: compile:  /Applications/Xcode.app/Contents/Developer/usr/bin/g++ --target=x86_64-apple-darwin -DHAVE_CONFIG_H -I. -I../../../../src/ccmain -I../.. -DNDEBUG -I../../../../src/ccutil -I../../../../src/ccstruct -I../../../../src/arch -I../../../../src/lstm -I../../../../src/viewer -I../../../../src/classify -I../../../../src/dict -I../../../../src/wordrec -I../../../../src/cutil -I../../../../src/textord -I../../../../src/opencl -I/Users/zyoung/dev/SwiftyTesseract/SwiftyTesseract/SwiftyTesseract/tesseract-4.1.0/macos/x86_64-apple-darwin/ -arch x86_64 -pipe -no-cpp-precomp -isysroot /Applications/Xcode.app/Contents/Developer/Platforms/MacOSX.platform/Developer/SDKs/MacOSX10.15.sdk -mmacosx-version-min=10.13 -O2 -fembed-bitcode -I/Users/zyoung/dev/SwiftyTesseract/SwiftyTesseract/SwiftyTesseract/leptonica-1.78.0/macos/x86_64-apple-darwin/include/leptonica -I/Users/zyoung/dev/SwiftyTesseract/SwiftyTesseract/SwiftyTesseract/tesseract-4.1.0/macos/x86_64-apple-darwin/ -arch x86_64 -pipe -no-cpp-precomp -isysroot /Applications/Xcode.app/Contents/Developer/Platforms/MacOSX.platform/Developer/SDKs/MacOSX10.15.sdk -mmacosx-version-min=10.13 -O2 -Wno-deprecated-register -std=c++17 -MT tessedit.lo -MD -MP -MF .deps/tessedit.Tpo -c ../../../../src/ccmain/tessedit.cpp -o tessedit.o
libtool: compile:  /Applications/Xcode.app/Contents/Developer/usr/bin/g++ --target=x86_64-apple-darwin -DHAVE_CONFIG_H -I. -I../../../../src/ccmain -I../.. -DNDEBUG -I../../../../src/ccutil -I../../../../src/ccstruct -I../../../../src/arch -I../../../../src/lstm -I../../../../src/viewer -I../../../../src/classify -I../../../../src/dict -I../../../../src/wordrec -I../../../../src/cutil -I../../../../src/textord -I../../../../src/opencl -I/Users/zyoung/dev/SwiftyTesseract/SwiftyTesseract/SwiftyTesseract/tesseract-4.1.0/macos/x86_64-apple-darwin/ -arch x86_64 -pipe -no-cpp-precomp -isysroot /Applications/Xcode.app/Contents/Developer/Platforms/MacOSX.platform/Developer/SDKs/MacOSX10.15.sdk -mmacosx-version-min=10.13 -O2 -fembed-bitcode -I/Users/zyoung/dev/SwiftyTesseract/SwiftyTesseract/SwiftyTesseract/leptonica-1.78.0/macos/x86_64-apple-darwin/include/leptonica -I/Users/zyoung/dev/SwiftyTesseract/SwiftyTesseract/SwiftyTesseract/tesseract-4.1.0/macos/x86_64-apple-darwin/ -arch x86_64 -pipe -no-cpp-precomp -isysroot /Applications/Xcode.app/Contents/Developer/Platforms/MacOSX.platform/Developer/SDKs/MacOSX10.15.sdk -mmacosx-version-min=10.13 -O2 -Wno-deprecated-register -std=c++17 -MT tesseractclass.lo -MD -MP -MF .deps/tesseractclass.Tpo -c ../../../../src/ccmain/tesseractclass.cpp -o tesseractclass.o
libtool: compile:  /Applications/Xcode.app/Contents/Developer/usr/bin/g++ --target=x86_64-apple-darwin -DHAVE_CONFIG_H -I. -I../../../../src/ccmain -I../.. -DNDEBUG -I../../../../src/ccutil -I../../../../src/ccstruct -I../../../../src/arch -I../../../../src/lstm -I../../../../src/viewer -I../../../../src/classify -I../../../../src/dict -I../../../../src/wordrec -I../../../../src/cutil -I../../../../src/textord -I../../../../src/opencl -I/Users/zyoung/dev/SwiftyTesseract/SwiftyTesseract/SwiftyTesseract/tesseract-4.1.0/macos/x86_64-apple-darwin/ -arch x86_64 -pipe -no-cpp-precomp -isysroot /Applications/Xcode.app/Contents/Developer/Platforms/MacOSX.platform/Developer/SDKs/MacOSX10.15.sdk -mmacosx-version-min=10.13 -O2 -fembed-bitcode -I/Users/zyoung/dev/SwiftyTesseract/SwiftyTesseract/SwiftyTesseract/leptonica-1.78.0/macos/x86_64-apple-darwin/include/leptonica -I/Users/zyoung/dev/SwiftyTesseract/SwiftyTesseract/SwiftyTesseract/tesseract-4.1.0/macos/x86_64-apple-darwin/ -arch x86_64 -pipe -no-cpp-precomp -isysroot /Applications/Xcode.app/Contents/Developer/Platforms/MacOSX.platform/Developer/SDKs/MacOSX10.15.sdk -mmacosx-version-min=10.13 -O2 -Wno-deprecated-register -std=c++17 -MT tessvars.lo -MD -MP -MF .deps/tessvars.Tpo -c ../../../../src/ccmain/tessvars.cpp -o tessvars.o
libtool: compile:  /Applications/Xcode.app/Contents/Developer/usr/bin/g++ --target=x86_64-apple-darwin -DHAVE_CONFIG_H -I. -I../../../../src/ccmain -I../.. -DNDEBUG -I../../../../src/ccutil -I../../../../src/ccstruct -I../../../../src/arch -I../../../../src/lstm -I../../../../src/viewer -I../../../../src/classify -I../../../../src/dict -I../../../../src/wordrec -I../../../../src/cutil -I../../../../src/textord -I../../../../src/opencl -I/Users/zyoung/dev/SwiftyTesseract/SwiftyTesseract/SwiftyTesseract/tesseract-4.1.0/macos/x86_64-apple-darwin/ -arch x86_64 -pipe -no-cpp-precomp -isysroot /Applications/Xcode.app/Contents/Developer/Platforms/MacOSX.platform/Developer/SDKs/MacOSX10.15.sdk -mmacosx-version-min=10.13 -O2 -fembed-bitcode -I/Users/zyoung/dev/SwiftyTesseract/SwiftyTesseract/SwiftyTesseract/leptonica-1.78.0/macos/x86_64-apple-darwin/include/leptonica -I/Users/zyoung/dev/SwiftyTesseract/SwiftyTesseract/SwiftyTesseract/tesseract-4.1.0/macos/x86_64-apple-darwin/ -arch x86_64 -pipe -no-cpp-precomp -isysroot /Applications/Xcode.app/Contents/Developer/Platforms/MacOSX.platform/Developer/SDKs/MacOSX10.15.sdk -mmacosx-version-min=10.13 -O2 -Wno-deprecated-register -std=c++17 -MT thresholder.lo -MD -MP -MF .deps/thresholder.Tpo -c ../../../../src/ccmain/thresholder.cpp -o thresholder.o
libtool: compile:  /Applications/Xcode.app/Contents/Developer/usr/bin/g++ --target=x86_64-apple-darwin -DHAVE_CONFIG_H -I. -I../../../../src/ccmain -I../.. -DNDEBUG -I../../../../src/ccutil -I../../../../src/ccstruct -I../../../../src/arch -I../../../../src/lstm -I../../../../src/viewer -I../../../../src/classify -I../../../../src/dict -I../../../../src/wordrec -I../../../../src/cutil -I../../../../src/textord -I../../../../src/opencl -I/Users/zyoung/dev/SwiftyTesseract/SwiftyTesseract/SwiftyTesseract/tesseract-4.1.0/macos/x86_64-apple-darwin/ -arch x86_64 -pipe -no-cpp-precomp -isysroot /Applications/Xcode.app/Contents/Developer/Platforms/MacOSX.platform/Developer/SDKs/MacOSX10.15.sdk -mmacosx-version-min=10.13 -O2 -fembed-bitcode -I/Users/zyoung/dev/SwiftyTesseract/SwiftyTesseract/SwiftyTesseract/leptonica-1.78.0/macos/x86_64-apple-darwin/include/leptonica -I/Users/zyoung/dev/SwiftyTesseract/SwiftyTesseract/SwiftyTesseract/tesseract-4.1.0/macos/x86_64-apple-darwin/ -arch x86_64 -pipe -no-cpp-precomp -isysroot /Applications/Xcode.app/Contents/Developer/Platforms/MacOSX.platform/Developer/SDKs/MacOSX10.15.sdk -mmacosx-version-min=10.13 -O2 -Wno-deprecated-register -std=c++17 -MT werdit.lo -MD -MP -MF .deps/werdit.Tpo -c ../../../../src/ccmain/werdit.cpp -o werdit.o
libtool: compile:  /Applications/Xcode.app/Contents/Developer/usr/bin/g++ --target=x86_64-apple-darwin -DHAVE_CONFIG_H -I. -I../../../../src/ccmain -I../.. -DNDEBUG -I../../../../src/ccutil -I../../../../src/ccstruct -I../../../../src/arch -I../../../../src/lstm -I../../../../src/viewer -I../../../../src/classify -I../../../../src/dict -I../../../../src/wordrec -I../../../../src/cutil -I../../../../src/textord -I../../../../src/opencl -I/Users/zyoung/dev/SwiftyTesseract/SwiftyTesseract/SwiftyTesseract/tesseract-4.1.0/macos/x86_64-apple-darwin/ -arch x86_64 -pipe -no-cpp-precomp -isysroot /Applications/Xcode.app/Contents/Developer/Platforms/MacOSX.platform/Developer/SDKs/MacOSX10.15.sdk -mmacosx-version-min=10.13 -O2 -fembed-bitcode -I/Users/zyoung/dev/SwiftyTesseract/SwiftyTesseract/SwiftyTesseract/leptonica-1.78.0/macos/x86_64-apple-darwin/include/leptonica -I/Users/zyoung/dev/SwiftyTesseract/SwiftyTesseract/SwiftyTesseract/tesseract-4.1.0/macos/x86_64-apple-darwin/ -arch x86_64 -pipe -no-cpp-precomp -isysroot /Applications/Xcode.app/Contents/Developer/Platforms/MacOSX.platform/Developer/SDKs/MacOSX10.15.sdk -mmacosx-version-min=10.13 -O2 -Wno-deprecated-register -std=c++17 -MT adaptions.lo -MD -MP -MF .deps/adaptions.Tpo -c ../../../../src/ccmain/adaptions.cpp -o adaptions.o
libtool: compile:  /Applications/Xcode.app/Contents/Developer/usr/bin/g++ --target=x86_64-apple-darwin -DHAVE_CONFIG_H -I. -I../../../../src/ccmain -I../.. -DNDEBUG -I../../../../src/ccutil -I../../../../src/ccstruct -I../../../../src/arch -I../../../../src/lstm -I../../../../src/viewer -I../../../../src/classify -I../../../../src/dict -I../../../../src/wordrec -I../../../../src/cutil -I../../../../src/textord -I../../../../src/opencl -I/Users/zyoung/dev/SwiftyTesseract/SwiftyTesseract/SwiftyTesseract/tesseract-4.1.0/macos/x86_64-apple-darwin/ -arch x86_64 -pipe -no-cpp-precomp -isysroot /Applications/Xcode.app/Contents/Developer/Platforms/MacOSX.platform/Developer/SDKs/MacOSX10.15.sdk -mmacosx-version-min=10.13 -O2 -fembed-bitcode -I/Users/zyoung/dev/SwiftyTesseract/SwiftyTesseract/SwiftyTesseract/leptonica-1.78.0/macos/x86_64-apple-darwin/include/leptonica -I/Users/zyoung/dev/SwiftyTesseract/SwiftyTesseract/SwiftyTesseract/tesseract-4.1.0/macos/x86_64-apple-darwin/ -arch x86_64 -pipe -no-cpp-precomp -isysroot /Applications/Xcode.app/Contents/Developer/Platforms/MacOSX.platform/Developer/SDKs/MacOSX10.15.sdk -mmacosx-version-min=10.13 -O2 -Wno-deprecated-register -std=c++17 -MT docqual.lo -MD -MP -MF .deps/docqual.Tpo -c ../../../../src/ccmain/docqual.cpp -o docqual.o
libtool: compile:  /Applications/Xcode.app/Contents/Developer/usr/bin/g++ --target=x86_64-apple-darwin -DHAVE_CONFIG_H -I. -I../../../../src/ccmain -I../.. -DNDEBUG -I../../../../src/ccutil -I../../../../src/ccstruct -I../../../../src/arch -I../../../../src/lstm -I../../../../src/viewer -I../../../../src/classify -I../../../../src/dict -I../../../../src/wordrec -I../../../../src/cutil -I../../../../src/textord -I../../../../src/opencl -I/Users/zyoung/dev/SwiftyTesseract/SwiftyTesseract/SwiftyTesseract/tesseract-4.1.0/macos/x86_64-apple-darwin/ -arch x86_64 -pipe -no-cpp-precomp -isysroot /Applications/Xcode.app/Contents/Developer/Platforms/MacOSX.platform/Developer/SDKs/MacOSX10.15.sdk -mmacosx-version-min=10.13 -O2 -fembed-bitcode -I/Users/zyoung/dev/SwiftyTesseract/SwiftyTesseract/SwiftyTesseract/leptonica-1.78.0/macos/x86_64-apple-darwin/include/leptonica -I/Users/zyoung/dev/SwiftyTesseract/SwiftyTesseract/SwiftyTesseract/tesseract-4.1.0/macos/x86_64-apple-darwin/ -arch x86_64 -pipe -no-cpp-precomp -isysroot /Applications/Xcode.app/Contents/Developer/Platforms/MacOSX.platform/Developer/SDKs/MacOSX10.15.sdk -mmacosx-version-min=10.13 -O2 -Wno-deprecated-register -std=c++17 -MT equationdetect.lo -MD -MP -MF .deps/equationdetect.Tpo -c ../../../../src/ccmain/equationdetect.cpp -o equationdetect.o
libtool: compile:  /Applications/Xcode.app/Contents/Developer/usr/bin/g++ --target=x86_64-apple-darwin -DHAVE_CONFIG_H -I. -I../../../../src/ccmain -I../.. -DNDEBUG -I../../../../src/ccutil -I../../../../src/ccstruct -I../../../../src/arch -I../../../../src/lstm -I../../../../src/viewer -I../../../../src/classify -I../../../../src/dict -I../../../../src/wordrec -I../../../../src/cutil -I../../../../src/textord -I../../../../src/opencl -I/Users/zyoung/dev/SwiftyTesseract/SwiftyTesseract/SwiftyTesseract/tesseract-4.1.0/macos/x86_64-apple-darwin/ -arch x86_64 -pipe -no-cpp-precomp -isysroot /Applications/Xcode.app/Contents/Developer/Platforms/MacOSX.platform/Developer/SDKs/MacOSX10.15.sdk -mmacosx-version-min=10.13 -O2 -fembed-bitcode -I/Users/zyoung/dev/SwiftyTesseract/SwiftyTesseract/SwiftyTesseract/leptonica-1.78.0/macos/x86_64-apple-darwin/include/leptonica -I/Users/zyoung/dev/SwiftyTesseract/SwiftyTesseract/SwiftyTesseract/tesseract-4.1.0/macos/x86_64-apple-darwin/ -arch x86_64 -pipe -no-cpp-precomp -isysroot /Applications/Xcode.app/Contents/Developer/Platforms/MacOSX.platform/Developer/SDKs/MacOSX10.15.sdk -mmacosx-version-min=10.13 -O2 -Wno-deprecated-register -std=c++17 -MT fixspace.lo -MD -MP -MF .deps/fixspace.Tpo -c ../../../../src/ccmain/fixspace.cpp -o fixspace.o
libtool: compile:  /Applications/Xcode.app/Contents/Developer/usr/bin/g++ --target=x86_64-apple-darwin -DHAVE_CONFIG_H -I. -I../../../../src/ccmain -I../.. -DNDEBUG -I../../../../src/ccutil -I../../../../src/ccstruct -I../../../../src/arch -I../../../../src/lstm -I../../../../src/viewer -I../../../../src/classify -I../../../../src/dict -I../../../../src/wordrec -I../../../../src/cutil -I../../../../src/textord -I../../../../src/opencl -I/Users/zyoung/dev/SwiftyTesseract/SwiftyTesseract/SwiftyTesseract/tesseract-4.1.0/macos/x86_64-apple-darwin/ -arch x86_64 -pipe -no-cpp-precomp -isysroot /Applications/Xcode.app/Contents/Developer/Platforms/MacOSX.platform/Developer/SDKs/MacOSX10.15.sdk -mmacosx-version-min=10.13 -O2 -fembed-bitcode -I/Users/zyoung/dev/SwiftyTesseract/SwiftyTesseract/SwiftyTesseract/leptonica-1.78.0/macos/x86_64-apple-darwin/include/leptonica -I/Users/zyoung/dev/SwiftyTesseract/SwiftyTesseract/SwiftyTesseract/tesseract-4.1.0/macos/x86_64-apple-darwin/ -arch x86_64 -pipe -no-cpp-precomp -isysroot /Applications/Xcode.app/Contents/Developer/Platforms/MacOSX.platform/Developer/SDKs/MacOSX10.15.sdk -mmacosx-version-min=10.13 -O2 -Wno-deprecated-register -std=c++17 -MT fixxht.lo -MD -MP -MF .deps/fixxht.Tpo -c ../../../../src/ccmain/fixxht.cpp -o fixxht.o
libtool: compile:  /Applications/Xcode.app/Contents/Developer/usr/bin/g++ --target=x86_64-apple-darwin -DHAVE_CONFIG_H -I. -I../../../../src/ccmain -I../.. -DNDEBUG -I../../../../src/ccutil -I../../../../src/ccstruct -I../../../../src/arch -I../../../../src/lstm -I../../../../src/viewer -I../../../../src/classify -I../../../../src/dict -I../../../../src/wordrec -I../../../../src/cutil -I../../../../src/textord -I../../../../src/opencl -I/Users/zyoung/dev/SwiftyTesseract/SwiftyTesseract/SwiftyTesseract/tesseract-4.1.0/macos/x86_64-apple-darwin/ -arch x86_64 -pipe -no-cpp-precomp -isysroot /Applications/Xcode.app/Contents/Developer/Platforms/MacOSX.platform/Developer/SDKs/MacOSX10.15.sdk -mmacosx-version-min=10.13 -O2 -fembed-bitcode -I/Users/zyoung/dev/SwiftyTesseract/SwiftyTesseract/SwiftyTesseract/leptonica-1.78.0/macos/x86_64-apple-darwin/include/leptonica -I/Users/zyoung/dev/SwiftyTesseract/SwiftyTesseract/SwiftyTesseract/tesseract-4.1.0/macos/x86_64-apple-darwin/ -arch x86_64 -pipe -no-cpp-precomp -isysroot /Applications/Xcode.app/Contents/Developer/Platforms/MacOSX.platform/Developer/SDKs/MacOSX10.15.sdk -mmacosx-version-min=10.13 -O2 -Wno-deprecated-register -std=c++17 -MT osdetect.lo -MD -MP -MF .deps/osdetect.Tpo -c ../../../../src/ccmain/osdetect.cpp -o osdetect.o
libtool: compile:  /Applications/Xcode.app/Contents/Developer/usr/bin/g++ --target=x86_64-apple-darwin -DHAVE_CONFIG_H -I. -I../../../../src/ccmain -I../.. -DNDEBUG -I../../../../src/ccutil -I../../../../src/ccstruct -I../../../../src/arch -I../../../../src/lstm -I../../../../src/viewer -I../../../../src/classify -I../../../../src/dict -I../../../../src/wordrec -I../../../../src/cutil -I../../../../src/textord -I../../../../src/opencl -I/Users/zyoung/dev/SwiftyTesseract/SwiftyTesseract/SwiftyTesseract/tesseract-4.1.0/macos/x86_64-apple-darwin/ -arch x86_64 -pipe -no-cpp-precomp -isysroot /Applications/Xcode.app/Contents/Developer/Platforms/MacOSX.platform/Developer/SDKs/MacOSX10.15.sdk -mmacosx-version-min=10.13 -O2 -fembed-bitcode -I/Users/zyoung/dev/SwiftyTesseract/SwiftyTesseract/SwiftyTesseract/leptonica-1.78.0/macos/x86_64-apple-darwin/include/leptonica -I/Users/zyoung/dev/SwiftyTesseract/SwiftyTesseract/SwiftyTesseract/tesseract-4.1.0/macos/x86_64-apple-darwin/ -arch x86_64 -pipe -no-cpp-precomp -isysroot /Applications/Xcode.app/Contents/Developer/Platforms/MacOSX.platform/Developer/SDKs/MacOSX10.15.sdk -mmacosx-version-min=10.13 -O2 -Wno-deprecated-register -std=c++17 -MT par_control.lo -MD -MP -MF .deps/par_control.Tpo -c ../../../../src/ccmain/par_control.cpp -o par_control.o
libtool: compile:  /Applications/Xcode.app/Contents/Developer/usr/bin/g++ --target=x86_64-apple-darwin -DHAVE_CONFIG_H -I. -I../../../../src/ccmain -I../.. -DNDEBUG -I../../../../src/ccutil -I../../../../src/ccstruct -I../../../../src/arch -I../../../../src/lstm -I../../../../src/viewer -I../../../../src/classify -I../../../../src/dict -I../../../../src/wordrec -I../../../../src/cutil -I../../../../src/textord -I../../../../src/opencl -I/Users/zyoung/dev/SwiftyTesseract/SwiftyTesseract/SwiftyTesseract/tesseract-4.1.0/macos/x86_64-apple-darwin/ -arch x86_64 -pipe -no-cpp-precomp -isysroot /Applications/Xcode.app/Contents/Developer/Platforms/MacOSX.platform/Developer/SDKs/MacOSX10.15.sdk -mmacosx-version-min=10.13 -O2 -fembed-bitcode -I/Users/zyoung/dev/SwiftyTesseract/SwiftyTesseract/SwiftyTesseract/leptonica-1.78.0/macos/x86_64-apple-darwin/include/leptonica -I/Users/zyoung/dev/SwiftyTesseract/SwiftyTesseract/SwiftyTesseract/tesseract-4.1.0/macos/x86_64-apple-darwin/ -arch x86_64 -pipe -no-cpp-precomp -isysroot /Applications/Xcode.app/Contents/Developer/Platforms/MacOSX.platform/Developer/SDKs/MacOSX10.15.sdk -mmacosx-version-min=10.13 -O2 -Wno-deprecated-register -std=c++17 -MT superscript.lo -MD -MP -MF .deps/superscript.Tpo -c ../../../../src/ccmain/superscript.cpp -o superscript.o
libtool: compile:  /Applications/Xcode.app/Contents/Developer/usr/bin/g++ --target=x86_64-apple-darwin -DHAVE_CONFIG_H -I. -I../../../../src/ccmain -I../.. -DNDEBUG -I../../../../src/ccutil -I../../../../src/ccstruct -I../../../../src/arch -I../../../../src/lstm -I../../../../src/viewer -I../../../../src/classify -I../../../../src/dict -I../../../../src/wordrec -I../../../../src/cutil -I../../../../src/textord -I../../../../src/opencl -I/Users/zyoung/dev/SwiftyTesseract/SwiftyTesseract/SwiftyTesseract/tesseract-4.1.0/macos/x86_64-apple-darwin/ -arch x86_64 -pipe -no-cpp-precomp -isysroot /Applications/Xcode.app/Contents/Developer/Platforms/MacOSX.platform/Developer/SDKs/MacOSX10.15.sdk -mmacosx-version-min=10.13 -O2 -fembed-bitcode -I/Users/zyoung/dev/SwiftyTesseract/SwiftyTesseract/SwiftyTesseract/leptonica-1.78.0/macos/x86_64-apple-darwin/include/leptonica -I/Users/zyoung/dev/SwiftyTesseract/SwiftyTesseract/SwiftyTesseract/tesseract-4.1.0/macos/x86_64-apple-darwin/ -arch x86_64 -pipe -no-cpp-precomp -isysroot /Applications/Xcode.app/Contents/Developer/Platforms/MacOSX.platform/Developer/SDKs/MacOSX10.15.sdk -mmacosx-version-min=10.13 -O2 -Wno-deprecated-register -std=c++17 -MT tessbox.lo -MD -MP -MF .deps/tessbox.Tpo -c ../../../../src/ccmain/tessbox.cpp -o tessbox.o
libtool: compile:  /Applications/Xcode.app/Contents/Developer/usr/bin/g++ --target=x86_64-apple-darwin -DHAVE_CONFIG_H -I. -I../../../../src/ccmain -I../.. -DNDEBUG -I../../../../src/ccutil -I../../../../src/ccstruct -I../../../../src/arch -I../../../../src/lstm -I../../../../src/viewer -I../../../../src/classify -I../../../../src/dict -I../../../../src/wordrec -I../../../../src/cutil -I../../../../src/textord -I../../../../src/opencl -I/Users/zyoung/dev/SwiftyTesseract/SwiftyTesseract/SwiftyTesseract/tesseract-4.1.0/macos/x86_64-apple-darwin/ -arch x86_64 -pipe -no-cpp-precomp -isysroot /Applications/Xcode.app/Contents/Developer/Platforms/MacOSX.platform/Developer/SDKs/MacOSX10.15.sdk -mmacosx-version-min=10.13 -O2 -fembed-bitcode -I/Users/zyoung/dev/SwiftyTesseract/SwiftyTesseract/SwiftyTesseract/leptonica-1.78.0/macos/x86_64-apple-darwin/include/leptonica -I/Users/zyoung/dev/SwiftyTesseract/SwiftyTesseract/SwiftyTesseract/tesseract-4.1.0/macos/x86_64-apple-darwin/ -arch x86_64 -pipe -no-cpp-precomp -isysroot /Applications/Xcode.app/Contents/Developer/Platforms/MacOSX.platform/Developer/SDKs/MacOSX10.15.sdk -mmacosx-version-min=10.13 -O2 -Wno-deprecated-register -std=c++17 -MT tfacepp.lo -MD -MP -MF .deps/tfacepp.Tpo -c ../../../../src/ccmain/tfacepp.cpp -o tfacepp.o
libtool: link: ar cru .libs/libtesseract_main.a  applybox.o control.o linerec.o ltrresultiterator.o mutableiterator.o output.o pageiterator.o pagesegmain.o pagewalk.o paragraphs.o paramsd.o pgedit.o recogtraining.o reject.o resultiterator.o tessedit.o tesseractclass.o tessvars.o thresholder.o werdit.o adaptions.o docqual.o equationdetect.o fixspace.o fixxht.o osdetect.o par_control.o superscript.o tessbox.o tfacepp.o
libtool: link: ranlib .libs/libtesseract_main.a
libtool: link: ( cd ".libs" && rm -f "libtesseract_main.la" && ln -s "../libtesseract_main.la" "libtesseract_main.la" )
Making all in src/api
libtool: compile:  /Applications/Xcode.app/Contents/Developer/usr/bin/g++ --target=x86_64-apple-darwin -DHAVE_CONFIG_H -I. -I../../../../src/api -I../.. -DNDEBUG -DLOCALEDIR=\"/Users/zyoung/dev/SwiftyTesseract/SwiftyTesseract/SwiftyTesseract/tesseract-4.1.0/macos/x86_64-apple-darwin/share/locale\" -I../../../../src/arch -I../../../../src/lstm -I../../../../src/ccutil -I../../../../src/ccstruct -I../../../../src/viewer -I../../../../src/textord -I../../../../src/dict -I../../../../src/classify -I../../../../src/ccmain -I../../../../src/wordrec -I../../../../src/cutil -I../../../../src/opencl -I../../api -I/Users/zyoung/dev/SwiftyTesseract/SwiftyTesseract/SwiftyTesseract/tesseract-4.1.0/macos/x86_64-apple-darwin/ -arch x86_64 -pipe -no-cpp-precomp -isysroot /Applications/Xcode.app/Contents/Developer/Platforms/MacOSX.platform/Developer/SDKs/MacOSX10.15.sdk -mmacosx-version-min=10.13 -O2 -fembed-bitcode -I/Users/zyoung/dev/SwiftyTesseract/SwiftyTesseract/SwiftyTesseract/leptonica-1.78.0/macos/x86_64-apple-darwin/include/leptonica -I/Users/zyoung/dev/SwiftyTesseract/SwiftyTesseract/SwiftyTesseract/tesseract-4.1.0/macos/x86_64-apple-darwin/ -arch x86_64 -pipe -no-cpp-precomp -isysroot /Applications/Xcode.app/Contents/Developer/Platforms/MacOSX.platform/Developer/SDKs/MacOSX10.15.sdk -mmacosx-version-min=10.13 -O2 -Wno-deprecated-register -std=c++17 -MT libtesseract_api_la-hocrrenderer.lo -MD -MP -MF .deps/libtesseract_api_la-hocrrenderer.Tpo -c ../../../../src/api/hocrrenderer.cpp -o libtesseract_api_la-hocrrenderer.o
libtool: compile:  /Applications/Xcode.app/Contents/Developer/usr/bin/g++ --target=x86_64-apple-darwin -DHAVE_CONFIG_H -I. -I../../../../src/api -I../.. -DNDEBUG -DLOCALEDIR=\"/Users/zyoung/dev/SwiftyTesseract/SwiftyTesseract/SwiftyTesseract/tesseract-4.1.0/macos/x86_64-apple-darwin/share/locale\" -I../../../../src/arch -I../../../../src/lstm -I../../../../src/ccutil -I../../../../src/ccstruct -I../../../../src/viewer -I../../../../src/textord -I../../../../src/dict -I../../../../src/classify -I../../../../src/ccmain -I../../../../src/wordrec -I../../../../src/cutil -I../../../../src/opencl -I../../api -I/Users/zyoung/dev/SwiftyTesseract/SwiftyTesseract/SwiftyTesseract/tesseract-4.1.0/macos/x86_64-apple-darwin/ -arch x86_64 -pipe -no-cpp-precomp -isysroot /Applications/Xcode.app/Contents/Developer/Platforms/MacOSX.platform/Developer/SDKs/MacOSX10.15.sdk -mmacosx-version-min=10.13 -O2 -fembed-bitcode -I/Users/zyoung/dev/SwiftyTesseract/SwiftyTesseract/SwiftyTesseract/leptonica-1.78.0/macos/x86_64-apple-darwin/include/leptonica -I/Users/zyoung/dev/SwiftyTesseract/SwiftyTesseract/SwiftyTesseract/tesseract-4.1.0/macos/x86_64-apple-darwin/ -arch x86_64 -pipe -no-cpp-precomp -isysroot /Applications/Xcode.app/Contents/Developer/Platforms/MacOSX.platform/Developer/SDKs/MacOSX10.15.sdk -mmacosx-version-min=10.13 -O2 -Wno-deprecated-register -std=c++17 -MT libtesseract_api_la-altorenderer.lo -MD -MP -MF .deps/libtesseract_api_la-altorenderer.Tpo -c ../../../../src/api/altorenderer.cpp -o libtesseract_api_la-altorenderer.o
libtool: compile:  /Applications/Xcode.app/Contents/Developer/usr/bin/g++ --target=x86_64-apple-darwin -DHAVE_CONFIG_H -I. -I../../../../src/api -I../.. -DNDEBUG -DLOCALEDIR=\"/Users/zyoung/dev/SwiftyTesseract/SwiftyTesseract/SwiftyTesseract/tesseract-4.1.0/macos/x86_64-apple-darwin/share/locale\" -I../../../../src/arch -I../../../../src/lstm -I../../../../src/ccutil -I../../../../src/ccstruct -I../../../../src/viewer -I../../../../src/textord -I../../../../src/dict -I../../../../src/classify -I../../../../src/ccmain -I../../../../src/wordrec -I../../../../src/cutil -I../../../../src/opencl -I../../api -I/Users/zyoung/dev/SwiftyTesseract/SwiftyTesseract/SwiftyTesseract/tesseract-4.1.0/macos/x86_64-apple-darwin/ -arch x86_64 -pipe -no-cpp-precomp -isysroot /Applications/Xcode.app/Contents/Developer/Platforms/MacOSX.platform/Developer/SDKs/MacOSX10.15.sdk -mmacosx-version-min=10.13 -O2 -fembed-bitcode -I/Users/zyoung/dev/SwiftyTesseract/SwiftyTesseract/SwiftyTesseract/leptonica-1.78.0/macos/x86_64-apple-darwin/include/leptonica -I/Users/zyoung/dev/SwiftyTesseract/SwiftyTesseract/SwiftyTesseract/tesseract-4.1.0/macos/x86_64-apple-darwin/ -arch x86_64 -pipe -no-cpp-precomp -isysroot /Applications/Xcode.app/Contents/Developer/Platforms/MacOSX.platform/Developer/SDKs/MacOSX10.15.sdk -mmacosx-version-min=10.13 -O2 -Wno-deprecated-register -std=c++17 -MT libtesseract_api_la-wordstrboxrenderer.lo -MD -MP -MF .deps/libtesseract_api_la-wordstrboxrenderer.Tpo -c ../../../../src/api/wordstrboxrenderer.cpp -o libtesseract_api_la-wordstrboxrenderer.o
libtool: compile:  /Applications/Xcode.app/Contents/Developer/usr/bin/g++ --target=x86_64-apple-darwin -DHAVE_CONFIG_H -I. -I../../../../src/api -I../.. -DNDEBUG -DLOCALEDIR=\"/Users/zyoung/dev/SwiftyTesseract/SwiftyTesseract/SwiftyTesseract/tesseract-4.1.0/macos/x86_64-apple-darwin/share/locale\" -I../../../../src/arch -I../../../../src/lstm -I../../../../src/ccutil -I../../../../src/ccstruct -I../../../../src/viewer -I../../../../src/textord -I../../../../src/dict -I../../../../src/classify -I../../../../src/ccmain -I../../../../src/wordrec -I../../../../src/cutil -I../../../../src/opencl -I../../api -I/Users/zyoung/dev/SwiftyTesseract/SwiftyTesseract/SwiftyTesseract/tesseract-4.1.0/macos/x86_64-apple-darwin/ -arch x86_64 -pipe -no-cpp-precomp -isysroot /Applications/Xcode.app/Contents/Developer/Platforms/MacOSX.platform/Developer/SDKs/MacOSX10.15.sdk -mmacosx-version-min=10.13 -O2 -fembed-bitcode -I/Users/zyoung/dev/SwiftyTesseract/SwiftyTesseract/SwiftyTesseract/leptonica-1.78.0/macos/x86_64-apple-darwin/include/leptonica -I/Users/zyoung/dev/SwiftyTesseract/SwiftyTesseract/SwiftyTesseract/tesseract-4.1.0/macos/x86_64-apple-darwin/ -arch x86_64 -pipe -no-cpp-precomp -isysroot /Applications/Xcode.app/Contents/Developer/Platforms/MacOSX.platform/Developer/SDKs/MacOSX10.15.sdk -mmacosx-version-min=10.13 -O2 -Wno-deprecated-register -std=c++17 -MT libtesseract_api_la-capi.lo -MD -MP -MF .deps/libtesseract_api_la-capi.Tpo -c ../../../../src/api/capi.cpp -o libtesseract_api_la-capi.o
libtool: compile:  /Applications/Xcode.app/Contents/Developer/usr/bin/g++ --target=x86_64-apple-darwin -DHAVE_CONFIG_H -I. -I../../../../src/api -I../.. -DNDEBUG -DLOCALEDIR=\"/Users/zyoung/dev/SwiftyTesseract/SwiftyTesseract/SwiftyTesseract/tesseract-4.1.0/macos/x86_64-apple-darwin/share/locale\" -I../../../../src/arch -I../../../../src/lstm -I../../../../src/ccutil -I../../../../src/ccstruct -I../../../../src/viewer -I../../../../src/textord -I../../../../src/dict -I../../../../src/classify -I../../../../src/ccmain -I../../../../src/wordrec -I../../../../src/cutil -I../../../../src/opencl -I../../api -I/Users/zyoung/dev/SwiftyTesseract/SwiftyTesseract/SwiftyTesseract/tesseract-4.1.0/macos/x86_64-apple-darwin/ -arch x86_64 -pipe -no-cpp-precomp -isysroot /Applications/Xcode.app/Contents/Developer/Platforms/MacOSX.platform/Developer/SDKs/MacOSX10.15.sdk -mmacosx-version-min=10.13 -O2 -fembed-bitcode -I/Users/zyoung/dev/SwiftyTesseract/SwiftyTesseract/SwiftyTesseract/leptonica-1.78.0/macos/x86_64-apple-darwin/include/leptonica -I/Users/zyoung/dev/SwiftyTesseract/SwiftyTesseract/SwiftyTesseract/tesseract-4.1.0/macos/x86_64-apple-darwin/ -arch x86_64 -pipe -no-cpp-precomp -isysroot /Applications/Xcode.app/Contents/Developer/Platforms/MacOSX.platform/Developer/SDKs/MacOSX10.15.sdk -mmacosx-version-min=10.13 -O2 -Wno-deprecated-register -std=c++17 -MT libtesseract_api_la-pdfrenderer.lo -MD -MP -MF .deps/libtesseract_api_la-pdfrenderer.Tpo -c ../../../../src/api/pdfrenderer.cpp -o libtesseract_api_la-pdfrenderer.o
libtool: compile:  /Applications/Xcode.app/Contents/Developer/usr/bin/g++ --target=x86_64-apple-darwin -DHAVE_CONFIG_H -I. -I../../../../src/api -I../.. -DNDEBUG -DLOCALEDIR=\"/Users/zyoung/dev/SwiftyTesseract/SwiftyTesseract/SwiftyTesseract/tesseract-4.1.0/macos/x86_64-apple-darwin/share/locale\" -I../../../../src/arch -I../../../../src/lstm -I../../../../src/ccutil -I../../../../src/ccstruct -I../../../../src/viewer -I../../../../src/textord -I../../../../src/dict -I../../../../src/classify -I../../../../src/ccmain -I../../../../src/wordrec -I../../../../src/cutil -I../../../../src/opencl -I../../api -I/Users/zyoung/dev/SwiftyTesseract/SwiftyTesseract/SwiftyTesseract/tesseract-4.1.0/macos/x86_64-apple-darwin/ -arch x86_64 -pipe -no-cpp-precomp -isysroot /Applications/Xcode.app/Contents/Developer/Platforms/MacOSX.platform/Developer/SDKs/MacOSX10.15.sdk -mmacosx-version-min=10.13 -O2 -fembed-bitcode -I/Users/zyoung/dev/SwiftyTesseract/SwiftyTesseract/SwiftyTesseract/leptonica-1.78.0/macos/x86_64-apple-darwin/include/leptonica -I/Users/zyoung/dev/SwiftyTesseract/SwiftyTesseract/SwiftyTesseract/tesseract-4.1.0/macos/x86_64-apple-darwin/ -arch x86_64 -pipe -no-cpp-precomp -isysroot /Applications/Xcode.app/Contents/Developer/Platforms/MacOSX.platform/Developer/SDKs/MacOSX10.15.sdk -mmacosx-version-min=10.13 -O2 -Wno-deprecated-register -std=c++17 -MT libtesseract_api_la-lstmboxrenderer.lo -MD -MP -MF .deps/libtesseract_api_la-lstmboxrenderer.Tpo -c ../../../../src/api/lstmboxrenderer.cpp -o libtesseract_api_la-lstmboxrenderer.o
libtool: compile:  /Applications/Xcode.app/Contents/Developer/usr/bin/g++ --target=x86_64-apple-darwin -DHAVE_CONFIG_H -I. -I../../../../src/api -I../.. -DNDEBUG -DLOCALEDIR=\"/Users/zyoung/dev/SwiftyTesseract/SwiftyTesseract/SwiftyTesseract/tesseract-4.1.0/macos/x86_64-apple-darwin/share/locale\" -I../../../../src/arch -I../../../../src/lstm -I../../../../src/ccutil -I../../../../src/ccstruct -I../../../../src/viewer -I../../../../src/textord -I../../../../src/dict -I../../../../src/classify -I../../../../src/ccmain -I../../../../src/wordrec -I../../../../src/cutil -I../../../../src/opencl -I../../api -I/Users/zyoung/dev/SwiftyTesseract/SwiftyTesseract/SwiftyTesseract/tesseract-4.1.0/macos/x86_64-apple-darwin/ -arch x86_64 -pipe -no-cpp-precomp -isysroot /Applications/Xcode.app/Contents/Developer/Platforms/MacOSX.platform/Developer/SDKs/MacOSX10.15.sdk -mmacosx-version-min=10.13 -O2 -fembed-bitcode -I/Users/zyoung/dev/SwiftyTesseract/SwiftyTesseract/SwiftyTesseract/leptonica-1.78.0/macos/x86_64-apple-darwin/include/leptonica -I/Users/zyoung/dev/SwiftyTesseract/SwiftyTesseract/SwiftyTesseract/tesseract-4.1.0/macos/x86_64-apple-darwin/ -arch x86_64 -pipe -no-cpp-precomp -isysroot /Applications/Xcode.app/Contents/Developer/Platforms/MacOSX.platform/Developer/SDKs/MacOSX10.15.sdk -mmacosx-version-min=10.13 -O2 -Wno-deprecated-register -std=c++17 -MT libtesseract_api_la-baseapi.lo -MD -MP -MF .deps/libtesseract_api_la-baseapi.Tpo -c ../../../../src/api/baseapi.cpp -o libtesseract_api_la-baseapi.o
libtool: compile:  /Applications/Xcode.app/Contents/Developer/usr/bin/g++ --target=x86_64-apple-darwin -DHAVE_CONFIG_H -I. -I../../../../src/api -I../.. -DNDEBUG -DLOCALEDIR=\"/Users/zyoung/dev/SwiftyTesseract/SwiftyTesseract/SwiftyTesseract/tesseract-4.1.0/macos/x86_64-apple-darwin/share/locale\" -I../../../../src/arch -I../../../../src/lstm -I../../../../src/ccutil -I../../../../src/ccstruct -I../../../../src/viewer -I../../../../src/textord -I../../../../src/dict -I../../../../src/classify -I../../../../src/ccmain -I../../../../src/wordrec -I../../../../src/cutil -I../../../../src/opencl -I../../api -I/Users/zyoung/dev/SwiftyTesseract/SwiftyTesseract/SwiftyTesseract/tesseract-4.1.0/macos/x86_64-apple-darwin/ -arch x86_64 -pipe -no-cpp-precomp -isysroot /Applications/Xcode.app/Contents/Developer/Platforms/MacOSX.platform/Developer/SDKs/MacOSX10.15.sdk -mmacosx-version-min=10.13 -O2 -fembed-bitcode -I/Users/zyoung/dev/SwiftyTesseract/SwiftyTesseract/SwiftyTesseract/leptonica-1.78.0/macos/x86_64-apple-darwin/include/leptonica -I/Users/zyoung/dev/SwiftyTesseract/SwiftyTesseract/SwiftyTesseract/tesseract-4.1.0/macos/x86_64-apple-darwin/ -arch x86_64 -pipe -no-cpp-precomp -isysroot /Applications/Xcode.app/Contents/Developer/Platforms/MacOSX.platform/Developer/SDKs/MacOSX10.15.sdk -mmacosx-version-min=10.13 -O2 -Wno-deprecated-register -std=c++17 -MT libtesseract_api_la-renderer.lo -MD -MP -MF .deps/libtesseract_api_la-renderer.Tpo -c ../../../../src/api/renderer.cpp -o libtesseract_api_la-renderer.o
libtool: link: ar cru .libs/libtesseract_api.a  libtesseract_api_la-baseapi.o libtesseract_api_la-capi.o libtesseract_api_la-altorenderer.o libtesseract_api_la-hocrrenderer.o libtesseract_api_la-lstmboxrenderer.o libtesseract_api_la-pdfrenderer.o libtesseract_api_la-wordstrboxrenderer.o libtesseract_api_la-renderer.o
libtool: link: ranlib .libs/libtesseract_api.a
libtool: link: ( cd ".libs" && rm -f "libtesseract_api.la" && ln -s "../libtesseract_api.la" "libtesseract_api.la" )
libtool: link: (cd .libs/libtesseract.lax/libtesseract_api.a && ar x "/Users/zyoung/dev/SwiftyTesseract/SwiftyTesseract/SwiftyTesseract/tesseract-4.1.0/macos/x86_64-apple-darwin/src/api/./.libs/libtesseract_api.a")
libtool: link: (cd .libs/libtesseract.lax/libtesseract_main.a && ar x "/Users/zyoung/dev/SwiftyTesseract/SwiftyTesseract/SwiftyTesseract/tesseract-4.1.0/macos/x86_64-apple-darwin/src/api/../ccmain/.libs/libtesseract_main.a")
libtool: link: (cd .libs/libtesseract.lax/libtesseract_textord.a && ar x "/Users/zyoung/dev/SwiftyTesseract/SwiftyTesseract/SwiftyTesseract/tesseract-4.1.0/macos/x86_64-apple-darwin/src/api/../textord/.libs/libtesseract_textord.a")
libtool: link: (cd .libs/libtesseract.lax/libtesseract_wordrec.a && ar x "/Users/zyoung/dev/SwiftyTesseract/SwiftyTesseract/SwiftyTesseract/tesseract-4.1.0/macos/x86_64-apple-darwin/src/api/../wordrec/.libs/libtesseract_wordrec.a")
libtool: link: (cd .libs/libtesseract.lax/libtesseract_classify.a && ar x "/Users/zyoung/dev/SwiftyTesseract/SwiftyTesseract/SwiftyTesseract/tesseract-4.1.0/macos/x86_64-apple-darwin/src/api/../classify/.libs/libtesseract_classify.a")
libtool: link: (cd .libs/libtesseract.lax/libtesseract_dict.a && ar x "/Users/zyoung/dev/SwiftyTesseract/SwiftyTesseract/SwiftyTesseract/tesseract-4.1.0/macos/x86_64-apple-darwin/src/api/../dict/.libs/libtesseract_dict.a")
libtool: link: (cd .libs/libtesseract.lax/libtesseract_arch.a && ar x "/Users/zyoung/dev/SwiftyTesseract/SwiftyTesseract/SwiftyTesseract/tesseract-4.1.0/macos/x86_64-apple-darwin/src/api/../arch/.libs/libtesseract_arch.a")
libtool: link: (cd .libs/libtesseract.lax/libtesseract_native.a && ar x "/Users/zyoung/dev/SwiftyTesseract/SwiftyTesseract/SwiftyTesseract/tesseract-4.1.0/macos/x86_64-apple-darwin/src/api/../arch/.libs/libtesseract_native.a")
libtool: link: (cd .libs/libtesseract.lax/libtesseract_lstm.a && ar x "/Users/zyoung/dev/SwiftyTesseract/SwiftyTesseract/SwiftyTesseract/tesseract-4.1.0/macos/x86_64-apple-darwin/src/api/../lstm/.libs/libtesseract_lstm.a")
libtool: link: (cd .libs/libtesseract.lax/libtesseract_ccstruct.a && ar x "/Users/zyoung/dev/SwiftyTesseract/SwiftyTesseract/SwiftyTesseract/tesseract-4.1.0/macos/x86_64-apple-darwin/src/api/../ccstruct/.libs/libtesseract_ccstruct.a")
libtool: link: (cd .libs/libtesseract.lax/libtesseract_cutil.a && ar x "/Users/zyoung/dev/SwiftyTesseract/SwiftyTesseract/SwiftyTesseract/tesseract-4.1.0/macos/x86_64-apple-darwin/src/api/../cutil/.libs/libtesseract_cutil.a")
libtool: link: (cd .libs/libtesseract.lax/libtesseract_viewer.a && ar x "/Users/zyoung/dev/SwiftyTesseract/SwiftyTesseract/SwiftyTesseract/tesseract-4.1.0/macos/x86_64-apple-darwin/src/api/../viewer/.libs/libtesseract_viewer.a")
libtool: link: (cd .libs/libtesseract.lax/libtesseract_ccutil.a && ar x "/Users/zyoung/dev/SwiftyTesseract/SwiftyTesseract/SwiftyTesseract/tesseract-4.1.0/macos/x86_64-apple-darwin/src/api/../ccutil/.libs/libtesseract_ccutil.a")
libtool: link: (cd .libs/libtesseract.lax/libtesseract_opencl.a && ar x "/Users/zyoung/dev/SwiftyTesseract/SwiftyTesseract/SwiftyTesseract/tesseract-4.1.0/macos/x86_64-apple-darwin/src/api/../opencl/.libs/libtesseract_opencl.a")
libtool: link: (cd .libs/libtesseract.lax/libtesseract_avx.a && ar x "/Users/zyoung/dev/SwiftyTesseract/SwiftyTesseract/SwiftyTesseract/tesseract-4.1.0/macos/x86_64-apple-darwin/src/api/../arch/.libs/libtesseract_avx.a")
libtool: link: (cd .libs/libtesseract.lax/libtesseract_avx2.a && ar x "/Users/zyoung/dev/SwiftyTesseract/SwiftyTesseract/SwiftyTesseract/tesseract-4.1.0/macos/x86_64-apple-darwin/src/api/../arch/.libs/libtesseract_avx2.a")
libtool: link: (cd .libs/libtesseract.lax/libtesseract_sse.a && ar x "/Users/zyoung/dev/SwiftyTesseract/SwiftyTesseract/SwiftyTesseract/tesseract-4.1.0/macos/x86_64-apple-darwin/src/api/../arch/.libs/libtesseract_sse.a")
libtool: link: ar cru .libs/libtesseract.a   .libs/libtesseract.lax/libtesseract_api.a/libtesseract_api_la-altorenderer.o .libs/libtesseract.lax/libtesseract_api.a/libtesseract_api_la-baseapi.o .libs/libtesseract.lax/libtesseract_api.a/libtesseract_api_la-capi.o .libs/libtesseract.lax/libtesseract_api.a/libtesseract_api_la-hocrrenderer.o .libs/libtesseract.lax/libtesseract_api.a/libtesseract_api_la-lstmboxrenderer.o .libs/libtesseract.lax/libtesseract_api.a/libtesseract_api_la-pdfrenderer.o .libs/libtesseract.lax/libtesseract_api.a/libtesseract_api_la-renderer.o .libs/libtesseract.lax/libtesseract_api.a/libtesseract_api_la-wordstrboxrenderer.o  .libs/libtesseract.lax/libtesseract_main.a/adaptions.o .libs/libtesseract.lax/libtesseract_main.a/applybox.o .libs/libtesseract.lax/libtesseract_main.a/control.o .libs/libtesseract.lax/libtesseract_main.a/docqual.o .libs/libtesseract.lax/libtesseract_main.a/equationdetect.o .libs/libtesseract.lax/libtesseract_main.a/fixspace.o .libs/libtesseract.lax/libtesseract_main.a/fixxht.o .libs/libtesseract.lax/libtesseract_main.a/linerec.o .libs/libtesseract.lax/libtesseract_main.a/ltrresultiterator.o .libs/libtesseract.lax/libtesseract_main.a/mutableiterator.o .libs/libtesseract.lax/libtesseract_main.a/osdetect.o .libs/libtesseract.lax/libtesseract_main.a/output.o .libs/libtesseract.lax/libtesseract_main.a/pageiterator.o .libs/libtesseract.lax/libtesseract_main.a/pagesegmain.o .libs/libtesseract.lax/libtesseract_main.a/pagewalk.o .libs/libtesseract.lax/libtesseract_main.a/par_control.o .libs/libtesseract.lax/libtesseract_main.a/paragraphs.o .libs/libtesseract.lax/libtesseract_main.a/paramsd.o .libs/libtesseract.lax/libtesseract_main.a/pgedit.o .libs/libtesseract.lax/libtesseract_main.a/recogtraining.o .libs/libtesseract.lax/libtesseract_main.a/reject.o .libs/libtesseract.lax/libtesseract_main.a/resultiterator.o .libs/libtesseract.lax/libtesseract_main.a/superscript.o .libs/libtesseract.lax/libtesseract_main.a/tessbox.o .libs/libtesseract.lax/libtesseract_main.a/tessedit.o .libs/libtesseract.lax/libtesseract_main.a/tesseractclass.o .libs/libtesseract.lax/libtesseract_main.a/tessvars.o .libs/libtesseract.lax/libtesseract_main.a/tfacepp.o .libs/libtesseract.lax/libtesseract_main.a/thresholder.o .libs/libtesseract.lax/libtesseract_main.a/werdit.o  .libs/libtesseract.lax/libtesseract_textord.a/alignedblob.o .libs/libtesseract.lax/libtesseract_textord.a/baselinedetect.o .libs/libtesseract.lax/libtesseract_textord.a/bbgrid.o .libs/libtesseract.lax/libtesseract_textord.a/blkocc.o .libs/libtesseract.lax/libtesseract_textord.a/blobgrid.o .libs/libtesseract.lax/libtesseract_textord.a/ccnontextdetect.o .libs/libtesseract.lax/libtesseract_textord.a/cjkpitch.o .libs/libtesseract.lax/libtesseract_textord.a/colfind.o .libs/libtesseract.lax/libtesseract_textord.a/colpartition.o .libs/libtesseract.lax/libtesseract_textord.a/colpartitiongrid.o .libs/libtesseract.lax/libtesseract_textord.a/colpartitionset.o .libs/libtesseract.lax/libtesseract_textord.a/devanagari_processing.o .libs/libtesseract.lax/libtesseract_textord.a/drawedg.o .libs/libtesseract.lax/libtesseract_textord.a/drawtord.o .libs/libtesseract.lax/libtesseract_textord.a/edgblob.o .libs/libtesseract.lax/libtesseract_textord.a/edgloop.o .libs/libtesseract.lax/libtesseract_textord.a/equationdetectbase.o .libs/libtesseract.lax/libtesseract_textord.a/fpchop.o .libs/libtesseract.lax/libtesseract_textord.a/gap_map.o .libs/libtesseract.lax/libtesseract_textord.a/imagefind.o .libs/libtesseract.lax/libtesseract_textord.a/linefind.o .libs/libtesseract.lax/libtesseract_textord.a/makerow.o .libs/libtesseract.lax/libtesseract_textord.a/oldbasel.o .libs/libtesseract.lax/libtesseract_textord.a/pithsync.o .libs/libtesseract.lax/libtesseract_textord.a/pitsync1.o .libs/libtesseract.lax/libtesseract_textord.a/scanedg.o .libs/libtesseract.lax/libtesseract_textord.a/sortflts.o .libs/libtesseract.lax/libtesseract_textord.a/strokewidth.o .libs/libtesseract.lax/libtesseract_textord.a/tabfind.o .libs/libtesseract.lax/libtesseract_textord.a/tablefind.o .libs/libtesseract.lax/libtesseract_textord.a/tablerecog.o .libs/libtesseract.lax/libtesseract_textord.a/tabvector.o .libs/libtesseract.lax/libtesseract_textord.a/textlineprojection.o .libs/libtesseract.lax/libtesseract_textord.a/textord.o .libs/libtesseract.lax/libtesseract_textord.a/topitch.o .libs/libtesseract.lax/libtesseract_textord.a/tordmain.o .libs/libtesseract.lax/libtesseract_textord.a/tospace.o .libs/libtesseract.lax/libtesseract_textord.a/tovars.o .libs/libtesseract.lax/libtesseract_textord.a/underlin.o .libs/libtesseract.lax/libtesseract_textord.a/wordseg.o .libs/libtesseract.lax/libtesseract_textord.a/workingpartset.o  .libs/libtesseract.lax/libtesseract_wordrec.a/associate.o .libs/libtesseract.lax/libtesseract_wordrec.a/chop.o .libs/libtesseract.lax/libtesseract_wordrec.a/chopper.o .libs/libtesseract.lax/libtesseract_wordrec.a/drawfx.o .libs/libtesseract.lax/libtesseract_wordrec.a/findseam.o .libs/libtesseract.lax/libtesseract_wordrec.a/gradechop.o .libs/libtesseract.lax/libtesseract_wordrec.a/language_model.o .libs/libtesseract.lax/libtesseract_wordrec.a/lm_consistency.o .libs/libtesseract.lax/libtesseract_wordrec.a/lm_pain_points.o .libs/libtesseract.lax/libtesseract_wordrec.a/lm_state.o .libs/libtesseract.lax/libtesseract_wordrec.a/outlines.o .libs/libtesseract.lax/libtesseract_wordrec.a/params_model.o .libs/libtesseract.lax/libtesseract_wordrec.a/pieces.o .libs/libtesseract.lax/libtesseract_wordrec.a/plotedges.o .libs/libtesseract.lax/libtesseract_wordrec.a/render.o .libs/libtesseract.lax/libtesseract_wordrec.a/segsearch.o .libs/libtesseract.lax/libtesseract_wordrec.a/tface.o .libs/libtesseract.lax/libtesseract_wordrec.a/wordclass.o .libs/libtesseract.lax/libtesseract_wordrec.a/wordrec.o  .libs/libtesseract.lax/libtesseract_classify.a/adaptive.o .libs/libtesseract.lax/libtesseract_classify.a/adaptmatch.o .libs/libtesseract.lax/libtesseract_classify.a/blobclass.o .libs/libtesseract.lax/libtesseract_classify.a/classify.o .libs/libtesseract.lax/libtesseract_classify.a/cluster.o .libs/libtesseract.lax/libtesseract_classify.a/clusttool.o .libs/libtesseract.lax/libtesseract_classify.a/cutoffs.o .libs/libtesseract.lax/libtesseract_classify.a/errorcounter.o .libs/libtesseract.lax/libtesseract_classify.a/featdefs.o .libs/libtesseract.lax/libtesseract_classify.a/float2int.o .libs/libtesseract.lax/libtesseract_classify.a/fpoint.o .libs/libtesseract.lax/libtesseract_classify.a/intfeaturedist.o .libs/libtesseract.lax/libtesseract_classify.a/intfeaturemap.o .libs/libtesseract.lax/libtesseract_classify.a/intfeaturespace.o .libs/libtesseract.lax/libtesseract_classify.a/intfx.o .libs/libtesseract.lax/libtesseract_classify.a/intmatcher.o .libs/libtesseract.lax/libtesseract_classify.a/intproto.o .libs/libtesseract.lax/libtesseract_classify.a/kdtree.o .libs/libtesseract.lax/libtesseract_classify.a/mastertrainer.o .libs/libtesseract.lax/libtesseract_classify.a/mf.o .libs/libtesseract.lax/libtesseract_classify.a/mfdefs.o .libs/libtesseract.lax/libtesseract_classify.a/mfoutline.o .libs/libtesseract.lax/libtesseract_classify.a/mfx.o .libs/libtesseract.lax/libtesseract_classify.a/normfeat.o .libs/libtesseract.lax/libtesseract_classify.a/normmatch.o .libs/libtesseract.lax/libtesseract_classify.a/ocrfeatures.o .libs/libtesseract.lax/libtesseract_classify.a/outfeat.o .libs/libtesseract.lax/libtesseract_classify.a/picofeat.o .libs/libtesseract.lax/libtesseract_classify.a/protos.o .libs/libtesseract.lax/libtesseract_classify.a/sampleiterator.o .libs/libtesseract.lax/libtesseract_classify.a/shapeclassifier.o .libs/libtesseract.lax/libtesseract_classify.a/shapetable.o .libs/libtesseract.lax/libtesseract_classify.a/tessclassifier.o .libs/libtesseract.lax/libtesseract_classify.a/trainingsample.o .libs/libtesseract.lax/libtesseract_classify.a/trainingsampleset.o  .libs/libtesseract.lax/libtesseract_dict.a/context.o .libs/libtesseract.lax/libtesseract_dict.a/dawg.o .libs/libtesseract.lax/libtesseract_dict.a/dawg_cache.o .libs/libtesseract.lax/libtesseract_dict.a/dict.o .libs/libtesseract.lax/libtesseract_dict.a/hyphen.o .libs/libtesseract.lax/libtesseract_dict.a/permdawg.o .libs/libtesseract.lax/libtesseract_dict.a/stopper.o .libs/libtesseract.lax/libtesseract_dict.a/trie.o  .libs/libtesseract.lax/libtesseract_arch.a/libtesseract_arch_la-intsimdmatrix.o .libs/libtesseract.lax/libtesseract_arch.a/libtesseract_arch_la-simddetect.o  .libs/libtesseract.lax/libtesseract_native.a/libtesseract_native_la-dotproduct.o  .libs/libtesseract.lax/libtesseract_lstm.a/convolve.o .libs/libtesseract.lax/libtesseract_lstm.a/ctc.o .libs/libtesseract.lax/libtesseract_lstm.a/fullyconnected.o .libs/libtesseract.lax/libtesseract_lstm.a/functions.o .libs/libtesseract.lax/libtesseract_lstm.a/input.o .libs/libtesseract.lax/libtesseract_lstm.a/lstm.o .libs/libtesseract.lax/libtesseract_lstm.a/lstmrecognizer.o .libs/libtesseract.lax/libtesseract_lstm.a/lstmtrainer.o .libs/libtesseract.lax/libtesseract_lstm.a/maxpool.o .libs/libtesseract.lax/libtesseract_lstm.a/network.o .libs/libtesseract.lax/libtesseract_lstm.a/networkbuilder.o .libs/libtesseract.lax/libtesseract_lstm.a/networkio.o .libs/libtesseract.lax/libtesseract_lstm.a/parallel.o .libs/libtesseract.lax/libtesseract_lstm.a/plumbing.o .libs/libtesseract.lax/libtesseract_lstm.a/recodebeam.o .libs/libtesseract.lax/libtesseract_lstm.a/reconfig.o .libs/libtesseract.lax/libtesseract_lstm.a/reversed.o .libs/libtesseract.lax/libtesseract_lstm.a/series.o .libs/libtesseract.lax/libtesseract_lstm.a/stridemap.o .libs/libtesseract.lax/libtesseract_lstm.a/tfnetwork.o .libs/libtesseract.lax/libtesseract_lstm.a/weightmatrix.o  .libs/libtesseract.lax/libtesseract_ccstruct.a/blamer.o .libs/libtesseract.lax/libtesseract_ccstruct.a/blobbox.o .libs/libtesseract.lax/libtesseract_ccstruct.a/blobs.o .libs/libtesseract.lax/libtesseract_ccstruct.a/blread.o .libs/libtesseract.lax/libtesseract_ccstruct.a/boxread.o .libs/libtesseract.lax/libtesseract_ccstruct.a/boxword.o .libs/libtesseract.lax/libtesseract_ccstruct.a/ccstruct.o .libs/libtesseract.lax/libtesseract_ccstruct.a/coutln.o .libs/libtesseract.lax/libtesseract_ccstruct.a/detlinefit.o .libs/libtesseract.lax/libtesseract_ccstruct.a/dppoint.o .libs/libtesseract.lax/libtesseract_ccstruct.a/fontinfo.o .libs/libtesseract.lax/libtesseract_ccstruct.a/imagedata.o .libs/libtesseract.lax/libtesseract_ccstruct.a/linlsq.o .libs/libtesseract.lax/libtesseract_ccstruct.a/matrix.o .libs/libtesseract.lax/libtesseract_ccstruct.a/mod128.o .libs/libtesseract.lax/libtesseract_ccstruct.a/normalis.o .libs/libtesseract.lax/libtesseract_ccstruct.a/ocrblock.o .libs/libtesseract.lax/libtesseract_ccstruct.a/ocrpara.o .libs/libtesseract.lax/libtesseract_ccstruct.a/ocrrow.o .libs/libtesseract.lax/libtesseract_ccstruct.a/otsuthr.o .libs/libtesseract.lax/libtesseract_ccstruct.a/pageres.o .libs/libtesseract.lax/libtesseract_ccstruct.a/params_training_featdef.o .libs/libtesseract.lax/libtesseract_ccstruct.a/pdblock.o .libs/libtesseract.lax/libtesseract_ccstruct.a/points.o .libs/libtesseract.lax/libtesseract_ccstruct.a/polyaprx.o .libs/libtesseract.lax/libtesseract_ccstruct.a/polyblk.o .libs/libtesseract.lax/libtesseract_ccstruct.a/publictypes.o .libs/libtesseract.lax/libtesseract_ccstruct.a/quadlsq.o .libs/libtesseract.lax/libtesseract_ccstruct.a/quspline.o .libs/libtesseract.lax/libtesseract_ccstruct.a/ratngs.o .libs/libtesseract.lax/libtesseract_ccstruct.a/rect.o .libs/libtesseract.lax/libtesseract_ccstruct.a/rejctmap.o .libs/libtesseract.lax/libtesseract_ccstruct.a/seam.o .libs/libtesseract.lax/libtesseract_ccstruct.a/split.o .libs/libtesseract.lax/libtesseract_ccstruct.a/statistc.o .libs/libtesseract.lax/libtesseract_ccstruct.a/stepblob.o .libs/libtesseract.lax/libtesseract_ccstruct.a/vecfuncs.o .libs/libtesseract.lax/libtesseract_ccstruct.a/werd.o  .libs/libtesseract.lax/libtesseract_cutil.a/bitvec.o .libs/libtesseract.lax/libtesseract_cutil.a/callcpp.o .libs/libtesseract.lax/libtesseract_cutil.a/cutil_class.o .libs/libtesseract.lax/libtesseract_cutil.a/emalloc.o .libs/libtesseract.lax/libtesseract_cutil.a/oldlist.o .libs/libtesseract.lax/libtesseract_cutil.a/structures.o  .libs/libtesseract.lax/libtesseract_viewer.a/scrollview.o .libs/libtesseract.lax/libtesseract_viewer.a/svmnode.o .libs/libtesseract.lax/libtesseract_viewer.a/svutil.o  .libs/libtesseract.lax/libtesseract_ccutil.a/ambigs.o .libs/libtesseract.lax/libtesseract_ccutil.a/basedir.o .libs/libtesseract.lax/libtesseract_ccutil.a/bitvector.o .libs/libtesseract.lax/libtesseract_ccutil.a/ccutil.o .libs/libtesseract.lax/libtesseract_ccutil.a/clst.o .libs/libtesseract.lax/libtesseract_ccutil.a/elst.o .libs/libtesseract.lax/libtesseract_ccutil.a/elst2.o .libs/libtesseract.lax/libtesseract_ccutil.a/errcode.o .libs/libtesseract.lax/libtesseract_ccutil.a/fileio.o .libs/libtesseract.lax/libtesseract_ccutil.a/globaloc.o .libs/libtesseract.lax/libtesseract_ccutil.a/indexmapbidi.o .libs/libtesseract.lax/libtesseract_ccutil.a/mainblk.o .libs/libtesseract.lax/libtesseract_ccutil.a/params.o .libs/libtesseract.lax/libtesseract_ccutil.a/scanutils.o .libs/libtesseract.lax/libtesseract_ccutil.a/serialis.o .libs/libtesseract.lax/libtesseract_ccutil.a/strngs.o .libs/libtesseract.lax/libtesseract_ccutil.a/tessdatamanager.o .libs/libtesseract.lax/libtesseract_ccutil.a/tprintf.o .libs/libtesseract.lax/libtesseract_ccutil.a/unichar.o .libs/libtesseract.lax/libtesseract_ccutil.a/unicharcompress.o .libs/libtesseract.lax/libtesseract_ccutil.a/unicharmap.o .libs/libtesseract.lax/libtesseract_ccutil.a/unicharset.o .libs/libtesseract.lax/libtesseract_ccutil.a/unicodes.o .libs/libtesseract.lax/libtesseract_ccutil.a/universalambigs.o  .libs/libtesseract.lax/libtesseract_opencl.a/openclwrapper.o  .libs/libtesseract.lax/libtesseract_avx.a/libtesseract_avx_la-dotproductavx.o  .libs/libtesseract.lax/libtesseract_avx2.a/libtesseract_avx2_la-intsimdmatrixavx2.o  .libs/libtesseract.lax/libtesseract_sse.a/libtesseract_sse_la-dotproductsse.o .libs/libtesseract.lax/libtesseract_sse.a/libtesseract_sse_la-intsimdmatrixsse.o 
libtool: link: ranlib .libs/libtesseract.a
libtool: link: rm -fr .libs/libtesseract.lax
libtool: link: ( cd ".libs" && rm -f "libtesseract.la" && ln -s "../libtesseract.la" "libtesseract.la" )
libtool: link: /Applications/Xcode.app/Contents/Developer/usr/bin/g++ --target=x86_64-apple-darwin -I/Users/zyoung/dev/SwiftyTesseract/SwiftyTesseract/SwiftyTesseract/tesseract-4.1.0/macos/x86_64-apple-darwin/ -arch x86_64 -pipe -no-cpp-precomp -isysroot /Applications/Xcode.app/Contents/Developer/Platforms/MacOSX.platform/Developer/SDKs/MacOSX10.15.sdk -mmacosx-version-min=10.13 -O2 -Wno-deprecated-register -std=c++17 -o tesseract tesseract-tesseractmain.o -Wl,-bind_at_load  -L/Applications/Xcode.app/Contents/Developer/Platforms/MacOSX.platform/Developer/SDKs/MacOSX10.15.sdk/usr/lib/ -L/Users/zyoung/dev/SwiftyTesseract/SwiftyTesseract/SwiftyTesseract/macos/lib -L/Users/zyoung/dev/SwiftyTesseract/SwiftyTesseract/SwiftyTesseract/leptonica-1.78.0/macos/x86_64-apple-darwin/src/.libs ./.libs/libtesseract.a -L/Users/zyoung/dev/SwiftyTesseract/SwiftyTesseract/SwiftyTesseract/leptonica-1.78.0/macos/x86_64-apple-darwin/lib -L/Users/zyoung/dev/SwiftyTesseract/SwiftyTesseract/SwiftyTesseract/libpng-1.6.36/x86_64-apple-darwin/lib -L/Users/zyoung/dev/tesseract-build/Root/lib -L/Applications/Xcode.app/Contents/Developer/Platforms/iPhoneSimulator.platform/Developer/SDKs/iPhoneSimulator13.4.sdk/usr/lib/ -L/Users/zyoung/dev/SwiftyTesseract/SwiftyTesseract/SwiftyTesseract/jpeg-9c/x86_64-apple-darwin/lib -L/Users/zyoung/dev/SwiftyTesseract/SwiftyTesseract/SwiftyTesseract/tiff-4.0.10/x86_64-apple-darwin/lib /Users/zyoung/dev/SwiftyTesseract/SwiftyTesseract/SwiftyTesseract/leptonica-1.78.0/macos/x86_64-apple-darwin/lib/liblept.a /Users/zyoung/dev/SwiftyTesseract/SwiftyTesseract/SwiftyTesseract/libpng-1.6.36/x86_64-apple-darwin/lib/libpng16.a -llept -lz -lpng -ljpeg -ltiff
ld: warning: building for macOS, but linking in object file (/Users/zyoung/dev/SwiftyTesseract/SwiftyTesseract/SwiftyTesseract/macos/lib/libtiff.a(tif_version.o)) built for iOS Simulator
ld: warning: building for macOS, but linking in object file (/Users/zyoung/dev/SwiftyTesseract/SwiftyTesseract/SwiftyTesseract/macos/lib/libjpeg.a(jerror.o)) built for iOS Simulator
ld: warning: building for macOS, but linking in object file (/Users/zyoung/dev/SwiftyTesseract/SwiftyTesseract/SwiftyTesseract/libpng-1.6.36/x86_64-apple-darwin/lib/libpng16.a(png.o)) built for iOS Simulator
ld: warning: building for macOS, but linking in object file (/Users/zyoung/dev/SwiftyTesseract/SwiftyTesseract/SwiftyTesseract/macos/lib/libtiff.a(tif_close.o)) built for iOS Simulator
ld: warning: building for macOS, but linking in object file (/Users/zyoung/dev/SwiftyTesseract/SwiftyTesseract/SwiftyTesseract/macos/lib/libtiff.a(tif_open.o)) built for iOS Simulator
ld: warning: building for macOS, but linking in object file (/Users/zyoung/dev/SwiftyTesseract/SwiftyTesseract/SwiftyTesseract/macos/lib/libtiff.a(tif_dir.o)) built for iOS Simulator
ld: warning: building for macOS, but linking in object file (/Users/zyoung/dev/SwiftyTesseract/SwiftyTesseract/SwiftyTesseract/macos/lib/libtiff.a(tif_aux.o)) built for iOS Simulator
ld: warning: building for macOS, but linking in object file (/Users/zyoung/dev/SwiftyTesseract/SwiftyTesseract/SwiftyTesseract/macos/lib/libtiff.a(tif_unix.o)) built for iOS Simulator
ld: warning: building for macOS, but linking in object file (/Users/zyoung/dev/SwiftyTesseract/SwiftyTesseract/SwiftyTesseract/macos/lib/libtiff.a(tif_print.o)) built for iOS Simulator
ld: warning: building for macOS, but linking in object file (/Users/zyoung/dev/SwiftyTesseract/SwiftyTesseract/SwiftyTesseract/macos/lib/libtiff.a(tif_dirread.o)) built for iOS Simulator
ld: warning: building for macOS, but linking in object file (/Users/zyoung/dev/SwiftyTesseract/SwiftyTesseract/SwiftyTesseract/macos/lib/libtiff.a(tif_getimage.o)) built for iOS Simulator
ld: warning: building for macOS, but linking in object file (/Users/zyoung/dev/SwiftyTesseract/SwiftyTesseract/SwiftyTesseract/macos/lib/libtiff.a(tif_read.o)) built for iOS Simulator
ld: warning: building for macOS, but linking in object file (/Users/zyoung/dev/SwiftyTesseract/SwiftyTesseract/SwiftyTesseract/macos/lib/libtiff.a(tif_strip.o)) built for iOS Simulator
ld: warning: building for macOS, but linking in object file (/Users/zyoung/dev/SwiftyTesseract/SwiftyTesseract/SwiftyTesseract/macos/lib/libtiff.a(tif_error.o)) built for iOS Simulator
ld: warning: building for macOS, but linking in object file (/Users/zyoung/dev/SwiftyTesseract/SwiftyTesseract/SwiftyTesseract/macos/lib/libtiff.a(tif_warning.o)) built for iOS Simulator
ld: warning: building for macOS, but linking in object file (/Users/zyoung/dev/SwiftyTesseract/SwiftyTesseract/SwiftyTesseract/macos/lib/libtiff.a(tif_write.o)) built for iOS Simulator
ld: warning: building for macOS, but linking in object file (/Users/zyoung/dev/SwiftyTesseract/SwiftyTesseract/SwiftyTesseract/macos/lib/libjpeg.a(jcapimin.o)) built for iOS Simulator
ld: warning: building for macOS, but linking in object file (/Users/zyoung/dev/SwiftyTesseract/SwiftyTesseract/SwiftyTesseract/macos/lib/libjpeg.a(jdapimin.o)) built for iOS Simulator
ld: warning: building for macOS, but linking in object file (/Users/zyoung/dev/SwiftyTesseract/SwiftyTesseract/SwiftyTesseract/macos/lib/libjpeg.a(jdmaster.o)) built for iOS Simulator
ld: warning: building for macOS, but linking in object file (/Users/zyoung/dev/SwiftyTesseract/SwiftyTesseract/SwiftyTesseract/macos/lib/libjpeg.a(jcomapi.o)) built for iOS Simulator
ld: warning: building for macOS, but linking in object file (/Users/zyoung/dev/SwiftyTesseract/SwiftyTesseract/SwiftyTesseract/macos/lib/libjpeg.a(jdapistd.o)) built for iOS Simulator
ld: warning: building for macOS, but linking in object file (/Users/zyoung/dev/SwiftyTesseract/SwiftyTesseract/SwiftyTesseract/macos/lib/libjpeg.a(jcparam.o)) built for iOS Simulator
ld: warning: building for macOS, but linking in object file (/Users/zyoung/dev/SwiftyTesseract/SwiftyTesseract/SwiftyTesseract/macos/lib/libjpeg.a(jdmarker.o)) built for iOS Simulator
ld: warning: building for macOS, but linking in object file (/Users/zyoung/dev/SwiftyTesseract/SwiftyTesseract/SwiftyTesseract/macos/lib/libjpeg.a(jcapistd.o)) built for iOS Simulator
ld: warning: building for macOS, but linking in object file (/Users/zyoung/dev/SwiftyTesseract/SwiftyTesseract/SwiftyTesseract/macos/lib/libjpeg.a(jdatadst.o)) built for iOS Simulator
ld: warning: building for macOS, but linking in object file (/Users/zyoung/dev/SwiftyTesseract/SwiftyTesseract/SwiftyTesseract/macos/lib/libjpeg.a(jdatasrc.o)) built for iOS Simulator
ld: warning: building for macOS, but linking in object file (/Users/zyoung/dev/SwiftyTesseract/SwiftyTesseract/SwiftyTesseract/libpng-1.6.36/x86_64-apple-darwin/lib/libpng16.a(pngerror.o)) built for iOS Simulator
ld: warning: building for macOS, but linking in object file (/Users/zyoung/dev/SwiftyTesseract/SwiftyTesseract/SwiftyTesseract/libpng-1.6.36/x86_64-apple-darwin/lib/libpng16.a(pngmem.o)) built for iOS Simulator
ld: warning: building for macOS, but linking in object file (/Users/zyoung/dev/SwiftyTesseract/SwiftyTesseract/SwiftyTesseract/libpng-1.6.36/x86_64-apple-darwin/lib/libpng16.a(pngread.o)) built for iOS Simulator
ld: warning: building for macOS, but linking in object file (/Users/zyoung/dev/SwiftyTesseract/SwiftyTesseract/SwiftyTesseract/libpng-1.6.36/x86_64-apple-darwin/lib/libpng16.a(pngwrite.o)) built for iOS Simulator
ld: warning: building for macOS, but linking in object file (/Users/zyoung/dev/SwiftyTesseract/SwiftyTesseract/SwiftyTesseract/libpng-1.6.36/x86_64-apple-darwin/lib/libpng16.a(pngget.o)) built for iOS Simulator
ld: warning: building for macOS, but linking in object file (/Users/zyoung/dev/SwiftyTesseract/SwiftyTesseract/SwiftyTesseract/libpng-1.6.36/x86_64-apple-darwin/lib/libpng16.a(pngwutil.o)) built for iOS Simulator
ld: warning: building for macOS, but linking in object file (/Users/zyoung/dev/SwiftyTesseract/SwiftyTesseract/SwiftyTesseract/libpng-1.6.36/x86_64-apple-darwin/lib/libpng16.a(pngset.o)) built for iOS Simulator
ld: warning: building for macOS, but linking in object file (/Users/zyoung/dev/SwiftyTesseract/SwiftyTesseract/SwiftyTesseract/libpng-1.6.36/x86_64-apple-darwin/lib/libpng16.a(pngrio.o)) built for iOS Simulator
ld: warning: building for macOS, but linking in object file (/Users/zyoung/dev/SwiftyTesseract/SwiftyTesseract/SwiftyTesseract/libpng-1.6.36/x86_64-apple-darwin/lib/libpng16.a(pngwio.o)) built for iOS Simulator
ld: warning: building for macOS, but linking in object file (/Users/zyoung/dev/SwiftyTesseract/SwiftyTesseract/SwiftyTesseract/macos/lib/libtiff.a(tif_color.o)) built for iOS Simulator
ld: warning: building for macOS, but linking in object file (/Users/zyoung/dev/SwiftyTesseract/SwiftyTesseract/SwiftyTesseract/macos/lib/libtiff.a(tif_tile.o)) built for iOS Simulator
ld: warning: building for macOS, but linking in object file (/Users/zyoung/dev/SwiftyTesseract/SwiftyTesseract/SwiftyTesseract/macos/lib/libtiff.a(tif_dirinfo.o)) built for iOS Simulator
ld: warning: building for macOS, but linking in object file (/Users/zyoung/dev/SwiftyTesseract/SwiftyTesseract/SwiftyTesseract/macos/lib/libtiff.a(tif_compress.o)) built for iOS Simulator
ld: warning: building for macOS, but linking in object file (/Users/zyoung/dev/SwiftyTesseract/SwiftyTesseract/SwiftyTesseract/macos/lib/libtiff.a(tif_flush.o)) built for iOS Simulator
ld: warning: building for macOS, but linking in object file (/Users/zyoung/dev/SwiftyTesseract/SwiftyTesseract/SwiftyTesseract/macos/lib/libtiff.a(tif_extension.o)) built for iOS Simulator
ld: warning: building for macOS, but linking in object file (/Users/zyoung/dev/SwiftyTesseract/SwiftyTesseract/SwiftyTesseract/macos/lib/libtiff.a(tif_jpeg.o)) built for iOS Simulator
ld: warning: building for macOS, but linking in object file (/Users/zyoung/dev/SwiftyTesseract/SwiftyTesseract/SwiftyTesseract/macos/lib/libtiff.a(tif_swab.o)) built for iOS Simulator
ld: warning: building for macOS, but linking in object file (/Users/zyoung/dev/SwiftyTesseract/SwiftyTesseract/SwiftyTesseract/macos/lib/libjpeg.a(jutils.o)) built for iOS Simulator
ld: warning: building for macOS, but linking in object file (/Users/zyoung/dev/SwiftyTesseract/SwiftyTesseract/SwiftyTesseract/macos/lib/libjpeg.a(jquant1.o)) built for iOS Simulator
ld: warning: building for macOS, but linking in object file (/Users/zyoung/dev/SwiftyTesseract/SwiftyTesseract/SwiftyTesseract/macos/lib/libjpeg.a(jquant2.o)) built for iOS Simulator
ld: warning: building for macOS, but linking in object file (/Users/zyoung/dev/SwiftyTesseract/SwiftyTesseract/SwiftyTesseract/macos/lib/libjpeg.a(jdarith.o)) built for iOS Simulator
ld: warning: building for macOS, but linking in object file (/Users/zyoung/dev/SwiftyTesseract/SwiftyTesseract/SwiftyTesseract/macos/lib/libjpeg.a(jdcolor.o)) built for iOS Simulator
ld: warning: building for macOS, but linking in object file (/Users/zyoung/dev/SwiftyTesseract/SwiftyTesseract/SwiftyTesseract/macos/lib/libjpeg.a(jcinit.o)) built for iOS Simulator
ld: warning: building for macOS, but linking in object file (/Users/zyoung/dev/SwiftyTesseract/SwiftyTesseract/SwiftyTesseract/macos/lib/libjpeg.a(jdcoefct.o)) built for iOS Simulator
ld: warning: building for macOS, but linking in object file (/Users/zyoung/dev/SwiftyTesseract/SwiftyTesseract/SwiftyTesseract/macos/lib/libjpeg.a(jdmainct.o)) built for iOS Simulator
ld: warning: building for macOS, but linking in object file (/Users/zyoung/dev/SwiftyTesseract/SwiftyTesseract/SwiftyTesseract/macos/lib/libjpeg.a(jdpostct.o)) built for iOS Simulator
ld: warning: building for macOS, but linking in object file (/Users/zyoung/dev/SwiftyTesseract/SwiftyTesseract/SwiftyTesseract/macos/lib/libjpeg.a(jdhuff.o)) built for iOS Simulator
ld: warning: building for macOS, but linking in object file (/Users/zyoung/dev/SwiftyTesseract/SwiftyTesseract/SwiftyTesseract/macos/lib/libjpeg.a(jdinput.o)) built for iOS Simulator
ld: warning: building for macOS, but linking in object file (/Users/zyoung/dev/SwiftyTesseract/SwiftyTesseract/SwiftyTesseract/macos/lib/libjpeg.a(jddctmgr.o)) built for iOS Simulator
ld: warning: building for macOS, but linking in object file (/Users/zyoung/dev/SwiftyTesseract/SwiftyTesseract/SwiftyTesseract/macos/lib/libjpeg.a(jcmarker.o)) built for iOS Simulator
ld: warning: building for macOS, but linking in object file (/Users/zyoung/dev/SwiftyTesseract/SwiftyTesseract/SwiftyTesseract/macos/lib/libjpeg.a(jmemmgr.o)) built for iOS Simulator
ld: warning: building for macOS, but linking in object file (/Users/zyoung/dev/SwiftyTesseract/SwiftyTesseract/SwiftyTesseract/macos/lib/libjpeg.a(jdmerge.o)) built for iOS Simulator
ld: warning: building for macOS, but linking in object file (/Users/zyoung/dev/SwiftyTesseract/SwiftyTesseract/SwiftyTesseract/macos/lib/libjpeg.a(jdsample.o)) built for iOS Simulator
ld: warning: building for macOS, but linking in object file (/Users/zyoung/dev/SwiftyTesseract/SwiftyTesseract/SwiftyTesseract/libpng-1.6.36/x86_64-apple-darwin/lib/libpng16.a(pngrutil.o)) built for iOS Simulator
ld: warning: building for macOS, but linking in object file (/Users/zyoung/dev/SwiftyTesseract/SwiftyTesseract/SwiftyTesseract/libpng-1.6.36/x86_64-apple-darwin/lib/libpng16.a(pngtrans.o)) built for iOS Simulator
ld: warning: building for macOS, but linking in object file (/Users/zyoung/dev/SwiftyTesseract/SwiftyTesseract/SwiftyTesseract/libpng-1.6.36/x86_64-apple-darwin/lib/libpng16.a(pngrtran.o)) built for iOS Simulator
ld: warning: building for macOS, but linking in object file (/Users/zyoung/dev/SwiftyTesseract/SwiftyTesseract/SwiftyTesseract/libpng-1.6.36/x86_64-apple-darwin/lib/libpng16.a(pngwtran.o)) built for iOS Simulator
ld: warning: building for macOS, but linking in object file (/Users/zyoung/dev/SwiftyTesseract/SwiftyTesseract/SwiftyTesseract/macos/lib/libtiff.a(tif_codec.o)) built for iOS Simulator
ld: warning: building for macOS, but linking in object file (/Users/zyoung/dev/SwiftyTesseract/SwiftyTesseract/SwiftyTesseract/macos/lib/libtiff.a(tif_dirwrite.o)) built for iOS Simulator
ld: warning: building for macOS, but linking in object file (/Users/zyoung/dev/SwiftyTesseract/SwiftyTesseract/SwiftyTesseract/macos/lib/libjpeg.a(jcarith.o)) built for iOS Simulator
ld: warning: building for macOS, but linking in object file (/Users/zyoung/dev/SwiftyTesseract/SwiftyTesseract/SwiftyTesseract/macos/lib/libjpeg.a(jccoefct.o)) built for iOS Simulator
ld: warning: building for macOS, but linking in object file (/Users/zyoung/dev/SwiftyTesseract/SwiftyTesseract/SwiftyTesseract/macos/lib/libjpeg.a(jcmainct.o)) built for iOS Simulator
ld: warning: building for macOS, but linking in object file (/Users/zyoung/dev/SwiftyTesseract/SwiftyTesseract/SwiftyTesseract/macos/lib/libjpeg.a(jcmaster.o)) built for iOS Simulator
ld: warning: building for macOS, but linking in object file (/Users/zyoung/dev/SwiftyTesseract/SwiftyTesseract/SwiftyTesseract/macos/lib/libjpeg.a(jcprepct.o)) built for iOS Simulator
ld: warning: building for macOS, but linking in object file (/Users/zyoung/dev/SwiftyTesseract/SwiftyTesseract/SwiftyTesseract/macos/lib/libjpeg.a(jccolor.o)) built for iOS Simulator
ld: warning: building for macOS, but linking in object file (/Users/zyoung/dev/SwiftyTesseract/SwiftyTesseract/SwiftyTesseract/macos/lib/libjpeg.a(jcsample.o)) built for iOS Simulator
ld: warning: building for macOS, but linking in object file (/Users/zyoung/dev/SwiftyTesseract/SwiftyTesseract/SwiftyTesseract/macos/lib/libjpeg.a(jcdctmgr.o)) built for iOS Simulator
ld: warning: building for macOS, but linking in object file (/Users/zyoung/dev/SwiftyTesseract/SwiftyTesseract/SwiftyTesseract/macos/lib/libjpeg.a(jchuff.o)) built for iOS Simulator
ld: warning: building for macOS, but linking in object file (/Users/zyoung/dev/SwiftyTesseract/SwiftyTesseract/SwiftyTesseract/macos/lib/libjpeg.a(jaricom.o)) built for iOS Simulator
ld: warning: building for macOS, but linking in object file (/Users/zyoung/dev/SwiftyTesseract/SwiftyTesseract/SwiftyTesseract/macos/lib/libjpeg.a(jmemnobs.o)) built for iOS Simulator
ld: warning: building for macOS, but linking in object file (/Users/zyoung/dev/SwiftyTesseract/SwiftyTesseract/SwiftyTesseract/macos/lib/libjpeg.a(jidctint.o)) built for iOS Simulator
ld: warning: building for macOS, but linking in object file (/Users/zyoung/dev/SwiftyTesseract/SwiftyTesseract/SwiftyTesseract/macos/lib/libjpeg.a(jidctflt.o)) built for iOS Simulator
ld: warning: building for macOS, but linking in object file (/Users/zyoung/dev/SwiftyTesseract/SwiftyTesseract/SwiftyTesseract/macos/lib/libjpeg.a(jidctfst.o)) built for iOS Simulator
ld: warning: building for macOS, but linking in object file (/Users/zyoung/dev/SwiftyTesseract/SwiftyTesseract/SwiftyTesseract/macos/lib/libtiff.a(tif_fax3.o)) built for iOS Simulator
ld: warning: building for macOS, but linking in object file (/Users/zyoung/dev/SwiftyTesseract/SwiftyTesseract/SwiftyTesseract/macos/lib/libtiff.a(tif_dumpmode.o)) built for iOS Simulator
ld: warning: building for macOS, but linking in object file (/Users/zyoung/dev/SwiftyTesseract/SwiftyTesseract/SwiftyTesseract/macos/lib/libtiff.a(tif_lzw.o)) built for iOS Simulator
ld: warning: building for macOS, but linking in object file (/Users/zyoung/dev/SwiftyTesseract/SwiftyTesseract/SwiftyTesseract/macos/lib/libtiff.a(tif_next.o)) built for iOS Simulator
ld: warning: building for macOS, but linking in object file (/Users/zyoung/dev/SwiftyTesseract/SwiftyTesseract/SwiftyTesseract/macos/lib/libtiff.a(tif_ojpeg.o)) built for iOS Simulator
ld: warning: building for macOS, but linking in object file (/Users/zyoung/dev/SwiftyTesseract/SwiftyTesseract/SwiftyTesseract/macos/lib/libtiff.a(tif_packbits.o)) built for iOS Simulator
ld: warning: building for macOS, but linking in object file (/Users/zyoung/dev/SwiftyTesseract/SwiftyTesseract/SwiftyTesseract/macos/lib/libtiff.a(tif_pixarlog.o)) built for iOS Simulator
ld: warning: building for macOS, but linking in object file (/Users/zyoung/dev/SwiftyTesseract/SwiftyTesseract/SwiftyTesseract/macos/lib/libtiff.a(tif_luv.o)) built for iOS Simulator
ld: warning: building for macOS, but linking in object file (/Users/zyoung/dev/SwiftyTesseract/SwiftyTesseract/SwiftyTesseract/macos/lib/libtiff.a(tif_thunder.o)) built for iOS Simulator
ld: warning: building for macOS, but linking in object file (/Users/zyoung/dev/SwiftyTesseract/SwiftyTesseract/SwiftyTesseract/macos/lib/libtiff.a(tif_zip.o)) built for iOS Simulator
ld: warning: building for macOS, but linking in object file (/Users/zyoung/dev/SwiftyTesseract/SwiftyTesseract/SwiftyTesseract/macos/lib/libjpeg.a(jfdctint.o)) built for iOS Simulator
ld: warning: building for macOS, but linking in object file (/Users/zyoung/dev/SwiftyTesseract/SwiftyTesseract/SwiftyTesseract/macos/lib/libjpeg.a(jfdctflt.o)) built for iOS Simulator
ld: warning: building for macOS, but linking in object file (/Users/zyoung/dev/SwiftyTesseract/SwiftyTesseract/SwiftyTesseract/macos/lib/libjpeg.a(jfdctfst.o)) built for iOS Simulator
ld: warning: building for macOS, but linking in object file (/Users/zyoung/dev/SwiftyTesseract/SwiftyTesseract/SwiftyTesseract/macos/lib/libtiff.a(tif_fax3sm.o)) built for iOS Simulator
ld: warning: building for macOS, but linking in object file (/Users/zyoung/dev/SwiftyTesseract/SwiftyTesseract/SwiftyTesseract/macos/lib/libtiff.a(tif_predict.o)) built for iOS Simulator
Making all in .
Making all in tessdata
Making all in configs
Making all in tessconfigs
Making all in doc
Making all in unittest
Making install in src/arch
make[4]: Nothing to be done for `install-exec-am'.
Making install in src/ccutil
make[4]: Nothing to be done for `install-exec-am'.
 ../../../../config/install-sh -c -d '/Users/zyoung/dev/SwiftyTesseract/SwiftyTesseract/SwiftyTesseract/tesseract-4.1.0/macos/x86_64-apple-darwin/include/tesseract'
 /usr/bin/install -c -m 644 ../../../../src/ccutil/genericvector.h ../../../../src/ccutil/helpers.h ../../../../src/ccutil/ocrclass.h ../../../../src/ccutil/platform.h ../../../../src/ccutil/serialis.h ../../../../src/ccutil/strngs.h ../../../../src/ccutil/tesscallback.h ../../../../src/ccutil/unichar.h '/Users/zyoung/dev/SwiftyTesseract/SwiftyTesseract/SwiftyTesseract/tesseract-4.1.0/macos/x86_64-apple-darwin/include/tesseract'
Making install in src/viewer
make[4]: Nothing to be done for `install-exec-am'.
make[4]: Nothing to be done for `install-data-am'.
Making install in src/cutil
make[4]: Nothing to be done for `install-exec-am'.
make[4]: Nothing to be done for `install-data-am'.
Making install in src/opencl
make[4]: Nothing to be done for `install-exec-am'.
make[4]: Nothing to be done for `install-data-am'.
Making install in src/ccstruct
make[4]: Nothing to be done for `install-exec-am'.
 ../../../../config/install-sh -c -d '/Users/zyoung/dev/SwiftyTesseract/SwiftyTesseract/SwiftyTesseract/tesseract-4.1.0/macos/x86_64-apple-darwin/include/tesseract'
 /usr/bin/install -c -m 644 ../../../../src/ccstruct/publictypes.h '/Users/zyoung/dev/SwiftyTesseract/SwiftyTesseract/SwiftyTesseract/tesseract-4.1.0/macos/x86_64-apple-darwin/include/tesseract'
Making install in src/dict
make[4]: Nothing to be done for `install-exec-am'.
make[4]: Nothing to be done for `install-data-am'.
Making install in src/classify
make[4]: Nothing to be done for `install-exec-am'.
make[4]: Nothing to be done for `install-data-am'.
Making install in src/wordrec
make[4]: Nothing to be done for `install-exec-am'.
make[4]: Nothing to be done for `install-data-am'.
Making install in src/textord
make[4]: Nothing to be done for `install-exec-am'.
make[4]: Nothing to be done for `install-data-am'.
Making install in src/lstm
make[4]: Nothing to be done for `install-exec-am'.
Making install in src/ccmain
make[4]: Nothing to be done for `install-exec-am'.
 ../../../../config/install-sh -c -d '/Users/zyoung/dev/SwiftyTesseract/SwiftyTesseract/SwiftyTesseract/tesseract-4.1.0/macos/x86_64-apple-darwin/include/tesseract'
 /usr/bin/install -c -m 644 ../../../../src/ccmain/thresholder.h ../../../../src/ccmain/osdetect.h ../../../../src/ccmain/ltrresultiterator.h ../../../../src/ccmain/pageiterator.h ../../../../src/ccmain/resultiterator.h '/Users/zyoung/dev/SwiftyTesseract/SwiftyTesseract/SwiftyTesseract/tesseract-4.1.0/macos/x86_64-apple-darwin/include/tesseract'
Making install in src/api
 ../../../../config/install-sh -c -d '/Users/zyoung/dev/SwiftyTesseract/SwiftyTesseract/SwiftyTesseract/tesseract-4.1.0/macos/x86_64-apple-darwin/lib'
 /bin/sh ../../libtool   --mode=install /usr/bin/install -c   libtesseract.la '/Users/zyoung/dev/SwiftyTesseract/SwiftyTesseract/SwiftyTesseract/tesseract-4.1.0/macos/x86_64-apple-darwin/lib'
libtool: install: /usr/bin/install -c .libs/libtesseract.lai /Users/zyoung/dev/SwiftyTesseract/SwiftyTesseract/SwiftyTesseract/tesseract-4.1.0/macos/x86_64-apple-darwin/lib/libtesseract.la
libtool: install: /usr/bin/install -c .libs/libtesseract.a /Users/zyoung/dev/SwiftyTesseract/SwiftyTesseract/SwiftyTesseract/tesseract-4.1.0/macos/x86_64-apple-darwin/lib/libtesseract.a
libtool: install: chmod 644 /Users/zyoung/dev/SwiftyTesseract/SwiftyTesseract/SwiftyTesseract/tesseract-4.1.0/macos/x86_64-apple-darwin/lib/libtesseract.a
libtool: install: ranlib /Users/zyoung/dev/SwiftyTesseract/SwiftyTesseract/SwiftyTesseract/tesseract-4.1.0/macos/x86_64-apple-darwin/lib/libtesseract.a
 ../../../../config/install-sh -c -d '/Users/zyoung/dev/SwiftyTesseract/SwiftyTesseract/SwiftyTesseract/tesseract-4.1.0/macos/x86_64-apple-darwin/bin'
  /bin/sh ../../libtool   --mode=install /usr/bin/install -c tesseract '/Users/zyoung/dev/SwiftyTesseract/SwiftyTesseract/SwiftyTesseract/tesseract-4.1.0/macos/x86_64-apple-darwin/bin'
libtool: install: /usr/bin/install -c tesseract /Users/zyoung/dev/SwiftyTesseract/SwiftyTesseract/SwiftyTesseract/tesseract-4.1.0/macos/x86_64-apple-darwin/bin/tesseract
 ../../../../config/install-sh -c -d '/Users/zyoung/dev/SwiftyTesseract/SwiftyTesseract/SwiftyTesseract/tesseract-4.1.0/macos/x86_64-apple-darwin/include/tesseract'
 /usr/bin/install -c -m 644 ../../../../src/api/apitypes.h ../../../../src/api/baseapi.h ../../../../src/api/capi.h ../../../../src/api/renderer.h tess_version.h '/Users/zyoung/dev/SwiftyTesseract/SwiftyTesseract/SwiftyTesseract/tesseract-4.1.0/macos/x86_64-apple-darwin/include/tesseract'
Making install in .
make[4]: Nothing to be done for `install-exec-am'.
 ../../config/install-sh -c -d '/Users/zyoung/dev/SwiftyTesseract/SwiftyTesseract/SwiftyTesseract/tesseract-4.1.0/macos/x86_64-apple-darwin/lib/pkgconfig'
 /usr/bin/install -c -m 644 tesseract.pc '/Users/zyoung/dev/SwiftyTesseract/SwiftyTesseract/SwiftyTesseract/tesseract-4.1.0/macos/x86_64-apple-darwin/lib/pkgconfig'
Making install in tessdata
Making install in configs
make[5]: Nothing to be done for `install-exec-am'.
 ../../../../config/install-sh -c -d '/Users/zyoung/dev/SwiftyTesseract/SwiftyTesseract/SwiftyTesseract/tesseract-4.1.0/macos/x86_64-apple-darwin/share/tessdata/configs'
 /usr/bin/install -c -m 644 ../../../../tessdata/configs/inter ../../../../tessdata/configs/makebox ../../../../tessdata/configs/box.train ../../../../tessdata/configs/unlv ../../../../tessdata/configs/ambigs.train ../../../../tessdata/configs/lstm.train ../../../../tessdata/configs/lstmdebug ../../../../tessdata/configs/api_config ../../../../tessdata/configs/kannada ../../../../tessdata/configs/box.train.stderr ../../../../tessdata/configs/quiet ../../../../tessdata/configs/logfile ../../../../tessdata/configs/digits ../../../../tessdata/configs/get.images ../../../../tessdata/configs/lstmbox ../../../../tessdata/configs/wordstrbox ../../../../tessdata/configs/alto ../../../../tessdata/configs/hocr ../../../../tessdata/configs/pdf ../../../../tessdata/configs/tsv ../../../../tessdata/configs/txt ../../../../tessdata/configs/linebox ../../../../tessdata/configs/rebox ../../../../tessdata/configs/strokewidth ../../../../tessdata/configs/bigram '/Users/zyoung/dev/SwiftyTesseract/SwiftyTesseract/SwiftyTesseract/tesseract-4.1.0/macos/x86_64-apple-darwin/share/tessdata/configs'
Making install in tessconfigs
make[5]: Nothing to be done for `install-exec-am'.
 ../../../../config/install-sh -c -d '/Users/zyoung/dev/SwiftyTesseract/SwiftyTesseract/SwiftyTesseract/tesseract-4.1.0/macos/x86_64-apple-darwin/share/tessdata/tessconfigs'
 /usr/bin/install -c -m 644 ../../../../tessdata/tessconfigs/batch ../../../../tessdata/tessconfigs/batch.nochop ../../../../tessdata/tessconfigs/nobatch ../../../../tessdata/tessconfigs/matdemo ../../../../tessdata/tessconfigs/segdemo ../../../../tessdata/tessconfigs/msdemo '/Users/zyoung/dev/SwiftyTesseract/SwiftyTesseract/SwiftyTesseract/tesseract-4.1.0/macos/x86_64-apple-darwin/share/tessdata/tessconfigs'
make[5]: Nothing to be done for `install-exec-am'.
 ../../../config/install-sh -c -d '/Users/zyoung/dev/SwiftyTesseract/SwiftyTesseract/SwiftyTesseract/tesseract-4.1.0/macos/x86_64-apple-darwin/share/tessdata'
 /usr/bin/install -c -m 644 ../../../tessdata/pdf.ttf '/Users/zyoung/dev/SwiftyTesseract/SwiftyTesseract/SwiftyTesseract/tesseract-4.1.0/macos/x86_64-apple-darwin/share/tessdata'
Making install in doc
make[4]: Nothing to be done for `install-exec-am'.
Making install in unittest
make[4]: Nothing to be done for `install-exec-am'.
make[4]: Nothing to be done for `install-data-am'.
mkdir -p /Users/zyoung/dev/SwiftyTesseract/SwiftyTesseract/SwiftyTesseract/macos/lib
xcrun lipo /Users/zyoung/dev/SwiftyTesseract/SwiftyTesseract/SwiftyTesseract/tesseract-4.1.0/macos/x86_64-apple-darwin/lib/libtesseract.a -create -output /Users/zyoung/dev/SwiftyTesseract/SwiftyTesseract/SwiftyTesseract/macos/lib/libtesseract.a
mkdir -p /Users/zyoung/dev/SwiftyTesseract/SwiftyTesseract/SwiftyTesseract/macos/include
cp -rvf /Users/zyoung/dev/SwiftyTesseract/SwiftyTesseract/SwiftyTesseract/tesseract-4.1.0/macos/x86_64-apple-darwin/include/tesseract /Users/zyoung/dev/SwiftyTesseract/SwiftyTesseract/SwiftyTesseract/macos/include
/Users/zyoung/dev/SwiftyTesseract/SwiftyTesseract/SwiftyTesseract/tesseract-4.1.0/macos/x86_64-apple-darwin/include/tesseract -> /Users/zyoung/dev/SwiftyTesseract/SwiftyTesseract/SwiftyTesseract/macos/include/tesseract
/Users/zyoung/dev/SwiftyTesseract/SwiftyTesseract/SwiftyTesseract/tesseract-4.1.0/macos/x86_64-apple-darwin/include/tesseract/ltrresultiterator.h -> /Users/zyoung/dev/SwiftyTesseract/SwiftyTesseract/SwiftyTesseract/macos/include/tesseract/ltrresultiterator.h
/Users/zyoung/dev/SwiftyTesseract/SwiftyTesseract/SwiftyTesseract/tesseract-4.1.0/macos/x86_64-apple-darwin/include/tesseract/pageiterator.h -> /Users/zyoung/dev/SwiftyTesseract/SwiftyTesseract/SwiftyTesseract/macos/include/tesseract/pageiterator.h
/Users/zyoung/dev/SwiftyTesseract/SwiftyTesseract/SwiftyTesseract/tesseract-4.1.0/macos/x86_64-apple-darwin/include/tesseract/apitypes.h -> /Users/zyoung/dev/SwiftyTesseract/SwiftyTesseract/SwiftyTesseract/macos/include/tesseract/apitypes.h
/Users/zyoung/dev/SwiftyTesseract/SwiftyTesseract/SwiftyTesseract/tesseract-4.1.0/macos/x86_64-apple-darwin/include/tesseract/osdetect.h -> /Users/zyoung/dev/SwiftyTesseract/SwiftyTesseract/SwiftyTesseract/macos/include/tesseract/osdetect.h
/Users/zyoung/dev/SwiftyTesseract/SwiftyTesseract/SwiftyTesseract/tesseract-4.1.0/macos/x86_64-apple-darwin/include/tesseract/renderer.h -> /Users/zyoung/dev/SwiftyTesseract/SwiftyTesseract/SwiftyTesseract/macos/include/tesseract/renderer.h
/Users/zyoung/dev/SwiftyTesseract/SwiftyTesseract/SwiftyTesseract/tesseract-4.1.0/macos/x86_64-apple-darwin/include/tesseract/publictypes.h -> /Users/zyoung/dev/SwiftyTesseract/SwiftyTesseract/SwiftyTesseract/macos/include/tesseract/publictypes.h
/Users/zyoung/dev/SwiftyTesseract/SwiftyTesseract/SwiftyTesseract/tesseract-4.1.0/macos/x86_64-apple-darwin/include/tesseract/unichar.h -> /Users/zyoung/dev/SwiftyTesseract/SwiftyTesseract/SwiftyTesseract/macos/include/tesseract/unichar.h
/Users/zyoung/dev/SwiftyTesseract/SwiftyTesseract/SwiftyTesseract/tesseract-4.1.0/macos/x86_64-apple-darwin/include/tesseract/ocrclass.h -> /Users/zyoung/dev/SwiftyTesseract/SwiftyTesseract/SwiftyTesseract/macos/include/tesseract/ocrclass.h
/Users/zyoung/dev/SwiftyTesseract/SwiftyTesseract/SwiftyTesseract/tesseract-4.1.0/macos/x86_64-apple-darwin/include/tesseract/resultiterator.h -> /Users/zyoung/dev/SwiftyTesseract/SwiftyTesseract/SwiftyTesseract/macos/include/tesseract/resultiterator.h
/Users/zyoung/dev/SwiftyTesseract/SwiftyTesseract/SwiftyTesseract/tesseract-4.1.0/macos/x86_64-apple-darwin/include/tesseract/serialis.h -> /Users/zyoung/dev/SwiftyTesseract/SwiftyTesseract/SwiftyTesseract/macos/include/tesseract/serialis.h
/Users/zyoung/dev/SwiftyTesseract/SwiftyTesseract/SwiftyTesseract/tesseract-4.1.0/macos/x86_64-apple-darwin/include/tesseract/baseapi.h -> /Users/zyoung/dev/SwiftyTesseract/SwiftyTesseract/SwiftyTesseract/macos/include/tesseract/baseapi.h
/Users/zyoung/dev/SwiftyTesseract/SwiftyTesseract/SwiftyTesseract/tesseract-4.1.0/macos/x86_64-apple-darwin/include/tesseract/capi.h -> /Users/zyoung/dev/SwiftyTesseract/SwiftyTesseract/SwiftyTesseract/macos/include/tesseract/capi.h
/Users/zyoung/dev/SwiftyTesseract/SwiftyTesseract/SwiftyTesseract/tesseract-4.1.0/macos/x86_64-apple-darwin/include/tesseract/tess_version.h -> /Users/zyoung/dev/SwiftyTesseract/SwiftyTesseract/SwiftyTesseract/macos/include/tesseract/tess_version.h
/Users/zyoung/dev/SwiftyTesseract/SwiftyTesseract/SwiftyTesseract/tesseract-4.1.0/macos/x86_64-apple-darwin/include/tesseract/strngs.h -> /Users/zyoung/dev/SwiftyTesseract/SwiftyTesseract/SwiftyTesseract/macos/include/tesseract/strngs.h
/Users/zyoung/dev/SwiftyTesseract/SwiftyTesseract/SwiftyTesseract/tesseract-4.1.0/macos/x86_64-apple-darwin/include/tesseract/genericvector.h -> /Users/zyoung/dev/SwiftyTesseract/SwiftyTesseract/SwiftyTesseract/macos/include/tesseract/genericvector.h
/Users/zyoung/dev/SwiftyTesseract/SwiftyTesseract/SwiftyTesseract/tesseract-4.1.0/macos/x86_64-apple-darwin/include/tesseract/helpers.h -> /Users/zyoung/dev/SwiftyTesseract/SwiftyTesseract/SwiftyTesseract/macos/include/tesseract/helpers.h
/Users/zyoung/dev/SwiftyTesseract/SwiftyTesseract/SwiftyTesseract/tesseract-4.1.0/macos/x86_64-apple-darwin/include/tesseract/thresholder.h -> /Users/zyoung/dev/SwiftyTesseract/SwiftyTesseract/SwiftyTesseract/macos/include/tesseract/thresholder.h
/Users/zyoung/dev/SwiftyTesseract/SwiftyTesseract/SwiftyTesseract/tesseract-4.1.0/macos/x86_64-apple-darwin/include/tesseract/platform.h -> /Users/zyoung/dev/SwiftyTesseract/SwiftyTesseract/SwiftyTesseract/macos/include/tesseract/platform.h
/Users/zyoung/dev/SwiftyTesseract/SwiftyTesseract/SwiftyTesseract/tesseract-4.1.0/macos/x86_64-apple-darwin/include/tesseract/tesscallback.h -> /Users/zyoung/dev/SwiftyTesseract/SwiftyTesseract/SwiftyTesseract/macos/include/tesseract/tesscallback.h
